00:00 +0: loading /home/alexc/Projects/CardMind/test/widgets/device_manager_panel_test.dart                                                                                                            00:01 +0: loading /home/alexc/Projects/CardMind/test/widgets/device_manager_panel_test.dart                                                                                                            00:01 +0: /home/alexc/Projects/CardMind/test/widgets/device_manager_panel_test.dart: DeviceManagerPanel Widget Tests it_should_display_current_device                                                  00:02 +0: /home/alexc/Projects/CardMind/test/widgets/device_manager_panel_test.dart: DeviceManagerPanel Widget Tests it_should_display_current_device                                                  00:02 +1: /home/alexc/Projects/CardMind/test/widgets/sync_status_indicator_test.dart: SyncStatusIndicator Widget Tests it_should_display_disconnected_state                                            00:02 +2: /home/alexc/Projects/CardMind/test/widgets/sync_status_indicator_test.dart: SyncStatusIndicator Widget Tests it_should_display_disconnected_state                                            00:02 +3: /home/alexc/Projects/CardMind/test/widgets/note_card_test.dart: NoteCard Widget Tests it_should_display_card_information                                                                     00:02 +4: /home/alexc/Projects/CardMind/test/widgets/note_card_test.dart: NoteCard Widget Tests it_should_display_card_information                                                                     00:02 +5: /home/alexc/Projects/CardMind/test/widgets/note_card_test.dart: NoteCard Widget Tests it_should_display_card_information                                                                     00:02 +6: /home/alexc/Projects/CardMind/test/widgets/note_card_test.dart: NoteCard Widget Tests it_should_display_card_information                                                                     00:02 +7: /home/alexc/Projects/CardMind/test/widgets/note_card_test.dart: NoteCard Widget Tests it_should_display_card_information                                                                     00:02 +8: /home/alexc/Projects/CardMind/test/widgets/note_card_test.dart: NoteCard Widget Tests it_should_display_card_information                                                                     00:02 +9: /home/alexc/Projects/CardMind/test/widgets/note_card_test.dart: NoteCard Widget Tests it_should_display_card_information                                                                     00:02 +10: /home/alexc/Projects/CardMind/test/widgets/note_card_test.dart: NoteCard Widget Tests it_should_display_card_information                                                                    00:03 +10: /home/alexc/Projects/CardMind/test/widgets/note_card_test.dart: NoteCard Widget Tests it_should_display_card_information                                                                    00:03 +11: /home/alexc/Projects/CardMind/test/widgets/note_card_test.dart: NoteCard Widget Tests it_should_display_card_information                                                                    00:03 +12: /home/alexc/Projects/CardMind/test/widgets/note_card_test.dart: NoteCard Widget Tests it_should_display_card_information                                                                    00:03 +13: /home/alexc/Projects/CardMind/test/widgets/note_card_test.dart: NoteCard Widget Tests it_should_display_card_information                                                                    00:03 +14: /home/alexc/Projects/CardMind/test/widgets/note_card_test.dart: NoteCard Widget Tests it_should_display_card_information                                                                    00:03 +15: /home/alexc/Projects/CardMind/test/widgets/note_card_test.dart: NoteCard Widget Tests it_should_display_card_information                                                                    00:03 +16: /home/alexc/Projects/CardMind/test/widgets/mobile_nav_test.dart: MobileNav Widget Tests it_should_display_all_three_tabs                                                                    00:03 +17: /home/alexc/Projects/CardMind/test/widgets/mobile_nav_test.dart: MobileNav Widget Tests it_should_display_all_three_tabs                                                                    00:03 +18: /home/alexc/Projects/CardMind/test/widgets/mobile_nav_test.dart: MobileNav Widget Tests it_should_display_all_three_tabs                                                                    00:03 +19: /home/alexc/Projects/CardMind/test/widgets/mobile_nav_test.dart: MobileNav Widget Tests it_should_display_all_three_tabs                                                                    00:03 +20: /home/alexc/Projects/CardMind/test/widgets/mobile_nav_test.dart: MobileNav Widget Tests it_should_display_all_three_tabs                                                                    00:03 +21: /home/alexc/Projects/CardMind/test/widgets/mobile_nav_test.dart: MobileNav Widget Tests it_should_display_all_three_tabs                                                                    00:03 +22: /home/alexc/Projects/CardMind/test/widgets/mobile_nav_test.dart: MobileNav Widget Tests it_should_display_all_three_tabs                                                                    00:03 +23: /home/alexc/Projects/CardMind/test/widgets/settings_panel_test.dart: SettingsPanel Widget Tests it_should_display_settings_title                                                            00:03 +24: /home/alexc/Projects/CardMind/test/widgets/settings_panel_test.dart: SettingsPanel Widget Tests it_should_display_settings_title                                                            00:03 +25: /home/alexc/Projects/CardMind/test/widgets/settings_panel_test.dart: SettingsPanel Widget Tests it_should_display_settings_title                                                            00:03 +26: /home/alexc/Projects/CardMind/test/widgets/settings_panel_test.dart: SettingsPanel Widget Tests it_should_display_settings_title                                                            00:03 +27: /home/alexc/Projects/CardMind/test/widgets/settings_panel_test.dart: SettingsPanel Widget Tests it_should_display_settings_title                                                            00:03 +28: /home/alexc/Projects/CardMind/test/widgets/settings_panel_test.dart: SettingsPanel Widget Tests it_should_display_settings_title                                                            00:03 +29: /home/alexc/Projects/CardMind/test/widgets/settings_panel_test.dart: SettingsPanel Widget Tests it_should_display_settings_title                                                            00:03 +30: /home/alexc/Projects/CardMind/test/widgets/settings_panel_test.dart: SettingsPanel Widget Tests it_should_display_settings_title                                                            00:03 +31: /home/alexc/Projects/CardMind/test/widgets/settings_panel_test.dart: SettingsPanel Widget Tests it_should_display_settings_title                                                            00:04 +31: /home/alexc/Projects/CardMind/test/widgets/settings_panel_test.dart: SettingsPanel Widget Tests it_should_display_settings_title                                                            00:04 +32: /home/alexc/Projects/CardMind/test/widgets/settings_panel_test.dart: SettingsPanel Widget Tests it_should_display_settings_title                                                            00:04 +33: /home/alexc/Projects/CardMind/test/widgets/settings_panel_test.dart: SettingsPanel Widget Tests it_should_display_settings_title                                                            00:04 +34: /home/alexc/Projects/CardMind/test/widgets/settings_panel_test.dart: SettingsPanel Widget Tests it_should_display_settings_title                                                            00:04 +35: /home/alexc/Projects/CardMind/test/widgets/settings_panel_test.dart: SettingsPanel Widget Tests it_should_display_settings_title                                                            00:04 +36: /home/alexc/Projects/CardMind/test/widgets/settings_panel_test.dart: SettingsPanel Widget Tests it_should_display_settings_title                                                            00:04 +37: /home/alexc/Projects/CardMind/test/widgets/settings_panel_test.dart: SettingsPanel Widget Tests it_should_display_settings_title                                                            00:04 +38: /home/alexc/Projects/CardMind/test/widgets/settings_panel_test.dart: SettingsPanel Widget Tests it_should_display_settings_title                                                            00:04 +39: /home/alexc/Projects/CardMind/test/widgets/fullscreen_editor_test.dart: FullscreenEditor Widget Tests it_should_display_card_title_and_content                                              00:04 +40: /home/alexc/Projects/CardMind/test/widgets/fullscreen_editor_test.dart: FullscreenEditor Widget Tests it_should_display_card_title_and_content                                              00:04 +41: /home/alexc/Projects/CardMind/test/widgets/fullscreen_editor_test.dart: FullscreenEditor Widget Tests it_should_display_card_title_and_content                                              00:04 +42: /home/alexc/Projects/CardMind/test/widgets/fullscreen_editor_test.dart: FullscreenEditor Widget Tests it_should_display_card_title_and_content                                              00:04 +43: /home/alexc/Projects/CardMind/test/widgets/fullscreen_editor_test.dart: FullscreenEditor Widget Tests it_should_display_card_title_and_content                                              00:04 +44: /home/alexc/Projects/CardMind/test/widgets/fullscreen_editor_test.dart: FullscreenEditor Widget Tests it_should_display_card_title_and_content                                              00:04 +45: /home/alexc/Projects/CardMind/test/widgets/fullscreen_editor_test.dart: FullscreenEditor Widget Tests it_should_display_card_title_and_content                                              00:04 +46: /home/alexc/Projects/CardMind/test/widgets/fullscreen_editor_test.dart: FullscreenEditor Widget Tests it_should_display_card_title_and_content                                              00:05 +46: /home/alexc/Projects/CardMind/test/widgets/fullscreen_editor_test.dart: FullscreenEditor Widget Tests it_should_display_card_title_and_content                                              00:05 +47: /home/alexc/Projects/CardMind/test/widgets/fullscreen_editor_test.dart: FullscreenEditor Widget Tests it_should_display_card_title_and_content                                              00:05 +48: /home/alexc/Projects/CardMind/test/widgets/fullscreen_editor_test.dart: FullscreenEditor Widget Tests it_should_display_card_title_and_content                                              00:05 +49: /home/alexc/Projects/CardMind/test/widgets/fullscreen_editor_test.dart: FullscreenEditor Widget Tests it_should_display_card_title_and_content                                              00:05 +50: /home/alexc/Projects/CardMind/test/widgets/fullscreen_editor_test.dart: FullscreenEditor Widget Tests it_should_display_card_title_and_content                                              00:05 +51: /home/alexc/Projects/CardMind/test/specs/adaptive_ui_system_spec_test.dart: SP-UI-001: Adaptive UI System AdaptiveBuilder Tests it_should_render_mobile_widget_on_mobile_platform           00:05 +52: /home/alexc/Projects/CardMind/test/specs/adaptive_ui_system_spec_test.dart: SP-UI-001: Adaptive UI System AdaptiveBuilder Tests it_should_render_mobile_widget_on_mobile_platform           00:05 +53: /home/alexc/Projects/CardMind/test/specs/adaptive_ui_system_spec_test.dart: SP-UI-001: Adaptive UI System AdaptiveBuilder Tests it_should_render_mobile_widget_on_mobile_platform           00:05 +54: /home/alexc/Projects/CardMind/test/specs/card_editor_spec_test.dart: SP-UI-002: Card Editor UI UI Layout Tests it_should_display_app_bar_with_title                                         00:05 +55: /home/alexc/Projects/CardMind/test/specs/card_editor_spec_test.dart: SP-UI-002: Card Editor UI UI Layout Tests it_should_display_app_bar_with_title                                         00:05 +56: /home/alexc/Projects/CardMind/test/specs/card_editor_spec_test.dart: SP-UI-002: Card Editor UI UI Layout Tests it_should_display_app_bar_with_title                                         00:05 +57: /home/alexc/Projects/CardMind/test/specs/card_editor_spec_test.dart: SP-UI-002: Card Editor UI UI Layout Tests it_should_display_app_bar_with_title                                         00:05 +58: /home/alexc/Projects/CardMind/test/specs/card_editor_spec_test.dart: SP-UI-002: Card Editor UI UI Layout Tests it_should_display_app_bar_with_title                                         00:05 +59: /home/alexc/Projects/CardMind/test/specs/card_editor_spec_test.dart: SP-UI-002: Card Editor UI UI Layout Tests it_should_display_app_bar_with_title                                         00:05 +60: /home/alexc/Projects/CardMind/test/specs/card_editor_spec_test.dart: SP-UI-002: Card Editor UI UI Layout Tests it_should_display_app_bar_with_title                                         00:05 +61: /home/alexc/Projects/CardMind/test/specs/card_editor_spec_test.dart: SP-UI-002: Card Editor UI UI Layout Tests it_should_display_app_bar_with_title                                         00:05 +62: /home/alexc/Projects/CardMind/test/specs/card_editor_spec_test.dart: SP-UI-002: Card Editor UI UI Layout Tests it_should_display_app_bar_with_title                                         00:05 +63: /home/alexc/Projects/CardMind/test/specs/card_editor_spec_test.dart: SP-UI-002: Card Editor UI UI Layout Tests it_should_display_app_bar_with_title                                         00:05 +64: /home/alexc/Projects/CardMind/test/specs/card_editor_spec_test.dart: SP-UI-002: Card Editor UI UI Layout Tests it_should_display_app_bar_with_title                                         00:05 +65: /home/alexc/Projects/CardMind/test/specs/card_editor_spec_test.dart: SP-UI-002: Card Editor UI UI Layout Tests it_should_display_app_bar_with_title                                         00:06 +65: /home/alexc/Projects/CardMind/test/specs/card_editor_spec_test.dart: SP-UI-002: Card Editor UI UI Layout Tests it_should_display_app_bar_with_title                                         00:06 +66: /home/alexc/Projects/CardMind/test/specs/card_editor_spec_test.dart: SP-UI-002: Card Editor UI UI Layout Tests it_should_display_app_bar_with_title                                         00:06 +67: /home/alexc/Projects/CardMind/test/specs/card_editor_spec_test.dart: SP-UI-002: Card Editor UI UI Layout Tests it_should_display_app_bar_with_title                                         00:06 +68: /home/alexc/Projects/CardMind/test/specs/card_editor_spec_test.dart: SP-UI-002: Card Editor UI UI Layout Tests it_should_display_app_bar_with_title                                         00:06 +69: /home/alexc/Projects/CardMind/test/specs/card_editor_spec_test.dart: SP-UI-002: Card Editor UI UI Layout Tests it_should_display_app_bar_with_title                                         00:06 +70: /home/alexc/Projects/CardMind/test/specs/card_editor_spec_test.dart: SP-UI-002: Card Editor UI UI Layout Tests it_should_display_app_bar_with_title                                         00:06 +71: /home/alexc/Projects/CardMind/test/specs/card_editor_spec_test.dart: SP-UI-002: Card Editor UI UI Layout Tests it_should_display_app_bar_with_title                                         00:06 +72: /home/alexc/Projects/CardMind/test/specs/card_editor_spec_test.dart: SP-UI-002: Card Editor UI UI Layout Tests it_should_display_app_bar_with_title                                         00:06 +73: /home/alexc/Projects/CardMind/test/specs/card_editor_spec_test.dart: SP-UI-002: Card Editor UI UI Layout Tests it_should_display_app_bar_with_title                                         00:06 +74: /home/alexc/Projects/CardMind/test/specs/card_editor_spec_test.dart: SP-UI-002: Card Editor UI UI Layout Tests it_should_display_app_bar_with_title                                         00:06 +75: /home/alexc/Projects/CardMind/test/specs/card_editor_spec_test.dart: SP-UI-002: Card Editor UI UI Layout Tests it_should_display_app_bar_with_title                                         00:06 +76: /home/alexc/Projects/CardMind/test/specs/card_editor_spec_test.dart: SP-UI-002: Card Editor UI UI Layout Tests it_should_display_app_bar_with_title                                         00:06 +77: /home/alexc/Projects/CardMind/test/specs/card_editor_spec_test.dart: SP-UI-002: Card Editor UI UI Layout Tests it_should_display_app_bar_with_title                                         00:06 +78: /home/alexc/Projects/CardMind/test/specs/card_editor_spec_test.dart: SP-UI-002: Card Editor UI UI Layout Tests it_should_display_app_bar_with_title                                         00:06 +79: /home/alexc/Projects/CardMind/test/specs/card_editor_spec_test.dart: SP-UI-002: Card Editor UI UI Layout Tests it_should_display_app_bar_with_title                                         00:06 +80: /home/alexc/Projects/CardMind/test/specs/card_editor_spec_test.dart: SP-UI-002: Card Editor UI UI Layout Tests it_should_display_app_bar_with_title                                         00:07 +81: /home/alexc/Projects/CardMind/test/specs/card_editor_spec_test.dart: SP-UI-002: Card Editor UI UI Layout Tests it_should_display_app_bar_with_title                                         00:07 +82: /home/alexc/Projects/CardMind/test/specs/sync_status_indicator_component_spec_test.dart: SP-UI-008: Sync Status Indicator Component Display Tests it_should_display_disconnected_state      00:07 +83: /home/alexc/Projects/CardMind/test/specs/sync_status_indicator_component_spec_test.dart: SP-UI-008: Sync Status Indicator Component Display Tests it_should_display_disconnected_state      00:07 +84: /home/alexc/Projects/CardMind/test/specs/sync_status_indicator_component_spec_test.dart: SP-UI-008: Sync Status Indicator Component Display Tests it_should_display_disconnected_state      00:07 +85: /home/alexc/Projects/CardMind/test/specs/sync_status_indicator_component_spec_test.dart: SP-UI-008: Sync Status Indicator Component Display Tests it_should_display_disconnected_state      00:07 +86: /home/alexc/Projects/CardMind/test/specs/home_screen_spec_test.dart: SP-FLUT-008: Home Screen Sync Status Display it_should_show_syncing_indicator_when_syncing                             00:07 +87: /home/alexc/Projects/CardMind/test/specs/home_screen_spec_test.dart: SP-FLUT-008: Home Screen Sync Status Display it_should_show_syncing_indicator_when_syncing                             00:07 +88: /home/alexc/Projects/CardMind/test/specs/home_screen_spec_test.dart: SP-FLUT-008: Home Screen Sync Status Display it_should_show_syncing_indicator_when_syncing                             00:07 +89: /home/alexc/Projects/CardMind/test/specs/home_screen_spec_test.dart: SP-FLUT-008: Home Screen Sync Status Display it_should_show_syncing_indicator_when_syncing                             00:07 +90: /home/alexc/Projects/CardMind/test/specs/home_screen_spec_test.dart: SP-FLUT-008: Home Screen Sync Status Display it_should_show_syncing_indicator_when_syncing                             00:07 +91: /home/alexc/Projects/CardMind/test/specs/home_screen_spec_test.dart: SP-FLUT-008: Home Screen Sync Status Display it_should_show_syncing_indicator_when_syncing                             00:07 +92: /home/alexc/Projects/CardMind/test/specs/home_screen_spec_test.dart: SP-FLUT-008: Home Screen Sync Status Display it_should_show_syncing_indicator_when_syncing                             00:07 +93: /home/alexc/Projects/CardMind/test/specs/home_screen_spec_test.dart: SP-FLUT-008: Home Screen Sync Status Display it_should_show_syncing_indicator_when_syncing                             00:07 +94: /home/alexc/Projects/CardMind/test/specs/home_screen_spec_test.dart: SP-FLUT-008: Home Screen Sync Status Display it_should_show_syncing_indicator_when_syncing                             00:07 +95: /home/alexc/Projects/CardMind/test/specs/home_screen_spec_test.dart: SP-FLUT-008: Home Screen Sync Status Display it_should_show_syncing_indicator_when_syncing                             00:07 +96: /home/alexc/Projects/CardMind/test/specs/home_screen_spec_test.dart: SP-FLUT-008: Home Screen Sync Status Display it_should_show_syncing_indicator_when_syncing                             00:07 +97: /home/alexc/Projects/CardMind/test/specs/home_screen_spec_test.dart: SP-FLUT-008: Home Screen Sync Status Display it_should_show_syncing_indicator_when_syncing                             00:07 +98: /home/alexc/Projects/CardMind/test/specs/home_screen_spec_test.dart: SP-FLUT-008: Home Screen Sync Status Display it_should_show_syncing_indicator_when_syncing                             00:07 +99: /home/alexc/Projects/CardMind/test/specs/home_screen_spec_test.dart: SP-FLUT-008: Home Screen Sync Status Display it_should_show_syncing_indicator_when_syncing                             00:07 +100: /home/alexc/Projects/CardMind/test/specs/home_screen_spec_test.dart: SP-FLUT-008: Home Screen Sync Status Display it_should_show_syncing_indicator_when_syncing                            00:07 +101: /home/alexc/Projects/CardMind/test/specs/home_screen_spec_test.dart: SP-FLUT-008: Home Screen Sync Status Display it_should_show_syncing_indicator_when_syncing                            00:07 +102: /home/alexc/Projects/CardMind/test/specs/home_screen_spec_test.dart: SP-FLUT-008: Home Screen Sync Status Display it_should_show_syncing_indicator_when_syncing                            00:07 +103: /home/alexc/Projects/CardMind/test/specs/home_screen_spec_test.dart: SP-FLUT-008: Home Screen Sync Status Display it_should_show_syncing_indicator_when_syncing                            00:07 +104: /home/alexc/Projects/CardMind/test/specs/home_screen_spec_test.dart: SP-FLUT-008: Home Screen Sync Status Display it_should_show_syncing_indicator_when_syncing                            00:07 +105: /home/alexc/Projects/CardMind/test/specs/home_screen_spec_test.dart: SP-FLUT-008: Home Screen Sync Status Display it_should_show_syncing_indicator_when_syncing                            00:08 +105: /home/alexc/Projects/CardMind/test/specs/home_screen_spec_test.dart: SP-FLUT-008: Home Screen Sync Status Display it_should_show_syncing_indicator_when_syncing                            00:08 +106: /home/alexc/Projects/CardMind/test/specs/home_screen_spec_test.dart: SP-FLUT-008: Home Screen Sync Status Display it_should_show_syncing_indicator_when_syncing                            00:08 +107: /home/alexc/Projects/CardMind/test/specs/home_screen_spec_test.dart: SP-FLUT-008: Home Screen Sync Status Display it_should_show_syncing_indicator_when_syncing                            00:08 +108: /home/alexc/Projects/CardMind/test/specs/home_screen_spec_test.dart: SP-FLUT-008: Home Screen Sync Status Display it_should_show_syncing_indicator_when_syncing                            00:08 +109: /home/alexc/Projects/CardMind/test/specs/home_screen_spec_test.dart: SP-FLUT-008: Home Screen Sync Status Display it_should_show_syncing_indicator_when_syncing                            00:08 +110: /home/alexc/Projects/CardMind/test/specs/home_screen_spec_test.dart: SP-FLUT-008: Home Screen Sync Status Display it_should_show_syncing_indicator_when_syncing                            00:08 +111: /home/alexc/Projects/CardMind/test/specs/home_screen_spec_test.dart: SP-FLUT-008: Home Screen Sync Status Display it_should_show_syncing_indicator_when_syncing                            00:08 +112: /home/alexc/Projects/CardMind/test/specs/home_screen_spec_test.dart: SP-FLUT-008: Home Screen Sync Status Display it_should_show_syncing_indicator_when_syncing                            00:08 +113: /home/alexc/Projects/CardMind/test/specs/home_screen_spec_test.dart: SP-FLUT-008: Home Screen Sync Status Display it_should_show_syncing_indicator_when_syncing                            00:08 +114: /home/alexc/Projects/CardMind/test/specs/home_screen_spec_test.dart: SP-FLUT-008: Home Screen Sync Status Display it_should_show_syncing_indicator_when_syncing                            00:08 +115: /home/alexc/Projects/CardMind/test/specs/home_screen_spec_test.dart: SP-FLUT-008: Home Screen Sync Status Display it_should_show_syncing_indicator_when_syncing                            00:08 +116: /home/alexc/Projects/CardMind/test/specs/home_screen_spec_test.dart: SP-FLUT-008: Home Screen Sync Status Display it_should_show_syncing_indicator_when_syncing                            00:08 +117: /home/alexc/Projects/CardMind/test/specs/home_screen_spec_test.dart: SP-FLUT-008: Home Screen Sync Status Display it_should_show_syncing_indicator_when_syncing                            00:08 +118: /home/alexc/Projects/CardMind/test/specs/home_screen_spec_test.dart: SP-FLUT-008: Home Screen Sync Status Display it_should_show_syncing_indicator_when_syncing                            00:08 +119: /home/alexc/Projects/CardMind/test/specs/home_screen_spec_test.dart: SP-FLUT-008: Home Screen Sync Status Display it_should_show_syncing_indicator_when_syncing                            00:08 +120: /home/alexc/Projects/CardMind/test/specs/home_screen_spec_test.dart: SP-FLUT-008: Home Screen Sync Status Display it_should_show_syncing_indicator_when_syncing                            00:08 +121: /home/alexc/Projects/CardMind/test/specs/home_screen_spec_test.dart: SP-FLUT-008: Home Screen Sync Status Display it_should_show_syncing_indicator_when_syncing                            00:08 +122: /home/alexc/Projects/CardMind/test/specs/home_screen_spec_test.dart: SP-FLUT-008: Home Screen Sync Status Display it_should_show_syncing_indicator_when_syncing                            00:08 +123: /home/alexc/Projects/CardMind/test/specs/home_screen_spec_test.dart: SP-FLUT-008: Home Screen Sync Status Display it_should_show_syncing_indicator_when_syncing                            00:08 +124: /home/alexc/Projects/CardMind/test/specs/home_screen_spec_test.dart: SP-FLUT-008: Home Screen Sync Status Display it_should_show_syncing_indicator_when_syncing                            00:08 +125: /home/alexc/Projects/CardMind/test/specs/home_screen_spec_test.dart: SP-FLUT-008: Home Screen Sync Status Display it_should_show_syncing_indicator_when_syncing                            00:08 +126: /home/alexc/Projects/CardMind/test/specs/home_screen_spec_test.dart: SP-FLUT-008: Home Screen Sync Status Display it_should_show_syncing_indicator_when_syncing                            00:08 +127: /home/alexc/Projects/CardMind/test/specs/home_screen_spec_test.dart: SP-FLUT-008: Home Screen Sync Status Display it_should_show_syncing_indicator_when_syncing                            00:08 +128: /home/alexc/Projects/CardMind/test/specs/home_screen_spec_test.dart: SP-FLUT-008: Home Screen Sync Status Display it_should_show_syncing_indicator_when_syncing                            00:08 +129: /home/alexc/Projects/CardMind/test/specs/home_screen_spec_test.dart: SP-FLUT-008: Home Screen Sync Status Display it_should_show_syncing_indicator_when_syncing                            00:08 +130: /home/alexc/Projects/CardMind/test/specs/home_screen_spec_test.dart: SP-FLUT-008: Home Screen Sync Status Display it_should_show_syncing_indicator_when_syncing                            00:08 +131: /home/alexc/Projects/CardMind/test/specs/home_screen_spec_test.dart: SP-FLUT-008: Home Screen Sync Status Display it_should_show_syncing_indicator_when_syncing                            00:08 +132: /home/alexc/Projects/CardMind/test/specs/home_screen_spec_test.dart: SP-FLUT-008: Home Screen Sync Status Display it_should_show_syncing_indicator_when_syncing                            00:08 +133: /home/alexc/Projects/CardMind/test/specs/home_screen_spec_test.dart: SP-FLUT-008: Home Screen Sync Status Display it_should_show_syncing_indicator_when_syncing                            00:08 +134: /home/alexc/Projects/CardMind/test/specs/home_screen_spec_test.dart: SP-FLUT-008: Home Screen Sync Status Display it_should_show_syncing_indicator_when_syncing                            00:08 +135: /home/alexc/Projects/CardMind/test/specs/home_screen_spec_test.dart: SP-FLUT-008: Home Screen Sync Status Display it_should_show_syncing_indicator_when_syncing                            00:09 +135: /home/alexc/Projects/CardMind/test/specs/home_screen_spec_test.dart: SP-FLUT-008: Home Screen Sync Status Display it_should_show_syncing_indicator_when_syncing                            00:09 +136: /home/alexc/Projects/CardMind/test/specs/home_screen_spec_test.dart: SP-FLUT-008: Home Screen Sync Status Display it_should_show_syncing_indicator_when_syncing                            00:09 +137: /home/alexc/Projects/CardMind/test/specs/home_screen_spec_test.dart: SP-FLUT-008: Home Screen Sync Status Display it_should_show_syncing_indicator_when_syncing                            00:09 +138: /home/alexc/Projects/CardMind/test/specs/home_screen_spec_test.dart: SP-FLUT-008: Home Screen Sync Status Display it_should_show_syncing_indicator_when_syncing                            00:09 +139: /home/alexc/Projects/CardMind/test/specs/home_screen_spec_test.dart: SP-FLUT-008: Home Screen Sync Status Display it_should_show_syncing_indicator_when_syncing                            00:09 +140: /home/alexc/Projects/CardMind/test/specs/home_screen_spec_test.dart: SP-FLUT-008: Home Screen Sync Status Display it_should_show_syncing_indicator_when_syncing                            00:09 +141: /home/alexc/Projects/CardMind/test/specs/home_screen_spec_test.dart: SP-FLUT-008: Home Screen Sync Status Display it_should_show_syncing_indicator_when_syncing                            00:09 +142: /home/alexc/Projects/CardMind/test/specs/home_screen_spec_test.dart: SP-FLUT-008: Home Screen Sync Status Display it_should_show_syncing_indicator_when_syncing                            00:09 +143: /home/alexc/Projects/CardMind/test/specs/home_screen_spec_test.dart: SP-FLUT-008: Home Screen Sync Status Display it_should_show_syncing_indicator_when_syncing                            00:09 +144: /home/alexc/Projects/CardMind/test/specs/home_screen_spec_test.dart: SP-FLUT-008: Home Screen Sync Status Display it_should_show_syncing_indicator_when_syncing                            00:09 +145: /home/alexc/Projects/CardMind/test/specs/home_screen_spec_test.dart: SP-FLUT-008: Home Screen Sync Status Display it_should_show_syncing_indicator_when_syncing                            00:09 +146: /home/alexc/Projects/CardMind/test/specs/home_screen_spec_test.dart: SP-FLUT-008: Home Screen Sync Status Display it_should_show_syncing_indicator_when_syncing                            00:09 +147: /home/alexc/Projects/CardMind/test/specs/home_screen_spec_test.dart: SP-FLUT-008: Home Screen Sync Status Display it_should_show_syncing_indicator_when_syncing                            00:09 +148: /home/alexc/Projects/CardMind/test/specs/home_screen_spec_test.dart: SP-FLUT-008: Home Screen Sync Status Display it_should_show_syncing_indicator_when_syncing                            00:09 +149: /home/alexc/Projects/CardMind/test/specs/home_screen_spec_test.dart: SP-FLUT-008: Home Screen Sync Status Display it_should_show_syncing_indicator_when_syncing                            00:09 +150: /home/alexc/Projects/CardMind/test/specs/home_screen_spec_test.dart: SP-FLUT-008: Home Screen Sync Status Display it_should_show_syncing_indicator_when_syncing                            00:09 +151: /home/alexc/Projects/CardMind/test/specs/home_screen_spec_test.dart: SP-FLUT-008: Home Screen Sync Status Display it_should_show_syncing_indicator_when_syncing                            00:09 +152: /home/alexc/Projects/CardMind/test/specs/home_screen_spec_test.dart: SP-FLUT-008: Home Screen Sync Status Display it_should_show_syncing_indicator_when_syncing                            00:09 +153: /home/alexc/Projects/CardMind/test/specs/home_screen_spec_test.dart: SP-FLUT-008: Home Screen Sync Status Display it_should_show_syncing_indicator_when_syncing                            00:09 +154: /home/alexc/Projects/CardMind/test/specs/home_screen_spec_test.dart: SP-FLUT-008: Home Screen Sync Status Display it_should_show_syncing_indicator_when_syncing                            00:09 +155: /home/alexc/Projects/CardMind/test/specs/home_screen_spec_test.dart: SP-FLUT-008: Home Screen Sync Status Display it_should_show_syncing_indicator_when_syncing                            00:09 +156: /home/alexc/Projects/CardMind/test/specs/home_screen_spec_test.dart: SP-FLUT-008: Home Screen Sync Status Display it_should_show_syncing_indicator_when_syncing                            00:09 +157: /home/alexc/Projects/CardMind/test/specs/home_screen_spec_test.dart: SP-FLUT-008: Home Screen Sync Status Display it_should_show_syncing_indicator_when_syncing                            00:09 +158: /home/alexc/Projects/CardMind/test/specs/home_screen_spec_test.dart: SP-FLUT-008: Home Screen Sync Status Display it_should_show_syncing_indicator_when_syncing                            00:09 +159: /home/alexc/Projects/CardMind/test/specs/home_screen_spec_test.dart: SP-FLUT-008: Home Screen Sync Status Display it_should_show_syncing_indicator_when_syncing                            00:09 +160: /home/alexc/Projects/CardMind/test/specs/home_screen_spec_test.dart: SP-FLUT-008: Home Screen Sync Status Display it_should_show_syncing_indicator_when_syncing                            00:09 +161: /home/alexc/Projects/CardMind/test/specs/home_screen_spec_test.dart: SP-FLUT-008: Home Screen Sync Status Display it_should_show_syncing_indicator_when_syncing                            00:09 +162: /home/alexc/Projects/CardMind/test/specs/home_screen_spec_test.dart: SP-FLUT-008: Home Screen Sync Status Display it_should_show_syncing_indicator_when_syncing                            00:09 +163: /home/alexc/Projects/CardMind/test/specs/home_screen_spec_test.dart: SP-FLUT-008: Home Screen Sync Status Display it_should_show_syncing_indicator_when_syncing                            00:09 +164: /home/alexc/Projects/CardMind/test/specs/home_screen_spec_test.dart: SP-FLUT-008: Home Screen Sync Status Display it_should_show_syncing_indicator_when_syncing                            00:09 +165: /home/alexc/Projects/CardMind/test/specs/home_screen_spec_test.dart: SP-FLUT-008: Home Screen Sync Status Display it_should_show_syncing_indicator_when_syncing                            00:09 +166: /home/alexc/Projects/CardMind/test/specs/home_screen_spec_test.dart: SP-FLUT-008: Home Screen Sync Status Display it_should_show_syncing_indicator_when_syncing                            00:09 +167: /home/alexc/Projects/CardMind/test/specs/home_screen_spec_test.dart: SP-FLUT-008: Home Screen Sync Status Display it_should_show_syncing_indicator_when_syncing                            00:09 +168: /home/alexc/Projects/CardMind/test/specs/home_screen_spec_test.dart: SP-FLUT-008: Home Screen Sync Status Display it_should_show_syncing_indicator_when_syncing                            00:09 +169: /home/alexc/Projects/CardMind/test/specs/home_screen_spec_test.dart: SP-FLUT-008: Home Screen Sync Status Display it_should_show_syncing_indicator_when_syncing                            00:09 +170: /home/alexc/Projects/CardMind/test/specs/home_screen_spec_test.dart: SP-FLUT-008: Home Screen Sync Status Display it_should_show_syncing_indicator_when_syncing                            00:09 +171: /home/alexc/Projects/CardMind/test/specs/home_screen_spec_test.dart: SP-FLUT-008: Home Screen Sync Status Display it_should_show_syncing_indicator_when_syncing                            00:09 +172: /home/alexc/Projects/CardMind/test/specs/home_screen_spec_test.dart: SP-FLUT-008: Home Screen Sync Status Display it_should_show_syncing_indicator_when_syncing                            00:09 +173: /home/alexc/Projects/CardMind/test/specs/home_screen_spec_test.dart: SP-FLUT-008: Home Screen Sync Status Display it_should_show_syncing_indicator_when_syncing                            00:10 +173: /home/alexc/Projects/CardMind/test/specs/home_screen_spec_test.dart: SP-FLUT-008: Home Screen Sync Status Display it_should_show_syncing_indicator_when_syncing                            00:10 +174: /home/alexc/Projects/CardMind/test/specs/home_screen_spec_test.dart: SP-FLUT-008: Home Screen Sync Status Display it_should_show_syncing_indicator_when_syncing                            00:10 +175: /home/alexc/Projects/CardMind/test/specs/home_screen_spec_test.dart: SP-FLUT-008: Home Screen Sync Status Display it_should_show_syncing_indicator_when_syncing                            00:10 +176: /home/alexc/Projects/CardMind/test/specs/home_screen_spec_test.dart: SP-FLUT-008: Home Screen Sync Status Display it_should_show_syncing_indicator_when_syncing                            00:10 +177: /home/alexc/Projects/CardMind/test/specs/home_screen_spec_test.dart: SP-FLUT-008: Home Screen Sync Status Display it_should_show_syncing_indicator_when_syncing                            00:10 +178: /home/alexc/Projects/CardMind/test/specs/home_screen_spec_test.dart: SP-FLUT-008: Home Screen Sync Status Display it_should_show_syncing_indicator_when_syncing                            00:10 +179: /home/alexc/Projects/CardMind/test/specs/home_screen_spec_test.dart: SP-FLUT-008: Home Screen Sync Status Display it_should_show_syncing_indicator_when_syncing                            00:10 +180: /home/alexc/Projects/CardMind/test/specs/home_screen_spec_test.dart: SP-FLUT-008: Home Screen Sync Status Display it_should_show_syncing_indicator_when_syncing                            00:10 +181: /home/alexc/Projects/CardMind/test/specs/home_screen_spec_test.dart: SP-FLUT-008: Home Screen Sync Status Display it_should_show_syncing_indicator_when_syncing                            00:10 +182: /home/alexc/Projects/CardMind/test/specs/home_screen_spec_test.dart: SP-FLUT-008: Home Screen Sync Status Display it_should_show_syncing_indicator_when_syncing                            00:10 +183: /home/alexc/Projects/CardMind/test/specs/home_screen_spec_test.dart: SP-FLUT-008: Home Screen Sync Status Display it_should_show_syncing_indicator_when_syncing                            00:10 +184: /home/alexc/Projects/CardMind/test/specs/home_screen_spec_test.dart: SP-FLUT-008: Home Screen Sync Status Display it_should_show_syncing_indicator_when_syncing                            00:10 +185: /home/alexc/Projects/CardMind/test/specs/home_screen_spec_test.dart: SP-FLUT-008: Home Screen Sync Status Display it_should_show_syncing_indicator_when_syncing                            00:10 +186: /home/alexc/Projects/CardMind/test/specs/home_screen_spec_test.dart: SP-FLUT-008: Home Screen Sync Status Display it_should_show_syncing_indicator_when_syncing                            00:10 +187: /home/alexc/Projects/CardMind/test/specs/home_screen_spec_test.dart: SP-FLUT-008: Home Screen Sync Status Display it_should_show_syncing_indicator_when_syncing                            00:10 +188: /home/alexc/Projects/CardMind/test/specs/home_screen_spec_test.dart: SP-FLUT-008: Home Screen Sync Status Display it_should_show_syncing_indicator_when_syncing                            00:10 +189: /home/alexc/Projects/CardMind/test/specs/home_screen_spec_test.dart: SP-FLUT-008: Home Screen Sync Status Display it_should_show_syncing_indicator_when_syncing                            00:10 +190: /home/alexc/Projects/CardMind/test/specs/home_screen_spec_test.dart: SP-FLUT-008: Home Screen Sync Status Display it_should_show_syncing_indicator_when_syncing                            00:10 +191: /home/alexc/Projects/CardMind/test/specs/home_screen_spec_test.dart: SP-FLUT-008: Home Screen Sync Status Display it_should_show_syncing_indicator_when_syncing                            00:10 +192: /home/alexc/Projects/CardMind/test/specs/home_screen_spec_test.dart: SP-FLUT-008: Home Screen Sync Status Display it_should_show_syncing_indicator_when_syncing                            00:10 +193: /home/alexc/Projects/CardMind/test/specs/home_screen_spec_test.dart: SP-FLUT-008: Home Screen Sync Status Display it_should_show_syncing_indicator_when_syncing                            00:10 +194: /home/alexc/Projects/CardMind/test/specs/home_screen_spec_test.dart: SP-FLUT-008: Home Screen Sync Status Display it_should_show_syncing_indicator_when_syncing                            00:10 +195: /home/alexc/Projects/CardMind/test/specs/home_screen_spec_test.dart: SP-FLUT-008: Home Screen Sync Status Display it_should_show_syncing_indicator_when_syncing                            00:10 +196: /home/alexc/Projects/CardMind/test/specs/home_screen_spec_test.dart: SP-FLUT-008: Home Screen Sync Status Display it_should_show_syncing_indicator_when_syncing                            00:10 +197: /home/alexc/Projects/CardMind/test/specs/home_screen_spec_test.dart: SP-FLUT-008: Home Screen Sync Status Display it_should_show_syncing_indicator_when_syncing                            00:10 +198: /home/alexc/Projects/CardMind/test/specs/home_screen_spec_test.dart: SP-FLUT-008: Home Screen Sync Status Display it_should_show_syncing_indicator_when_syncing                            00:10 +199: /home/alexc/Projects/CardMind/test/specs/home_screen_spec_test.dart: SP-FLUT-008: Home Screen Sync Status Display it_should_show_syncing_indicator_when_syncing                            00:10 +200: /home/alexc/Projects/CardMind/test/specs/home_screen_spec_test.dart: SP-FLUT-008: Home Screen Sync Status Display it_should_show_syncing_indicator_when_syncing                            00:10 +201: /home/alexc/Projects/CardMind/test/specs/home_screen_spec_test.dart: SP-FLUT-008: Home Screen Sync Status Display it_should_show_syncing_indicator_when_syncing                            00:10 +202: /home/alexc/Projects/CardMind/test/specs/home_screen_spec_test.dart: SP-FLUT-008: Home Screen Sync Status Display it_should_show_syncing_indicator_when_syncing                            00:10 +203: /home/alexc/Projects/CardMind/test/specs/home_screen_spec_test.dart: SP-FLUT-008: Home Screen Sync Status Display it_should_show_syncing_indicator_when_syncing                            00:10 +204: /home/alexc/Projects/CardMind/test/specs/home_screen_spec_test.dart: SP-FLUT-008: Home Screen Sync Status Display it_should_show_syncing_indicator_when_syncing                            00:10 +205: /home/alexc/Projects/CardMind/test/specs/home_screen_spec_test.dart: SP-FLUT-008: Home Screen Sync Status Display it_should_show_syncing_indicator_when_syncing                            00:10 +206: /home/alexc/Projects/CardMind/test/specs/home_screen_spec_test.dart: SP-FLUT-008: Home Screen Sync Status Display it_should_show_syncing_indicator_when_syncing                            00:10 +207: /home/alexc/Projects/CardMind/test/specs/home_screen_spec_test.dart: SP-FLUT-008: Home Screen Sync Status Display it_should_show_syncing_indicator_when_syncing                            00:11 +207: /home/alexc/Projects/CardMind/test/specs/home_screen_spec_test.dart: SP-FLUT-008: Home Screen Sync Status Display it_should_show_syncing_indicator_when_syncing                            00:11 +208: /home/alexc/Projects/CardMind/test/specs/home_screen_spec_test.dart: SP-FLUT-008: Home Screen Sync Status Display it_should_show_syncing_indicator_when_syncing                            00:11 +209: /home/alexc/Projects/CardMind/test/specs/home_screen_spec_test.dart: SP-FLUT-008: Home Screen Sync Status Display it_should_show_syncing_indicator_when_syncing                            00:11 +210: /home/alexc/Projects/CardMind/test/specs/home_screen_spec_test.dart: SP-FLUT-008: Home Screen Sync Status Display it_should_show_syncing_indicator_when_syncing                            00:11 +211: /home/alexc/Projects/CardMind/test/specs/home_screen_spec_test.dart: SP-FLUT-008: Home Screen Sync Status Display it_should_show_syncing_indicator_when_syncing                            00:11 +212: /home/alexc/Projects/CardMind/test/specs/home_screen_spec_test.dart: SP-FLUT-008: Home Screen Sync Status Display it_should_show_syncing_indicator_when_syncing                            00:11 +213: /home/alexc/Projects/CardMind/test/specs/home_screen_spec_test.dart: SP-FLUT-008: Home Screen Sync Status Display it_should_show_syncing_indicator_when_syncing                            00:11 +214: /home/alexc/Projects/CardMind/test/specs/home_screen_spec_test.dart: SP-FLUT-008: Home Screen Sync Status Display it_should_show_syncing_indicator_when_syncing                            00:11 +215: /home/alexc/Projects/CardMind/test/specs/home_screen_spec_test.dart: SP-FLUT-008: Home Screen Sync Status Display it_should_show_syncing_indicator_when_syncing                            00:11 +216: /home/alexc/Projects/CardMind/test/specs/home_screen_spec_test.dart: SP-FLUT-008: Home Screen Sync Status Display it_should_show_syncing_indicator_when_syncing                            00:11 +217: /home/alexc/Projects/CardMind/test/specs/home_screen_spec_test.dart: SP-FLUT-008: Home Screen Sync Status Display it_should_show_syncing_indicator_when_syncing                            00:11 +218: /home/alexc/Projects/CardMind/test/specs/home_screen_spec_test.dart: SP-FLUT-008: Home Screen Sync Status Display it_should_show_syncing_indicator_when_syncing                            00:11 +219: /home/alexc/Projects/CardMind/test/specs/home_screen_spec_test.dart: SP-FLUT-008: Home Screen Sync Status Display it_should_show_syncing_indicator_when_syncing                            00:11 +220: /home/alexc/Projects/CardMind/test/specs/home_screen_spec_test.dart: SP-FLUT-008: Home Screen Sync Status Display it_should_show_syncing_indicator_when_syncing                            00:11 +221: /home/alexc/Projects/CardMind/test/specs/home_screen_spec_test.dart: SP-FLUT-008: Home Screen Sync Status Display it_should_show_syncing_indicator_when_syncing                            00:11 +222: /home/alexc/Projects/CardMind/test/specs/home_screen_spec_test.dart: SP-FLUT-008: Home Screen Sync Status Display it_should_show_syncing_indicator_when_syncing                            00:11 +223: /home/alexc/Projects/CardMind/test/specs/home_screen_spec_test.dart: SP-FLUT-008: Home Screen Sync Status Display it_should_show_syncing_indicator_when_syncing                            00:11 +224: /home/alexc/Projects/CardMind/test/specs/home_screen_spec_test.dart: SP-FLUT-008: Home Screen Sync Status Display it_should_show_syncing_indicator_when_syncing                            00:11 +225: /home/alexc/Projects/CardMind/test/specs/home_screen_spec_test.dart: SP-FLUT-008: Home Screen Sync Status Display it_should_show_syncing_indicator_when_syncing                            00:11 +226: /home/alexc/Projects/CardMind/test/specs/home_screen_spec_test.dart: SP-FLUT-008: Home Screen Sync Status Display it_should_show_syncing_indicator_when_syncing                            00:11 +227: /home/alexc/Projects/CardMind/test/specs/home_screen_spec_test.dart: SP-FLUT-008: Home Screen Sync Status Display it_should_show_syncing_indicator_when_syncing                            00:12 +227: /home/alexc/Projects/CardMind/test/specs/home_screen_spec_test.dart: SP-FLUT-008: Home Screen Sync Status Display it_should_show_syncing_indicator_when_syncing                            00:12 +228: /home/alexc/Projects/CardMind/test/specs/home_screen_spec_test.dart: SP-FLUT-008: Home Screen Sync Status Display it_should_show_syncing_indicator_when_syncing                            00:12 +229: /home/alexc/Projects/CardMind/test/specs/home_screen_spec_test.dart: SP-FLUT-008: Home Screen Sync Status Display it_should_show_syncing_indicator_when_syncing                            00:12 +230: /home/alexc/Projects/CardMind/test/specs/home_screen_spec_test.dart: SP-FLUT-008: Home Screen Sync Status Display it_should_show_syncing_indicator_when_syncing                            00:12 +231: /home/alexc/Projects/CardMind/test/specs/home_screen_spec_test.dart: SP-FLUT-008: Home Screen Sync Status Display it_should_show_syncing_indicator_when_syncing                            00:12 +232: /home/alexc/Projects/CardMind/test/specs/home_screen_spec_test.dart: SP-FLUT-008: Home Screen Sync Status Display it_should_show_syncing_indicator_when_syncing                            00:12 +233: /home/alexc/Projects/CardMind/test/specs/home_screen_spec_test.dart: SP-FLUT-008: Home Screen Sync Status Display it_should_show_syncing_indicator_when_syncing                            00:12 +234: /home/alexc/Projects/CardMind/test/specs/home_screen_spec_test.dart: SP-FLUT-008: Home Screen Sync Status Display it_should_show_syncing_indicator_when_syncing                            00:12 +235: /home/alexc/Projects/CardMind/test/specs/home_screen_spec_test.dart: SP-FLUT-008: Home Screen Sync Status Display it_should_show_syncing_indicator_when_syncing                            00:12 +236: /home/alexc/Projects/CardMind/test/specs/home_screen_spec_test.dart: SP-FLUT-008: Home Screen Sync Status Display it_should_show_syncing_indicator_when_syncing                            00:12 +237: /home/alexc/Projects/CardMind/test/specs/home_screen_spec_test.dart: SP-FLUT-008: Home Screen Sync Status Display it_should_show_syncing_indicator_when_syncing                            00:12 +238: /home/alexc/Projects/CardMind/test/specs/home_screen_spec_test.dart: SP-FLUT-008: Home Screen Sync Status Display it_should_show_syncing_indicator_when_syncing                            00:12 +239: /home/alexc/Projects/CardMind/test/specs/home_screen_spec_test.dart: SP-FLUT-008: Home Screen Sync Status Display it_should_show_syncing_indicator_when_syncing                            00:12 +240: /home/alexc/Projects/CardMind/test/specs/home_screen_spec_test.dart: SP-FLUT-008: Home Screen Sync Status Display it_should_show_syncing_indicator_when_syncing                            00:12 +241: /home/alexc/Projects/CardMind/test/specs/home_screen_spec_test.dart: SP-FLUT-008: Home Screen Sync Status Display it_should_show_syncing_indicator_when_syncing                            00:12 +242: /home/alexc/Projects/CardMind/test/specs/home_screen_spec_test.dart: SP-FLUT-008: Home Screen Sync Status Display it_should_show_syncing_indicator_when_syncing                            00:12 +243: /home/alexc/Projects/CardMind/test/specs/home_screen_spec_test.dart: SP-FLUT-008: Home Screen Sync Status Display it_should_show_syncing_indicator_when_syncing                            00:12 +244: /home/alexc/Projects/CardMind/test/specs/home_screen_spec_test.dart: SP-FLUT-008: Home Screen Sync Status Display it_should_show_syncing_indicator_when_syncing                            00:12 +245: /home/alexc/Projects/CardMind/test/specs/home_screen_spec_test.dart: SP-FLUT-008: Home Screen Sync Status Display it_should_show_syncing_indicator_when_syncing                            00:12 +246: /home/alexc/Projects/CardMind/test/specs/home_screen_spec_test.dart: SP-FLUT-008: Home Screen Sync Status Display it_should_show_syncing_indicator_when_syncing                            00:12 +247: /home/alexc/Projects/CardMind/test/specs/home_screen_spec_test.dart: SP-FLUT-008: Home Screen Sync Status Display it_should_show_syncing_indicator_when_syncing                            00:12 +248: /home/alexc/Projects/CardMind/test/specs/home_screen_spec_test.dart: SP-FLUT-008: Home Screen Sync Status Display it_should_show_syncing_indicator_when_syncing                            00:12 +249: /home/alexc/Projects/CardMind/test/specs/home_screen_spec_test.dart: SP-FLUT-008: Home Screen Sync Status Display it_should_show_syncing_indicator_when_syncing                            00:12 +250: /home/alexc/Projects/CardMind/test/specs/home_screen_spec_test.dart: SP-FLUT-008: Home Screen Sync Status Display it_should_show_syncing_indicator_when_syncing                            00:12 +251: /home/alexc/Projects/CardMind/test/specs/home_screen_spec_test.dart: SP-FLUT-008: Home Screen Sync Status Display it_should_show_syncing_indicator_when_syncing                            00:12 +252: /home/alexc/Projects/CardMind/test/specs/home_screen_spec_test.dart: SP-FLUT-008: Home Screen Sync Status Display it_should_show_syncing_indicator_when_syncing                            00:12 +253: /home/alexc/Projects/CardMind/test/specs/home_screen_spec_test.dart: SP-FLUT-008: Home Screen Sync Status Display it_should_show_syncing_indicator_when_syncing                            00:13 +254: /home/alexc/Projects/CardMind/test/specs/home_screen_spec_test.dart: SP-FLUT-008: Home Screen Sync Status Display it_should_show_syncing_indicator_when_syncing                            00:13 +255: /home/alexc/Projects/CardMind/test/specs/home_screen_spec_test.dart: SP-FLUT-008: Home Screen Sync Status Display it_should_show_syncing_indicator_when_syncing                            00:13 +256: /home/alexc/Projects/CardMind/test/specs/home_screen_spec_test.dart: SP-FLUT-008: Home Screen Sync Status Display it_should_show_syncing_indicator_when_syncing                            00:13 +257: /home/alexc/Projects/CardMind/test/specs/home_screen_spec_test.dart: SP-FLUT-008: Home Screen Sync Status Display it_should_show_syncing_indicator_when_syncing                            00:13 +258: /home/alexc/Projects/CardMind/test/specs/home_screen_spec_test.dart: SP-FLUT-008: Home Screen Sync Status Display it_should_show_syncing_indicator_when_syncing                            00:13 +259: /home/alexc/Projects/CardMind/test/specs/home_screen_spec_test.dart: SP-FLUT-008: Home Screen Sync Status Display it_should_show_syncing_indicator_when_syncing                            00:13 +260: /home/alexc/Projects/CardMind/test/specs/home_screen_spec_test.dart: SP-FLUT-008: Home Screen Sync Status Display it_should_show_syncing_indicator_when_syncing                            00:13 +261: /home/alexc/Projects/CardMind/test/specs/home_screen_spec_test.dart: SP-FLUT-008: Home Screen Sync Status Display it_should_show_syncing_indicator_when_syncing                            00:13 +262: /home/alexc/Projects/CardMind/test/specs/home_screen_spec_test.dart: SP-FLUT-008: Home Screen Sync Status Display it_should_show_syncing_indicator_when_syncing                            00:13 +263: /home/alexc/Projects/CardMind/test/specs/home_screen_spec_test.dart: SP-FLUT-008: Home Screen Sync Status Display it_should_show_syncing_indicator_when_syncing                            00:13 +264: /home/alexc/Projects/CardMind/test/specs/home_screen_spec_test.dart: SP-FLUT-008: Home Screen Sync Status Display it_should_show_syncing_indicator_when_syncing                            00:13 +265: /home/alexc/Projects/CardMind/test/specs/home_screen_spec_test.dart: SP-FLUT-008: Home Screen Sync Status Display it_should_show_syncing_indicator_when_syncing                            00:13 +266: /home/alexc/Projects/CardMind/test/specs/home_screen_spec_test.dart: SP-FLUT-008: Home Screen Sync Status Display it_should_show_syncing_indicator_when_syncing                            00:13 +267: /home/alexc/Projects/CardMind/test/specs/home_screen_spec_test.dart: SP-FLUT-008: Home Screen Sync Status Display it_should_show_syncing_indicator_when_syncing                            00:13 +268: /home/alexc/Projects/CardMind/test/specs/home_screen_spec_test.dart: SP-FLUT-008: Home Screen Sync Status Display it_should_show_syncing_indicator_when_syncing                            00:13 +269: /home/alexc/Projects/CardMind/test/specs/home_screen_spec_test.dart: SP-FLUT-008: Home Screen Sync Status Display it_should_show_syncing_indicator_when_syncing                            00:13 +270: /home/alexc/Projects/CardMind/test/specs/home_screen_spec_test.dart: SP-FLUT-008: Home Screen Sync Status Display it_should_show_syncing_indicator_when_syncing                            00:13 +271: /home/alexc/Projects/CardMind/test/specs/home_screen_spec_test.dart: SP-FLUT-008: Home Screen Sync Status Display it_should_show_syncing_indicator_when_syncing                            00:13 +272: /home/alexc/Projects/CardMind/test/specs/home_screen_spec_test.dart: SP-FLUT-008: Home Screen Sync Status Display it_should_show_syncing_indicator_when_syncing                            00:13 +273: /home/alexc/Projects/CardMind/test/specs/home_screen_spec_test.dart: SP-FLUT-008: Home Screen Sync Status Display it_should_show_syncing_indicator_when_syncing                            00:13 +274: /home/alexc/Projects/CardMind/test/specs/home_screen_spec_test.dart: SP-FLUT-008: Home Screen Sync Status Display it_should_show_syncing_indicator_when_syncing                            00:13 +275: /home/alexc/Projects/CardMind/test/specs/home_screen_spec_test.dart: SP-FLUT-008: Home Screen Sync Status Display it_should_show_syncing_indicator_when_syncing                            00:13 +276: /home/alexc/Projects/CardMind/test/specs/home_screen_spec_test.dart: SP-FLUT-008: Home Screen Sync Status Display it_should_show_syncing_indicator_when_syncing                            00:13 +277: /home/alexc/Projects/CardMind/test/specs/home_screen_spec_test.dart: SP-FLUT-008: Home Screen Sync Status Display it_should_show_syncing_indicator_when_syncing                            00:13 +278: /home/alexc/Projects/CardMind/test/specs/home_screen_spec_test.dart: SP-FLUT-008: Home Screen Sync Status Display it_should_show_syncing_indicator_when_syncing                            00:13 +279: /home/alexc/Projects/CardMind/test/specs/home_screen_spec_test.dart: SP-FLUT-008: Home Screen Sync Status Display it_should_show_syncing_indicator_when_syncing                            00:13 +280: /home/alexc/Projects/CardMind/test/specs/home_screen_spec_test.dart: SP-FLUT-008: Home Screen Sync Status Display it_should_show_syncing_indicator_when_syncing                            00:13 +281: /home/alexc/Projects/CardMind/test/specs/home_screen_spec_test.dart: SP-FLUT-008: Home Screen Sync Status Display it_should_show_syncing_indicator_when_syncing                            00:13 +282: /home/alexc/Projects/CardMind/test/specs/home_screen_spec_test.dart: SP-FLUT-008: Home Screen Sync Status Display it_should_show_syncing_indicator_when_syncing                            00:13 +283: /home/alexc/Projects/CardMind/test/specs/home_screen_spec_test.dart: SP-FLUT-008: Home Screen Sync Status Display it_should_show_syncing_indicator_when_syncing                            00:13 +284: /home/alexc/Projects/CardMind/test/specs/home_screen_spec_test.dart: SP-FLUT-008: Home Screen Sync Status Display it_should_show_syncing_indicator_when_syncing                            00:13 +285: /home/alexc/Projects/CardMind/test/specs/home_screen_spec_test.dart: SP-FLUT-008: Home Screen Sync Status Display it_should_show_syncing_indicator_when_syncing                            00:13 +286: /home/alexc/Projects/CardMind/test/specs/home_screen_spec_test.dart: SP-FLUT-008: Home Screen Sync Status Display it_should_show_syncing_indicator_when_syncing                            00:13 +286: /home/alexc/Projects/CardMind/test/specs/toast_notification_spec_test.dart: SP-UI-009: Toast Notification Success Toast it_should_provide_show_success_method                              
[SUCCESS] Success
00:13 +287: /home/alexc/Projects/CardMind/test/specs/home_screen_spec_test.dart: SP-FLUT-008: Home Screen Sync Status Display it_should_show_syncing_indicator_when_syncing                            00:13 +288: /home/alexc/Projects/CardMind/test/specs/home_screen_spec_test.dart: SP-FLUT-008: Home Screen Sync Status Display it_should_show_syncing_indicator_when_syncing                            00:13 +288: /home/alexc/Projects/CardMind/test/specs/toast_notification_spec_test.dart: SP-UI-009: Toast Notification Success Toast it_should_accept_success_message                                   
[SUCCESS] Operation completed successfully
00:13 +289: /home/alexc/Projects/CardMind/test/specs/home_screen_spec_test.dart: SP-FLUT-008: Home Screen Sync Status Display it_should_show_syncing_indicator_when_syncing                            00:13 +290: /home/alexc/Projects/CardMind/test/specs/home_screen_spec_test.dart: SP-FLUT-008: Home Screen Sync Status Display it_should_show_syncing_indicator_when_syncing                            00:14 +290: /home/alexc/Projects/CardMind/test/specs/home_screen_spec_test.dart: SP-FLUT-008: Home Screen Sync Status Display it_should_show_syncing_indicator_when_syncing                            00:14 +290: /home/alexc/Projects/CardMind/test/specs/toast_notification_spec_test.dart: SP-UI-009: Toast Notification Success Toast it_should_handle_empty_success_message                             
[SUCCESS] 
00:14 +291: /home/alexc/Projects/CardMind/test/specs/home_screen_spec_test.dart: SP-FLUT-008: Home Screen Sync Status Display it_should_show_syncing_indicator_when_syncing                            00:14 +291: /home/alexc/Projects/CardMind/test/specs/toast_notification_spec_test.dart: SP-UI-009: Toast Notification Success Toast it_should_handle_long_success_message                              
[SUCCESS] This is a very long success message that should be displayed properly without causing any layout issues or crashes in the toast notification system
00:14 +292: /home/alexc/Projects/CardMind/test/specs/home_screen_spec_test.dart: SP-FLUT-008: Home Screen Sync Status Display it_should_show_syncing_indicator_when_syncing                            00:14 +293: /home/alexc/Projects/CardMind/test/specs/home_screen_spec_test.dart: SP-FLUT-008: Home Screen Sync Status Display it_should_show_syncing_indicator_when_syncing                            00:14 +293: /home/alexc/Projects/CardMind/test/specs/toast_notification_spec_test.dart: SP-UI-009: Toast Notification Error Toast it_should_provide_show_error_method                                  
[ERROR] Error
00:14 +294: /home/alexc/Projects/CardMind/test/specs/home_screen_spec_test.dart: SP-FLUT-008: Home Screen Sync Status Display it_should_show_syncing_indicator_when_syncing                            00:14 +294: /home/alexc/Projects/CardMind/test/specs/toast_notification_spec_test.dart: SP-UI-009: Toast Notification Error Toast it_should_accept_error_message                                       
[ERROR] Operation failed
00:14 +295: /home/alexc/Projects/CardMind/test/specs/home_screen_spec_test.dart: SP-FLUT-008: Home Screen Sync Status Display it_should_show_syncing_indicator_when_syncing                            00:14 +296: /home/alexc/Projects/CardMind/test/specs/home_screen_spec_test.dart: SP-FLUT-008: Home Screen Sync Status Display it_should_show_syncing_indicator_when_syncing                            00:14 +296: /home/alexc/Projects/CardMind/test/specs/toast_notification_spec_test.dart: SP-UI-009: Toast Notification Error Toast it_should_handle_empty_error_message                                 
[ERROR] 
00:14 +297: /home/alexc/Projects/CardMind/test/specs/home_screen_spec_test.dart: SP-FLUT-008: Home Screen Sync Status Display it_should_show_syncing_indicator_when_syncing                            00:14 +297: /home/alexc/Projects/CardMind/test/specs/toast_notification_spec_test.dart: SP-UI-009: Toast Notification Error Toast it_should_display_error_longer_than_success                          
[ERROR] Error occurred
00:14 +298: /home/alexc/Projects/CardMind/test/specs/home_screen_spec_test.dart: SP-FLUT-008: Home Screen Sync Status Display it_should_show_syncing_indicator_when_syncing                            00:14 +298: /home/alexc/Projects/CardMind/test/specs/toast_notification_spec_test.dart: SP-UI-009: Toast Notification Info Toast it_should_provide_show_info_method                                    
[INFO] Info
00:14 +299: /home/alexc/Projects/CardMind/test/specs/home_screen_spec_test.dart: SP-FLUT-008: Home Screen Sync Status Display it_should_show_syncing_indicator_when_syncing                            00:14 +299: /home/alexc/Projects/CardMind/test/specs/toast_notification_spec_test.dart: SP-UI-009: Toast Notification Info Toast it_should_accept_info_message                                         
[INFO] New update available
00:14 +300: /home/alexc/Projects/CardMind/test/specs/home_screen_spec_test.dart: SP-FLUT-008: Home Screen Sync Status Display it_should_show_syncing_indicator_when_syncing                            00:14 +300: /home/alexc/Projects/CardMind/test/specs/toast_notification_spec_test.dart: SP-UI-009: Toast Notification Info Toast it_should_handle_empty_info_message                                   
[INFO] 
00:14 +301: /home/alexc/Projects/CardMind/test/specs/home_screen_spec_test.dart: SP-FLUT-008: Home Screen Sync Status Display it_should_show_syncing_indicator_when_syncing                            00:14 +302: /home/alexc/Projects/CardMind/test/specs/home_screen_spec_test.dart: SP-FLUT-008: Home Screen Sync Status Display it_should_show_syncing_indicator_when_syncing                            00:14 +302: /home/alexc/Projects/CardMind/test/specs/toast_notification_spec_test.dart: SP-UI-009: Toast Notification Warning Toast it_should_provide_show_warning_method                              
[WARNING] Warning
00:14 +303: /home/alexc/Projects/CardMind/test/specs/home_screen_spec_test.dart: SP-FLUT-008: Home Screen Sync Status Display it_should_show_syncing_indicator_when_syncing                            00:14 +303: /home/alexc/Projects/CardMind/test/specs/toast_notification_spec_test.dart: SP-UI-009: Toast Notification Warning Toast it_should_accept_warning_message                                   
[WARNING] Low storage space
00:14 +304: /home/alexc/Projects/CardMind/test/specs/home_screen_spec_test.dart: SP-FLUT-008: Home Screen Sync Status Display it_should_show_syncing_indicator_when_syncing                            00:14 +304: /home/alexc/Projects/CardMind/test/specs/toast_notification_spec_test.dart: SP-UI-009: Toast Notification Warning Toast it_should_handle_empty_warning_message                             
[WARNING] 
00:14 +305: /home/alexc/Projects/CardMind/test/specs/home_screen_spec_test.dart: SP-FLUT-008: Home Screen Sync Status Display it_should_show_syncing_indicator_when_syncing                            00:14 +306: /home/alexc/Projects/CardMind/test/specs/home_screen_spec_test.dart: SP-FLUT-008: Home Screen Sync Status Display it_should_show_syncing_indicator_when_syncing                            00:14 +307: /home/alexc/Projects/CardMind/test/specs/home_screen_spec_test.dart: SP-FLUT-008: Home Screen Sync Status Display it_should_show_syncing_indicator_when_syncing                            00:14 +307: /home/alexc/Projects/CardMind/test/specs/toast_notification_spec_test.dart: SP-UI-009: Toast Notification Cancel Tests it_should_cancel_all_toasts                                         
[SUCCESS] Success 1
[INFO] Info 1
[WARNING] Warning 1
00:14 +308: /home/alexc/Projects/CardMind/test/specs/home_screen_spec_test.dart: SP-FLUT-008: Home Screen Sync Status Display it_should_show_syncing_indicator_when_syncing                            00:14 +309: /home/alexc/Projects/CardMind/test/specs/home_screen_spec_test.dart: SP-FLUT-008: Home Screen Sync Status Display it_should_show_syncing_indicator_when_syncing                            00:14 +309: /home/alexc/Projects/CardMind/test/specs/toast_notification_spec_test.dart: SP-UI-009: Toast Notification Multiple Toast Tests it_should_handle_multiple_success_toasts                    
[SUCCESS] Success 1
[SUCCESS] Success 2
[SUCCESS] Success 3
00:14 +310: /home/alexc/Projects/CardMind/test/specs/home_screen_spec_test.dart: SP-FLUT-008: Home Screen Sync Status Display it_should_show_syncing_indicator_when_syncing                            00:14 +311: /home/alexc/Projects/CardMind/test/specs/home_screen_spec_test.dart: SP-FLUT-008: Home Screen Sync Status Display it_should_show_syncing_indicator_when_syncing                            00:14 +311: /home/alexc/Projects/CardMind/test/specs/toast_notification_spec_test.dart: SP-UI-009: Toast Notification Multiple Toast Tests it_should_handle_mixed_toast_types                          
[SUCCESS] Success
[ERROR] Error
[INFO] Info
[WARNING] Warning
00:14 +312: /home/alexc/Projects/CardMind/test/specs/home_screen_spec_test.dart: SP-FLUT-008: Home Screen Sync Status Display it_should_show_syncing_indicator_when_syncing                            00:14 +313: /home/alexc/Projects/CardMind/test/specs/home_screen_spec_test.dart: SP-FLUT-008: Home Screen Sync Status Display it_should_show_syncing_indicator_when_syncing                            00:14 +313: /home/alexc/Projects/CardMind/test/specs/toast_notification_spec_test.dart: SP-UI-009: Toast Notification Edge Cases it_should_handle_special_characters                                   
[ERROR] Error: 文件保存失败！@#$%^&*()
00:14 +314: /home/alexc/Projects/CardMind/test/specs/home_screen_spec_test.dart: SP-FLUT-008: Home Screen Sync Status Display it_should_show_syncing_indicator_when_syncing                            00:14 +315: /home/alexc/Projects/CardMind/test/specs/home_screen_spec_test.dart: SP-FLUT-008: Home Screen Sync Status Display it_should_show_syncing_indicator_when_syncing                            00:14 +315: /home/alexc/Projects/CardMind/test/specs/toast_notification_spec_test.dart: SP-UI-009: Toast Notification Edge Cases it_should_handle_unicode_characters                                   
[SUCCESS] 操作成功 ✓ 🎉
00:14 +316: /home/alexc/Projects/CardMind/test/specs/home_screen_spec_test.dart: SP-FLUT-008: Home Screen Sync Status Display it_should_show_syncing_indicator_when_syncing                            00:14 +316: /home/alexc/Projects/CardMind/test/specs/toast_notification_spec_test.dart: SP-UI-009: Toast Notification Edge Cases it_should_handle_newline_characters                                   
[INFO] Line 1
Line 2
Line 3
00:14 +317: /home/alexc/Projects/CardMind/test/specs/home_screen_spec_test.dart: SP-FLUT-008: Home Screen Sync Status Display it_should_show_syncing_indicator_when_syncing                            00:14 +317: /home/alexc/Projects/CardMind/test/specs/toast_notification_spec_test.dart: SP-UI-009: Toast Notification Edge Cases it_should_handle_very_long_message                                    
[INFO] AAAAAAAAAAAAAAAAAAAAAAAAAAAAAAAAAAAAAAAAAAAAAAAAAAAAAAAAAAAAAAAAAAAAAAAAAAAAAAAAAAAAAAAAAAAAAAAAAAAAAAAAAAAAAAAAAAAAAAAAAAAAAAAAAAAAAAAAAAAAAAAAAAAAAAAAAAAAAAAAAAAAAAAAAAAAAAAAAAAAAAAAAAAAAAAAAAAAAAAAAAAAAAAAAAAAAAAAAAAAAAAAAAAAAAAAAAAAAAAAAAAAAAAAAAAAAAAAAAAAAAAAAAAAAAAAAAAAAAAAAAAAAAAAAAAAAAAAAAAAAAAAAAAAAAAAAAAAAAAAAAAAAAAAAAAAAAAAAAAAAAAAAAAAAAAAAAAAAAAAAAAAAAAAAAAAAAAAAAAAAAAAAAAAAAAAAAAAAAAAAAAAAAAAAAAAAAAAAAAAAAAAAAAAAAAAAAAAAAAAAAAAAAAAAAAAAAAAAAAAAAAAAAAAAAAAAAAAAAAAAAAAAAAAAAAAAAAAAAAAAAAAAAAAAAAAAAAAAAAAAAAAAAAAAAAAAAAAAAAAAAAAAAAAAAAAAAAAAAAAAAAAAAAAAAAAAAAAAAAAAAAAAAAAAAAAAAAAAAAAAAAAAAAAAAAAAAAAAAAAAAAAAAAAAAAAAAAAAAAAAAAAAAAAAAAAAAAAAAAAAAAAAAAAAAAAAAAAAAAAAAAAAAAAAAAAAAAAAAAAAAAAAAAAAAAAAAAAAAAAAAAAAAAAAAAAAAAAAAAAAAAAAAAAAAAAAAAAAAAAAAAAAAAAAAAAAAAAAAAAAAAAAAAAAAAAAAAAAAAAAAAAAAAAAAAAAAAAAAAAAAAAAAAAAAAAAAAAAAAAAAAAAAAAAAAAAAAAAAAAAAAAAAAAAAAAAAAAAAAAAAAAAAAAAAAAAAAAAAAAAAAAAAAAAAAAAAAAAAAAAAAAAAAAAAAAAAAAAAAAAAAAAAAAAAAAAAAAAAAAAAAAAAAAAAAAAAAAAAAAAAAAAAAAAAAAAAAAAAAA
00:14 +318: /home/alexc/Projects/CardMind/test/specs/home_screen_spec_test.dart: SP-FLUT-008: Home Screen Sync Status Display it_should_show_syncing_indicator_when_syncing                            00:14 +319: /home/alexc/Projects/CardMind/test/specs/home_screen_spec_test.dart: SP-FLUT-008: Home Screen Sync Status Display it_should_show_syncing_indicator_when_syncing                            00:14 +319: /home/alexc/Projects/CardMind/test/specs/toast_notification_spec_test.dart: SP-UI-009: Toast Notification Edge Cases it_should_handle_rapid_successive_calls                               
[SUCCESS] Message 0
[SUCCESS] Message 1
[SUCCESS] Message 2
[SUCCESS] Message 3
[SUCCESS] Message 4
[SUCCESS] Message 5
[SUCCESS] Message 6
[SUCCESS] Message 7
[SUCCESS] Message 8
[SUCCESS] Message 9
00:14 +320: /home/alexc/Projects/CardMind/test/specs/home_screen_spec_test.dart: SP-FLUT-008: Home Screen Sync Status Display it_should_show_syncing_indicator_when_syncing                            00:14 +321: /home/alexc/Projects/CardMind/test/specs/home_screen_spec_test.dart: SP-FLUT-008: Home Screen Sync Status Display it_should_show_syncing_indicator_when_syncing                            00:14 +322: /home/alexc/Projects/CardMind/test/specs/home_screen_spec_test.dart: SP-FLUT-008: Home Screen Sync Status Display it_should_show_syncing_indicator_when_syncing                            00:14 +323: /home/alexc/Projects/CardMind/test/specs/home_screen_spec_test.dart: SP-FLUT-008: Home Screen Sync Status Display it_should_show_syncing_indicator_when_syncing                            00:14 +324: /home/alexc/Projects/CardMind/test/specs/home_screen_spec_test.dart: SP-FLUT-008: Home Screen Sync Status Display it_should_show_syncing_indicator_when_syncing                            00:14 +325: /home/alexc/Projects/CardMind/test/specs/home_screen_spec_test.dart: SP-FLUT-008: Home Screen Sync Status Display it_should_show_syncing_indicator_when_syncing                            00:14 +325: /home/alexc/Projects/CardMind/test/specs/toast_notification_spec_test.dart: SP-UI-009: Toast Notification Integration Tests it_should_work_in_typical_success_flow                         
[SUCCESS] 卡片创建成功
00:14 +326: /home/alexc/Projects/CardMind/test/specs/home_screen_spec_test.dart: SP-FLUT-008: Home Screen Sync Status Display it_should_show_syncing_indicator_when_syncing                            00:14 +327: /home/alexc/Projects/CardMind/test/specs/home_screen_spec_test.dart: SP-FLUT-008: Home Screen Sync Status Display it_should_show_syncing_indicator_when_syncing                            00:14 +327: /home/alexc/Projects/CardMind/test/specs/toast_notification_spec_test.dart: SP-UI-009: Toast Notification Integration Tests it_should_work_in_typical_error_flow                           
[ERROR] 网络连接失败，请重试
00:14 +328: /home/alexc/Projects/CardMind/test/specs/home_screen_spec_test.dart: SP-FLUT-008: Home Screen Sync Status Display it_should_show_syncing_indicator_when_syncing                            00:14 +328: /home/alexc/Projects/CardMind/test/specs/toast_notification_spec_test.dart: SP-UI-009: Toast Notification Integration Tests it_should_work_in_typical_sync_flow                            
[INFO] 正在同步数据...
[SUCCESS] 同步完成
00:14 +329: /home/alexc/Projects/CardMind/test/specs/home_screen_spec_test.dart: SP-FLUT-008: Home Screen Sync Status Display it_should_show_syncing_indicator_when_syncing                            00:14 +330: /home/alexc/Projects/CardMind/test/specs/home_screen_spec_test.dart: SP-FLUT-008: Home Screen Sync Status Display it_should_show_syncing_indicator_when_syncing                            00:14 +331: /home/alexc/Projects/CardMind/test/specs/home_screen_spec_test.dart: SP-FLUT-008: Home Screen Sync Status Display it_should_show_syncing_indicator_when_syncing                            00:14 +332: /home/alexc/Projects/CardMind/test/specs/home_screen_spec_test.dart: SP-FLUT-008: Home Screen Sync Status Display it_should_show_syncing_indicator_when_syncing                            00:15 +332: /home/alexc/Projects/CardMind/test/specs/home_screen_spec_test.dart: SP-FLUT-008: Home Screen Sync Status Display it_should_show_syncing_indicator_when_syncing                            00:15 +333: /home/alexc/Projects/CardMind/test/specs/home_screen_spec_test.dart: SP-FLUT-008: Home Screen Sync Status Display it_should_show_syncing_indicator_when_syncing                            00:15 +333: /home/alexc/Projects/CardMind/test/specs/home_screen_ui_spec_test.dart: SP-UI-005: Home Screen UI UI Layout Tests it_should_display_app_bar_with_title                                     
Pending timers:
Timer (duration: 0:00:00.500000, periodic: false), created:
#0      new FakeTimer._ (package:fake_async/fake_async.dart:342:62)
#1      FakeAsync._createTimer (package:fake_async/fake_async.dart:260:29)
#2      FakeAsync.run.<anonymous closure> (package:fake_async/fake_async.dart:185:15)
#6      _HomeScreenState.initState (package:cardmind/screens/home_screen.dart:60:12)
#7      StatefulElement._firstBuild (package:flutter/src/widgets/framework.dart:5953:55)
#8      ComponentElement.mount (package:flutter/src/widgets/framework.dart:5796:5)
...     Normal element mounting (7 frames)
#15     _InheritedProviderScopeElement.mount (package:provider/src/inherited_provider.dart:424:11)
...     Normal element mounting (7 frames)
#22     SingleChildWidgetElementMixin.mount (package:nested/nested.dart:222:11)
...     Normal element mounting (260 frames)
#282    Element.inflateWidget (package:flutter/src/widgets/framework.dart:4590:20)
#283    MultiChildRenderObjectElement.inflateWidget (package:flutter/src/widgets/framework.dart:7269:36)
#284    MultiChildRenderObjectElement.mount (package:flutter/src/widgets/framework.dart:7285:32)
...     Normal element mounting (465 frames)
#749    Element.inflateWidget (package:flutter/src/widgets/framework.dart:4590:20)
#750    Element.updateChild (package:flutter/src/widgets/framework.dart:4053:20)
#751    ComponentElement.performRebuild (package:flutter/src/widgets/framework.dart:5844:16)
#752    Element.rebuild (package:flutter/src/widgets/framework.dart:5532:7)
#753    ProxyElement.update (package:flutter/src/widgets/framework.dart:6152:5)
#754    _InheritedNotifierElement.update (package:flutter/src/widgets/inherited_notifier.dart:108:11)
#755    Element.updateChild (package:flutter/src/widgets/framework.dart:4037:15)
#756    ComponentElement.performRebuild (package:flutter/src/widgets/framework.dart:5844:16)
#757    StatefulElement.performRebuild (package:flutter/src/widgets/framework.dart:5985:11)
#758    Element.rebuild (package:flutter/src/widgets/framework.dart:5532:7)
#759    StatefulElement.update (package:flutter/src/widgets/framework.dart:6010:5)
#760    Element.updateChild (package:flutter/src/widgets/framework.dart:4037:15)
#761    ComponentElement.performRebuild (package:flutter/src/widgets/framework.dart:5844:16)
#762    Element.rebuild (package:flutter/src/widgets/framework.dart:5532:7)
#763    ProxyElement.update (package:flutter/src/widgets/framework.dart:6152:5)
#764    _InheritedNotifierElement.update (package:flutter/src/widgets/inherited_notifier.dart:108:11)
#765    Element.updateChild (package:flutter/src/widgets/framework.dart:4037:15)
#766    ComponentElement.performRebuild (package:flutter/src/widgets/framework.dart:5844:16)
#767    StatefulElement.performRebuild (package:flutter/src/widgets/framework.dart:5985:11)
#768    Element.rebuild (package:flutter/src/widgets/framework.dart:5532:7)
#769    StatefulElement.update (package:flutter/src/widgets/framework.dart:6010:5)
#770    Element.updateChild (package:flutter/src/widgets/framework.dart:4037:15)
#771    ComponentElement.performRebuild (package:flutter/src/widgets/framework.dart:5844:16)
#772    StatefulElement.performRebuild (package:flutter/src/widgets/framework.dart:5985:11)
#773    Element.rebuild (package:flutter/src/widgets/framework.dart:5532:7)
#774    StatefulElement.update (package:flutter/src/widgets/framework.dart:6010:5)
#775    Element.updateChild (package:flutter/src/widgets/framework.dart:4037:15)
#776    ComponentElement.performRebuild (package:flutter/src/widgets/framework.dart:5844:16)
#777    Element.rebuild (package:flutter/src/widgets/framework.dart:5532:7)
#778    ProxyElement.update (package:flutter/src/widgets/framework.dart:6152:5)
#779    Element.updateChild (package:flutter/src/widgets/framework.dart:4037:15)
#780    ComponentElement.performRebuild (package:flutter/src/widgets/framework.dart:5844:16)
#781    StatefulElement.performRebuild (package:flutter/src/widgets/framework.dart:5985:11)
#782    Element.rebuild (package:flutter/src/widgets/framework.dart:5532:7)
#783    StatefulElement.update (package:flutter/src/widgets/framework.dart:6010:5)
#784    Element.updateChild (package:flutter/src/widgets/framework.dart:4037:15)
#785    ComponentElement.performRebuild (package:flutter/src/widgets/framework.dart:5844:16)
#786    Element.rebuild (package:flutter/src/widgets/framework.dart:5532:7)
#787    ProxyElement.update (package:flutter/src/widgets/framework.dart:6152:5)
#788    Element.updateChild (package:flutter/src/widgets/framework.dart:4037:15)
#789    ComponentElement.performRebuild (package:flutter/src/widgets/framework.dart:5844:16)
#790    Element.rebuild (package:flutter/src/widgets/framework.dart:5532:7)
#791    ProxyElement.update (package:flutter/src/widgets/framework.dart:6152:5)
#792    Element.updateChild (package:flutter/src/widgets/framework.dart:4037:15)
#793    _RawViewElement._updateChild (package:flutter/src/widgets/view.dart:481:16)
#794    _RawViewElement.update (package:flutter/src/widgets/view.dart:568:5)
#795    Element.updateChild (package:flutter/src/widgets/framework.dart:4037:15)
#796    ComponentElement.performRebuild (package:flutter/src/widgets/framework.dart:5844:16)
#797    Element.rebuild (package:flutter/src/widgets/framework.dart:5532:7)
#798    StatelessElement.update (package:flutter/src/widgets/framework.dart:5898:5)
#799    Element.updateChild (package:flutter/src/widgets/framework.dart:4037:15)
#800    ComponentElement.performRebuild (package:flutter/src/widgets/framework.dart:5844:16)
#801    StatefulElement.performRebuild (package:flutter/src/widgets/framework.dart:5985:11)
#802    Element.rebuild (package:flutter/src/widgets/framework.dart:5532:7)
#803    StatefulElement.update (package:flutter/src/widgets/framework.dart:6010:5)
#804    Element.updateChild (package:flutter/src/widgets/framework.dart:4037:15)
#805    RootElement._rebuild (package:flutter/src/widgets/binding.dart:1782:16)
#806    RootElement.update (package:flutter/src/widgets/binding.dart:1760:5)
#807    RootElement.performRebuild (package:flutter/src/widgets/binding.dart:1774:7)
#808    Element.rebuild (package:flutter/src/widgets/framework.dart:5532:7)
#809    BuildScope._tryRebuild (package:flutter/src/widgets/framework.dart:2750:15)
#810    BuildScope._flushDirtyElements (package:flutter/src/widgets/framework.dart:2807:11)
#811    BuildOwner.buildScope (package:flutter/src/widgets/framework.dart:3111:18)
#812    AutomatedTestWidgetsFlutterBinding.drawFrame (package:flutter_test/src/binding.dart:1506:19)
#813    RendererBinding._handlePersistentFrameCallback (package:flutter/src/rendering/binding.dart:495:5)
#814    SchedulerBinding._invokeFrameCallback (package:flutter/src/scheduler/binding.dart:1434:15)
#815    SchedulerBinding.handleDrawFrame (package:flutter/src/scheduler/binding.dart:1347:9)
#816    AutomatedTestWidgetsFlutterBinding.pump.<anonymous closure> (package:flutter_test/src/binding.dart:1335:9)
#819    TestAsyncUtils.guard (package:flutter_test/src/test_async_utils.dart:74:41)
#820    AutomatedTestWidgetsFlutterBinding.pump (package:flutter_test/src/binding.dart:1324:27)
#821    WidgetTester.pumpWidget.<anonymous closure> (package:flutter_test/src/widget_tester.dart:598:22)
#824    TestAsyncUtils.guard (package:flutter_test/src/test_async_utils.dart:74:41)
#825    WidgetTester.pumpWidget (package:flutter_test/src/widget_tester.dart:595:27)
#826    main.<anonymous closure>.<anonymous closure>.<anonymous closure> (file:///home/alexc/Projects/CardMind/test/specs/home_screen_ui_spec_test.dart:59:22)
#827    testWidgets.<anonymous closure>.<anonymous closure> (package:flutter_test/src/widget_tester.dart:192:29)
<asynchronous suspension>
#828    TestWidgetsFlutterBinding._runTestBody (package:flutter_test/src/binding.dart:1059:5)
<asynchronous suspension>
<asynchronous suspension>
(elided 8 frames from dart:async and package:stack_trace)

══╡ EXCEPTION CAUGHT BY FLUTTER TEST FRAMEWORK ╞════════════════════════════════════════════════════
The following assertion was thrown running a test:
A Timer is still pending even after the widget tree was disposed.
'package:flutter_test/src/binding.dart':
Failed assertion: line 1617 pos 12: '!timersPending'

When the exception was thrown, this was the stack:
#2      AutomatedTestWidgetsFlutterBinding._verifyInvariants (package:flutter_test/src/binding.dart:1617:12)
#3      TestWidgetsFlutterBinding._runTestBody (package:flutter_test/src/binding.dart:1078:7)
<asynchronous suspension>
<asynchronous suspension>
(elided 3 frames from class _AssertionError and package:stack_trace)

The test description was:
  it_should_display_app_bar_with_title
════════════════════════════════════════════════════════════════════════════════════════════════════
00:15 +333 -1: /home/alexc/Projects/CardMind/test/specs/home_screen_ui_spec_test.dart: SP-UI-005: Home Screen UI UI Layout Tests it_should_display_app_bar_with_title [E]                              
  Test failed. See exception logs above.
  The test description was: it_should_display_app_bar_with_title
  

To run this test again: /home/alexc/.asdf/installs/flutter/3.38.5-stable/bin/cache/dart-sdk/bin/dart test /home/alexc/Projects/CardMind/test/specs/home_screen_ui_spec_test.dart -p vm --plain-name 'SP-UI-005: Home Screen UI UI Layout Tests it_should_display_app_bar_with_title'
00:15 +334 -1: /home/alexc/Projects/CardMind/test/specs/home_screen_spec_test.dart: SP-FLUT-008: Home Screen Sync Status Display it_should_show_syncing_indicator_when_syncing                         00:15 +335 -1: /home/alexc/Projects/CardMind/test/specs/home_screen_spec_test.dart: SP-FLUT-008: Home Screen Sync Status Display it_should_show_syncing_indicator_when_syncing                         00:15 +336 -1: /home/alexc/Projects/CardMind/test/specs/home_screen_spec_test.dart: SP-FLUT-008: Home Screen Sync Status Display it_should_show_syncing_indicator_when_syncing                         00:15 +337 -1: /home/alexc/Projects/CardMind/test/specs/home_screen_spec_test.dart: SP-FLUT-008: Home Screen Sync Status Display it_should_show_syncing_indicator_when_syncing                         00:15 +338 -1: /home/alexc/Projects/CardMind/test/specs/home_screen_spec_test.dart: SP-FLUT-008: Home Screen Sync Status Display it_should_show_syncing_indicator_when_syncing                         00:15 +338 -1: /home/alexc/Projects/CardMind/test/specs/home_screen_ui_spec_test.dart: SP-UI-005: Home Screen UI UI Layout Tests it_should_display_app_icon_in_app_bar                                 
Pending timers:
Timer (duration: 0:00:00.500000, periodic: false), created:
00:15 +338 -1: /home/alexc/Projects/CardMind/test/specs/home_screen_spec_test.dart: SP-FLUT-008: Home Screen Sync Status Display it_should_show_syncing_indicator_when_syncing                         00:15 +338 -1: /home/alexc/Projects/CardMind/test/specs/home_screen_ui_spec_test.dart: SP-UI-005: Home Screen UI UI Layout Tests it_should_display_app_icon_in_app_bar                                 
#0      new FakeTimer._ (package:fake_async/fake_async.dart:342:62)
#1      FakeAsync._createTimer (package:fake_async/fake_async.dart:260:29)
#2      FakeAsync.run.<anonymous closure> (package:fake_async/fake_async.dart:185:15)
#6      _HomeScreenState.initState (package:cardmind/screens/home_screen.dart:60:12)
#7      StatefulElement._firstBuild (package:flutter/src/widgets/framework.dart:5953:55)
#8      ComponentElement.mount (package:flutter/src/widgets/framework.dart:5796:5)
...     Normal element mounting (7 frames)
#15     _InheritedProviderScopeElement.mount (package:provider/src/inherited_provider.dart:424:11)
...     Normal element mounting (7 frames)
#22     SingleChildWidgetElementMixin.mount (package:nested/nested.dart:222:11)
...     Normal element mounting (260 frames)
#282    Element.inflateWidget (package:flutter/src/widgets/framework.dart:4590:20)
#283    MultiChildRenderObjectElement.inflateWidget (package:flutter/src/widgets/framework.dart:7269:36)
#284    MultiChildRenderObjectElement.mount (package:flutter/src/widgets/framework.dart:7285:32)
...     Normal element mounting (465 frames)
#749    Element.inflateWidget (package:flutter/src/widgets/framework.dart:4590:20)
#750    Element.updateChild (package:flutter/src/widgets/framework.dart:4053:20)
#751    ComponentElement.performRebuild (package:flutter/src/widgets/framework.dart:5844:16)
#752    Element.rebuild (package:flutter/src/widgets/framework.dart:5532:7)
#753    ProxyElement.update (package:flutter/src/widgets/framework.dart:6152:5)
#754    _InheritedNotifierElement.update (package:flutter/src/widgets/inherited_notifier.dart:108:11)
#755    Element.updateChild (package:flutter/src/widgets/framework.dart:4037:15)
#756    ComponentElement.performRebuild (package:flutter/src/widgets/framework.dart:5844:16)
#757    StatefulElement.performRebuild (package:flutter/src/widgets/framework.dart:5985:11)
#758    Element.rebuild (package:flutter/src/widgets/framework.dart:5532:7)
#759    StatefulElement.update (package:flutter/src/widgets/framework.dart:6010:5)
#760    Element.updateChild (package:flutter/src/widgets/framework.dart:4037:15)
#761    ComponentElement.performRebuild (package:flutter/src/widgets/framework.dart:5844:16)
#762    Element.rebuild (package:flutter/src/widgets/framework.dart:5532:7)
#763    ProxyElement.update (package:flutter/src/widgets/framework.dart:6152:5)
#764    _InheritedNotifierElement.update (package:flutter/src/widgets/inherited_notifier.dart:108:11)
#765    Element.updateChild (package:flutter/src/widgets/framework.dart:4037:15)
#766    ComponentElement.performRebuild (package:flutter/src/widgets/framework.dart:5844:16)
#767    StatefulElement.performRebuild (package:flutter/src/widgets/framework.dart:5985:11)
#768    Element.rebuild (package:flutter/src/widgets/framework.dart:5532:7)
#769    StatefulElement.update (package:flutter/src/widgets/framework.dart:6010:5)
#770    Element.updateChild (package:flutter/src/widgets/framework.dart:4037:15)
#771    ComponentElement.performRebuild (package:flutter/src/widgets/framework.dart:5844:16)
#772    StatefulElement.performRebuild (package:flutter/src/widgets/framework.dart:5985:11)
#773    Element.rebuild (package:flutter/src/widgets/framework.dart:5532:7)
#774    StatefulElement.update (package:flutter/src/widgets/framework.dart:6010:5)
#775    Element.updateChild (package:flutter/src/widgets/framework.dart:4037:15)
#776    ComponentElement.performRebuild (package:flutter/src/widgets/framework.dart:5844:16)
#777    Element.rebuild (package:flutter/src/widgets/framework.dart:5532:7)
#778    ProxyElement.update (package:flutter/src/widgets/framework.dart:6152:5)
#779    Element.updateChild (package:flutter/src/widgets/framework.dart:4037:15)
#780    ComponentElement.performRebuild (package:flutter/src/widgets/framework.dart:5844:16)
#781    StatefulElement.performRebuild (package:flutter/src/widgets/framework.dart:5985:11)
#782    Element.rebuild (package:flutter/src/widgets/framework.dart:5532:7)
#783    StatefulElement.update (package:flutter/src/widgets/framework.dart:6010:5)
#784    Element.updateChild (package:flutter/src/widgets/framework.dart:4037:15)
#785    ComponentElement.performRebuild (package:flutter/src/widgets/framework.dart:5844:16)
#786    Element.rebuild (package:flutter/src/widgets/framework.dart:5532:7)
#787    ProxyElement.update (package:flutter/src/widgets/framework.dart:6152:5)
#788    Element.updateChild (package:flutter/src/widgets/framework.dart:4037:15)
#789    ComponentElement.performRebuild (package:flutter/src/widgets/framework.dart:5844:16)
#790    Element.rebuild (package:flutter/src/widgets/framework.dart:5532:7)
#791    ProxyElement.update (package:flutter/src/widgets/framework.dart:6152:5)
#792    Element.updateChild (package:flutter/src/widgets/framework.dart:4037:15)
#793    _RawViewElement._updateChild (package:flutter/src/widgets/view.dart:481:16)
#794    _RawViewElement.update (package:flutter/src/widgets/view.dart:568:5)
#795    Element.updateChild (package:flutter/src/widgets/framework.dart:4037:15)
#796    ComponentElement.performRebuild (package:flutter/src/widgets/framework.dart:5844:16)
#797    Element.rebuild (package:flutter/src/widgets/framework.dart:5532:7)
#798    StatelessElement.update (package:flutter/src/widgets/framework.dart:5898:5)
#799    Element.updateChild (package:flutter/src/widgets/framework.dart:4037:15)
#800    ComponentElement.performRebuild (package:flutter/src/widgets/framework.dart:5844:16)
#801    StatefulElement.performRebuild (package:flutter/src/widgets/framework.dart:5985:11)
#802    Element.rebuild (package:flutter/src/widgets/framework.dart:5532:7)
#803    StatefulElement.update (package:flutter/src/widgets/framework.dart:6010:5)
#804    Element.updateChild (package:flutter/src/widgets/framework.dart:4037:15)
#805    RootElement._rebuild (package:flutter/src/widgets/binding.dart:1782:16)
#806    RootElement.update (package:flutter/src/widgets/binding.dart:1760:5)
#807    RootElement.performRebuild (package:flutter/src/widgets/binding.dart:1774:7)
#808    Element.rebuild (package:flutter/src/widgets/framework.dart:5532:7)
#809    BuildScope._tryRebuild (package:flutter/src/widgets/framework.dart:2750:15)
#810    BuildScope._flushDirtyElements (package:flutter/src/widgets/framework.dart:2807:11)
#811    BuildOwner.buildScope (package:flutter/src/widgets/framework.dart:3111:18)
#812    AutomatedTestWidgetsFlutterBinding.drawFrame (package:flutter_test/src/binding.dart:1506:19)
#813    RendererBinding._handlePersistentFrameCallback (package:flutter/src/rendering/binding.dart:495:5)
#814    SchedulerBinding._invokeFrameCallback (package:flutter/src/scheduler/binding.dart:1434:15)
#815    SchedulerBinding.handleDrawFrame (package:flutter/src/scheduler/binding.dart:1347:9)
#816    AutomatedTestWidgetsFlutterBinding.pump.<anonymous closure> (package:flutter_test/src/binding.dart:1335:9)
#819    TestAsyncUtils.guard (package:flutter_test/src/test_async_utils.dart:74:41)
#820    AutomatedTestWidgetsFlutterBinding.pump (package:flutter_test/src/binding.dart:1324:27)
#821    WidgetTester.pumpWidget.<anonymous closure> (package:flutter_test/src/widget_tester.dart:598:22)
#824    TestAsyncUtils.guard (package:flutter_test/src/test_async_utils.dart:74:41)
#825    WidgetTester.pumpWidget (package:flutter_test/src/widget_tester.dart:595:27)
#826    main.<anonymous closure>.<anonymous closure>.<anonymous closure> (file:///home/alexc/Projects/CardMind/test/specs/home_screen_ui_spec_test.dart:72:22)
#827    testWidgets.<anonymous closure>.<anonymous closure> (package:flutter_test/src/widget_tester.dart:192:29)
<asynchronous suspension>
#828    TestWidgetsFlutterBinding._runTestBody (package:flutter_test/src/binding.dart:1059:5)
<asynchronous suspension>
<asynchronous suspension>
(elided 8 frames from dart:async and package:stack_trace)

══╡ EXCEPTION CAUGHT BY FLUTTER TEST FRAMEWORK ╞════════════════════════════════════════════════════
The following assertion was thrown running a test:
A Timer is still pending even after the widget tree was disposed.
'package:flutter_test/src/binding.dart':
Failed assertion: line 1617 pos 12: '!timersPending'

When the exception was thrown, this was the stack:
#2      AutomatedTestWidgetsFlutterBinding._verifyInvariants (package:flutter_test/src/binding.dart:1617:12)
#3      TestWidgetsFlutterBinding._runTestBody (package:flutter_test/src/binding.dart:1078:7)
<asynchronous suspension>
<asynchronous suspension>
(elided 3 frames from class _AssertionError and package:stack_trace)

The test description was:
  it_should_display_app_icon_in_app_bar
════════════════════════════════════════════════════════════════════════════════════════════════════
00:15 +338 -2: /home/alexc/Projects/CardMind/test/specs/home_screen_ui_spec_test.dart: SP-UI-005: Home Screen UI UI Layout Tests it_should_display_app_icon_in_app_bar [E]                             
  Test failed. See exception logs above.
  The test description was: it_should_display_app_icon_in_app_bar
  

To run this test again: /home/alexc/.asdf/installs/flutter/3.38.5-stable/bin/cache/dart-sdk/bin/dart test /home/alexc/Projects/CardMind/test/specs/home_screen_ui_spec_test.dart -p vm --plain-name 'SP-UI-005: Home Screen UI UI Layout Tests it_should_display_app_icon_in_app_bar'
00:15 +339 -2: /home/alexc/Projects/CardMind/test/specs/home_screen_spec_test.dart: SP-FLUT-008: Home Screen Sync Status Display it_should_show_syncing_indicator_when_syncing                         00:15 +340 -2: /home/alexc/Projects/CardMind/test/specs/home_screen_spec_test.dart: SP-FLUT-008: Home Screen Sync Status Display it_should_show_syncing_indicator_when_syncing                         00:16 +340 -2: /home/alexc/Projects/CardMind/test/specs/home_screen_spec_test.dart: SP-FLUT-008: Home Screen Sync Status Display it_should_show_syncing_indicator_when_syncing                         00:16 +341 -2: /home/alexc/Projects/CardMind/test/specs/home_screen_spec_test.dart: SP-FLUT-008: Home Screen Sync Status Display it_should_show_syncing_indicator_when_syncing                         00:16 +342 -2: /home/alexc/Projects/CardMind/test/specs/home_screen_spec_test.dart: SP-FLUT-008: Home Screen Sync Status Display it_should_show_syncing_indicator_when_syncing                         00:16 +342 -2: /home/alexc/Projects/CardMind/test/specs/home_screen_ui_spec_test.dart: SP-UI-005: Home Screen UI UI Layout Tests it_should_display_sync_status_indicator                               
Pending timers:
Timer (duration: 0:00:00.500000, periodic: false), created:
00:16 +342 -2: /home/alexc/Projects/CardMind/test/specs/home_screen_spec_test.dart: SP-FLUT-008: Home Screen Sync Status Display it_should_show_syncing_indicator_when_syncing                         00:16 +342 -2: /home/alexc/Projects/CardMind/test/specs/home_screen_ui_spec_test.dart: SP-UI-005: Home Screen UI UI Layout Tests it_should_display_sync_status_indicator                               
#0      new FakeTimer._ (package:fake_async/fake_async.dart:342:62)
#1      FakeAsync._createTimer (package:fake_async/fake_async.dart:260:29)
#2      FakeAsync.run.<anonymous closure> (package:fake_async/fake_async.dart:185:15)
#6      _HomeScreenState.initState (package:cardmind/screens/home_screen.dart:60:12)
#7      StatefulElement._firstBuild (package:flutter/src/widgets/framework.dart:5953:55)
#8      ComponentElement.mount (package:flutter/src/widgets/framework.dart:5796:5)
...     Normal element mounting (7 frames)
#15     _InheritedProviderScopeElement.mount (package:provider/src/inherited_provider.dart:424:11)
...     Normal element mounting (7 frames)
#22     SingleChildWidgetElementMixin.mount (package:nested/nested.dart:222:11)
...     Normal element mounting (260 frames)
#282    Element.inflateWidget (package:flutter/src/widgets/framework.dart:4590:20)
#283    MultiChildRenderObjectElement.inflateWidget (package:flutter/src/widgets/framework.dart:7269:36)
#284    MultiChildRenderObjectElement.mount (package:flutter/src/widgets/framework.dart:7285:32)
...     Normal element mounting (465 frames)
#749    Element.inflateWidget (package:flutter/src/widgets/framework.dart:4590:20)
#750    Element.updateChild (package:flutter/src/widgets/framework.dart:4053:20)
#751    ComponentElement.performRebuild (package:flutter/src/widgets/framework.dart:5844:16)
#752    Element.rebuild (package:flutter/src/widgets/framework.dart:5532:7)
#753    ProxyElement.update (package:flutter/src/widgets/framework.dart:6152:5)
#754    _InheritedNotifierElement.update (package:flutter/src/widgets/inherited_notifier.dart:108:11)
#755    Element.updateChild (package:flutter/src/widgets/framework.dart:4037:15)
#756    ComponentElement.performRebuild (package:flutter/src/widgets/framework.dart:5844:16)
#757    StatefulElement.performRebuild (package:flutter/src/widgets/framework.dart:5985:11)
#758    Element.rebuild (package:flutter/src/widgets/framework.dart:5532:7)
#759    StatefulElement.update (package:flutter/src/widgets/framework.dart:6010:5)
#760    Element.updateChild (package:flutter/src/widgets/framework.dart:4037:15)
#761    ComponentElement.performRebuild (package:flutter/src/widgets/framework.dart:5844:16)
#762    Element.rebuild (package:flutter/src/widgets/framework.dart:5532:7)
#763    ProxyElement.update (package:flutter/src/widgets/framework.dart:6152:5)
#764    _InheritedNotifierElement.update (package:flutter/src/widgets/inherited_notifier.dart:108:11)
#765    Element.updateChild (package:flutter/src/widgets/framework.dart:4037:15)
#766    ComponentElement.performRebuild (package:flutter/src/widgets/framework.dart:5844:16)
#767    StatefulElement.performRebuild (package:flutter/src/widgets/framework.dart:5985:11)
#768    Element.rebuild (package:flutter/src/widgets/framework.dart:5532:7)
#769    StatefulElement.update (package:flutter/src/widgets/framework.dart:6010:5)
#770    Element.updateChild (package:flutter/src/widgets/framework.dart:4037:15)
#771    ComponentElement.performRebuild (package:flutter/src/widgets/framework.dart:5844:16)
#772    StatefulElement.performRebuild (package:flutter/src/widgets/framework.dart:5985:11)
#773    Element.rebuild (package:flutter/src/widgets/framework.dart:5532:7)
#774    StatefulElement.update (package:flutter/src/widgets/framework.dart:6010:5)
#775    Element.updateChild (package:flutter/src/widgets/framework.dart:4037:15)
#776    ComponentElement.performRebuild (package:flutter/src/widgets/framework.dart:5844:16)
#777    Element.rebuild (package:flutter/src/widgets/framework.dart:5532:7)
#778    ProxyElement.update (package:flutter/src/widgets/framework.dart:6152:5)
#779    Element.updateChild (package:flutter/src/widgets/framework.dart:4037:15)
#780    ComponentElement.performRebuild (package:flutter/src/widgets/framework.dart:5844:16)
#781    StatefulElement.performRebuild (package:flutter/src/widgets/framework.dart:5985:11)
#782    Element.rebuild (package:flutter/src/widgets/framework.dart:5532:7)
#783    StatefulElement.update (package:flutter/src/widgets/framework.dart:6010:5)
#784    Element.updateChild (package:flutter/src/widgets/framework.dart:4037:15)
#785    ComponentElement.performRebuild (package:flutter/src/widgets/framework.dart:5844:16)
#786    Element.rebuild (package:flutter/src/widgets/framework.dart:5532:7)
#787    ProxyElement.update (package:flutter/src/widgets/framework.dart:6152:5)
#788    Element.updateChild (package:flutter/src/widgets/framework.dart:4037:15)
#789    ComponentElement.performRebuild (package:flutter/src/widgets/framework.dart:5844:16)
#790    Element.rebuild (package:flutter/src/widgets/framework.dart:5532:7)
#791    ProxyElement.update (package:flutter/src/widgets/framework.dart:6152:5)
#792    Element.updateChild (package:flutter/src/widgets/framework.dart:4037:15)
#793    _RawViewElement._updateChild (package:flutter/src/widgets/view.dart:481:16)
#794    _RawViewElement.update (package:flutter/src/widgets/view.dart:568:5)
#795    Element.updateChild (package:flutter/src/widgets/framework.dart:4037:15)
#796    ComponentElement.performRebuild (package:flutter/src/widgets/framework.dart:5844:16)
#797    Element.rebuild (package:flutter/src/widgets/framework.dart:5532:7)
#798    StatelessElement.update (package:flutter/src/widgets/framework.dart:5898:5)
#799    Element.updateChild (package:flutter/src/widgets/framework.dart:4037:15)
#800    ComponentElement.performRebuild (package:flutter/src/widgets/framework.dart:5844:16)
#801    StatefulElement.performRebuild (package:flutter/src/widgets/framework.dart:5985:11)
#802    Element.rebuild (package:flutter/src/widgets/framework.dart:5532:7)
#803    StatefulElement.update (package:flutter/src/widgets/framework.dart:6010:5)
#804    Element.updateChild (package:flutter/src/widgets/framework.dart:4037:15)
#805    RootElement._rebuild (package:flutter/src/widgets/binding.dart:1782:16)
#806    RootElement.update (package:flutter/src/widgets/binding.dart:1760:5)
#807    RootElement.performRebuild (package:flutter/src/widgets/binding.dart:1774:7)
#808    Element.rebuild (package:flutter/src/widgets/framework.dart:5532:7)
#809    BuildScope._tryRebuild (package:flutter/src/widgets/framework.dart:2750:15)
#810    BuildScope._flushDirtyElements (package:flutter/src/widgets/framework.dart:2807:11)
#811    BuildOwner.buildScope (package:flutter/src/widgets/framework.dart:3111:18)
#812    AutomatedTestWidgetsFlutterBinding.drawFrame (package:flutter_test/src/binding.dart:1506:19)
#813    RendererBinding._handlePersistentFrameCallback (package:flutter/src/rendering/binding.dart:495:5)
#814    SchedulerBinding._invokeFrameCallback (package:flutter/src/scheduler/binding.dart:1434:15)
#815    SchedulerBinding.handleDrawFrame (package:flutter/src/scheduler/binding.dart:1347:9)
#816    AutomatedTestWidgetsFlutterBinding.pump.<anonymous closure> (package:flutter_test/src/binding.dart:1335:9)
#819    TestAsyncUtils.guard (package:flutter_test/src/test_async_utils.dart:74:41)
#820    AutomatedTestWidgetsFlutterBinding.pump (package:flutter_test/src/binding.dart:1324:27)
#821    WidgetTester.pumpWidget.<anonymous closure> (package:flutter_test/src/widget_tester.dart:598:22)
#824    TestAsyncUtils.guard (package:flutter_test/src/test_async_utils.dart:74:41)
#825    WidgetTester.pumpWidget (package:flutter_test/src/widget_tester.dart:595:27)
#826    main.<anonymous closure>.<anonymous closure>.<anonymous closure> (file:///home/alexc/Projects/CardMind/test/specs/home_screen_ui_spec_test.dart:85:22)
#827    testWidgets.<anonymous closure>.<anonymous closure> (package:flutter_test/src/widget_tester.dart:192:29)
<asynchronous suspension>
#828    TestWidgetsFlutterBinding._runTestBody (package:flutter_test/src/binding.dart:1059:5)
<asynchronous suspension>
<asynchronous suspension>
(elided 8 frames from dart:async and package:stack_trace)

══╡ EXCEPTION CAUGHT BY FLUTTER TEST FRAMEWORK ╞════════════════════════════════════════════════════
The following assertion was thrown running a test:
A Timer is still pending even after the widget tree was disposed.
'package:flutter_test/src/binding.dart':
Failed assertion: line 1617 pos 12: '!timersPending'

When the exception was thrown, this was the stack:
#2      AutomatedTestWidgetsFlutterBinding._verifyInvariants (package:flutter_test/src/binding.dart:1617:12)
#3      TestWidgetsFlutterBinding._runTestBody (package:flutter_test/src/binding.dart:1078:7)
<asynchronous suspension>
<asynchronous suspension>
(elided 3 frames from class _AssertionError and package:stack_trace)

The test description was:
  it_should_display_sync_status_indicator
════════════════════════════════════════════════════════════════════════════════════════════════════
00:16 +342 -3: /home/alexc/Projects/CardMind/test/specs/home_screen_ui_spec_test.dart: SP-UI-005: Home Screen UI UI Layout Tests it_should_display_sync_status_indicator [E]                           
  Test failed. See exception logs above.
  The test description was: it_should_display_sync_status_indicator
  

To run this test again: /home/alexc/.asdf/installs/flutter/3.38.5-stable/bin/cache/dart-sdk/bin/dart test /home/alexc/Projects/CardMind/test/specs/home_screen_ui_spec_test.dart -p vm --plain-name 'SP-UI-005: Home Screen UI UI Layout Tests it_should_display_sync_status_indicator'
00:16 +343 -3: /home/alexc/Projects/CardMind/test/specs/home_screen_spec_test.dart: SP-FLUT-008: Home Screen Sync Status Display it_should_show_syncing_indicator_when_syncing                         00:16 +344 -3: /home/alexc/Projects/CardMind/test/specs/home_screen_spec_test.dart: SP-FLUT-008: Home Screen Sync Status Display it_should_show_syncing_indicator_when_syncing                         00:16 +345 -3: /home/alexc/Projects/CardMind/test/specs/home_screen_spec_test.dart: SP-FLUT-008: Home Screen Sync Status Display it_should_show_syncing_indicator_when_syncing                         00:16 +346 -3: /home/alexc/Projects/CardMind/test/specs/home_screen_spec_test.dart: SP-FLUT-008: Home Screen Sync Status Display it_should_show_syncing_indicator_when_syncing                         00:16 +346 -3: /home/alexc/Projects/CardMind/test/specs/device_manager_ui_spec_test.dart: SP-UI-003: Device Manager UI Current Device Tests it_should_highlight_current_device_with_border             
══╡ EXCEPTION CAUGHT BY FLUTTER TEST FRAMEWORK ╞════════════════════════════════════════════════════
The following StateError was thrown running a test:
Bad state: No element

When the exception was thrown, this was the stack:
#0      Iterable.first (dart:core/iterable.dart:663:7)
#1      _FirstFinderMixin.filter (package:flutter_test/src/finders.dart:1332:28)
#3      Iterable.single (dart:core/iterable.dart:694:13)
#4      WidgetController.widget (package:flutter_test/src/controller.dart:808:30)
#5      main.<anonymous closure>.<anonymous closure>.<anonymous closure> (file:///home/alexc/Projects/CardMind/test/specs/device_manager_ui_spec_test.dart:274:34)
<asynchronous suspension>
#6      testWidgets.<anonymous closure>.<anonymous closure> (package:flutter_test/src/widget_tester.dart:192:15)
<asynchronous suspension>
#7      TestWidgetsFlutterBinding._runTestBody (package:flutter_test/src/binding.dart:1059:5)
<asynchronous suspension>
<asynchronous suspension>
(elided 2 frames from dart:async-patch and package:stack_trace)

The test description was:
  it_should_highlight_current_device_with_border
════════════════════════════════════════════════════════════════════════════════════════════════════
00:16 +346 -4: /home/alexc/Projects/CardMind/test/specs/device_manager_ui_spec_test.dart: SP-UI-003: Device Manager UI Current Device Tests it_should_highlight_current_device_with_border [E]         
  Test failed. See exception logs above.
  The test description was: it_should_highlight_current_device_with_border
  

To run this test again: /home/alexc/.asdf/installs/flutter/3.38.5-stable/bin/cache/dart-sdk/bin/dart test /home/alexc/Projects/CardMind/test/specs/device_manager_ui_spec_test.dart -p vm --plain-name 'SP-UI-003: Device Manager UI Current Device Tests it_should_highlight_current_device_with_border'
00:16 +346 -4: /home/alexc/Projects/CardMind/test/specs/home_screen_ui_spec_test.dart: SP-UI-005: Home Screen UI UI Layout Tests it_should_display_floating_action_button                              
Pending timers:
Timer (duration: 0:00:00.500000, periodic: false), created:
#0      new FakeTimer._ (package:fake_async/fake_async.dart:342:62)
#1      FakeAsync._createTimer (package:fake_async/fake_async.dart:260:29)
#2      FakeAsync.run.<anonymous closure> (package:fake_async/fake_async.dart:185:15)
#6      _HomeScreenState.initState (package:cardmind/screens/home_screen.dart:60:12)
#7      StatefulElement._firstBuild (package:flutter/src/widgets/framework.dart:5953:55)
#8      ComponentElement.mount (package:flutter/src/widgets/framework.dart:5796:5)
...     Normal element mounting (7 frames)
#15     _InheritedProviderScopeElement.mount (package:provider/src/inherited_provider.dart:424:11)
...     Normal element mounting (7 frames)
#22     SingleChildWidgetElementMixin.mount (package:nested/nested.dart:222:11)
...     Normal element mounting (260 frames)
#282    Element.inflateWidget (package:flutter/src/widgets/framework.dart:4590:20)
#283    MultiChildRenderObjectElement.inflateWidget (package:flutter/src/widgets/framework.dart:7269:36)
#284    MultiChildRenderObjectElement.mount (package:flutter/src/widgets/framework.dart:7285:32)
...     Normal element mounting (465 frames)
#749    Element.inflateWidget (package:flutter/src/widgets/framework.dart:4590:20)
#750    Element.updateChild (package:flutter/src/widgets/framework.dart:4053:20)
#751    ComponentElement.performRebuild (package:flutter/src/widgets/framework.dart:5844:16)
#752    Element.rebuild (package:flutter/src/widgets/framework.dart:5532:7)
#753    ProxyElement.update (package:flutter/src/widgets/framework.dart:6152:5)
#754    _InheritedNotifierElement.update (package:flutter/src/widgets/inherited_notifier.dart:108:11)
#755    Element.updateChild (package:flutter/src/widgets/framework.dart:4037:15)
#756    ComponentElement.performRebuild (package:flutter/src/widgets/framework.dart:5844:16)
#757    StatefulElement.performRebuild (package:flutter/src/widgets/framework.dart:5985:11)
#758    Element.rebuild (package:flutter/src/widgets/framework.dart:5532:7)
#759    StatefulElement.update (package:flutter/src/widgets/framework.dart:6010:5)
#760    Element.updateChild (package:flutter/src/widgets/framework.dart:4037:15)
#761    ComponentElement.performRebuild (package:flutter/src/widgets/framework.dart:5844:16)
#762    Element.rebuild (package:flutter/src/widgets/framework.dart:5532:7)
#763    ProxyElement.update (package:flutter/src/widgets/framework.dart:6152:5)
#764    _InheritedNotifierElement.update (package:flutter/src/widgets/inherited_notifier.dart:108:11)
#765    Element.updateChild (package:flutter/src/widgets/framework.dart:4037:15)
#766    ComponentElement.performRebuild (package:flutter/src/widgets/framework.dart:5844:16)
#767    StatefulElement.performRebuild (package:flutter/src/widgets/framework.dart:5985:11)
#768    Element.rebuild (package:flutter/src/widgets/framework.dart:5532:7)
#769    StatefulElement.update (package:flutter/src/widgets/framework.dart:6010:5)
#770    Element.updateChild (package:flutter/src/widgets/framework.dart:4037:15)
#771    ComponentElement.performRebuild (package:flutter/src/widgets/framework.dart:5844:16)
#772    StatefulElement.performRebuild (package:flutter/src/widgets/framework.dart:5985:11)
#773    Element.rebuild (package:flutter/src/widgets/framework.dart:5532:7)
#774    StatefulElement.update (package:flutter/src/widgets/framework.dart:6010:5)
#775    Element.updateChild (package:flutter/src/widgets/framework.dart:4037:15)
#776    ComponentElement.performRebuild (package:flutter/src/widgets/framework.dart:5844:16)
#777    Element.rebuild (package:flutter/src/widgets/framework.dart:5532:7)
#778    ProxyElement.update (package:flutter/src/widgets/framework.dart:6152:5)
#779    Element.updateChild (package:flutter/src/widgets/framework.dart:4037:15)
#780    ComponentElement.performRebuild (package:flutter/src/widgets/framework.dart:5844:16)
#781    StatefulElement.performRebuild (package:flutter/src/widgets/framework.dart:5985:11)
#782    Element.rebuild (package:flutter/src/widgets/framework.dart:5532:7)
#783    StatefulElement.update (package:flutter/src/widgets/framework.dart:6010:5)
#784    Element.updateChild (package:flutter/src/widgets/framework.dart:4037:15)
#785    ComponentElement.performRebuild (package:flutter/src/widgets/framework.dart:5844:16)
#786    Element.rebuild (package:flutter/src/widgets/framework.dart:5532:7)
#787    ProxyElement.update (package:flutter/src/widgets/framework.dart:6152:5)
#788    Element.updateChild (package:flutter/src/widgets/framework.dart:4037:15)
#789    ComponentElement.performRebuild (package:flutter/src/widgets/framework.dart:5844:16)
#790    Element.rebuild (package:flutter/src/widgets/framework.dart:5532:7)
#791    ProxyElement.update (package:flutter/src/widgets/framework.dart:6152:5)
#792    Element.updateChild (package:flutter/src/widgets/framework.dart:4037:15)
#793    _RawViewElement._updateChild (package:flutter/src/widgets/view.dart:481:16)
#794    _RawViewElement.update (package:flutter/src/widgets/view.dart:568:5)
#795    Element.updateChild (package:flutter/src/widgets/framework.dart:4037:15)
#796    ComponentElement.performRebuild (package:flutter/src/widgets/framework.dart:5844:16)
#797    Element.rebuild (package:flutter/src/widgets/framework.dart:5532:7)
#798    StatelessElement.update (package:flutter/src/widgets/framework.dart:5898:5)
#799    Element.updateChild (package:flutter/src/widgets/framework.dart:4037:15)
#800    ComponentElement.performRebuild (package:flutter/src/widgets/framework.dart:5844:16)
#801    StatefulElement.performRebuild (package:flutter/src/widgets/framework.dart:5985:11)
#802    Element.rebuild (package:flutter/src/widgets/framework.dart:5532:7)
#803    StatefulElement.update (package:flutter/src/widgets/framework.dart:6010:5)
#804    Element.updateChild (package:flutter/src/widgets/framework.dart:4037:15)
#805    RootElement._rebuild (package:flutter/src/widgets/binding.dart:1782:16)
#806    RootElement.update (package:flutter/src/widgets/binding.dart:1760:5)
#807    RootElement.performRebuild (package:flutter/src/widgets/binding.dart:1774:7)
#808    Element.rebuild (package:flutter/src/widgets/framework.dart:5532:7)
#809    BuildScope._tryRebuild (package:flutter/src/widgets/framework.dart:2750:15)
#810    BuildScope._flushDirtyElements (package:flutter/src/widgets/framework.dart:2807:11)
#811    BuildOwner.buildScope (package:flutter/src/widgets/framework.dart:3111:18)
#812    AutomatedTestWidgetsFlutterBinding.drawFrame (package:flutter_test/src/binding.dart:1506:19)
#813    RendererBinding._handlePersistentFrameCallback (package:flutter/src/rendering/binding.dart:495:5)
#814    SchedulerBinding._invokeFrameCallback (package:flutter/src/scheduler/binding.dart:1434:15)
#815    SchedulerBinding.handleDrawFrame (package:flutter/src/scheduler/binding.dart:1347:9)
#816    AutomatedTestWidgetsFlutterBinding.pump.<anonymous closure> (package:flutter_test/src/binding.dart:1335:9)
#819    TestAsyncUtils.guard (package:flutter_test/src/test_async_utils.dart:74:41)
#820    AutomatedTestWidgetsFlutterBinding.pump (package:flutter_test/src/binding.dart:1324:27)
#821    WidgetTester.pumpWidget.<anonymous closure> (package:flutter_test/src/widget_tester.dart:598:22)
#824    TestAsyncUtils.guard (package:flutter_test/src/test_async_utils.dart:74:41)
#825    WidgetTester.pumpWidget (package:flutter_test/src/widget_tester.dart:595:27)
#826    main.<anonymous closure>.<anonymous closure>.<anonymous closure> (file:///home/alexc/Projects/CardMind/test/specs/home_screen_ui_spec_test.dart:98:22)
#827    testWidgets.<anonymous closure>.<anonymous closure> (package:flutter_test/src/widget_tester.dart:192:29)
<asynchronous suspension>
#828    TestWidgetsFlutterBinding._runTestBody (package:flutter_test/src/binding.dart:1059:5)
<asynchronous suspension>
<asynchronous suspension>
(elided 8 frames from dart:async and package:stack_trace)

══╡ EXCEPTION CAUGHT BY FLUTTER TEST FRAMEWORK ╞════════════════════════════════════════════════════
The following assertion was thrown running a test:
A Timer is still pending even after the widget tree was disposed.
'package:flutter_test/src/binding.dart':
Failed assertion: line 1617 pos 12: '!timersPending'

When the exception was thrown, this was the stack:
#2      AutomatedTestWidgetsFlutterBinding._verifyInvariants (package:flutter_test/src/binding.dart:1617:12)
#3      TestWidgetsFlutterBinding._runTestBody (package:flutter_test/src/binding.dart:1078:7)
<asynchronous suspension>
<asynchronous suspension>
(elided 3 frames from class _AssertionError and package:stack_trace)

The test description was:
  it_should_display_floating_action_button
════════════════════════════════════════════════════════════════════════════════════════════════════
00:16 +346 -5: /home/alexc/Projects/CardMind/test/specs/home_screen_ui_spec_test.dart: SP-UI-005: Home Screen UI UI Layout Tests it_should_display_floating_action_button [E]                          
  Test failed. See exception logs above.
  The test description was: it_should_display_floating_action_button
  

To run this test again: /home/alexc/.asdf/installs/flutter/3.38.5-stable/bin/cache/dart-sdk/bin/dart test /home/alexc/Projects/CardMind/test/specs/home_screen_ui_spec_test.dart -p vm --plain-name 'SP-UI-005: Home Screen UI UI Layout Tests it_should_display_floating_action_button'
00:16 +347 -5: /home/alexc/Projects/CardMind/test/specs/home_screen_spec_test.dart: SP-FLUT-008: Home Screen Sync Status Display it_should_show_syncing_indicator_when_syncing                         00:16 +348 -5: /home/alexc/Projects/CardMind/test/specs/home_screen_spec_test.dart: SP-FLUT-008: Home Screen Sync Status Display it_should_show_syncing_indicator_when_syncing                         00:16 +349 -5: /home/alexc/Projects/CardMind/test/specs/home_screen_spec_test.dart: SP-FLUT-008: Home Screen Sync Status Display it_should_show_syncing_indicator_when_syncing                         00:16 +350 -5: /home/alexc/Projects/CardMind/test/specs/home_screen_spec_test.dart: SP-FLUT-008: Home Screen Sync Status Display it_should_show_syncing_indicator_when_syncing                         00:16 +351 -5: /home/alexc/Projects/CardMind/test/specs/home_screen_spec_test.dart: SP-FLUT-008: Home Screen Sync Status Display it_should_show_syncing_indicator_when_syncing                         00:16 +352 -5: /home/alexc/Projects/CardMind/test/specs/home_screen_spec_test.dart: SP-FLUT-008: Home Screen Sync Status Display it_should_show_syncing_indicator_when_syncing                         00:17 +352 -5: /home/alexc/Projects/CardMind/test/specs/home_screen_spec_test.dart: SP-FLUT-008: Home Screen Sync Status Display it_should_show_syncing_indicator_when_syncing                         00:17 +353 -5: /home/alexc/Projects/CardMind/test/specs/home_screen_spec_test.dart: SP-FLUT-008: Home Screen Sync Status Display it_should_show_syncing_indicator_when_syncing                         00:17 +353 -5: /home/alexc/Projects/CardMind/test/specs/home_screen_ui_spec_test.dart: SP-UI-005: Home Screen UI UI Layout Tests it_should_display_search_bar                                          
Pending timers:
Timer (duration: 0:00:00.500000, periodic: false), created:
#0      new FakeTimer._ (package:fake_async/fake_async.dart:342:62)
#1      FakeAsync._createTimer (package:fake_async/fake_async.dart:260:29)
#2      FakeAsync.run.<anonymous closure> (package:fake_async/fake_async.dart:185:15)
#6      _HomeScreenState.initState (package:cardmind/screens/home_screen.dart:60:12)
#7      StatefulElement._firstBuild (package:flutter/src/widgets/framework.dart:5953:55)
#8      ComponentElement.mount (package:flutter/src/widgets/framework.dart:5796:5)
...     Normal element mounting (7 frames)
#15     _InheritedProviderScopeElement.mount (package:provider/src/inherited_provider.dart:424:11)
...     Normal element mounting (7 frames)
#22     SingleChildWidgetElementMixin.mount (package:nested/nested.dart:222:11)
...     Normal element mounting (260 frames)
#282    Element.inflateWidget (package:flutter/src/widgets/framework.dart:4590:20)
#283    MultiChildRenderObjectElement.inflateWidget (package:flutter/src/widgets/framework.dart:7269:36)
#284    MultiChildRenderObjectElement.mount (package:flutter/src/widgets/framework.dart:7285:32)
...     Normal element mounting (465 frames)
#749    Element.inflateWidget (package:flutter/src/widgets/framework.dart:4590:20)
#750    Element.updateChild (package:flutter/src/widgets/framework.dart:4053:20)
#751    ComponentElement.performRebuild (package:flutter/src/widgets/framework.dart:5844:16)
#752    Element.rebuild (package:flutter/src/widgets/framework.dart:5532:7)
#753    ProxyElement.update (package:flutter/src/widgets/framework.dart:6152:5)
#754    _InheritedNotifierElement.update (package:flutter/src/widgets/inherited_notifier.dart:108:11)
#755    Element.updateChild (package:flutter/src/widgets/framework.dart:4037:15)
#756    ComponentElement.performRebuild (package:flutter/src/widgets/framework.dart:5844:16)
#757    StatefulElement.performRebuild (package:flutter/src/widgets/framework.dart:5985:11)
#758    Element.rebuild (package:flutter/src/widgets/framework.dart:5532:7)
#759    StatefulElement.update (package:flutter/src/widgets/framework.dart:6010:5)
#760    Element.updateChild (package:flutter/src/widgets/framework.dart:4037:15)
#761    ComponentElement.performRebuild (package:flutter/src/widgets/framework.dart:5844:16)
#762    Element.rebuild (package:flutter/src/widgets/framework.dart:5532:7)
#763    ProxyElement.update (package:flutter/src/widgets/framework.dart:6152:5)
#764    _InheritedNotifierElement.update (package:flutter/src/widgets/inherited_notifier.dart:108:11)
#765    Element.updateChild (package:flutter/src/widgets/framework.dart:4037:15)
#766    ComponentElement.performRebuild (package:flutter/src/widgets/framework.dart:5844:16)
#767    StatefulElement.performRebuild (package:flutter/src/widgets/framework.dart:5985:11)
#768    Element.rebuild (package:flutter/src/widgets/framework.dart:5532:7)
#769    StatefulElement.update (package:flutter/src/widgets/framework.dart:6010:5)
#770    Element.updateChild (package:flutter/src/widgets/framework.dart:4037:15)
#771    ComponentElement.performRebuild (package:flutter/src/widgets/framework.dart:5844:16)
#772    StatefulElement.performRebuild (package:flutter/src/widgets/framework.dart:5985:11)
#773    Element.rebuild (package:flutter/src/widgets/framework.dart:5532:7)
#774    StatefulElement.update (package:flutter/src/widgets/framework.dart:6010:5)
#775    Element.updateChild (package:flutter/src/widgets/framework.dart:4037:15)
#776    ComponentElement.performRebuild (package:flutter/src/widgets/framework.dart:5844:16)
#777    Element.rebuild (package:flutter/src/widgets/framework.dart:5532:7)
#778    ProxyElement.update (package:flutter/src/widgets/framework.dart:6152:5)
#779    Element.updateChild (package:flutter/src/widgets/framework.dart:4037:15)
#780    ComponentElement.performRebuild (package:flutter/src/widgets/framework.dart:5844:16)
#781    StatefulElement.performRebuild (package:flutter/src/widgets/framework.dart:5985:11)
#782    Element.rebuild (package:flutter/src/widgets/framework.dart:5532:7)
#783    StatefulElement.update (package:flutter/src/widgets/framework.dart:6010:5)
#784    Element.updateChild (package:flutter/src/widgets/framework.dart:4037:15)
#785    ComponentElement.performRebuild (package:flutter/src/widgets/framework.dart:5844:16)
#786    Element.rebuild (package:flutter/src/widgets/framework.dart:5532:7)
#787    ProxyElement.update (package:flutter/src/widgets/framework.dart:6152:5)
#788    Element.updateChild (package:flutter/src/widgets/framework.dart:4037:15)
#789    ComponentElement.performRebuild (package:flutter/src/widgets/framework.dart:5844:16)
#790    Element.rebuild (package:flutter/src/widgets/framework.dart:5532:7)
#791    ProxyElement.update (package:flutter/src/widgets/framework.dart:6152:5)
#792    Element.updateChild (package:flutter/src/widgets/framework.dart:4037:15)
#793    _RawViewElement._updateChild (package:flutter/src/widgets/view.dart:481:16)
#794    _RawViewElement.update (package:flutter/src/widgets/view.dart:568:5)
#795    Element.updateChild (package:flutter/src/widgets/framework.dart:4037:15)
#796    ComponentElement.performRebuild (package:flutter/src/widgets/framework.dart:5844:16)
#797    Element.rebuild (package:flutter/src/widgets/framework.dart:5532:7)
#798    StatelessElement.update (package:flutter/src/widgets/framework.dart:5898:5)
#799    Element.updateChild (package:flutter/src/widgets/framework.dart:4037:15)
#800    ComponentElement.performRebuild (package:flutter/src/widgets/framework.dart:5844:16)
#801    StatefulElement.performRebuild (package:flutter/src/widgets/framework.dart:5985:11)
#802    Element.rebuild (package:flutter/src/widgets/framework.dart:5532:7)
#803    StatefulElement.update (package:flutter/src/widgets/framework.dart:6010:5)
#804    Element.updateChild (package:flutter/src/widgets/framework.dart:4037:15)
#805    RootElement._rebuild (package:flutter/src/widgets/binding.dart:1782:16)
#806    RootElement.update (package:flutter/src/widgets/binding.dart:1760:5)
#807    RootElement.performRebuild (package:flutter/src/widgets/binding.dart:1774:7)
#808    Element.rebuild (package:flutter/src/widgets/framework.dart:5532:7)
#809    BuildScope._tryRebuild (package:flutter/src/widgets/framework.dart:2750:15)
#810    BuildScope._flushDirtyElements (package:flutter/src/widgets/framework.dart:2807:11)
#811    BuildOwner.buildScope (package:flutter/src/widgets/framework.dart:3111:18)
#812    AutomatedTestWidgetsFlutterBinding.drawFrame (package:flutter_test/src/binding.dart:1506:19)
#813    RendererBinding._handlePersistentFrameCallback (package:flutter/src/rendering/binding.dart:495:5)
#814    SchedulerBinding._invokeFrameCallback (package:flutter/src/scheduler/binding.dart:1434:15)
#815    SchedulerBinding.handleDrawFrame (package:flutter/src/scheduler/binding.dart:1347:9)
#816    AutomatedTestWidgetsFlutterBinding.pump.<anonymous closure> (package:flutter_test/src/binding.dart:1335:9)
#819    TestAsyncUtils.guard (package:flutter_test/src/test_async_utils.dart:74:41)
#820    AutomatedTestWidgetsFlutterBinding.pump (package:flutter_test/src/binding.dart:1324:27)
#821    WidgetTester.pumpWidget.<anonymous closure> (package:flutter_test/src/widget_tester.dart:598:22)
#824    TestAsyncUtils.guard (package:flutter_test/src/test_async_utils.dart:74:41)
#825    WidgetTester.pumpWidget (package:flutter_test/src/widget_tester.dart:595:27)
#826    main.<anonymous closure>.<anonymous closure>.<anonymous closure> (file:///home/alexc/Projects/CardMind/test/specs/home_screen_ui_spec_test.dart:109:22)
#827    testWidgets.<anonymous closure>.<anonymous closure> (package:flutter_test/src/widget_tester.dart:192:29)
<asynchronous suspension>
#828    TestWidgetsFlutterBinding._runTestBody (package:flutter_test/src/binding.dart:1059:5)
<asynchronous suspension>
<asynchronous suspension>
(elided 8 frames from dart:async and package:stack_trace)

══╡ EXCEPTION CAUGHT BY FLUTTER TEST FRAMEWORK ╞════════════════════════════════════════════════════
The following assertion was thrown running a test:
A Timer is still pending even after the widget tree was disposed.
'package:flutter_test/src/binding.dart':
Failed assertion: line 1617 pos 12: '!timersPending'

When the exception was thrown, this was the stack:
#2      AutomatedTestWidgetsFlutterBinding._verifyInvariants (package:flutter_test/src/binding.dart:1617:12)
#3      TestWidgetsFlutterBinding._runTestBody (package:flutter_test/src/binding.dart:1078:7)
<asynchronous suspension>
<asynchronous suspension>
(elided 3 frames from class _AssertionError and package:stack_trace)

The test description was:
  it_should_display_search_bar
════════════════════════════════════════════════════════════════════════════════════════════════════
00:17 +353 -6: /home/alexc/Projects/CardMind/test/specs/home_screen_ui_spec_test.dart: SP-UI-005: Home Screen UI UI Layout Tests it_should_display_search_bar [E]                                      
  Test failed. See exception logs above.
  The test description was: it_should_display_search_bar
  

To run this test again: /home/alexc/.asdf/installs/flutter/3.38.5-stable/bin/cache/dart-sdk/bin/dart test /home/alexc/Projects/CardMind/test/specs/home_screen_ui_spec_test.dart -p vm --plain-name 'SP-UI-005: Home Screen UI UI Layout Tests it_should_display_search_bar'
00:17 +354 -6: /home/alexc/Projects/CardMind/test/specs/home_screen_spec_test.dart: SP-FLUT-008: Home Screen Sync Status Display it_should_show_syncing_indicator_when_syncing                         00:17 +355 -6: /home/alexc/Projects/CardMind/test/specs/home_screen_spec_test.dart: SP-FLUT-008: Home Screen Sync Status Display it_should_show_syncing_indicator_when_syncing                         00:17 +356 -6: /home/alexc/Projects/CardMind/test/specs/home_screen_spec_test.dart: SP-FLUT-008: Home Screen Sync Status Display it_should_show_syncing_indicator_when_syncing                         00:17 +357 -6: /home/alexc/Projects/CardMind/test/specs/home_screen_spec_test.dart: SP-FLUT-008: Home Screen Sync Status Display it_should_show_syncing_indicator_when_syncing                         00:17 +358 -6: /home/alexc/Projects/CardMind/test/specs/home_screen_spec_test.dart: SP-FLUT-008: Home Screen Sync Status Display it_should_show_syncing_indicator_when_syncing                         00:17 +359 -6: /home/alexc/Projects/CardMind/test/specs/home_screen_spec_test.dart: SP-FLUT-008: Home Screen Sync Status Display it_should_show_syncing_indicator_when_syncing                         00:17 +360 -6: /home/alexc/Projects/CardMind/test/specs/home_screen_spec_test.dart: SP-FLUT-008: Home Screen Sync Status Display it_should_show_syncing_indicator_when_syncing                         00:17 +361 -6: /home/alexc/Projects/CardMind/test/specs/home_screen_spec_test.dart: SP-FLUT-008: Home Screen Sync Status Display it_should_show_syncing_indicator_when_syncing                         00:17 +362 -6: /home/alexc/Projects/CardMind/test/specs/home_screen_spec_test.dart: SP-FLUT-008: Home Screen Sync Status Display it_should_show_syncing_indicator_when_syncing                         00:17 +363 -6: /home/alexc/Projects/CardMind/test/specs/home_screen_spec_test.dart: SP-FLUT-008: Home Screen Sync Status Display it_should_show_syncing_indicator_when_syncing                         00:17 +363 -6: /home/alexc/Projects/CardMind/test/specs/home_screen_ui_spec_test.dart: SP-UI-005: Home Screen UI UI Layout Tests it_should_display_mobile_navigation_on_mobile                         
Pending timers:
Timer (duration: 0:00:00.500000, periodic: false), created:
#0      new FakeTimer._ (package:fake_async/fake_async.dart:342:62)
#1      FakeAsync._createTimer (package:fake_async/fake_async.dart:260:29)
#2      FakeAsync.run.<anonymous closure> (package:fake_async/fake_async.dart:185:15)
#6      _HomeScreenState.initState (package:cardmind/screens/home_screen.dart:60:12)
#7      StatefulElement._firstBuild (package:flutter/src/widgets/framework.dart:5953:55)
#8      ComponentElement.mount (package:flutter/src/widgets/framework.dart:5796:5)
...     Normal element mounting (7 frames)
#15     _InheritedProviderScopeElement.mount (package:provider/src/inherited_provider.dart:424:11)
...     Normal element mounting (7 frames)
#22     SingleChildWidgetElementMixin.mount (package:nested/nested.dart:222:11)
...     Normal element mounting (260 frames)
#282    Element.inflateWidget (package:flutter/src/widgets/framework.dart:4590:20)
#283    MultiChildRenderObjectElement.inflateWidget (package:flutter/src/widgets/framework.dart:7269:36)
#284    MultiChildRenderObjectElement.mount (package:flutter/src/widgets/framework.dart:7285:32)
...     Normal element mounting (465 frames)
#749    Element.inflateWidget (package:flutter/src/widgets/framework.dart:4590:20)
#750    Element.updateChild (package:flutter/src/widgets/framework.dart:4053:20)
#751    ComponentElement.performRebuild (package:flutter/src/widgets/framework.dart:5844:16)
#752    Element.rebuild (package:flutter/src/widgets/framework.dart:5532:7)
#753    ProxyElement.update (package:flutter/src/widgets/framework.dart:6152:5)
#754    _InheritedNotifierElement.update (package:flutter/src/widgets/inherited_notifier.dart:108:11)
#755    Element.updateChild (package:flutter/src/widgets/framework.dart:4037:15)
#756    ComponentElement.performRebuild (package:flutter/src/widgets/framework.dart:5844:16)
#757    StatefulElement.performRebuild (package:flutter/src/widgets/framework.dart:5985:11)
#758    Element.rebuild (package:flutter/src/widgets/framework.dart:5532:7)
#759    StatefulElement.update (package:flutter/src/widgets/framework.dart:6010:5)
#760    Element.updateChild (package:flutter/src/widgets/framework.dart:4037:15)
#761    ComponentElement.performRebuild (package:flutter/src/widgets/framework.dart:5844:16)
#762    Element.rebuild (package:flutter/src/widgets/framework.dart:5532:7)
#763    ProxyElement.update (package:flutter/src/widgets/framework.dart:6152:5)
#764    _InheritedNotifierElement.update (package:flutter/src/widgets/inherited_notifier.dart:108:11)
#765    Element.updateChild (package:flutter/src/widgets/framework.dart:4037:15)
#766    ComponentElement.performRebuild (package:flutter/src/widgets/framework.dart:5844:16)
#767    StatefulElement.performRebuild (package:flutter/src/widgets/framework.dart:5985:11)
#768    Element.rebuild (package:flutter/src/widgets/framework.dart:5532:7)
#769    StatefulElement.update (package:flutter/src/widgets/framework.dart:6010:5)
#770    Element.updateChild (package:flutter/src/widgets/framework.dart:4037:15)
#771    ComponentElement.performRebuild (package:flutter/src/widgets/framework.dart:5844:16)
#772    StatefulElement.performRebuild (package:flutter/src/widgets/framework.dart:5985:11)
#773    Element.rebuild (package:flutter/src/widgets/framework.dart:5532:7)
#774    StatefulElement.update (package:flutter/src/widgets/framework.dart:6010:5)
#775    Element.updateChild (package:flutter/src/widgets/framework.dart:4037:15)
#776    ComponentElement.performRebuild (package:flutter/src/widgets/framework.dart:5844:16)
#777    Element.rebuild (package:flutter/src/widgets/framework.dart:5532:7)
#778    ProxyElement.update (package:flutter/src/widgets/framework.dart:6152:5)
#779    Element.updateChild (package:flutter/src/widgets/framework.dart:4037:15)
#780    ComponentElement.performRebuild (package:flutter/src/widgets/framework.dart:5844:16)
#781    StatefulElement.performRebuild (package:flutter/src/widgets/framework.dart:5985:11)
#782    Element.rebuild (package:flutter/src/widgets/framework.dart:5532:7)
#783    StatefulElement.update (package:flutter/src/widgets/framework.dart:6010:5)
#784    Element.updateChild (package:flutter/src/widgets/framework.dart:4037:15)
#785    ComponentElement.performRebuild (package:flutter/src/widgets/framework.dart:5844:16)
#786    Element.rebuild (package:flutter/src/widgets/framework.dart:5532:7)
#787    ProxyElement.update (package:flutter/src/widgets/framework.dart:6152:5)
#788    Element.updateChild (package:flutter/src/widgets/framework.dart:4037:15)
#789    ComponentElement.performRebuild (package:flutter/src/widgets/framework.dart:5844:16)
#790    Element.rebuild (package:flutter/src/widgets/framework.dart:5532:7)
#791    ProxyElement.update (package:flutter/src/widgets/framework.dart:6152:5)
#792    Element.updateChild (package:flutter/src/widgets/framework.dart:4037:15)
#793    _RawViewElement._updateChild (package:flutter/src/widgets/view.dart:481:16)
#794    _RawViewElement.update (package:flutter/src/widgets/view.dart:568:5)
#795    Element.updateChild (package:flutter/src/widgets/framework.dart:4037:15)
#796    ComponentElement.performRebuild (package:flutter/src/widgets/framework.dart:5844:16)
#797    Element.rebuild (package:flutter/src/widgets/framework.dart:5532:7)
#798    StatelessElement.update (package:flutter/src/widgets/framework.dart:5898:5)
#799    Element.updateChild (package:flutter/src/widgets/framework.dart:4037:15)
#800    ComponentElement.performRebuild (package:flutter/src/widgets/framework.dart:5844:16)
#801    StatefulElement.performRebuild (package:flutter/src/widgets/framework.dart:5985:11)
#802    Element.rebuild (package:flutter/src/widgets/framework.dart:5532:7)
#803    StatefulElement.update (package:flutter/src/widgets/framework.dart:6010:5)
#804    Element.updateChild (package:flutter/src/widgets/framework.dart:4037:15)
#805    RootElement._rebuild (package:flutter/src/widgets/binding.dart:1782:16)
#806    RootElement.update (package:flutter/src/widgets/binding.dart:1760:5)
#807    RootElement.performRebuild (package:flutter/src/widgets/binding.dart:1774:7)
#808    Element.rebuild (package:flutter/src/widgets/framework.dart:5532:7)
#809    BuildScope._tryRebuild (package:flutter/src/widgets/framework.dart:2750:15)
#810    BuildScope._flushDirtyElements (package:flutter/src/widgets/framework.dart:2807:11)
#811    BuildOwner.buildScope (package:flutter/src/widgets/framework.dart:3111:18)
#812    AutomatedTestWidgetsFlutterBinding.drawFrame (package:flutter_test/src/binding.dart:1506:19)
#813    RendererBinding._handlePersistentFrameCallback (package:flutter/src/rendering/binding.dart:495:5)
#814    SchedulerBinding._invokeFrameCallback (package:flutter/src/scheduler/binding.dart:1434:15)
#815    SchedulerBinding.handleDrawFrame (package:flutter/src/scheduler/binding.dart:1347:9)
#816    AutomatedTestWidgetsFlutterBinding.pump.<anonymous closure> (package:flutter_test/src/binding.dart:1335:9)
#819    TestAsyncUtils.guard (package:flutter_test/src/test_async_utils.dart:74:41)
#820    AutomatedTestWidgetsFlutterBinding.pump (package:flutter_test/src/binding.dart:1324:27)
#821    WidgetTester.pumpWidget.<anonymous closure> (package:flutter_test/src/widget_tester.dart:598:22)
#824    TestAsyncUtils.guard (package:flutter_test/src/test_async_utils.dart:74:41)
#825    WidgetTester.pumpWidget (package:flutter_test/src/widget_tester.dart:595:27)
#826    main.<anonymous closure>.<anonymous closure>.<anonymous closure> (file:///home/alexc/Projects/CardMind/test/specs/home_screen_ui_spec_test.dart:122:22)
#827    testWidgets.<anonymous closure>.<anonymous closure> (package:flutter_test/src/widget_tester.dart:192:29)
<asynchronous suspension>
#828    TestWidgetsFlutterBinding._runTestBody (package:flutter_test/src/binding.dart:1059:5)
<asynchronous suspension>
<asynchronous suspension>
(elided 8 frames from dart:async and package:stack_trace)

00:17 +364 -6: /home/alexc/Projects/CardMind/test/specs/home_screen_spec_test.dart: SP-FLUT-008: Home Screen Sync Status Display it_should_show_syncing_indicator_when_syncing                         00:17 +364 -6: /home/alexc/Projects/CardMind/test/specs/home_screen_ui_spec_test.dart: SP-UI-005: Home Screen UI UI Layout Tests it_should_display_mobile_navigation_on_mobile                         
══╡ EXCEPTION CAUGHT BY FLUTTER TEST FRAMEWORK ╞════════════════════════════════════════════════════
The following assertion was thrown running a test:
A Timer is still pending even after the widget tree was disposed.
'package:flutter_test/src/binding.dart':
Failed assertion: line 1617 pos 12: '!timersPending'

When the exception was thrown, this was the stack:
#2      AutomatedTestWidgetsFlutterBinding._verifyInvariants (package:flutter_test/src/binding.dart:1617:12)
#3      TestWidgetsFlutterBinding._runTestBody (package:flutter_test/src/binding.dart:1078:7)
<asynchronous suspension>
<asynchronous suspension>
(elided 3 frames from class _AssertionError and package:stack_trace)

The test description was:
  it_should_display_mobile_navigation_on_mobile
════════════════════════════════════════════════════════════════════════════════════════════════════
00:17 +364 -7: /home/alexc/Projects/CardMind/test/specs/home_screen_ui_spec_test.dart: SP-UI-005: Home Screen UI UI Layout Tests it_should_display_mobile_navigation_on_mobile [E]                     
  Test failed. See exception logs above.
  The test description was: it_should_display_mobile_navigation_on_mobile
  

To run this test again: /home/alexc/.asdf/installs/flutter/3.38.5-stable/bin/cache/dart-sdk/bin/dart test /home/alexc/Projects/CardMind/test/specs/home_screen_ui_spec_test.dart -p vm --plain-name 'SP-UI-005: Home Screen UI UI Layout Tests it_should_display_mobile_navigation_on_mobile'
00:17 +364 -7: /home/alexc/Projects/CardMind/test/specs/home_screen_spec_test.dart: SP-FLUT-008: Home Screen Sync Status Display it_should_show_syncing_indicator_when_syncing                         00:17 +365 -7: /home/alexc/Projects/CardMind/test/specs/home_screen_spec_test.dart: SP-FLUT-008: Home Screen Sync Status Display it_should_show_syncing_indicator_when_syncing                         00:17 +366 -7: /home/alexc/Projects/CardMind/test/specs/home_screen_spec_test.dart: SP-FLUT-008: Home Screen Sync Status Display it_should_show_syncing_indicator_when_syncing                         00:17 +367 -7: /home/alexc/Projects/CardMind/test/specs/home_screen_spec_test.dart: SP-FLUT-008: Home Screen Sync Status Display it_should_show_syncing_indicator_when_syncing                         00:17 +368 -7: /home/alexc/Projects/CardMind/test/specs/home_screen_spec_test.dart: SP-FLUT-008: Home Screen Sync Status Display it_should_show_syncing_indicator_when_syncing                         00:17 +369 -7: /home/alexc/Projects/CardMind/test/specs/home_screen_spec_test.dart: SP-FLUT-008: Home Screen Sync Status Display it_should_show_syncing_indicator_when_syncing                         00:17 +370 -7: /home/alexc/Projects/CardMind/test/specs/home_screen_spec_test.dart: SP-FLUT-008: Home Screen Sync Status Display it_should_show_syncing_indicator_when_syncing                         00:17 +370 -7: /home/alexc/Projects/CardMind/test/specs/card_creation_spec_test.dart: SP-FLUT-009: Card Creation Interaction FAB Button Tests it_should_display_fab_button_on_home_screen              
Pending timers:
Timer (duration: 0:00:00.500000, periodic: false), created:
00:17 +371 -7: /home/alexc/Projects/CardMind/test/specs/home_screen_spec_test.dart: SP-FLUT-008: Home Screen Sync Status Display it_should_show_syncing_indicator_when_syncing                         00:17 +372 -7: /home/alexc/Projects/CardMind/test/specs/home_screen_spec_test.dart: SP-FLUT-008: Home Screen Sync Status Display it_should_show_syncing_indicator_when_syncing                         00:17 +372 -7: /home/alexc/Projects/CardMind/test/specs/card_creation_spec_test.dart: SP-FLUT-009: Card Creation Interaction FAB Button Tests it_should_display_fab_button_on_home_screen              
#0      new FakeTimer._ (package:fake_async/fake_async.dart:342:62)
#1      FakeAsync._createTimer (package:fake_async/fake_async.dart:260:29)
#2      FakeAsync.run.<anonymous closure> (package:fake_async/fake_async.dart:185:15)
#6      _HomeScreenState.initState (package:cardmind/screens/home_screen.dart:60:12)
#7      StatefulElement._firstBuild (package:flutter/src/widgets/framework.dart:5953:55)
#8      ComponentElement.mount (package:flutter/src/widgets/framework.dart:5796:5)
...     Normal element mounting (7 frames)
#15     _InheritedProviderScopeElement.mount (package:provider/src/inherited_provider.dart:424:11)
...     Normal element mounting (7 frames)
#22     SingleChildWidgetElementMixin.mount (package:nested/nested.dart:222:11)
...     Normal element mounting (260 frames)
#282    Element.inflateWidget (package:flutter/src/widgets/framework.dart:4590:20)
#283    MultiChildRenderObjectElement.inflateWidget (package:flutter/src/widgets/framework.dart:7269:36)
#284    MultiChildRenderObjectElement.mount (package:flutter/src/widgets/framework.dart:7285:32)
...     Normal element mounting (465 frames)
#749    Element.inflateWidget (package:flutter/src/widgets/framework.dart:4590:20)
#750    Element.updateChild (package:flutter/src/widgets/framework.dart:4053:20)
#751    ComponentElement.performRebuild (package:flutter/src/widgets/framework.dart:5844:16)
#752    Element.rebuild (package:flutter/src/widgets/framework.dart:5532:7)
#753    ProxyElement.update (package:flutter/src/widgets/framework.dart:6152:5)
#754    _InheritedNotifierElement.update (package:flutter/src/widgets/inherited_notifier.dart:108:11)
#755    Element.updateChild (package:flutter/src/widgets/framework.dart:4037:15)
#756    ComponentElement.performRebuild (package:flutter/src/widgets/framework.dart:5844:16)
#757    StatefulElement.performRebuild (package:flutter/src/widgets/framework.dart:5985:11)
#758    Element.rebuild (package:flutter/src/widgets/framework.dart:5532:7)
#759    StatefulElement.update (package:flutter/src/widgets/framework.dart:6010:5)
#760    Element.updateChild (package:flutter/src/widgets/framework.dart:4037:15)
#761    ComponentElement.performRebuild (package:flutter/src/widgets/framework.dart:5844:16)
#762    Element.rebuild (package:flutter/src/widgets/framework.dart:5532:7)
#763    ProxyElement.update (package:flutter/src/widgets/framework.dart:6152:5)
#764    _InheritedNotifierElement.update (package:flutter/src/widgets/inherited_notifier.dart:108:11)
#765    Element.updateChild (package:flutter/src/widgets/framework.dart:4037:15)
#766    ComponentElement.performRebuild (package:flutter/src/widgets/framework.dart:5844:16)
#767    StatefulElement.performRebuild (package:flutter/src/widgets/framework.dart:5985:11)
#768    Element.rebuild (package:flutter/src/widgets/framework.dart:5532:7)
#769    StatefulElement.update (package:flutter/src/widgets/framework.dart:6010:5)
#770    Element.updateChild (package:flutter/src/widgets/framework.dart:4037:15)
#771    ComponentElement.performRebuild (package:flutter/src/widgets/framework.dart:5844:16)
#772    StatefulElement.performRebuild (package:flutter/src/widgets/framework.dart:5985:11)
#773    Element.rebuild (package:flutter/src/widgets/framework.dart:5532:7)
#774    StatefulElement.update (package:flutter/src/widgets/framework.dart:6010:5)
#775    Element.updateChild (package:flutter/src/widgets/framework.dart:4037:15)
#776    ComponentElement.performRebuild (package:flutter/src/widgets/framework.dart:5844:16)
#777    Element.rebuild (package:flutter/src/widgets/framework.dart:5532:7)
#778    ProxyElement.update (package:flutter/src/widgets/framework.dart:6152:5)
#779    Element.updateChild (package:flutter/src/widgets/framework.dart:4037:15)
#780    ComponentElement.performRebuild (package:flutter/src/widgets/framework.dart:5844:16)
#781    StatefulElement.performRebuild (package:flutter/src/widgets/framework.dart:5985:11)
#782    Element.rebuild (package:flutter/src/widgets/framework.dart:5532:7)
#783    StatefulElement.update (package:flutter/src/widgets/framework.dart:6010:5)
#784    Element.updateChild (package:flutter/src/widgets/framework.dart:4037:15)
#785    ComponentElement.performRebuild (package:flutter/src/widgets/framework.dart:5844:16)
#786    Element.rebuild (package:flutter/src/widgets/framework.dart:5532:7)
#787    ProxyElement.update (package:flutter/src/widgets/framework.dart:6152:5)
#788    Element.updateChild (package:flutter/src/widgets/framework.dart:4037:15)
#789    ComponentElement.performRebuild (package:flutter/src/widgets/framework.dart:5844:16)
#790    Element.rebuild (package:flutter/src/widgets/framework.dart:5532:7)
#791    ProxyElement.update (package:flutter/src/widgets/framework.dart:6152:5)
#792    Element.updateChild (package:flutter/src/widgets/framework.dart:4037:15)
#793    _RawViewElement._updateChild (package:flutter/src/widgets/view.dart:481:16)
#794    _RawViewElement.update (package:flutter/src/widgets/view.dart:568:5)
#795    Element.updateChild (package:flutter/src/widgets/framework.dart:4037:15)
#796    ComponentElement.performRebuild (package:flutter/src/widgets/framework.dart:5844:16)
#797    Element.rebuild (package:flutter/src/widgets/framework.dart:5532:7)
#798    StatelessElement.update (package:flutter/src/widgets/framework.dart:5898:5)
#799    Element.updateChild (package:flutter/src/widgets/framework.dart:4037:15)
#800    ComponentElement.performRebuild (package:flutter/src/widgets/framework.dart:5844:16)
#801    StatefulElement.performRebuild (package:flutter/src/widgets/framework.dart:5985:11)
#802    Element.rebuild (package:flutter/src/widgets/framework.dart:5532:7)
#803    StatefulElement.update (package:flutter/src/widgets/framework.dart:6010:5)
#804    Element.updateChild (package:flutter/src/widgets/framework.dart:4037:15)
#805    RootElement._rebuild (package:flutter/src/widgets/binding.dart:1782:16)
#806    RootElement.update (package:flutter/src/widgets/binding.dart:1760:5)
#807    RootElement.performRebuild (package:flutter/src/widgets/binding.dart:1774:7)
#808    Element.rebuild (package:flutter/src/widgets/framework.dart:5532:7)
#809    BuildScope._tryRebuild (package:flutter/src/widgets/framework.dart:2750:15)
#810    BuildScope._flushDirtyElements (package:flutter/src/widgets/framework.dart:2807:11)
#811    BuildOwner.buildScope (package:flutter/src/widgets/framework.dart:3111:18)
#812    AutomatedTestWidgetsFlutterBinding.drawFrame (package:flutter_test/src/binding.dart:1506:19)
#813    RendererBinding._handlePersistentFrameCallback (package:flutter/src/rendering/binding.dart:495:5)
#814    SchedulerBinding._invokeFrameCallback (package:flutter/src/scheduler/binding.dart:1434:15)
#815    SchedulerBinding.handleDrawFrame (package:flutter/src/scheduler/binding.dart:1347:9)
#816    AutomatedTestWidgetsFlutterBinding.pump.<anonymous closure> (package:flutter_test/src/binding.dart:1335:9)
#819    TestAsyncUtils.guard (package:flutter_test/src/test_async_utils.dart:74:41)
#820    AutomatedTestWidgetsFlutterBinding.pump (package:flutter_test/src/binding.dart:1324:27)
#821    WidgetTester.pumpWidget.<anonymous closure> (package:flutter_test/src/widget_tester.dart:598:22)
#824    TestAsyncUtils.guard (package:flutter_test/src/test_async_utils.dart:74:41)
#825    WidgetTester.pumpWidget (package:flutter_test/src/widget_tester.dart:595:27)
#826    main.<anonymous closure>.<anonymous closure>.<anonymous closure> (file:///home/alexc/Projects/CardMind/test/specs/card_creation_spec_test.dart:55:22)
#827    testWidgets.<anonymous closure>.<anonymous closure> (package:flutter_test/src/widget_tester.dart:192:29)
<asynchronous suspension>
#828    TestWidgetsFlutterBinding._runTestBody (package:flutter_test/src/binding.dart:1059:5)
<asynchronous suspension>
<asynchronous suspension>
(elided 8 frames from dart:async and package:stack_trace)

══╡ EXCEPTION CAUGHT BY FLUTTER TEST FRAMEWORK ╞════════════════════════════════════════════════════
The following assertion was thrown running a test:
A Timer is still pending even after the widget tree was disposed.
'package:flutter_test/src/binding.dart':
Failed assertion: line 1617 pos 12: '!timersPending'

When the exception was thrown, this was the stack:
#2      AutomatedTestWidgetsFlutterBinding._verifyInvariants (package:flutter_test/src/binding.dart:1617:12)
#3      TestWidgetsFlutterBinding._runTestBody (package:flutter_test/src/binding.dart:1078:7)
<asynchronous suspension>
<asynchronous suspension>
(elided 3 frames from class _AssertionError and package:stack_trace)

The test description was:
  it_should_display_fab_button_on_home_screen
════════════════════════════════════════════════════════════════════════════════════════════════════
00:18 +372 -8: /home/alexc/Projects/CardMind/test/specs/card_creation_spec_test.dart: SP-FLUT-009: Card Creation Interaction FAB Button Tests it_should_display_fab_button_on_home_screen [E]          
  Test failed. See exception logs above.
  The test description was: it_should_display_fab_button_on_home_screen
  

To run this test again: /home/alexc/.asdf/installs/flutter/3.38.5-stable/bin/cache/dart-sdk/bin/dart test /home/alexc/Projects/CardMind/test/specs/card_creation_spec_test.dart -p vm --plain-name 'SP-FLUT-009: Card Creation Interaction FAB Button Tests it_should_display_fab_button_on_home_screen'
00:18 +373 -8: /home/alexc/Projects/CardMind/test/specs/home_screen_spec_test.dart: SP-FLUT-008: Home Screen Sync Status Display it_should_show_syncing_indicator_when_syncing                         00:18 +374 -8: /home/alexc/Projects/CardMind/test/specs/home_screen_spec_test.dart: SP-FLUT-008: Home Screen Sync Status Display it_should_show_syncing_indicator_when_syncing                         00:18 +375 -8: /home/alexc/Projects/CardMind/test/specs/home_screen_spec_test.dart: SP-FLUT-008: Home Screen Sync Status Display it_should_show_syncing_indicator_when_syncing                         00:18 +375 -8: /home/alexc/Projects/CardMind/test/specs/home_screen_ui_spec_test.dart: SP-UI-005: Home Screen UI Search Functionality Tests it_should_accept_search_input                              
Pending timers:
Timer (duration: 0:00:00.500000, periodic: false), created:
#0      new FakeTimer._ (package:fake_async/fake_async.dart:342:62)
#1      FakeAsync._createTimer (package:fake_async/fake_async.dart:260:29)
#2      FakeAsync.run.<anonymous closure> (package:fake_async/fake_async.dart:185:15)
#6      _HomeScreenState.initState (package:cardmind/screens/home_screen.dart:60:12)
#7      StatefulElement._firstBuild (package:flutter/src/widgets/framework.dart:5953:55)
#8      ComponentElement.mount (package:flutter/src/widgets/framework.dart:5796:5)
...     Normal element mounting (7 frames)
#15     _InheritedProviderScopeElement.mount (package:provider/src/inherited_provider.dart:424:11)
...     Normal element mounting (7 frames)
#22     SingleChildWidgetElementMixin.mount (package:nested/nested.dart:222:11)
...     Normal element mounting (260 frames)
#282    Element.inflateWidget (package:flutter/src/widgets/framework.dart:4590:20)
#283    MultiChildRenderObjectElement.inflateWidget (package:flutter/src/widgets/framework.dart:7269:36)
#284    MultiChildRenderObjectElement.mount (package:flutter/src/widgets/framework.dart:7285:32)
...     Normal element mounting (465 frames)
#749    Element.inflateWidget (package:flutter/src/widgets/framework.dart:4590:20)
#750    Element.updateChild (package:flutter/src/widgets/framework.dart:4053:20)
#751    ComponentElement.performRebuild (package:flutter/src/widgets/framework.dart:5844:16)
#752    Element.rebuild (package:flutter/src/widgets/framework.dart:5532:7)
#753    ProxyElement.update (package:flutter/src/widgets/framework.dart:6152:5)
#754    _InheritedNotifierElement.update (package:flutter/src/widgets/inherited_notifier.dart:108:11)
#755    Element.updateChild (package:flutter/src/widgets/framework.dart:4037:15)
#756    ComponentElement.performRebuild (package:flutter/src/widgets/framework.dart:5844:16)
#757    StatefulElement.performRebuild (package:flutter/src/widgets/framework.dart:5985:11)
#758    Element.rebuild (package:flutter/src/widgets/framework.dart:5532:7)
#759    StatefulElement.update (package:flutter/src/widgets/framework.dart:6010:5)
#760    Element.updateChild (package:flutter/src/widgets/framework.dart:4037:15)
#761    ComponentElement.performRebuild (package:flutter/src/widgets/framework.dart:5844:16)
#762    Element.rebuild (package:flutter/src/widgets/framework.dart:5532:7)
#763    ProxyElement.update (package:flutter/src/widgets/framework.dart:6152:5)
#764    _InheritedNotifierElement.update (package:flutter/src/widgets/inherited_notifier.dart:108:11)
#765    Element.updateChild (package:flutter/src/widgets/framework.dart:4037:15)
#766    ComponentElement.performRebuild (package:flutter/src/widgets/framework.dart:5844:16)
#767    StatefulElement.performRebuild (package:flutter/src/widgets/framework.dart:5985:11)
#768    Element.rebuild (package:flutter/src/widgets/framework.dart:5532:7)
#769    StatefulElement.update (package:flutter/src/widgets/framework.dart:6010:5)
#770    Element.updateChild (package:flutter/src/widgets/framework.dart:4037:15)
#771    ComponentElement.performRebuild (package:flutter/src/widgets/framework.dart:5844:16)
#772    StatefulElement.performRebuild (package:flutter/src/widgets/framework.dart:5985:11)
#773    Element.rebuild (package:flutter/src/widgets/framework.dart:5532:7)
#774    StatefulElement.update (package:flutter/src/widgets/framework.dart:6010:5)
#775    Element.updateChild (package:flutter/src/widgets/framework.dart:4037:15)
#776    ComponentElement.performRebuild (package:flutter/src/widgets/framework.dart:5844:16)
#777    Element.rebuild (package:flutter/src/widgets/framework.dart:5532:7)
#778    ProxyElement.update (package:flutter/src/widgets/framework.dart:6152:5)
#779    Element.updateChild (package:flutter/src/widgets/framework.dart:4037:15)
#780    ComponentElement.performRebuild (package:flutter/src/widgets/framework.dart:5844:16)
#781    StatefulElement.performRebuild (package:flutter/src/widgets/framework.dart:5985:11)
#782    Element.rebuild (package:flutter/src/widgets/framework.dart:5532:7)
#783    StatefulElement.update (package:flutter/src/widgets/framework.dart:6010:5)
#784    Element.updateChild (package:flutter/src/widgets/framework.dart:4037:15)
#785    ComponentElement.performRebuild (package:flutter/src/widgets/framework.dart:5844:16)
#786    Element.rebuild (package:flutter/src/widgets/framework.dart:5532:7)
#787    ProxyElement.update (package:flutter/src/widgets/framework.dart:6152:5)
#788    Element.updateChild (package:flutter/src/widgets/framework.dart:4037:15)
#789    ComponentElement.performRebuild (package:flutter/src/widgets/framework.dart:5844:16)
#790    Element.rebuild (package:flutter/src/widgets/framework.dart:5532:7)
#791    ProxyElement.update (package:flutter/src/widgets/framework.dart:6152:5)
#792    Element.updateChild (package:flutter/src/widgets/framework.dart:4037:15)
#793    _RawViewElement._updateChild (package:flutter/src/widgets/view.dart:481:16)
#794    _RawViewElement.update (package:flutter/src/widgets/view.dart:568:5)
#795    Element.updateChild (package:flutter/src/widgets/framework.dart:4037:15)
#796    ComponentElement.performRebuild (package:flutter/src/widgets/framework.dart:5844:16)
#797    Element.rebuild (package:flutter/src/widgets/framework.dart:5532:7)
#798    StatelessElement.update (package:flutter/src/widgets/framework.dart:5898:5)
#799    Element.updateChild (package:flutter/src/widgets/framework.dart:4037:15)
#800    ComponentElement.performRebuild (package:flutter/src/widgets/framework.dart:5844:16)
#801    StatefulElement.performRebuild (package:flutter/src/widgets/framework.dart:5985:11)
#802    Element.rebuild (package:flutter/src/widgets/framework.dart:5532:7)
#803    StatefulElement.update (package:flutter/src/widgets/framework.dart:6010:5)
#804    Element.updateChild (package:flutter/src/widgets/framework.dart:4037:15)
#805    RootElement._rebuild (package:flutter/src/widgets/binding.dart:1782:16)
#806    RootElement.update (package:flutter/src/widgets/binding.dart:1760:5)
#807    RootElement.performRebuild (package:flutter/src/widgets/binding.dart:1774:7)
#808    Element.rebuild (package:flutter/src/widgets/framework.dart:5532:7)
#809    BuildScope._tryRebuild (package:flutter/src/widgets/framework.dart:2750:15)
#810    BuildScope._flushDirtyElements (package:flutter/src/widgets/framework.dart:2807:11)
#811    BuildOwner.buildScope (package:flutter/src/widgets/framework.dart:3111:18)
#812    AutomatedTestWidgetsFlutterBinding.drawFrame (package:flutter_test/src/binding.dart:1506:19)
#813    RendererBinding._handlePersistentFrameCallback (package:flutter/src/rendering/binding.dart:495:5)
#814    SchedulerBinding._invokeFrameCallback (package:flutter/src/scheduler/binding.dart:1434:15)
#815    SchedulerBinding.handleDrawFrame (package:flutter/src/scheduler/binding.dart:1347:9)
#816    AutomatedTestWidgetsFlutterBinding.pump.<anonymous closure> (package:flutter_test/src/binding.dart:1335:9)
#819    TestAsyncUtils.guard (package:flutter_test/src/test_async_utils.dart:74:41)
#820    AutomatedTestWidgetsFlutterBinding.pump (package:flutter_test/src/binding.dart:1324:27)
#821    WidgetTester.pumpWidget.<anonymous closure> (package:flutter_test/src/widget_tester.dart:598:22)
#824    TestAsyncUtils.guard (package:flutter_test/src/test_async_utils.dart:74:41)
#825    WidgetTester.pumpWidget (package:flutter_test/src/widget_tester.dart:595:27)
#826    main.<anonymous closure>.<anonymous closure>.<anonymous closure> (file:///home/alexc/Projects/CardMind/test/specs/home_screen_ui_spec_test.dart:140:22)
#827    testWidgets.<anonymous closure>.<anonymous closure> (package:flutter_test/src/widget_tester.dart:192:29)
<asynchronous suspension>
#828    TestWidgetsFlutterBinding._runTestBody (package:flutter_test/src/binding.dart:1059:5)
<asynchronous suspension>
<asynchronous suspension>
(elided 8 frames from dart:async and package:stack_trace)

══╡ EXCEPTION CAUGHT BY FLUTTER TEST FRAMEWORK ╞════════════════════════════════════════════════════
The following assertion was thrown running a test:
A Timer is still pending even after the widget tree was disposed.
'package:flutter_test/src/binding.dart':
Failed assertion: line 1617 pos 12: '!timersPending'

When the exception was thrown, this was the stack:
#2      AutomatedTestWidgetsFlutterBinding._verifyInvariants (package:flutter_test/src/binding.dart:1617:12)
#3      TestWidgetsFlutterBinding._runTestBody (package:flutter_test/src/binding.dart:1078:7)
<asynchronous suspension>
<asynchronous suspension>
(elided 3 frames from class _AssertionError and package:stack_trace)

The test description was:
  it_should_accept_search_input
════════════════════════════════════════════════════════════════════════════════════════════════════
00:18 +375 -9: /home/alexc/Projects/CardMind/test/specs/home_screen_ui_spec_test.dart: SP-UI-005: Home Screen UI Search Functionality Tests it_should_accept_search_input [E]                          
  Test failed. See exception logs above.
  The test description was: it_should_accept_search_input
  

To run this test again: /home/alexc/.asdf/installs/flutter/3.38.5-stable/bin/cache/dart-sdk/bin/dart test /home/alexc/Projects/CardMind/test/specs/home_screen_ui_spec_test.dart -p vm --plain-name 'SP-UI-005: Home Screen UI Search Functionality Tests it_should_accept_search_input'
00:18 +375 -9: /home/alexc/Projects/CardMind/test/specs/card_editor_spec_test.dart: SP-UI-002: Card Editor UI Performance Tests it_should_render_editor_within_100ms                                   
══╡ EXCEPTION CAUGHT BY FLUTTER TEST FRAMEWORK ╞════════════════════════════════════════════════════
The following TestFailure was thrown running a test:
Expected: a value less than <100>
  Actual: <192>
   Which: is not a value less than <100>

When the exception was thrown, this was the stack:
#4      main.<anonymous closure>.<anonymous closure>.<anonymous closure> (file:///home/alexc/Projects/CardMind/test/specs/card_editor_spec_test.dart:627:9)
<asynchronous suspension>
#5      testWidgets.<anonymous closure>.<anonymous closure> (package:flutter_test/src/widget_tester.dart:192:15)
<asynchronous suspension>
#6      TestWidgetsFlutterBinding._runTestBody (package:flutter_test/src/binding.dart:1059:5)
<asynchronous suspension>
<asynchronous suspension>
(elided one frame from package:stack_trace)

This was caught by the test expectation on the following line:
  file:///home/alexc/Projects/CardMind/test/specs/card_editor_spec_test.dart line 627
The test description was:
  it_should_render_editor_within_100ms
════════════════════════════════════════════════════════════════════════════════════════════════════
00:18 +375 -10: /home/alexc/Projects/CardMind/test/specs/card_editor_spec_test.dart: SP-UI-002: Card Editor UI Performance Tests it_should_render_editor_within_100ms [E]                              
  Test failed. See exception logs above.
  The test description was: it_should_render_editor_within_100ms
  
00:18 +376 -10: /home/alexc/Projects/CardMind/test/specs/home_screen_spec_test.dart: SP-FLUT-008: Home Screen Sync Status Display it_should_show_syncing_indicator_when_syncing                        
To run this test again: /home/alexc/.asdf/installs/flutter/3.38.5-stable/bin/cache/dart-sdk/bin/dart test /home/alexc/Projects/CardMind/test/specs/card_editor_spec_test.dart -p vm --plain-name 'SP-UI-002: Card Editor UI Performance Tests it_should_render_editor_within_100ms'
00:18 +376 -10: /home/alexc/Projects/CardMind/test/screens/home_screen_adaptive_test.dart: HomeScreen Adaptive UI it_should_display_app_bar_with_title                                                 
Pending timers:
Timer (duration: 0:00:00.500000, periodic: false), created:
00:18 +376 -10: /home/alexc/Projects/CardMind/test/specs/fullscreen_editor_spec_test.dart: SP-UI-004: Fullscreen Editor UI UI Layout Tests it_should_display_close_button_in_app_bar                   
══╡ EXCEPTION CAUGHT BY FLUTTER TEST FRAMEWORK ╞════════════════════════════════════════════════════
The following TestFailure was thrown running a test:
Expected: exactly one matching candidate
  Actual: _IconWidgetFinder:<Found 3 widgets with icon "IconData(U+0E16A)": [
            Icon(IconData(U+0E16A), size: 16.0, dependencies: [Directionality, IconTheme]),
            Icon(IconData(U+0E16A), size: 16.0, dependencies: [Directionality, IconTheme]),
            Icon(IconData(U+0E16A), dependencies: [Directionality, IconTheme]),
          ]>
   Which: is too many

When the exception was thrown, this was the stack:
#4      main.<anonymous closure>.<anonymous closure>.<anonymous closure> (file:///home/alexc/Projects/CardMind/test/specs/fullscreen_editor_spec_test.dart:80:9)
<asynchronous suspension>
#5      testWidgets.<anonymous closure>.<anonymous closure> (package:flutter_test/src/widget_tester.dart:192:15)
<asynchronous suspension>
#6      TestWidgetsFlutterBinding._runTestBody (package:flutter_test/src/binding.dart:1059:5)
<asynchronous suspension>
<asynchronous suspension>
(elided one frame from package:stack_trace)

This was caught by the test expectation on the following line:
  file:///home/alexc/Projects/CardMind/test/specs/fullscreen_editor_spec_test.dart line 80
The test description was:
  it_should_display_close_button_in_app_bar
════════════════════════════════════════════════════════════════════════════════════════════════════
00:18 +376 -11: /home/alexc/Projects/CardMind/test/specs/fullscreen_editor_spec_test.dart: SP-UI-004: Fullscreen Editor UI UI Layout Tests it_should_display_close_button_in_app_bar [E]               
  Test failed. See exception logs above.
  The test description was: it_should_display_close_button_in_app_bar
  

To run this test again: /home/alexc/.asdf/installs/flutter/3.38.5-stable/bin/cache/dart-sdk/bin/dart test /home/alexc/Projects/CardMind/test/specs/fullscreen_editor_spec_test.dart -p vm --plain-name 'SP-UI-004: Fullscreen Editor UI UI Layout Tests it_should_display_close_button_in_app_bar'
00:18 +376 -11: /home/alexc/Projects/CardMind/test/screens/home_screen_adaptive_test.dart: HomeScreen Adaptive UI it_should_display_app_bar_with_title                                                 
#0      new FakeTimer._ (package:fake_async/fake_async.dart:342:62)
#1      FakeAsync._createTimer (package:fake_async/fake_async.dart:260:29)
#2      FakeAsync.run.<anonymous closure> (package:fake_async/fake_async.dart:185:15)
#6      _HomeScreenState.initState (package:cardmind/screens/home_screen.dart:60:12)
#7      StatefulElement._firstBuild (package:flutter/src/widgets/framework.dart:5953:55)
#8      ComponentElement.mount (package:flutter/src/widgets/framework.dart:5796:5)
...     Normal element mounting (7 frames)
#15     _InheritedProviderScopeElement.mount (package:provider/src/inherited_provider.dart:424:11)
...     Normal element mounting (7 frames)
#22     SingleChildWidgetElementMixin.mount (package:nested/nested.dart:222:11)
...     Normal element mounting (260 frames)
#282    Element.inflateWidget (package:flutter/src/widgets/framework.dart:4590:20)
#283    MultiChildRenderObjectElement.inflateWidget (package:flutter/src/widgets/framework.dart:7269:36)
#284    MultiChildRenderObjectElement.mount (package:flutter/src/widgets/framework.dart:7285:32)
...     Normal element mounting (465 frames)
#749    Element.inflateWidget (package:flutter/src/widgets/framework.dart:4590:20)
#750    Element.updateChild (package:flutter/src/widgets/framework.dart:4053:20)
#751    ComponentElement.performRebuild (package:flutter/src/widgets/framework.dart:5844:16)
#752    Element.rebuild (package:flutter/src/widgets/framework.dart:5532:7)
#753    ProxyElement.update (package:flutter/src/widgets/framework.dart:6152:5)
#754    _InheritedNotifierElement.update (package:flutter/src/widgets/inherited_notifier.dart:108:11)
#755    Element.updateChild (package:flutter/src/widgets/framework.dart:4037:15)
#756    ComponentElement.performRebuild (package:flutter/src/widgets/framework.dart:5844:16)
#757    StatefulElement.performRebuild (package:flutter/src/widgets/framework.dart:5985:11)
#758    Element.rebuild (package:flutter/src/widgets/framework.dart:5532:7)
#759    StatefulElement.update (package:flutter/src/widgets/framework.dart:6010:5)
#760    Element.updateChild (package:flutter/src/widgets/framework.dart:4037:15)
#761    ComponentElement.performRebuild (package:flutter/src/widgets/framework.dart:5844:16)
#762    Element.rebuild (package:flutter/src/widgets/framework.dart:5532:7)
#763    ProxyElement.update (package:flutter/src/widgets/framework.dart:6152:5)
#764    _InheritedNotifierElement.update (package:flutter/src/widgets/inherited_notifier.dart:108:11)
#765    Element.updateChild (package:flutter/src/widgets/framework.dart:4037:15)
#766    ComponentElement.performRebuild (package:flutter/src/widgets/framework.dart:5844:16)
#767    StatefulElement.performRebuild (package:flutter/src/widgets/framework.dart:5985:11)
#768    Element.rebuild (package:flutter/src/widgets/framework.dart:5532:7)
#769    StatefulElement.update (package:flutter/src/widgets/framework.dart:6010:5)
#770    Element.updateChild (package:flutter/src/widgets/framework.dart:4037:15)
#771    ComponentElement.performRebuild (package:flutter/src/widgets/framework.dart:5844:16)
#772    StatefulElement.performRebuild (package:flutter/src/widgets/framework.dart:5985:11)
#773    Element.rebuild (package:flutter/src/widgets/framework.dart:5532:7)
#774    StatefulElement.update (package:flutter/src/widgets/framework.dart:6010:5)
#775    Element.updateChild (package:flutter/src/widgets/framework.dart:4037:15)
#776    ComponentElement.performRebuild (package:flutter/src/widgets/framework.dart:5844:16)
#777    Element.rebuild (package:flutter/src/widgets/framework.dart:5532:7)
#778    ProxyElement.update (package:flutter/src/widgets/framework.dart:6152:5)
#779    Element.updateChild (package:flutter/src/widgets/framework.dart:4037:15)
#780    ComponentElement.performRebuild (package:flutter/src/widgets/framework.dart:5844:16)
#781    StatefulElement.performRebuild (package:flutter/src/widgets/framework.dart:5985:11)
#782    Element.rebuild (package:flutter/src/widgets/framework.dart:5532:7)
#783    StatefulElement.update (package:flutter/src/widgets/framework.dart:6010:5)
#784    Element.updateChild (package:flutter/src/widgets/framework.dart:4037:15)
#785    ComponentElement.performRebuild (package:flutter/src/widgets/framework.dart:5844:16)
#786    Element.rebuild (package:flutter/src/widgets/framework.dart:5532:7)
#787    ProxyElement.update (package:flutter/src/widgets/framework.dart:6152:5)
#788    Element.updateChild (package:flutter/src/widgets/framework.dart:4037:15)
#789    ComponentElement.performRebuild (package:flutter/src/widgets/framework.dart:5844:16)
#790    Element.rebuild (package:flutter/src/widgets/framework.dart:5532:7)
#791    ProxyElement.update (package:flutter/src/widgets/framework.dart:6152:5)
#792    Element.updateChild (package:flutter/src/widgets/framework.dart:4037:15)
#793    _RawViewElement._updateChild (package:flutter/src/widgets/view.dart:481:16)
#794    _RawViewElement.update (package:flutter/src/widgets/view.dart:568:5)
#795    Element.updateChild (package:flutter/src/widgets/framework.dart:4037:15)
#796    ComponentElement.performRebuild (package:flutter/src/widgets/framework.dart:5844:16)
#797    Element.rebuild (package:flutter/src/widgets/framework.dart:5532:7)
#798    StatelessElement.update (package:flutter/src/widgets/framework.dart:5898:5)
#799    Element.updateChild (package:flutter/src/widgets/framework.dart:4037:15)
#800    ComponentElement.performRebuild (package:flutter/src/widgets/framework.dart:5844:16)
#801    StatefulElement.performRebuild (package:flutter/src/widgets/framework.dart:5985:11)
#802    Element.rebuild (package:flutter/src/widgets/framework.dart:5532:7)
#803    StatefulElement.update (package:flutter/src/widgets/framework.dart:6010:5)
#804    Element.updateChild (package:flutter/src/widgets/framework.dart:4037:15)
#805    RootElement._rebuild (package:flutter/src/widgets/binding.dart:1782:16)
#806    RootElement.update (package:flutter/src/widgets/binding.dart:1760:5)
#807    RootElement.performRebuild (package:flutter/src/widgets/binding.dart:1774:7)
#808    Element.rebuild (package:flutter/src/widgets/framework.dart:5532:7)
#809    BuildScope._tryRebuild (package:flutter/src/widgets/framework.dart:2750:15)
#810    BuildScope._flushDirtyElements (package:flutter/src/widgets/framework.dart:2807:11)
#811    BuildOwner.buildScope (package:flutter/src/widgets/framework.dart:3111:18)
#812    AutomatedTestWidgetsFlutterBinding.drawFrame (package:flutter_test/src/binding.dart:1506:19)
#813    RendererBinding._handlePersistentFrameCallback (package:flutter/src/rendering/binding.dart:495:5)
#814    SchedulerBinding._invokeFrameCallback (package:flutter/src/scheduler/binding.dart:1434:15)
#815    SchedulerBinding.handleDrawFrame (package:flutter/src/scheduler/binding.dart:1347:9)
#816    AutomatedTestWidgetsFlutterBinding.pump.<anonymous closure> (package:flutter_test/src/binding.dart:1335:9)
#819    TestAsyncUtils.guard (package:flutter_test/src/test_async_utils.dart:74:41)
#820    AutomatedTestWidgetsFlutterBinding.pump (package:flutter_test/src/binding.dart:1324:27)
#821    WidgetTester.pumpWidget.<anonymous closure> (package:flutter_test/src/widget_tester.dart:598:22)
#824    TestAsyncUtils.guard (package:flutter_test/src/test_async_utils.dart:74:41)
#825    WidgetTester.pumpWidget (package:flutter_test/src/widget_tester.dart:595:27)
#826    main.<anonymous closure>.<anonymous closure> (file:///home/alexc/Projects/CardMind/test/screens/home_screen_adaptive_test.dart:26:20)
#827    testWidgets.<anonymous closure>.<anonymous closure> (package:flutter_test/src/widget_tester.dart:192:29)
<asynchronous suspension>
#828    TestWidgetsFlutterBinding._runTestBody (package:flutter_test/src/binding.dart:1059:5)
<asynchronous suspension>
<asynchronous suspension>
(elided 8 frames from dart:async and package:stack_trace)

00:18 +377 -11: /home/alexc/Projects/CardMind/test/specs/home_screen_spec_test.dart: SP-FLUT-008: Home Screen Sync Status Display it_should_show_syncing_indicator_when_syncing                        00:18 +377 -11: /home/alexc/Projects/CardMind/test/screens/home_screen_adaptive_test.dart: HomeScreen Adaptive UI it_should_display_app_bar_with_title                                                 
══╡ EXCEPTION CAUGHT BY FLUTTER TEST FRAMEWORK ╞════════════════════════════════════════════════════
The following assertion was thrown running a test:
A Timer is still pending even after the widget tree was disposed.
'package:flutter_test/src/binding.dart':
Failed assertion: line 1617 pos 12: '!timersPending'

When the exception was thrown, this was the stack:
#2      AutomatedTestWidgetsFlutterBinding._verifyInvariants (package:flutter_test/src/binding.dart:1617:12)
#3      TestWidgetsFlutterBinding._runTestBody (package:flutter_test/src/binding.dart:1078:7)
<asynchronous suspension>
<asynchronous suspension>
(elided 3 frames from class _AssertionError and package:stack_trace)

The test description was:
  it_should_display_app_bar_with_title
════════════════════════════════════════════════════════════════════════════════════════════════════
00:18 +377 -12: /home/alexc/Projects/CardMind/test/screens/home_screen_adaptive_test.dart: HomeScreen Adaptive UI it_should_display_app_bar_with_title [E]                                             
  Test failed. See exception logs above.
  The test description was: it_should_display_app_bar_with_title
  

To run this test again: /home/alexc/.asdf/installs/flutter/3.38.5-stable/bin/cache/dart-sdk/bin/dart test /home/alexc/Projects/CardMind/test/screens/home_screen_adaptive_test.dart -p vm --plain-name 'HomeScreen Adaptive UI it_should_display_app_bar_with_title'
00:18 +377 -12: /home/alexc/Projects/CardMind/test/specs/card_creation_spec_test.dart: SP-FLUT-009: Card Creation Interaction FAB Button Tests it_should_navigate_to_editor_when_fab_tapped            
[SUCCESS] 创建新笔记
00:18 +377 -12: /home/alexc/Projects/CardMind/test/specs/mobile_navigation_spec_test.dart: SP-UI-006: Mobile Navigation UI Performance Tests it_should_render_navigation_within_16ms                   
══╡ EXCEPTION CAUGHT BY FLUTTER TEST FRAMEWORK ╞════════════════════════════════════════════════════
The following TestFailure was thrown running a test:
Expected: a value less than <16>
  Actual: <69>
   Which: is not a value less than <16>

When the exception was thrown, this was the stack:
#4      main.<anonymous closure>.<anonymous closure>.<anonymous closure> (file:///home/alexc/Projects/CardMind/test/specs/mobile_navigation_spec_test.dart:688:9)
<asynchronous suspension>
#5      testWidgets.<anonymous closure>.<anonymous closure> (package:flutter_test/src/widget_tester.dart:192:15)
<asynchronous suspension>
#6      TestWidgetsFlutterBinding._runTestBody (package:flutter_test/src/binding.dart:1059:5)
<asynchronous suspension>
<asynchronous suspension>
(elided one frame from package:stack_trace)

This was caught by the test expectation on the following line:
  file:///home/alexc/Projects/CardMind/test/specs/mobile_navigation_spec_test.dart line 688
The test description was:
  it_should_render_navigation_within_16ms
════════════════════════════════════════════════════════════════════════════════════════════════════
00:18 +377 -13: /home/alexc/Projects/CardMind/test/specs/mobile_navigation_spec_test.dart: SP-UI-006: Mobile Navigation UI Performance Tests it_should_render_navigation_within_16ms [E]               
  Test failed. See exception logs above.
  The test description was: it_should_render_navigation_within_16ms
  

To run this test again: /home/alexc/.asdf/installs/flutter/3.38.5-stable/bin/cache/dart-sdk/bin/dart test /home/alexc/Projects/CardMind/test/specs/mobile_navigation_spec_test.dart -p vm --plain-name 'SP-UI-006: Mobile Navigation UI Performance Tests it_should_render_navigation_within_16ms'
00:18 +378 -13: /home/alexc/Projects/CardMind/test/specs/home_screen_spec_test.dart: SP-FLUT-008: Home Screen Sync Status Display it_should_show_syncing_indicator_when_syncing                        00:18 +379 -13: /home/alexc/Projects/CardMind/test/specs/home_screen_spec_test.dart: SP-FLUT-008: Home Screen Sync Status Display it_should_show_syncing_indicator_when_syncing                        00:18 +379 -13: /home/alexc/Projects/CardMind/test/integration/user_journey_test.dart: User Journey Integration Tests First Time User Journey it_should_complete_first_time_user_flow                  
Pending timers:
Timer (duration: 0:00:00.500000, periodic: false), created:
00:19 +379 -13: /home/alexc/Projects/CardMind/test/specs/home_screen_ui_spec_test.dart: SP-UI-005: Home Screen UI Search Functionality Tests it_should_filter_cards_by_title                           
Pending timers:
Timer (duration: 0:00:00.500000, periodic: false), created:
00:19 +379 -13: /home/alexc/Projects/CardMind/test/screens/home_screen_adaptive_test.dart: HomeScreen Adaptive UI it_should_show_fab_on_mobile                                                         
Pending timers:
Timer (duration: 0:00:00.500000, periodic: false), created:
00:19 +379 -13: /home/alexc/Projects/CardMind/test/specs/home_screen_ui_spec_test.dart: SP-UI-005: Home Screen UI Search Functionality Tests it_should_filter_cards_by_title                           
#0      new FakeTimer._ (package:fake_async/fake_async.dart:342:62)
#1      FakeAsync._createTimer (package:fake_async/fake_async.dart:260:29)
#2      FakeAsync.run.<anonymous closure> (package:fake_async/fake_async.dart:185:15)
#6      _HomeScreenState.initState (package:cardmind/screens/home_screen.dart:60:12)
#7      StatefulElement._firstBuild (package:flutter/src/widgets/framework.dart:5953:55)
#8      ComponentElement.mount (package:flutter/src/widgets/framework.dart:5796:5)
...     Normal element mounting (7 frames)
#15     _InheritedProviderScopeElement.mount (package:provider/src/inherited_provider.dart:424:11)
...     Normal element mounting (7 frames)
#22     SingleChildWidgetElementMixin.mount (package:nested/nested.dart:222:11)
...     Normal element mounting (260 frames)
#282    Element.inflateWidget (package:flutter/src/widgets/framework.dart:4590:20)
#283    MultiChildRenderObjectElement.inflateWidget (package:flutter/src/widgets/framework.dart:7269:36)
#284    MultiChildRenderObjectElement.mount (package:flutter/src/widgets/framework.dart:7285:32)
...     Normal element mounting (465 frames)
#749    Element.inflateWidget (package:flutter/src/widgets/framework.dart:4590:20)
#750    Element.updateChild (package:flutter/src/widgets/framework.dart:4053:20)
#751    ComponentElement.performRebuild (package:flutter/src/widgets/framework.dart:5844:16)
#752    Element.rebuild (package:flutter/src/widgets/framework.dart:5532:7)
#753    ProxyElement.update (package:flutter/src/widgets/framework.dart:6152:5)
#754    _InheritedNotifierElement.update (package:flutter/src/widgets/inherited_notifier.dart:108:11)
#755    Element.updateChild (package:flutter/src/widgets/framework.dart:4037:15)
#756    ComponentElement.performRebuild (package:flutter/src/widgets/framework.dart:5844:16)
#757    StatefulElement.performRebuild (package:flutter/src/widgets/framework.dart:5985:11)
#758    Element.rebuild (package:flutter/src/widgets/framework.dart:5532:7)
#759    StatefulElement.update (package:flutter/src/widgets/framework.dart:6010:5)
#760    Element.updateChild (package:flutter/src/widgets/framework.dart:4037:15)
#761    ComponentElement.performRebuild (package:flutter/src/widgets/framework.dart:5844:16)
#762    Element.rebuild (package:flutter/src/widgets/framework.dart:5532:7)
#763    ProxyElement.update (package:flutter/src/widgets/framework.dart:6152:5)
#764    _InheritedNotifierElement.update (package:flutter/src/widgets/inherited_notifier.dart:108:11)
#765    Element.updateChild (package:flutter/src/widgets/framework.dart:4037:15)
#766    ComponentElement.performRebuild (package:flutter/src/widgets/framework.dart:5844:16)
#767    StatefulElement.performRebuild (package:flutter/src/widgets/framework.dart:5985:11)
#768    Element.rebuild (package:flutter/src/widgets/framework.dart:5532:7)
#769    StatefulElement.update (package:flutter/src/widgets/framework.dart:6010:5)
#770    Element.updateChild (package:flutter/src/widgets/framework.dart:4037:15)
#771    ComponentElement.performRebuild (package:flutter/src/widgets/framework.dart:5844:16)
#772    StatefulElement.performRebuild (package:flutter/src/widgets/framework.dart:5985:11)
#773    Element.rebuild (package:flutter/src/widgets/framework.dart:5532:7)
#774    StatefulElement.update (package:flutter/src/widgets/framework.dart:6010:5)
#775    Element.updateChild (package:flutter/src/widgets/framework.dart:4037:15)
#776    ComponentElement.performRebuild (package:flutter/src/widgets/framework.dart:5844:16)
#777    Element.rebuild (package:flutter/src/widgets/framework.dart:5532:7)
#778    ProxyElement.update (package:flutter/src/widgets/framework.dart:6152:5)
#779    Element.updateChild (package:flutter/src/widgets/framework.dart:4037:15)
#780    ComponentElement.performRebuild (package:flutter/src/widgets/framework.dart:5844:16)
#781    StatefulElement.performRebuild (package:flutter/src/widgets/framework.dart:5985:11)
#782    Element.rebuild (package:flutter/src/widgets/framework.dart:5532:7)
#783    StatefulElement.update (package:flutter/src/widgets/framework.dart:6010:5)
#784    Element.updateChild (package:flutter/src/widgets/framework.dart:4037:15)
#785    ComponentElement.performRebuild (package:flutter/src/widgets/framework.dart:5844:16)
#786    Element.rebuild (package:flutter/src/widgets/framework.dart:5532:7)
#787    ProxyElement.update (package:flutter/src/widgets/framework.dart:6152:5)
#788    Element.updateChild (package:flutter/src/widgets/framework.dart:4037:15)
#789    ComponentElement.performRebuild (package:flutter/src/widgets/framework.dart:5844:16)
#790    Element.rebuild (package:flutter/src/widgets/framework.dart:5532:7)
#791    ProxyElement.update (package:flutter/src/widgets/framework.dart:6152:5)
#792    Element.updateChild (package:flutter/src/widgets/framework.dart:4037:15)
#793    _RawViewElement._updateChild (package:flutter/src/widgets/view.dart:481:16)
#794    _RawViewElement.update (package:flutter/src/widgets/view.dart:568:5)
#795    Element.updateChild (package:flutter/src/widgets/framework.dart:4037:15)
#796    ComponentElement.performRebuild (package:flutter/src/widgets/framework.dart:5844:16)
#797    Element.rebuild (package:flutter/src/widgets/framework.dart:5532:7)
#798    StatelessElement.update (package:flutter/src/widgets/framework.dart:5898:5)
#799    Element.updateChild (package:flutter/src/widgets/framework.dart:4037:15)
#800    ComponentElement.performRebuild (package:flutter/src/widgets/framework.dart:5844:16)
#801    StatefulElement.performRebuild (package:flutter/src/widgets/framework.dart:5985:11)
#802    Element.rebuild (package:flutter/src/widgets/framework.dart:5532:7)
#803    StatefulElement.update (package:flutter/src/widgets/framework.dart:6010:5)
#804    Element.updateChild (package:flutter/src/widgets/framework.dart:4037:15)
#805    RootElement._rebuild (package:flutter/src/widgets/binding.dart:1782:16)
#806    RootElement.update (package:flutter/src/widgets/binding.dart:1760:5)
#807    RootElement.performRebuild (package:flutter/src/widgets/binding.dart:1774:7)
#808    Element.rebuild (package:flutter/src/widgets/framework.dart:5532:7)
#809    BuildScope._tryRebuild (package:flutter/src/widgets/framework.dart:2750:15)
#810    BuildScope._flushDirtyElements (package:flutter/src/widgets/framework.dart:2807:11)
#811    BuildOwner.buildScope (package:flutter/src/widgets/framework.dart:3111:18)
#812    AutomatedTestWidgetsFlutterBinding.drawFrame (package:flutter_test/src/binding.dart:1506:19)
#813    RendererBinding._handlePersistentFrameCallback (package:flutter/src/rendering/binding.dart:495:5)
#814    SchedulerBinding._invokeFrameCallback (package:flutter/src/scheduler/binding.dart:1434:15)
#815    SchedulerBinding.handleDrawFrame (package:flutter/src/scheduler/binding.dart:1347:9)
#816    AutomatedTestWidgetsFlutterBinding.pump.<anonymous closure> (package:flutter_test/src/binding.dart:1335:9)
#819    TestAsyncUtils.guard (package:flutter_test/src/test_async_utils.dart:74:41)
#820    AutomatedTestWidgetsFlutterBinding.pump (package:flutter_test/src/binding.dart:1324:27)
#821    WidgetTester.pumpWidget.<anonymous closure> (package:flutter_test/src/widget_tester.dart:598:22)
#824    TestAsyncUtils.guard (package:flutter_test/src/test_async_utils.dart:74:41)
#825    WidgetTester.pumpWidget (package:flutter_test/src/widget_tester.dart:595:27)
#826    main.<anonymous closure>.<anonymous closure>.<anonymous closure> (file:///home/alexc/Projects/CardMind/test/specs/home_screen_ui_spec_test.dart:160:22)
<asynchronous suspension>
#827    testWidgets.<anonymous closure>.<anonymous closure> (package:flutter_test/src/widget_tester.dart:192:15)
<asynchronous suspension>
#828    TestWidgetsFlutterBinding._runTestBody (package:flutter_test/src/binding.dart:1059:5)
<asynchronous suspension>
<asynchronous suspension>
(elided 8 frames from dart:async and package:stack_trace)

══╡ EXCEPTION CAUGHT BY FLUTTER TEST FRAMEWORK ╞════════════════════════════════════════════════════
The following assertion was thrown running a test:
A Timer is still pending even after the widget tree was disposed.
'package:flutter_test/src/binding.dart':
Failed assertion: line 1617 pos 12: '!timersPending'

When the exception was thrown, this was the stack:
#2      AutomatedTestWidgetsFlutterBinding._verifyInvariants (package:flutter_test/src/binding.dart:1617:12)
#3      TestWidgetsFlutterBinding._runTestBody (package:flutter_test/src/binding.dart:1078:7)
<asynchronous suspension>
<asynchronous suspension>
(elided 3 frames from class _AssertionError and package:stack_trace)

The test description was:
  it_should_filter_cards_by_title
════════════════════════════════════════════════════════════════════════════════════════════════════
00:19 +379 -14: /home/alexc/Projects/CardMind/test/specs/home_screen_ui_spec_test.dart: SP-UI-005: Home Screen UI Search Functionality Tests it_should_filter_cards_by_title [E]                       
  Test failed. See exception logs above.
  The test description was: it_should_filter_cards_by_title
  

To run this test again: /home/alexc/.asdf/installs/flutter/3.38.5-stable/bin/cache/dart-sdk/bin/dart test /home/alexc/Projects/CardMind/test/specs/home_screen_ui_spec_test.dart -p vm --plain-name 'SP-UI-005: Home Screen UI Search Functionality Tests it_should_filter_cards_by_title'
00:19 +379 -14: /home/alexc/Projects/CardMind/test/screens/home_screen_adaptive_test.dart: HomeScreen Adaptive UI it_should_show_fab_on_mobile                                                         
#0      new FakeTimer._ (package:fake_async/fake_async.dart:342:62)
#1      FakeAsync._createTimer (package:fake_async/fake_async.dart:260:29)
#2      FakeAsync.run.<anonymous closure> (package:fake_async/fake_async.dart:185:15)
#6      _HomeScreenState.initState (package:cardmind/screens/home_screen.dart:60:12)
#7      StatefulElement._firstBuild (package:flutter/src/widgets/framework.dart:5953:55)
#8      ComponentElement.mount (package:flutter/src/widgets/framework.dart:5796:5)
...     Normal element mounting (7 frames)
#15     _InheritedProviderScopeElement.mount (package:provider/src/inherited_provider.dart:424:11)
...     Normal element mounting (7 frames)
#22     SingleChildWidgetElementMixin.mount (package:nested/nested.dart:222:11)
...     Normal element mounting (260 frames)
#282    Element.inflateWidget (package:flutter/src/widgets/framework.dart:4590:20)
#283    MultiChildRenderObjectElement.inflateWidget (package:flutter/src/widgets/framework.dart:7269:36)
#284    MultiChildRenderObjectElement.mount (package:flutter/src/widgets/framework.dart:7285:32)
...     Normal element mounting (465 frames)
#749    Element.inflateWidget (package:flutter/src/widgets/framework.dart:4590:20)
#750    Element.updateChild (package:flutter/src/widgets/framework.dart:4053:20)
#751    ComponentElement.performRebuild (package:flutter/src/widgets/framework.dart:5844:16)
#752    Element.rebuild (package:flutter/src/widgets/framework.dart:5532:7)
#753    ProxyElement.update (package:flutter/src/widgets/framework.dart:6152:5)
#754    _InheritedNotifierElement.update (package:flutter/src/widgets/inherited_notifier.dart:108:11)
#755    Element.updateChild (package:flutter/src/widgets/framework.dart:4037:15)
#756    ComponentElement.performRebuild (package:flutter/src/widgets/framework.dart:5844:16)
#757    StatefulElement.performRebuild (package:flutter/src/widgets/framework.dart:5985:11)
#758    Element.rebuild (package:flutter/src/widgets/framework.dart:5532:7)
#759    StatefulElement.update (package:flutter/src/widgets/framework.dart:6010:5)
#760    Element.updateChild (package:flutter/src/widgets/framework.dart:4037:15)
#761    ComponentElement.performRebuild (package:flutter/src/widgets/framework.dart:5844:16)
#762    Element.rebuild (package:flutter/src/widgets/framework.dart:5532:7)
#763    ProxyElement.update (package:flutter/src/widgets/framework.dart:6152:5)
#764    _InheritedNotifierElement.update (package:flutter/src/widgets/inherited_notifier.dart:108:11)
#765    Element.updateChild (package:flutter/src/widgets/framework.dart:4037:15)
#766    ComponentElement.performRebuild (package:flutter/src/widgets/framework.dart:5844:16)
#767    StatefulElement.performRebuild (package:flutter/src/widgets/framework.dart:5985:11)
#768    Element.rebuild (package:flutter/src/widgets/framework.dart:5532:7)
#769    StatefulElement.update (package:flutter/src/widgets/framework.dart:6010:5)
#770    Element.updateChild (package:flutter/src/widgets/framework.dart:4037:15)
#771    ComponentElement.performRebuild (package:flutter/src/widgets/framework.dart:5844:16)
#772    StatefulElement.performRebuild (package:flutter/src/widgets/framework.dart:5985:11)
#773    Element.rebuild (package:flutter/src/widgets/framework.dart:5532:7)
#774    StatefulElement.update (package:flutter/src/widgets/framework.dart:6010:5)
#775    Element.updateChild (package:flutter/src/widgets/framework.dart:4037:15)
#776    ComponentElement.performRebuild (package:flutter/src/widgets/framework.dart:5844:16)
#777    Element.rebuild (package:flutter/src/widgets/framework.dart:5532:7)
#778    ProxyElement.update (package:flutter/src/widgets/framework.dart:6152:5)
#779    Element.updateChild (package:flutter/src/widgets/framework.dart:4037:15)
#780    ComponentElement.performRebuild (package:flutter/src/widgets/framework.dart:5844:16)
#781    StatefulElement.performRebuild (package:flutter/src/widgets/framework.dart:5985:11)
#782    Element.rebuild (package:flutter/src/widgets/framework.dart:5532:7)
#783    StatefulElement.update (package:flutter/src/widgets/framework.dart:6010:5)
#784    Element.updateChild (package:flutter/src/widgets/framework.dart:4037:15)
#785    ComponentElement.performRebuild (package:flutter/src/widgets/framework.dart:5844:16)
#786    Element.rebuild (package:flutter/src/widgets/framework.dart:5532:7)
#787    ProxyElement.update (package:flutter/src/widgets/framework.dart:6152:5)
#788    Element.updateChild (package:flutter/src/widgets/framework.dart:4037:15)
#789    ComponentElement.performRebuild (package:flutter/src/widgets/framework.dart:5844:16)
#790    Element.rebuild (package:flutter/src/widgets/framework.dart:5532:7)
#791    ProxyElement.update (package:flutter/src/widgets/framework.dart:6152:5)
#792    Element.updateChild (package:flutter/src/widgets/framework.dart:4037:15)
#793    _RawViewElement._updateChild (package:flutter/src/widgets/view.dart:481:16)
#794    _RawViewElement.update (package:flutter/src/widgets/view.dart:568:5)
#795    Element.updateChild (package:flutter/src/widgets/framework.dart:4037:15)
#796    ComponentElement.performRebuild (package:flutter/src/widgets/framework.dart:5844:16)
#797    Element.rebuild (package:flutter/src/widgets/framework.dart:5532:7)
#798    StatelessElement.update (package:flutter/src/widgets/framework.dart:5898:5)
#799    Element.updateChild (package:flutter/src/widgets/framework.dart:4037:15)
#800    ComponentElement.performRebuild (package:flutter/src/widgets/framework.dart:5844:16)
#801    StatefulElement.performRebuild (package:flutter/src/widgets/framework.dart:5985:11)
#802    Element.rebuild (package:flutter/src/widgets/framework.dart:5532:7)
#803    StatefulElement.update (package:flutter/src/widgets/framework.dart:6010:5)
#804    Element.updateChild (package:flutter/src/widgets/framework.dart:4037:15)
#805    RootElement._rebuild (package:flutter/src/widgets/binding.dart:1782:16)
#806    RootElement.update (package:flutter/src/widgets/binding.dart:1760:5)
#807    RootElement.performRebuild (package:flutter/src/widgets/binding.dart:1774:7)
#808    Element.rebuild (package:flutter/src/widgets/framework.dart:5532:7)
#809    BuildScope._tryRebuild (package:flutter/src/widgets/framework.dart:2750:15)
#810    BuildScope._flushDirtyElements (package:flutter/src/widgets/framework.dart:2807:11)
#811    BuildOwner.buildScope (package:flutter/src/widgets/framework.dart:3111:18)
#812    AutomatedTestWidgetsFlutterBinding.drawFrame (package:flutter_test/src/binding.dart:1506:19)
#813    RendererBinding._handlePersistentFrameCallback (package:flutter/src/rendering/binding.dart:495:5)
#814    SchedulerBinding._invokeFrameCallback (package:flutter/src/scheduler/binding.dart:1434:15)
#815    SchedulerBinding.handleDrawFrame (package:flutter/src/scheduler/binding.dart:1347:9)
#816    AutomatedTestWidgetsFlutterBinding.pump.<anonymous closure> (package:flutter_test/src/binding.dart:1335:9)
#819    TestAsyncUtils.guard (package:flutter_test/src/test_async_utils.dart:74:41)
#820    AutomatedTestWidgetsFlutterBinding.pump (package:flutter_test/src/binding.dart:1324:27)
#821    WidgetTester.pumpWidget.<anonymous closure> (package:flutter_test/src/widget_tester.dart:598:22)
#824    TestAsyncUtils.guard (package:flutter_test/src/test_async_utils.dart:74:41)
#825    WidgetTester.pumpWidget (package:flutter_test/src/widget_tester.dart:595:27)
#826    main.<anonymous closure>.<anonymous closure> (file:///home/alexc/Projects/CardMind/test/screens/home_screen_adaptive_test.dart:44:20)
#827    testWidgets.<anonymous closure>.<anonymous closure> (package:flutter_test/src/widget_tester.dart:192:29)
<asynchronous suspension>
#828    TestWidgetsFlutterBinding._runTestBody (package:flutter_test/src/binding.dart:1059:5)
<asynchronous suspension>
<asynchronous suspension>
(elided 8 frames from dart:async and package:stack_trace)

══╡ EXCEPTION CAUGHT BY FLUTTER TEST FRAMEWORK ╞════════════════════════════════════════════════════
The following assertion was thrown running a test:
A Timer is still pending even after the widget tree was disposed.
'package:flutter_test/src/binding.dart':
Failed assertion: line 1617 pos 12: '!timersPending'

When the exception was thrown, this was the stack:
#2      AutomatedTestWidgetsFlutterBinding._verifyInvariants (package:flutter_test/src/binding.dart:1617:12)
#3      TestWidgetsFlutterBinding._runTestBody (package:flutter_test/src/binding.dart:1078:7)
<asynchronous suspension>
<asynchronous suspension>
(elided 3 frames from class _AssertionError and package:stack_trace)

The test description was:
  it_should_show_fab_on_mobile
════════════════════════════════════════════════════════════════════════════════════════════════════
00:19 +379 -15: /home/alexc/Projects/CardMind/test/screens/home_screen_adaptive_test.dart: HomeScreen Adaptive UI it_should_show_fab_on_mobile [E]                                                     
  Test failed. See exception logs above.
  The test description was: it_should_show_fab_on_mobile
  
00:19 +379 -15: /home/alexc/Projects/CardMind/test/integration/user_journey_test.dart: User Journey Integration Tests First Time User Journey it_should_complete_first_time_user_flow                  
#0      new FakeTimer._ (package:fake_async/fake_async.dart:342:62)
#1      FakeAsync._createTimer (package:fake_async/fake_async.dart:260:29)
#2      FakeAsync.run.<anonymous closure> (package:fake_async/fake_async.dart:185:15)
#6      _HomeScreenState.initState (package:cardmind/screens/home_screen.dart:60:12)
#7      StatefulElement._firstBuild (package:flutter/src/widgets/framework.dart:5953:55)
#8      ComponentElement.mount (package:flutter/src/widgets/framework.dart:5796:5)
...     Normal element mounting (260 frames)
#268    Element.inflateWidget (package:flutter/src/widgets/framework.dart:4590:20)
#269    MultiChildRenderObjectElement.inflateWidget (package:flutter/src/widgets/framework.dart:7269:36)
#270    MultiChildRenderObjectElement.mount (package:flutter/src/widgets/framework.dart:7285:32)
...     Normal element mounting (471 frames)
#741    _InheritedProviderScopeElement.mount (package:provider/src/inherited_provider.dart:424:11)
...     Normal element mounting (7 frames)
#748    _InheritedProviderScopeElement.mount (package:provider/src/inherited_provider.dart:424:11)
...     Normal element mounting (7 frames)
#755    SingleChildWidgetElementMixin.mount (package:nested/nested.dart:222:11)
...     Normal element mounting (7 frames)
#762    _NestedHookElement.mount (package:nested/nested.dart:187:11)
...     Normal element mounting (7 frames)
#769    SingleChildWidgetElementMixin.mount (package:nested/nested.dart:222:11)
...     Normal element mounting (7 frames)
#776    Element.inflateWidget (package:flutter/src/widgets/framework.dart:4590:20)
#777    Element.updateChild (package:flutter/src/widgets/framework.dart:4053:20)
#778    ComponentElement.performRebuild (package:flutter/src/widgets/framework.dart:5844:16)
#779    Element.rebuild (package:flutter/src/widgets/framework.dart:5532:7)
#780    ProxyElement.update (package:flutter/src/widgets/framework.dart:6152:5)
#781    _InheritedNotifierElement.update (package:flutter/src/widgets/inherited_notifier.dart:108:11)
#782    Element.updateChild (package:flutter/src/widgets/framework.dart:4037:15)
#783    ComponentElement.performRebuild (package:flutter/src/widgets/framework.dart:5844:16)
#784    StatefulElement.performRebuild (package:flutter/src/widgets/framework.dart:5985:11)
#785    Element.rebuild (package:flutter/src/widgets/framework.dart:5532:7)
#786    StatefulElement.update (package:flutter/src/widgets/framework.dart:6010:5)
#787    Element.updateChild (package:flutter/src/widgets/framework.dart:4037:15)
#788    ComponentElement.performRebuild (package:flutter/src/widgets/framework.dart:5844:16)
#789    Element.rebuild (package:flutter/src/widgets/framework.dart:5532:7)
#790    ProxyElement.update (package:flutter/src/widgets/framework.dart:6152:5)
#791    _InheritedNotifierElement.update (package:flutter/src/widgets/inherited_notifier.dart:108:11)
#792    Element.updateChild (package:flutter/src/widgets/framework.dart:4037:15)
#793    ComponentElement.performRebuild (package:flutter/src/widgets/framework.dart:5844:16)
#794    StatefulElement.performRebuild (package:flutter/src/widgets/framework.dart:5985:11)
#795    Element.rebuild (package:flutter/src/widgets/framework.dart:5532:7)
#796    StatefulElement.update (package:flutter/src/widgets/framework.dart:6010:5)
#797    Element.updateChild (package:flutter/src/widgets/framework.dart:4037:15)
#798    ComponentElement.performRebuild (package:flutter/src/widgets/framework.dart:5844:16)
#799    StatefulElement.performRebuild (package:flutter/src/widgets/framework.dart:5985:11)
#800    Element.rebuild (package:flutter/src/widgets/framework.dart:5532:7)
#801    StatefulElement.update (package:flutter/src/widgets/framework.dart:6010:5)
#802    Element.updateChild (package:flutter/src/widgets/framework.dart:4037:15)
#803    ComponentElement.performRebuild (package:flutter/src/widgets/framework.dart:5844:16)
#804    Element.rebuild (package:flutter/src/widgets/framework.dart:5532:7)
#805    ProxyElement.update (package:flutter/src/widgets/framework.dart:6152:5)
#806    Element.updateChild (package:flutter/src/widgets/framework.dart:4037:15)
#807    ComponentElement.performRebuild (package:flutter/src/widgets/framework.dart:5844:16)
#808    StatefulElement.performRebuild (package:flutter/src/widgets/framework.dart:5985:11)
#809    Element.rebuild (package:flutter/src/widgets/framework.dart:5532:7)
#810    StatefulElement.update (package:flutter/src/widgets/framework.dart:6010:5)
#811    Element.updateChild (package:flutter/src/widgets/framework.dart:4037:15)
#812    ComponentElement.performRebuild (package:flutter/src/widgets/framework.dart:5844:16)
#813    Element.rebuild (package:flutter/src/widgets/framework.dart:5532:7)
#814    ProxyElement.update (package:flutter/src/widgets/framework.dart:6152:5)
#815    Element.updateChild (package:flutter/src/widgets/framework.dart:4037:15)
#816    ComponentElement.performRebuild (package:flutter/src/widgets/framework.dart:5844:16)
#817    Element.rebuild (package:flutter/src/widgets/framework.dart:5532:7)
#818    ProxyElement.update (package:flutter/src/widgets/framework.dart:6152:5)
#819    Element.updateChild (package:flutter/src/widgets/framework.dart:4037:15)
#820    _RawViewElement._updateChild (package:flutter/src/widgets/view.dart:481:16)
#821    _RawViewElement.update (package:flutter/src/widgets/view.dart:568:5)
#822    Element.updateChild (package:flutter/src/widgets/framework.dart:4037:15)
#823    ComponentElement.performRebuild (package:flutter/src/widgets/framework.dart:5844:16)
#824    Element.rebuild (package:flutter/src/widgets/framework.dart:5532:7)
#825    StatelessElement.update (package:flutter/src/widgets/framework.dart:5898:5)
#826    Element.updateChild (package:flutter/src/widgets/framework.dart:4037:15)
#827    ComponentElement.performRebuild (package:flutter/src/widgets/framework.dart:5844:16)
#828    StatefulElement.performRebuild (package:flutter/src/widgets/framework.dart:5985:11)
#829    Element.rebuild (package:flutter/src/widgets/framework.dart:5532:7)
#830    StatefulElement.update (package:flutter/src/widgets/framework.dart:6010:5)
#831    Element.updateChild (package:flutter/src/widgets/framework.dart:4037:15)
#832    RootElement._rebuild (package:flutter/src/widgets/binding.dart:1782:16)
#833    RootElement.update (package:flutter/src/widgets/binding.dart:1760:5)
#834    RootElement.performRebuild (package:flutter/src/widgets/binding.dart:1774:7)
#835    Element.rebuild (package:flutter/src/widgets/framework.dart:5532:7)
#836    BuildScope._tryRebuild (package:flutter/src/widgets/framework.dart:2750:15)
#837    BuildScope._flushDirtyElements (package:flutter/src/widgets/framework.dart:2807:11)
#838    BuildOwner.buildScope (package:flutter/src/widgets/framework.dart:3111:18)
#839    AutomatedTestWidgetsFlutterBinding.drawFrame (package:flutter_test/src/binding.dart:1506:19)
#840    RendererBinding._handlePersistentFrameCallback (package:flutter/src/rendering/binding.dart:495:5)
#841    SchedulerBinding._invokeFrameCallback (package:flutter/src/scheduler/binding.dart:1434:15)
#842    SchedulerBinding.handleDrawFrame (package:flutter/src/scheduler/binding.dart:1347:9)
#843    AutomatedTestWidgetsFlutterBinding.pump.<anonymous closure> (package:flutter_test/src/binding.dart:1335:9)
#846    TestAsyncUtils.guard (package:flutter_test/src/test_async_utils.dart:74:41)
#847    AutomatedTestWidgetsFlutterBinding.pump (package:flutter_test/src/binding.dart:1324:27)
#848    WidgetTester.pumpWidget.<anonymous closure> (package:flutter_test/src/widget_tester.dart:598:22)
#851    TestAsyncUtils.guard (package:flutter_test/src/test_async_utils.dart:74:41)
#852    WidgetTester.pumpWidget (package:flutter_test/src/widget_tester.dart:595:27)
#853    main.<anonymous closure>.<anonymous closure>.<anonymous closure> (file:///home/alexc/Projects/CardMind/test/integration/user_journey_test.dart:34:22)
#854    testWidgets.<anonymous closure>.<anonymous closure> (package:flutter_test/src/widget_tester.dart:192:29)
<asynchronous suspension>
#855    TestWidgetsFlutterBinding._runTestBody (package:flutter_test/src/binding.dart:1059:5)
<asynchronous suspension>
<asynchronous suspension>
(elided 8 frames from dart:async and package:stack_trace)


To run this test again: /home/alexc/.asdf/installs/flutter/3.38.5-stable/bin/cache/dart-sdk/bin/dart test /home/alexc/Projects/CardMind/test/screens/home_screen_adaptive_test.dart -p vm --plain-name 'HomeScreen Adaptive UI it_should_show_fab_on_mobile'
══╡ EXCEPTION CAUGHT BY FLUTTER TEST FRAMEWORK ╞════════════════════════════════════════════════════
The following assertion was thrown running a test:
A Timer is still pending even after the widget tree was disposed.
'package:flutter_test/src/binding.dart':
Failed assertion: line 1617 pos 12: '!timersPending'

When the exception was thrown, this was the stack:
#2      AutomatedTestWidgetsFlutterBinding._verifyInvariants (package:flutter_test/src/binding.dart:1617:12)
#3      TestWidgetsFlutterBinding._runTestBody (package:flutter_test/src/binding.dart:1078:7)
<asynchronous suspension>
<asynchronous suspension>
(elided 3 frames from class _AssertionError and package:stack_trace)

The test description was:
  it_should_complete_first_time_user_flow
════════════════════════════════════════════════════════════════════════════════════════════════════
00:19 +380 -16: /home/alexc/Projects/CardMind/test/specs/home_screen_spec_test.dart: SP-FLUT-008: Home Screen Sync Status Display it_should_show_syncing_indicator_when_syncing                        00:19 +380 -16: /home/alexc/Projects/CardMind/test/integration/user_journey_test.dart: User Journey Integration Tests First Time User Journey it_should_complete_first_time_user_flow [E]              
  Test failed. See exception logs above.
  The test description was: it_should_complete_first_time_user_flow
  

To run this test again: /home/alexc/.asdf/installs/flutter/3.38.5-stable/bin/cache/dart-sdk/bin/dart test /home/alexc/Projects/CardMind/test/integration/user_journey_test.dart -p vm --plain-name 'User Journey Integration Tests First Time User Journey it_should_complete_first_time_user_flow'
00:19 +381 -16: /home/alexc/Projects/CardMind/test/specs/home_screen_spec_test.dart: SP-FLUT-008: Home Screen Sync Status Display it_should_show_syncing_indicator_when_syncing                        00:19 +382 -16: /home/alexc/Projects/CardMind/test/specs/home_screen_spec_test.dart: SP-FLUT-008: Home Screen Sync Status Display it_should_show_syncing_indicator_when_syncing                        00:19 +383 -16: /home/alexc/Projects/CardMind/test/specs/home_screen_spec_test.dart: SP-FLUT-008: Home Screen Sync Status Display it_should_show_syncing_indicator_when_syncing                        00:19 +384 -16: /home/alexc/Projects/CardMind/test/specs/home_screen_spec_test.dart: SP-FLUT-008: Home Screen Sync Status Display it_should_show_syncing_indicator_when_syncing                        00:19 +385 -16: /home/alexc/Projects/CardMind/test/specs/home_screen_spec_test.dart: SP-FLUT-008: Home Screen Sync Status Display it_should_show_syncing_indicator_when_syncing                        00:19 +385 -16: /home/alexc/Projects/CardMind/test/screens/home_screen_adaptive_test.dart: HomeScreen Adaptive UI it_should_show_new_card_button_in_toolbar_on_desktop                                 
Pending timers:
Timer (duration: 0:00:00.500000, periodic: false), created:
00:19 +386 -16: /home/alexc/Projects/CardMind/test/specs/home_screen_spec_test.dart: SP-FLUT-008: Home Screen Sync Status Display it_should_show_syncing_indicator_when_syncing                        00:19 +386 -16: /home/alexc/Projects/CardMind/test/screens/home_screen_adaptive_test.dart: HomeScreen Adaptive UI it_should_show_new_card_button_in_toolbar_on_desktop                                 
#0      new FakeTimer._ (package:fake_async/fake_async.dart:342:62)
#1      FakeAsync._createTimer (package:fake_async/fake_async.dart:260:29)
#2      FakeAsync.run.<anonymous closure> (package:fake_async/fake_async.dart:185:15)
#6      _HomeScreenState.initState (package:cardmind/screens/home_screen.dart:60:12)
#7      StatefulElement._firstBuild (package:flutter/src/widgets/framework.dart:5953:55)
#8      ComponentElement.mount (package:flutter/src/widgets/framework.dart:5796:5)
...     Normal element mounting (7 frames)
#15     _InheritedProviderScopeElement.mount (package:provider/src/inherited_provider.dart:424:11)
...     Normal element mounting (7 frames)
#22     SingleChildWidgetElementMixin.mount (package:nested/nested.dart:222:11)
...     Normal element mounting (260 frames)
#282    Element.inflateWidget (package:flutter/src/widgets/framework.dart:4590:20)
#283    MultiChildRenderObjectElement.inflateWidget (package:flutter/src/widgets/framework.dart:7269:36)
#284    MultiChildRenderObjectElement.mount (package:flutter/src/widgets/framework.dart:7285:32)
...     Normal element mounting (465 frames)
#749    Element.inflateWidget (package:flutter/src/widgets/framework.dart:4590:20)
#750    Element.updateChild (package:flutter/src/widgets/framework.dart:4053:20)
#751    ComponentElement.performRebuild (package:flutter/src/widgets/framework.dart:5844:16)
#752    Element.rebuild (package:flutter/src/widgets/framework.dart:5532:7)
#753    ProxyElement.update (package:flutter/src/widgets/framework.dart:6152:5)
#754    _InheritedNotifierElement.update (package:flutter/src/widgets/inherited_notifier.dart:108:11)
#755    Element.updateChild (package:flutter/src/widgets/framework.dart:4037:15)
#756    ComponentElement.performRebuild (package:flutter/src/widgets/framework.dart:5844:16)
#757    StatefulElement.performRebuild (package:flutter/src/widgets/framework.dart:5985:11)
#758    Element.rebuild (package:flutter/src/widgets/framework.dart:5532:7)
#759    StatefulElement.update (package:flutter/src/widgets/framework.dart:6010:5)
#760    Element.updateChild (package:flutter/src/widgets/framework.dart:4037:15)
#761    ComponentElement.performRebuild (package:flutter/src/widgets/framework.dart:5844:16)
#762    Element.rebuild (package:flutter/src/widgets/framework.dart:5532:7)
#763    ProxyElement.update (package:flutter/src/widgets/framework.dart:6152:5)
#764    _InheritedNotifierElement.update (package:flutter/src/widgets/inherited_notifier.dart:108:11)
#765    Element.updateChild (package:flutter/src/widgets/framework.dart:4037:15)
#766    ComponentElement.performRebuild (package:flutter/src/widgets/framework.dart:5844:16)
#767    StatefulElement.performRebuild (package:flutter/src/widgets/framework.dart:5985:11)
#768    Element.rebuild (package:flutter/src/widgets/framework.dart:5532:7)
#769    StatefulElement.update (package:flutter/src/widgets/framework.dart:6010:5)
#770    Element.updateChild (package:flutter/src/widgets/framework.dart:4037:15)
#771    ComponentElement.performRebuild (package:flutter/src/widgets/framework.dart:5844:16)
#772    StatefulElement.performRebuild (package:flutter/src/widgets/framework.dart:5985:11)
#773    Element.rebuild (package:flutter/src/widgets/framework.dart:5532:7)
#774    StatefulElement.update (package:flutter/src/widgets/framework.dart:6010:5)
#775    Element.updateChild (package:flutter/src/widgets/framework.dart:4037:15)
#776    ComponentElement.performRebuild (package:flutter/src/widgets/framework.dart:5844:16)
#777    Element.rebuild (package:flutter/src/widgets/framework.dart:5532:7)
#778    ProxyElement.update (package:flutter/src/widgets/framework.dart:6152:5)
#779    Element.updateChild (package:flutter/src/widgets/framework.dart:4037:15)
#780    ComponentElement.performRebuild (package:flutter/src/widgets/framework.dart:5844:16)
#781    StatefulElement.performRebuild (package:flutter/src/widgets/framework.dart:5985:11)
#782    Element.rebuild (package:flutter/src/widgets/framework.dart:5532:7)
#783    StatefulElement.update (package:flutter/src/widgets/framework.dart:6010:5)
#784    Element.updateChild (package:flutter/src/widgets/framework.dart:4037:15)
#785    ComponentElement.performRebuild (package:flutter/src/widgets/framework.dart:5844:16)
#786    Element.rebuild (package:flutter/src/widgets/framework.dart:5532:7)
#787    ProxyElement.update (package:flutter/src/widgets/framework.dart:6152:5)
#788    Element.updateChild (package:flutter/src/widgets/framework.dart:4037:15)
#789    ComponentElement.performRebuild (package:flutter/src/widgets/framework.dart:5844:16)
#790    Element.rebuild (package:flutter/src/widgets/framework.dart:5532:7)
#791    ProxyElement.update (package:flutter/src/widgets/framework.dart:6152:5)
#792    Element.updateChild (package:flutter/src/widgets/framework.dart:4037:15)
#793    _RawViewElement._updateChild (package:flutter/src/widgets/view.dart:481:16)
#794    _RawViewElement.update (package:flutter/src/widgets/view.dart:568:5)
#795    Element.updateChild (package:flutter/src/widgets/framework.dart:4037:15)
#796    ComponentElement.performRebuild (package:flutter/src/widgets/framework.dart:5844:16)
#797    Element.rebuild (package:flutter/src/widgets/framework.dart:5532:7)
#798    StatelessElement.update (package:flutter/src/widgets/framework.dart:5898:5)
#799    Element.updateChild (package:flutter/src/widgets/framework.dart:4037:15)
#800    ComponentElement.performRebuild (package:flutter/src/widgets/framework.dart:5844:16)
#801    StatefulElement.performRebuild (package:flutter/src/widgets/framework.dart:5985:11)
#802    Element.rebuild (package:flutter/src/widgets/framework.dart:5532:7)
#803    StatefulElement.update (package:flutter/src/widgets/framework.dart:6010:5)
#804    Element.updateChild (package:flutter/src/widgets/framework.dart:4037:15)
#805    RootElement._rebuild (package:flutter/src/widgets/binding.dart:1782:16)
#806    RootElement.update (package:flutter/src/widgets/binding.dart:1760:5)
#807    RootElement.performRebuild (package:flutter/src/widgets/binding.dart:1774:7)
#808    Element.rebuild (package:flutter/src/widgets/framework.dart:5532:7)
#809    BuildScope._tryRebuild (package:flutter/src/widgets/framework.dart:2750:15)
#810    BuildScope._flushDirtyElements (package:flutter/src/widgets/framework.dart:2807:11)
#811    BuildOwner.buildScope (package:flutter/src/widgets/framework.dart:3111:18)
#812    AutomatedTestWidgetsFlutterBinding.drawFrame (package:flutter_test/src/binding.dart:1506:19)
#813    RendererBinding._handlePersistentFrameCallback (package:flutter/src/rendering/binding.dart:495:5)
#814    SchedulerBinding._invokeFrameCallback (package:flutter/src/scheduler/binding.dart:1434:15)
#815    SchedulerBinding.handleDrawFrame (package:flutter/src/scheduler/binding.dart:1347:9)
#816    AutomatedTestWidgetsFlutterBinding.pump.<anonymous closure> (package:flutter_test/src/binding.dart:1335:9)
#819    TestAsyncUtils.guard (package:flutter_test/src/test_async_utils.dart:74:41)
#820    AutomatedTestWidgetsFlutterBinding.pump (package:flutter_test/src/binding.dart:1324:27)
#821    WidgetTester.pumpWidget.<anonymous closure> (package:flutter_test/src/widget_tester.dart:598:22)
#824    TestAsyncUtils.guard (package:flutter_test/src/test_async_utils.dart:74:41)
#825    WidgetTester.pumpWidget (package:flutter_test/src/widget_tester.dart:595:27)
#826    main.<anonymous closure>.<anonymous closure> (file:///home/alexc/Projects/CardMind/test/screens/home_screen_adaptive_test.dart:66:20)
#827    testWidgets.<anonymous closure>.<anonymous closure> (package:flutter_test/src/widget_tester.dart:192:29)
<asynchronous suspension>
#828    TestWidgetsFlutterBinding._runTestBody (package:flutter_test/src/binding.dart:1059:5)
<asynchronous suspension>
<asynchronous suspension>
(elided 8 frames from dart:async and package:stack_trace)

══╡ EXCEPTION CAUGHT BY FLUTTER TEST FRAMEWORK ╞════════════════════════════════════════════════════
The following assertion was thrown running a test:
A Timer is still pending even after the widget tree was disposed.
'package:flutter_test/src/binding.dart':
Failed assertion: line 1617 pos 12: '!timersPending'

When the exception was thrown, this was the stack:
#2      AutomatedTestWidgetsFlutterBinding._verifyInvariants (package:flutter_test/src/binding.dart:1617:12)
#3      TestWidgetsFlutterBinding._runTestBody (package:flutter_test/src/binding.dart:1078:7)
<asynchronous suspension>
<asynchronous suspension>
(elided 3 frames from class _AssertionError and package:stack_trace)

The test description was:
  it_should_show_new_card_button_in_toolbar_on_desktop
════════════════════════════════════════════════════════════════════════════════════════════════════
00:19 +386 -17: /home/alexc/Projects/CardMind/test/screens/home_screen_adaptive_test.dart: HomeScreen Adaptive UI it_should_show_new_card_button_in_toolbar_on_desktop [E]                             
  Test failed. See exception logs above.
  The test description was: it_should_show_new_card_button_in_toolbar_on_desktop
  

To run this test again: /home/alexc/.asdf/installs/flutter/3.38.5-stable/bin/cache/dart-sdk/bin/dart test /home/alexc/Projects/CardMind/test/screens/home_screen_adaptive_test.dart -p vm --plain-name 'HomeScreen Adaptive UI it_should_show_new_card_button_in_toolbar_on_desktop'
00:19 +386 -17: /home/alexc/Projects/CardMind/test/integration/toast_notification_test.dart: HomeScreen Integration Tests - Toast Notifications should create note successfully                        
[SUCCESS] 创建新笔记
00:19 +387 -17: /home/alexc/Projects/CardMind/test/specs/home_screen_spec_test.dart: SP-FLUT-008: Home Screen Sync Status Display it_should_show_syncing_indicator_when_syncing                        00:19 +388 -17: /home/alexc/Projects/CardMind/test/specs/home_screen_spec_test.dart: SP-FLUT-008: Home Screen Sync Status Display it_should_show_syncing_indicator_when_syncing                        00:19 +389 -17: /home/alexc/Projects/CardMind/test/specs/home_screen_spec_test.dart: SP-FLUT-008: Home Screen Sync Status Display it_should_show_syncing_indicator_when_syncing                        00:19 +389 -17: /home/alexc/Projects/CardMind/test/specs/home_screen_ui_spec_test.dart: SP-UI-005: Home Screen UI Search Functionality Tests it_should_filter_cards_by_content                         
Pending timers:
Timer (duration: 0:00:00.500000, periodic: false), created:
#0      new FakeTimer._ (package:fake_async/fake_async.dart:342:62)
#1      FakeAsync._createTimer (package:fake_async/fake_async.dart:260:29)
#2      FakeAsync.run.<anonymous closure> (package:fake_async/fake_async.dart:185:15)
#6      _HomeScreenState.initState (package:cardmind/screens/home_screen.dart:60:12)
#7      StatefulElement._firstBuild (package:flutter/src/widgets/framework.dart:5953:55)
#8      ComponentElement.mount (package:flutter/src/widgets/framework.dart:5796:5)
...     Normal element mounting (7 frames)
#15     _InheritedProviderScopeElement.mount (package:provider/src/inherited_provider.dart:424:11)
...     Normal element mounting (7 frames)
#22     SingleChildWidgetElementMixin.mount (package:nested/nested.dart:222:11)
...     Normal element mounting (260 frames)
#282    Element.inflateWidget (package:flutter/src/widgets/framework.dart:4590:20)
#283    MultiChildRenderObjectElement.inflateWidget (package:flutter/src/widgets/framework.dart:7269:36)
#284    MultiChildRenderObjectElement.mount (package:flutter/src/widgets/framework.dart:7285:32)
...     Normal element mounting (465 frames)
#749    Element.inflateWidget (package:flutter/src/widgets/framework.dart:4590:20)
#750    Element.updateChild (package:flutter/src/widgets/framework.dart:4053:20)
#751    ComponentElement.performRebuild (package:flutter/src/widgets/framework.dart:5844:16)
#752    Element.rebuild (package:flutter/src/widgets/framework.dart:5532:7)
#753    ProxyElement.update (package:flutter/src/widgets/framework.dart:6152:5)
#754    _InheritedNotifierElement.update (package:flutter/src/widgets/inherited_notifier.dart:108:11)
#755    Element.updateChild (package:flutter/src/widgets/framework.dart:4037:15)
#756    ComponentElement.performRebuild (package:flutter/src/widgets/framework.dart:5844:16)
#757    StatefulElement.performRebuild (package:flutter/src/widgets/framework.dart:5985:11)
#758    Element.rebuild (package:flutter/src/widgets/framework.dart:5532:7)
#759    StatefulElement.update (package:flutter/src/widgets/framework.dart:6010:5)
#760    Element.updateChild (package:flutter/src/widgets/framework.dart:4037:15)
#761    ComponentElement.performRebuild (package:flutter/src/widgets/framework.dart:5844:16)
#762    Element.rebuild (package:flutter/src/widgets/framework.dart:5532:7)
#763    ProxyElement.update (package:flutter/src/widgets/framework.dart:6152:5)
#764    _InheritedNotifierElement.update (package:flutter/src/widgets/inherited_notifier.dart:108:11)
#765    Element.updateChild (package:flutter/src/widgets/framework.dart:4037:15)
#766    ComponentElement.performRebuild (package:flutter/src/widgets/framework.dart:5844:16)
#767    StatefulElement.performRebuild (package:flutter/src/widgets/framework.dart:5985:11)
#768    Element.rebuild (package:flutter/src/widgets/framework.dart:5532:7)
#769    StatefulElement.update (package:flutter/src/widgets/framework.dart:6010:5)
#770    Element.updateChild (package:flutter/src/widgets/framework.dart:4037:15)
#771    ComponentElement.performRebuild (package:flutter/src/widgets/framework.dart:5844:16)
#772    StatefulElement.performRebuild (package:flutter/src/widgets/framework.dart:5985:11)
#773    Element.rebuild (package:flutter/src/widgets/framework.dart:5532:7)
#774    StatefulElement.update (package:flutter/src/widgets/framework.dart:6010:5)
#775    Element.updateChild (package:flutter/src/widgets/framework.dart:4037:15)
#776    ComponentElement.performRebuild (package:flutter/src/widgets/framework.dart:5844:16)
#777    Element.rebuild (package:flutter/src/widgets/framework.dart:5532:7)
#778    ProxyElement.update (package:flutter/src/widgets/framework.dart:6152:5)
#779    Element.updateChild (package:flutter/src/widgets/framework.dart:4037:15)
#780    ComponentElement.performRebuild (package:flutter/src/widgets/framework.dart:5844:16)
#781    StatefulElement.performRebuild (package:flutter/src/widgets/framework.dart:5985:11)
#782    Element.rebuild (package:flutter/src/widgets/framework.dart:5532:7)
#783    StatefulElement.update (package:flutter/src/widgets/framework.dart:6010:5)
#784    Element.updateChild (package:flutter/src/widgets/framework.dart:4037:15)
#785    ComponentElement.performRebuild (package:flutter/src/widgets/framework.dart:5844:16)
#786    Element.rebuild (package:flutter/src/widgets/framework.dart:5532:7)
#787    ProxyElement.update (package:flutter/src/widgets/framework.dart:6152:5)
#788    Element.updateChild (package:flutter/src/widgets/framework.dart:4037:15)
#789    ComponentElement.performRebuild (package:flutter/src/widgets/framework.dart:5844:16)
#790    Element.rebuild (package:flutter/src/widgets/framework.dart:5532:7)
#791    ProxyElement.update (package:flutter/src/widgets/framework.dart:6152:5)
#792    Element.updateChild (package:flutter/src/widgets/framework.dart:4037:15)
#793    _RawViewElement._updateChild (package:flutter/src/widgets/view.dart:481:16)
#794    _RawViewElement.update (package:flutter/src/widgets/view.dart:568:5)
#795    Element.updateChild (package:flutter/src/widgets/framework.dart:4037:15)
#796    ComponentElement.performRebuild (package:flutter/src/widgets/framework.dart:5844:16)
#797    Element.rebuild (package:flutter/src/widgets/framework.dart:5532:7)
#798    StatelessElement.update (package:flutter/src/widgets/framework.dart:5898:5)
#799    Element.updateChild (package:flutter/src/widgets/framework.dart:4037:15)
#800    ComponentElement.performRebuild (package:flutter/src/widgets/framework.dart:5844:16)
#801    StatefulElement.performRebuild (package:flutter/src/widgets/framework.dart:5985:11)
#802    Element.rebuild (package:flutter/src/widgets/framework.dart:5532:7)
#803    StatefulElement.update (package:flutter/src/widgets/framework.dart:6010:5)
#804    Element.updateChild (package:flutter/src/widgets/framework.dart:4037:15)
#805    RootElement._rebuild (package:flutter/src/widgets/binding.dart:1782:16)
#806    RootElement.update (package:flutter/src/widgets/binding.dart:1760:5)
#807    RootElement.performRebuild (package:flutter/src/widgets/binding.dart:1774:7)
#808    Element.rebuild (package:flutter/src/widgets/framework.dart:5532:7)
#809    BuildScope._tryRebuild (package:flutter/src/widgets/framework.dart:2750:15)
#810    BuildScope._flushDirtyElements (package:flutter/src/widgets/framework.dart:2807:11)
#811    BuildOwner.buildScope (package:flutter/src/widgets/framework.dart:3111:18)
#812    AutomatedTestWidgetsFlutterBinding.drawFrame (package:flutter_test/src/binding.dart:1506:19)
#813    RendererBinding._handlePersistentFrameCallback (package:flutter/src/rendering/binding.dart:495:5)
#814    SchedulerBinding._invokeFrameCallback (package:flutter/src/scheduler/binding.dart:1434:15)
#815    SchedulerBinding.handleDrawFrame (package:flutter/src/scheduler/binding.dart:1347:9)
#816    AutomatedTestWidgetsFlutterBinding.pump.<anonymous closure> (package:flutter_test/src/binding.dart:1335:9)
#819    TestAsyncUtils.guard (package:flutter_test/src/test_async_utils.dart:74:41)
#820    AutomatedTestWidgetsFlutterBinding.pump (package:flutter_test/src/binding.dart:1324:27)
#821    WidgetTester.pumpWidget.<anonymous closure> (package:flutter_test/src/widget_tester.dart:598:22)
#824    TestAsyncUtils.guard (package:flutter_test/src/test_async_utils.dart:74:41)
#825    WidgetTester.pumpWidget (package:flutter_test/src/widget_tester.dart:595:27)
#826    main.<anonymous closure>.<anonymous closure>.<anonymous closure> (file:///home/alexc/Projects/CardMind/test/specs/home_screen_ui_spec_test.dart:180:22)
<asynchronous suspension>
#827    testWidgets.<anonymous closure>.<anonymous closure> (package:flutter_test/src/widget_tester.dart:192:15)
<asynchronous suspension>
#828    TestWidgetsFlutterBinding._runTestBody (package:flutter_test/src/binding.dart:1059:5)
<asynchronous suspension>
<asynchronous suspension>
(elided 8 frames from dart:async and package:stack_trace)

══╡ EXCEPTION CAUGHT BY FLUTTER TEST FRAMEWORK ╞════════════════════════════════════════════════════
The following assertion was thrown running a test:
A Timer is still pending even after the widget tree was disposed.
'package:flutter_test/src/binding.dart':
Failed assertion: line 1617 pos 12: '!timersPending'

When the exception was thrown, this was the stack:
#2      AutomatedTestWidgetsFlutterBinding._verifyInvariants (package:flutter_test/src/binding.dart:1617:12)
#3      TestWidgetsFlutterBinding._runTestBody (package:flutter_test/src/binding.dart:1078:7)
<asynchronous suspension>
<asynchronous suspension>
(elided 3 frames from class _AssertionError and package:stack_trace)

The test description was:
  it_should_filter_cards_by_content
════════════════════════════════════════════════════════════════════════════════════════════════════
00:19 +389 -18: /home/alexc/Projects/CardMind/test/specs/home_screen_ui_spec_test.dart: SP-UI-005: Home Screen UI Search Functionality Tests it_should_filter_cards_by_content [E]                     
  Test failed. See exception logs above.
  The test description was: it_should_filter_cards_by_content
  

To run this test again: /home/alexc/.asdf/installs/flutter/3.38.5-stable/bin/cache/dart-sdk/bin/dart test /home/alexc/Projects/CardMind/test/specs/home_screen_ui_spec_test.dart -p vm --plain-name 'SP-UI-005: Home Screen UI Search Functionality Tests it_should_filter_cards_by_content'
00:19 +389 -18: /home/alexc/Projects/CardMind/test/integration/user_journey_test.dart: User Journey Integration Tests First Time User Journey it_should_create_first_card                              
[SUCCESS] 创建新笔记
00:19 +389 -18: /home/alexc/Projects/CardMind/test/screens/home_screen_adaptive_test.dart: HomeScreen Adaptive UI it_should_display_sync_status_indicator                                              
Pending timers:
Timer (duration: 0:00:00.500000, periodic: false), created:
#0      new FakeTimer._ (package:fake_async/fake_async.dart:342:62)
#1      FakeAsync._createTimer (package:fake_async/fake_async.dart:260:29)
#2      FakeAsync.run.<anonymous closure> (package:fake_async/fake_async.dart:185:15)
#6      _HomeScreenState.initState (package:cardmind/screens/home_screen.dart:60:12)
#7      StatefulElement._firstBuild (package:flutter/src/widgets/framework.dart:5953:55)
#8      ComponentElement.mount (package:flutter/src/widgets/framework.dart:5796:5)
...     Normal element mounting (7 frames)
#15     _InheritedProviderScopeElement.mount (package:provider/src/inherited_provider.dart:424:11)
...     Normal element mounting (7 frames)
#22     SingleChildWidgetElementMixin.mount (package:nested/nested.dart:222:11)
...     Normal element mounting (260 frames)
#282    Element.inflateWidget (package:flutter/src/widgets/framework.dart:4590:20)
#283    MultiChildRenderObjectElement.inflateWidget (package:flutter/src/widgets/framework.dart:7269:36)
#284    MultiChildRenderObjectElement.mount (package:flutter/src/widgets/framework.dart:7285:32)
...     Normal element mounting (465 frames)
#749    Element.inflateWidget (package:flutter/src/widgets/framework.dart:4590:20)
#750    Element.updateChild (package:flutter/src/widgets/framework.dart:4053:20)
#751    ComponentElement.performRebuild (package:flutter/src/widgets/framework.dart:5844:16)
#752    Element.rebuild (package:flutter/src/widgets/framework.dart:5532:7)
#753    ProxyElement.update (package:flutter/src/widgets/framework.dart:6152:5)
#754    _InheritedNotifierElement.update (package:flutter/src/widgets/inherited_notifier.dart:108:11)
#755    Element.updateChild (package:flutter/src/widgets/framework.dart:4037:15)
#756    ComponentElement.performRebuild (package:flutter/src/widgets/framework.dart:5844:16)
#757    StatefulElement.performRebuild (package:flutter/src/widgets/framework.dart:5985:11)
#758    Element.rebuild (package:flutter/src/widgets/framework.dart:5532:7)
#759    StatefulElement.update (package:flutter/src/widgets/framework.dart:6010:5)
#760    Element.updateChild (package:flutter/src/widgets/framework.dart:4037:15)
#761    ComponentElement.performRebuild (package:flutter/src/widgets/framework.dart:5844:16)
#762    Element.rebuild (package:flutter/src/widgets/framework.dart:5532:7)
#763    ProxyElement.update (package:flutter/src/widgets/framework.dart:6152:5)
#764    _InheritedNotifierElement.update (package:flutter/src/widgets/inherited_notifier.dart:108:11)
#765    Element.updateChild (package:flutter/src/widgets/framework.dart:4037:15)
#766    ComponentElement.performRebuild (package:flutter/src/widgets/framework.dart:5844:16)
#767    StatefulElement.performRebuild (package:flutter/src/widgets/framework.dart:5985:11)
#768    Element.rebuild (package:flutter/src/widgets/framework.dart:5532:7)
#769    StatefulElement.update (package:flutter/src/widgets/framework.dart:6010:5)
#770    Element.updateChild (package:flutter/src/widgets/framework.dart:4037:15)
#771    ComponentElement.performRebuild (package:flutter/src/widgets/framework.dart:5844:16)
#772    StatefulElement.performRebuild (package:flutter/src/widgets/framework.dart:5985:11)
#773    Element.rebuild (package:flutter/src/widgets/framework.dart:5532:7)
#774    StatefulElement.update (package:flutter/src/widgets/framework.dart:6010:5)
#775    Element.updateChild (package:flutter/src/widgets/framework.dart:4037:15)
#776    ComponentElement.performRebuild (package:flutter/src/widgets/framework.dart:5844:16)
#777    Element.rebuild (package:flutter/src/widgets/framework.dart:5532:7)
#778    ProxyElement.update (package:flutter/src/widgets/framework.dart:6152:5)
#779    Element.updateChild (package:flutter/src/widgets/framework.dart:4037:15)
#780    ComponentElement.performRebuild (package:flutter/src/widgets/framework.dart:5844:16)
#781    StatefulElement.performRebuild (package:flutter/src/widgets/framework.dart:5985:11)
#782    Element.rebuild (package:flutter/src/widgets/framework.dart:5532:7)
#783    StatefulElement.update (package:flutter/src/widgets/framework.dart:6010:5)
#784    Element.updateChild (package:flutter/src/widgets/framework.dart:4037:15)
#785    ComponentElement.performRebuild (package:flutter/src/widgets/framework.dart:5844:16)
#786    Element.rebuild (package:flutter/src/widgets/framework.dart:5532:7)
#787    ProxyElement.update (package:flutter/src/widgets/framework.dart:6152:5)
#788    Element.updateChild (package:flutter/src/widgets/framework.dart:4037:15)
#789    ComponentElement.performRebuild (package:flutter/src/widgets/framework.dart:5844:16)
#790    Element.rebuild (package:flutter/src/widgets/framework.dart:5532:7)
#791    ProxyElement.update (package:flutter/src/widgets/framework.dart:6152:5)
#792    Element.updateChild (package:flutter/src/widgets/framework.dart:4037:15)
#793    _RawViewElement._updateChild (package:flutter/src/widgets/view.dart:481:16)
#794    _RawViewElement.update (package:flutter/src/widgets/view.dart:568:5)
#795    Element.updateChild (package:flutter/src/widgets/framework.dart:4037:15)
#796    ComponentElement.performRebuild (package:flutter/src/widgets/framework.dart:5844:16)
#797    Element.rebuild (package:flutter/src/widgets/framework.dart:5532:7)
#798    StatelessElement.update (package:flutter/src/widgets/framework.dart:5898:5)
#799    Element.updateChild (package:flutter/src/widgets/framework.dart:4037:15)
#800    ComponentElement.performRebuild (package:flutter/src/widgets/framework.dart:5844:16)
#801    StatefulElement.performRebuild (package:flutter/src/widgets/framework.dart:5985:11)
#802    Element.rebuild (package:flutter/src/widgets/framework.dart:5532:7)
#803    StatefulElement.update (package:flutter/src/widgets/framework.dart:6010:5)
#804    Element.updateChild (package:flutter/src/widgets/framework.dart:4037:15)
#805    RootElement._rebuild (package:flutter/src/widgets/binding.dart:1782:16)
#806    RootElement.update (package:flutter/src/widgets/binding.dart:1760:5)
#807    RootElement.performRebuild (package:flutter/src/widgets/binding.dart:1774:7)
#808    Element.rebuild (package:flutter/src/widgets/framework.dart:5532:7)
#809    BuildScope._tryRebuild (package:flutter/src/widgets/framework.dart:2750:15)
#810    BuildScope._flushDirtyElements (package:flutter/src/widgets/framework.dart:2807:11)
#811    BuildOwner.buildScope (package:flutter/src/widgets/framework.dart:3111:18)
#812    AutomatedTestWidgetsFlutterBinding.drawFrame (package:flutter_test/src/binding.dart:1506:19)
#813    RendererBinding._handlePersistentFrameCallback (package:flutter/src/rendering/binding.dart:495:5)
#814    SchedulerBinding._invokeFrameCallback (package:flutter/src/scheduler/binding.dart:1434:15)
#815    SchedulerBinding.handleDrawFrame (package:flutter/src/scheduler/binding.dart:1347:9)
#816    AutomatedTestWidgetsFlutterBinding.pump.<anonymous closure> (package:flutter_test/src/binding.dart:1335:9)
#819    TestAsyncUtils.guard (package:flutter_test/src/test_async_utils.dart:74:41)
#820    AutomatedTestWidgetsFlutterBinding.pump (package:flutter_test/src/binding.dart:1324:27)
#821    WidgetTester.pumpWidget.<anonymous closure> (package:flutter_test/src/widget_tester.dart:598:22)
#824    TestAsyncUtils.guard (package:flutter_test/src/test_async_utils.dart:74:41)
#825    WidgetTester.pumpWidget (package:flutter_test/src/widget_tester.dart:595:27)
#826    main.<anonymous closure>.<anonymous closure> (file:///home/alexc/Projects/CardMind/test/screens/home_screen_adaptive_test.dart:91:20)
#827    testWidgets.<anonymous closure>.<anonymous closure> (package:flutter_test/src/widget_tester.dart:192:29)
<asynchronous suspension>
#828    TestWidgetsFlutterBinding._runTestBody (package:flutter_test/src/binding.dart:1059:5)
<asynchronous suspension>
<asynchronous suspension>
(elided 8 frames from dart:async and package:stack_trace)

══╡ EXCEPTION CAUGHT BY FLUTTER TEST FRAMEWORK ╞════════════════════════════════════════════════════
The following assertion was thrown running a test:
A Timer is still pending even after the widget tree was disposed.
'package:flutter_test/src/binding.dart':
Failed assertion: line 1617 pos 12: '!timersPending'

When the exception was thrown, this was the stack:
#2      AutomatedTestWidgetsFlutterBinding._verifyInvariants (package:flutter_test/src/binding.dart:1617:12)
#3      TestWidgetsFlutterBinding._runTestBody (package:flutter_test/src/binding.dart:1078:7)
<asynchronous suspension>
<asynchronous suspension>
(elided 3 frames from class _AssertionError and package:stack_trace)

The test description was:
  it_should_display_sync_status_indicator
════════════════════════════════════════════════════════════════════════════════════════════════════
00:19 +389 -19: /home/alexc/Projects/CardMind/test/screens/home_screen_adaptive_test.dart: HomeScreen Adaptive UI it_should_display_sync_status_indicator [E]                                          
  Test failed. See exception logs above.
  The test description was: it_should_display_sync_status_indicator
  

To run this test again: /home/alexc/.asdf/installs/flutter/3.38.5-stable/bin/cache/dart-sdk/bin/dart test /home/alexc/Projects/CardMind/test/screens/home_screen_adaptive_test.dart -p vm --plain-name 'HomeScreen Adaptive UI it_should_display_sync_status_indicator'
00:20 +390 -19: /home/alexc/Projects/CardMind/test/specs/home_screen_spec_test.dart: SP-FLUT-008: Home Screen Sync Status Display it_should_show_syncing_indicator_when_syncing                        00:20 +391 -19: /home/alexc/Projects/CardMind/test/specs/home_screen_spec_test.dart: SP-FLUT-008: Home Screen Sync Status Display it_should_show_syncing_indicator_when_syncing                        00:20 +391 -19: /home/alexc/Projects/CardMind/test/specs/card_creation_spec_test.dart: SP-FLUT-009: Card Creation Interaction FAB Button Tests it_should_make_fab_accessible_within_1_second           
Pending timers:
Timer (duration: 0:00:00.500000, periodic: false), created:
#0      new FakeTimer._ (package:fake_async/fake_async.dart:342:62)
#1      FakeAsync._createTimer (package:fake_async/fake_async.dart:260:29)
#2      FakeAsync.run.<anonymous closure> (package:fake_async/fake_async.dart:185:15)
#6      _HomeScreenState.initState (package:cardmind/screens/home_screen.dart:60:12)
#7      StatefulElement._firstBuild (package:flutter/src/widgets/framework.dart:5953:55)
#8      ComponentElement.mount (package:flutter/src/widgets/framework.dart:5796:5)
...     Normal element mounting (7 frames)
#15     _InheritedProviderScopeElement.mount (package:provider/src/inherited_provider.dart:424:11)
...     Normal element mounting (7 frames)
#22     SingleChildWidgetElementMixin.mount (package:nested/nested.dart:222:11)
...     Normal element mounting (260 frames)
#282    Element.inflateWidget (package:flutter/src/widgets/framework.dart:4590:20)
#283    MultiChildRenderObjectElement.inflateWidget (package:flutter/src/widgets/framework.dart:7269:36)
#284    MultiChildRenderObjectElement.mount (package:flutter/src/widgets/framework.dart:7285:32)
...     Normal element mounting (465 frames)
#749    Element.inflateWidget (package:flutter/src/widgets/framework.dart:4590:20)
#750    Element.updateChild (package:flutter/src/widgets/framework.dart:4053:20)
#751    ComponentElement.performRebuild (package:flutter/src/widgets/framework.dart:5844:16)
#752    Element.rebuild (package:flutter/src/widgets/framework.dart:5532:7)
#753    ProxyElement.update (package:flutter/src/widgets/framework.dart:6152:5)
#754    _InheritedNotifierElement.update (package:flutter/src/widgets/inherited_notifier.dart:108:11)
#755    Element.updateChild (package:flutter/src/widgets/framework.dart:4037:15)
#756    ComponentElement.performRebuild (package:flutter/src/widgets/framework.dart:5844:16)
#757    StatefulElement.performRebuild (package:flutter/src/widgets/framework.dart:5985:11)
#758    Element.rebuild (package:flutter/src/widgets/framework.dart:5532:7)
#759    StatefulElement.update (package:flutter/src/widgets/framework.dart:6010:5)
#760    Element.updateChild (package:flutter/src/widgets/framework.dart:4037:15)
#761    ComponentElement.performRebuild (package:flutter/src/widgets/framework.dart:5844:16)
#762    Element.rebuild (package:flutter/src/widgets/framework.dart:5532:7)
#763    ProxyElement.update (package:flutter/src/widgets/framework.dart:6152:5)
#764    _InheritedNotifierElement.update (package:flutter/src/widgets/inherited_notifier.dart:108:11)
#765    Element.updateChild (package:flutter/src/widgets/framework.dart:4037:15)
#766    ComponentElement.performRebuild (package:flutter/src/widgets/framework.dart:5844:16)
#767    StatefulElement.performRebuild (package:flutter/src/widgets/framework.dart:5985:11)
#768    Element.rebuild (package:flutter/src/widgets/framework.dart:5532:7)
#769    StatefulElement.update (package:flutter/src/widgets/framework.dart:6010:5)
#770    Element.updateChild (package:flutter/src/widgets/framework.dart:4037:15)
#771    ComponentElement.performRebuild (package:flutter/src/widgets/framework.dart:5844:16)
#772    StatefulElement.performRebuild (package:flutter/src/widgets/framework.dart:5985:11)
#773    Element.rebuild (package:flutter/src/widgets/framework.dart:5532:7)
#774    StatefulElement.update (package:flutter/src/widgets/framework.dart:6010:5)
#775    Element.updateChild (package:flutter/src/widgets/framework.dart:4037:15)
#776    ComponentElement.performRebuild (package:flutter/src/widgets/framework.dart:5844:16)
#777    Element.rebuild (package:flutter/src/widgets/framework.dart:5532:7)
#778    ProxyElement.update (package:flutter/src/widgets/framework.dart:6152:5)
#779    Element.updateChild (package:flutter/src/widgets/framework.dart:4037:15)
#780    ComponentElement.performRebuild (package:flutter/src/widgets/framework.dart:5844:16)
#781    StatefulElement.performRebuild (package:flutter/src/widgets/framework.dart:5985:11)
#782    Element.rebuild (package:flutter/src/widgets/framework.dart:5532:7)
#783    StatefulElement.update (package:flutter/src/widgets/framework.dart:6010:5)
#784    Element.updateChild (package:flutter/src/widgets/framework.dart:4037:15)
#785    ComponentElement.performRebuild (package:flutter/src/widgets/framework.dart:5844:16)
#786    Element.rebuild (package:flutter/src/widgets/framework.dart:5532:7)
#787    ProxyElement.update (package:flutter/src/widgets/framework.dart:6152:5)
#788    Element.updateChild (package:flutter/src/widgets/framework.dart:4037:15)
#789    ComponentElement.performRebuild (package:flutter/src/widgets/framework.dart:5844:16)
#790    Element.rebuild (package:flutter/src/widgets/framework.dart:5532:7)
#791    ProxyElement.update (package:flutter/src/widgets/framework.dart:6152:5)
#792    Element.updateChild (package:flutter/src/widgets/framework.dart:4037:15)
#793    _RawViewElement._updateChild (package:flutter/src/widgets/view.dart:481:16)
#794    _RawViewElement.update (package:flutter/src/widgets/view.dart:568:5)
#795    Element.updateChild (package:flutter/src/widgets/framework.dart:4037:15)
#796    ComponentElement.performRebuild (package:flutter/src/widgets/framework.dart:5844:16)
#797    Element.rebuild (package:flutter/src/widgets/framework.dart:5532:7)
#798    StatelessElement.update (package:flutter/src/widgets/framework.dart:5898:5)
#799    Element.updateChild (package:flutter/src/widgets/framework.dart:4037:15)
#800    ComponentElement.performRebuild (package:flutter/src/widgets/framework.dart:5844:16)
#801    StatefulElement.performRebuild (package:flutter/src/widgets/framework.dart:5985:11)
#802    Element.rebuild (package:flutter/src/widgets/framework.dart:5532:7)
#803    StatefulElement.update (package:flutter/src/widgets/framework.dart:6010:5)
#804    Element.updateChild (package:flutter/src/widgets/framework.dart:4037:15)
#805    RootElement._rebuild (package:flutter/src/widgets/binding.dart:1782:16)
#806    RootElement.update (package:flutter/src/widgets/binding.dart:1760:5)
#807    RootElement.performRebuild (package:flutter/src/widgets/binding.dart:1774:7)
#808    Element.rebuild (package:flutter/src/widgets/framework.dart:5532:7)
#809    BuildScope._tryRebuild (package:flutter/src/widgets/framework.dart:2750:15)
#810    BuildScope._flushDirtyElements (package:flutter/src/widgets/framework.dart:2807:11)
#811    BuildOwner.buildScope (package:flutter/src/widgets/framework.dart:3111:18)
#812    AutomatedTestWidgetsFlutterBinding.drawFrame (package:flutter_test/src/binding.dart:1506:19)
#813    RendererBinding._handlePersistentFrameCallback (package:flutter/src/rendering/binding.dart:495:5)
#814    SchedulerBinding._invokeFrameCallback (package:flutter/src/scheduler/binding.dart:1434:15)
#815    SchedulerBinding.handleDrawFrame (package:flutter/src/scheduler/binding.dart:1347:9)
#816    AutomatedTestWidgetsFlutterBinding.pump.<anonymous closure> (package:flutter_test/src/binding.dart:1335:9)
#819    TestAsyncUtils.guard (package:flutter_test/src/test_async_utils.dart:74:41)
#820    AutomatedTestWidgetsFlutterBinding.pump (package:flutter_test/src/binding.dart:1324:27)
#821    WidgetTester.pumpWidget.<anonymous closure> (package:flutter_test/src/widget_tester.dart:598:22)
#824    TestAsyncUtils.guard (package:flutter_test/src/test_async_utils.dart:74:41)
#825    WidgetTester.pumpWidget (package:flutter_test/src/widget_tester.dart:595:27)
#826    main.<anonymous closure>.<anonymous closure>.<anonymous closure> (file:///home/alexc/Projects/CardMind/test/specs/card_creation_spec_test.dart:102:22)
#827    testWidgets.<anonymous closure>.<anonymous closure> (package:flutter_test/src/widget_tester.dart:192:29)
<asynchronous suspension>
#828    TestWidgetsFlutterBinding._runTestBody (package:flutter_test/src/binding.dart:1059:5)
<asynchronous suspension>
<asynchronous suspension>
(elided 8 frames from dart:async and package:stack_trace)

00:20 +392 -19: /home/alexc/Projects/CardMind/test/specs/home_screen_spec_test.dart: SP-FLUT-008: Home Screen Sync Status Display it_should_show_syncing_indicator_when_syncing                        00:20 +392 -19: /home/alexc/Projects/CardMind/test/specs/card_creation_spec_test.dart: SP-FLUT-009: Card Creation Interaction FAB Button Tests it_should_make_fab_accessible_within_1_second           
══╡ EXCEPTION CAUGHT BY FLUTTER TEST FRAMEWORK ╞════════════════════════════════════════════════════
The following assertion was thrown running a test:
A Timer is still pending even after the widget tree was disposed.
'package:flutter_test/src/binding.dart':
Failed assertion: line 1617 pos 12: '!timersPending'

When the exception was thrown, this was the stack:
#2      AutomatedTestWidgetsFlutterBinding._verifyInvariants (package:flutter_test/src/binding.dart:1617:12)
#3      TestWidgetsFlutterBinding._runTestBody (package:flutter_test/src/binding.dart:1078:7)
<asynchronous suspension>
<asynchronous suspension>
(elided 3 frames from class _AssertionError and package:stack_trace)

The test description was:
  it_should_make_fab_accessible_within_1_second
════════════════════════════════════════════════════════════════════════════════════════════════════
00:20 +392 -20: /home/alexc/Projects/CardMind/test/specs/card_creation_spec_test.dart: SP-FLUT-009: Card Creation Interaction FAB Button Tests it_should_make_fab_accessible_within_1_second [E]       
  Test failed. See exception logs above.
  The test description was: it_should_make_fab_accessible_within_1_second
  

To run this test again: /home/alexc/.asdf/installs/flutter/3.38.5-stable/bin/cache/dart-sdk/bin/dart test /home/alexc/Projects/CardMind/test/specs/card_creation_spec_test.dart -p vm --plain-name 'SP-FLUT-009: Card Creation Interaction FAB Button Tests it_should_make_fab_accessible_within_1_second'
00:20 +393 -20: /home/alexc/Projects/CardMind/test/specs/home_screen_spec_test.dart: SP-FLUT-008: Home Screen Sync Status Display it_should_show_syncing_indicator_when_syncing                        00:20 +393 -20: /home/alexc/Projects/CardMind/test/specs/home_screen_ui_spec_test.dart: SP-UI-005: Home Screen UI Search Functionality Tests it_should_be_case_insensitive                             
Pending timers:
Timer (duration: 0:00:00.500000, periodic: false), created:
00:20 +393 -20: /home/alexc/Projects/CardMind/test/screens/home_screen_adaptive_test.dart: HomeScreen Adaptive UI it_should_display_refresh_button                                                     
Pending timers:
Timer (duration: 0:00:00.500000, periodic: false), created:
00:20 +393 -20: /home/alexc/Projects/CardMind/test/specs/home_screen_ui_spec_test.dart: SP-UI-005: Home Screen UI Search Functionality Tests it_should_be_case_insensitive                             
#0      new FakeTimer._ (package:fake_async/fake_async.dart:342:62)
#1      FakeAsync._createTimer (package:fake_async/fake_async.dart:260:29)
#2      FakeAsync.run.<anonymous closure> (package:fake_async/fake_async.dart:185:15)
#6      _HomeScreenState.initState (package:cardmind/screens/home_screen.dart:60:12)
#7      StatefulElement._firstBuild (package:flutter/src/widgets/framework.dart:5953:55)
#8      ComponentElement.mount (package:flutter/src/widgets/framework.dart:5796:5)
...     Normal element mounting (7 frames)
#15     _InheritedProviderScopeElement.mount (package:provider/src/inherited_provider.dart:424:11)
...     Normal element mounting (7 frames)
#22     SingleChildWidgetElementMixin.mount (package:nested/nested.dart:222:11)
...     Normal element mounting (260 frames)
#282    Element.inflateWidget (package:flutter/src/widgets/framework.dart:4590:20)
#283    MultiChildRenderObjectElement.inflateWidget (package:flutter/src/widgets/framework.dart:7269:36)
#284    MultiChildRenderObjectElement.mount (package:flutter/src/widgets/framework.dart:7285:32)
...     Normal element mounting (465 frames)
#749    Element.inflateWidget (package:flutter/src/widgets/framework.dart:4590:20)
#750    Element.updateChild (package:flutter/src/widgets/framework.dart:4053:20)
#751    ComponentElement.performRebuild (package:flutter/src/widgets/framework.dart:5844:16)
#752    Element.rebuild (package:flutter/src/widgets/framework.dart:5532:7)
#753    ProxyElement.update (package:flutter/src/widgets/framework.dart:6152:5)
#754    _InheritedNotifierElement.update (package:flutter/src/widgets/inherited_notifier.dart:108:11)
#755    Element.updateChild (package:flutter/src/widgets/framework.dart:4037:15)
#756    ComponentElement.performRebuild (package:flutter/src/widgets/framework.dart:5844:16)
#757    StatefulElement.performRebuild (package:flutter/src/widgets/framework.dart:5985:11)
#758    Element.rebuild (package:flutter/src/widgets/framework.dart:5532:7)
#759    StatefulElement.update (package:flutter/src/widgets/framework.dart:6010:5)
#760    Element.updateChild (package:flutter/src/widgets/framework.dart:4037:15)
#761    ComponentElement.performRebuild (package:flutter/src/widgets/framework.dart:5844:16)
#762    Element.rebuild (package:flutter/src/widgets/framework.dart:5532:7)
#763    ProxyElement.update (package:flutter/src/widgets/framework.dart:6152:5)
#764    _InheritedNotifierElement.update (package:flutter/src/widgets/inherited_notifier.dart:108:11)
#765    Element.updateChild (package:flutter/src/widgets/framework.dart:4037:15)
#766    ComponentElement.performRebuild (package:flutter/src/widgets/framework.dart:5844:16)
#767    StatefulElement.performRebuild (package:flutter/src/widgets/framework.dart:5985:11)
#768    Element.rebuild (package:flutter/src/widgets/framework.dart:5532:7)
#769    StatefulElement.update (package:flutter/src/widgets/framework.dart:6010:5)
#770    Element.updateChild (package:flutter/src/widgets/framework.dart:4037:15)
#771    ComponentElement.performRebuild (package:flutter/src/widgets/framework.dart:5844:16)
#772    StatefulElement.performRebuild (package:flutter/src/widgets/framework.dart:5985:11)
#773    Element.rebuild (package:flutter/src/widgets/framework.dart:5532:7)
#774    StatefulElement.update (package:flutter/src/widgets/framework.dart:6010:5)
#775    Element.updateChild (package:flutter/src/widgets/framework.dart:4037:15)
#776    ComponentElement.performRebuild (package:flutter/src/widgets/framework.dart:5844:16)
#777    Element.rebuild (package:flutter/src/widgets/framework.dart:5532:7)
#778    ProxyElement.update (package:flutter/src/widgets/framework.dart:6152:5)
#779    Element.updateChild (package:flutter/src/widgets/framework.dart:4037:15)
#780    ComponentElement.performRebuild (package:flutter/src/widgets/framework.dart:5844:16)
#781    StatefulElement.performRebuild (package:flutter/src/widgets/framework.dart:5985:11)
#782    Element.rebuild (package:flutter/src/widgets/framework.dart:5532:7)
#783    StatefulElement.update (package:flutter/src/widgets/framework.dart:6010:5)
#784    Element.updateChild (package:flutter/src/widgets/framework.dart:4037:15)
#785    ComponentElement.performRebuild (package:flutter/src/widgets/framework.dart:5844:16)
#786    Element.rebuild (package:flutter/src/widgets/framework.dart:5532:7)
#787    ProxyElement.update (package:flutter/src/widgets/framework.dart:6152:5)
#788    Element.updateChild (package:flutter/src/widgets/framework.dart:4037:15)
#789    ComponentElement.performRebuild (package:flutter/src/widgets/framework.dart:5844:16)
#790    Element.rebuild (package:flutter/src/widgets/framework.dart:5532:7)
#791    ProxyElement.update (package:flutter/src/widgets/framework.dart:6152:5)
#792    Element.updateChild (package:flutter/src/widgets/framework.dart:4037:15)
#793    _RawViewElement._updateChild (package:flutter/src/widgets/view.dart:481:16)
#794    _RawViewElement.update (package:flutter/src/widgets/view.dart:568:5)
#795    Element.updateChild (package:flutter/src/widgets/framework.dart:4037:15)
#796    ComponentElement.performRebuild (package:flutter/src/widgets/framework.dart:5844:16)
#797    Element.rebuild (package:flutter/src/widgets/framework.dart:5532:7)
#798    StatelessElement.update (package:flutter/src/widgets/framework.dart:5898:5)
#799    Element.updateChild (package:flutter/src/widgets/framework.dart:4037:15)
#800    ComponentElement.performRebuild (package:flutter/src/widgets/framework.dart:5844:16)
#801    StatefulElement.performRebuild (package:flutter/src/widgets/framework.dart:5985:11)
#802    Element.rebuild (package:flutter/src/widgets/framework.dart:5532:7)
#803    StatefulElement.update (package:flutter/src/widgets/framework.dart:6010:5)
#804    Element.updateChild (package:flutter/src/widgets/framework.dart:4037:15)
#805    RootElement._rebuild (package:flutter/src/widgets/binding.dart:1782:16)
#806    RootElement.update (package:flutter/src/widgets/binding.dart:1760:5)
#807    RootElement.performRebuild (package:flutter/src/widgets/binding.dart:1774:7)
#808    Element.rebuild (package:flutter/src/widgets/framework.dart:5532:7)
#809    BuildScope._tryRebuild (package:flutter/src/widgets/framework.dart:2750:15)
#810    BuildScope._flushDirtyElements (package:flutter/src/widgets/framework.dart:2807:11)
#811    BuildOwner.buildScope (package:flutter/src/widgets/framework.dart:3111:18)
#812    AutomatedTestWidgetsFlutterBinding.drawFrame (package:flutter_test/src/binding.dart:1506:19)
#813    RendererBinding._handlePersistentFrameCallback (package:flutter/src/rendering/binding.dart:495:5)
#814    SchedulerBinding._invokeFrameCallback (package:flutter/src/scheduler/binding.dart:1434:15)
#815    SchedulerBinding.handleDrawFrame (package:flutter/src/scheduler/binding.dart:1347:9)
#816    AutomatedTestWidgetsFlutterBinding.pump.<anonymous closure> (package:flutter_test/src/binding.dart:1335:9)
#819    TestAsyncUtils.guard (package:flutter_test/src/test_async_utils.dart:74:41)
#820    AutomatedTestWidgetsFlutterBinding.pump (package:flutter_test/src/binding.dart:1324:27)
#821    WidgetTester.pumpWidget.<anonymous closure> (package:flutter_test/src/widget_tester.dart:598:22)
#824    TestAsyncUtils.guard (package:flutter_test/src/test_async_utils.dart:74:41)
#825    WidgetTester.pumpWidget (package:flutter_test/src/widget_tester.dart:595:27)
#826    main.<anonymous closure>.<anonymous closure>.<anonymous closure> (file:///home/alexc/Projects/CardMind/test/specs/home_screen_ui_spec_test.dart:197:22)
<asynchronous suspension>
#827    testWidgets.<anonymous closure>.<anonymous closure> (package:flutter_test/src/widget_tester.dart:192:15)
<asynchronous suspension>
#828    TestWidgetsFlutterBinding._runTestBody (package:flutter_test/src/binding.dart:1059:5)
<asynchronous suspension>
<asynchronous suspension>
(elided 8 frames from dart:async and package:stack_trace)

══╡ EXCEPTION CAUGHT BY FLUTTER TEST FRAMEWORK ╞════════════════════════════════════════════════════
The following assertion was thrown running a test:
A Timer is still pending even after the widget tree was disposed.
'package:flutter_test/src/binding.dart':
Failed assertion: line 1617 pos 12: '!timersPending'

When the exception was thrown, this was the stack:
#2      AutomatedTestWidgetsFlutterBinding._verifyInvariants (package:flutter_test/src/binding.dart:1617:12)
#3      TestWidgetsFlutterBinding._runTestBody (package:flutter_test/src/binding.dart:1078:7)
<asynchronous suspension>
<asynchronous suspension>
(elided 3 frames from class _AssertionError and package:stack_trace)

The test description was:
  it_should_be_case_insensitive
════════════════════════════════════════════════════════════════════════════════════════════════════
00:20 +393 -21: /home/alexc/Projects/CardMind/test/specs/home_screen_ui_spec_test.dart: SP-UI-005: Home Screen UI Search Functionality Tests it_should_be_case_insensitive [E]                         
  Test failed. See exception logs above.
  The test description was: it_should_be_case_insensitive
  

To run this test again: /home/alexc/.asdf/installs/flutter/3.38.5-stable/bin/cache/dart-sdk/bin/dart test /home/alexc/Projects/CardMind/test/specs/home_screen_ui_spec_test.dart -p vm --plain-name 'SP-UI-005: Home Screen UI Search Functionality Tests it_should_be_case_insensitive'
00:20 +393 -21: /home/alexc/Projects/CardMind/test/screens/home_screen_adaptive_test.dart: HomeScreen Adaptive UI it_should_display_refresh_button                                                     
#0      new FakeTimer._ (package:fake_async/fake_async.dart:342:62)
#1      FakeAsync._createTimer (package:fake_async/fake_async.dart:260:29)
#2      FakeAsync.run.<anonymous closure> (package:fake_async/fake_async.dart:185:15)
#6      _HomeScreenState.initState (package:cardmind/screens/home_screen.dart:60:12)
#7      StatefulElement._firstBuild (package:flutter/src/widgets/framework.dart:5953:55)
#8      ComponentElement.mount (package:flutter/src/widgets/framework.dart:5796:5)
...     Normal element mounting (7 frames)
#15     _InheritedProviderScopeElement.mount (package:provider/src/inherited_provider.dart:424:11)
...     Normal element mounting (7 frames)
#22     SingleChildWidgetElementMixin.mount (package:nested/nested.dart:222:11)
...     Normal element mounting (260 frames)
#282    Element.inflateWidget (package:flutter/src/widgets/framework.dart:4590:20)
#283    MultiChildRenderObjectElement.inflateWidget (package:flutter/src/widgets/framework.dart:7269:36)
#284    MultiChildRenderObjectElement.mount (package:flutter/src/widgets/framework.dart:7285:32)
...     Normal element mounting (465 frames)
#749    Element.inflateWidget (package:flutter/src/widgets/framework.dart:4590:20)
#750    Element.updateChild (package:flutter/src/widgets/framework.dart:4053:20)
#751    ComponentElement.performRebuild (package:flutter/src/widgets/framework.dart:5844:16)
#752    Element.rebuild (package:flutter/src/widgets/framework.dart:5532:7)
#753    ProxyElement.update (package:flutter/src/widgets/framework.dart:6152:5)
#754    _InheritedNotifierElement.update (package:flutter/src/widgets/inherited_notifier.dart:108:11)
#755    Element.updateChild (package:flutter/src/widgets/framework.dart:4037:15)
#756    ComponentElement.performRebuild (package:flutter/src/widgets/framework.dart:5844:16)
#757    StatefulElement.performRebuild (package:flutter/src/widgets/framework.dart:5985:11)
#758    Element.rebuild (package:flutter/src/widgets/framework.dart:5532:7)
#759    StatefulElement.update (package:flutter/src/widgets/framework.dart:6010:5)
#760    Element.updateChild (package:flutter/src/widgets/framework.dart:4037:15)
#761    ComponentElement.performRebuild (package:flutter/src/widgets/framework.dart:5844:16)
#762    Element.rebuild (package:flutter/src/widgets/framework.dart:5532:7)
#763    ProxyElement.update (package:flutter/src/widgets/framework.dart:6152:5)
#764    _InheritedNotifierElement.update (package:flutter/src/widgets/inherited_notifier.dart:108:11)
#765    Element.updateChild (package:flutter/src/widgets/framework.dart:4037:15)
#766    ComponentElement.performRebuild (package:flutter/src/widgets/framework.dart:5844:16)
#767    StatefulElement.performRebuild (package:flutter/src/widgets/framework.dart:5985:11)
#768    Element.rebuild (package:flutter/src/widgets/framework.dart:5532:7)
#769    StatefulElement.update (package:flutter/src/widgets/framework.dart:6010:5)
#770    Element.updateChild (package:flutter/src/widgets/framework.dart:4037:15)
#771    ComponentElement.performRebuild (package:flutter/src/widgets/framework.dart:5844:16)
#772    StatefulElement.performRebuild (package:flutter/src/widgets/framework.dart:5985:11)
#773    Element.rebuild (package:flutter/src/widgets/framework.dart:5532:7)
#774    StatefulElement.update (package:flutter/src/widgets/framework.dart:6010:5)
#775    Element.updateChild (package:flutter/src/widgets/framework.dart:4037:15)
#776    ComponentElement.performRebuild (package:flutter/src/widgets/framework.dart:5844:16)
#777    Element.rebuild (package:flutter/src/widgets/framework.dart:5532:7)
#778    ProxyElement.update (package:flutter/src/widgets/framework.dart:6152:5)
#779    Element.updateChild (package:flutter/src/widgets/framework.dart:4037:15)
#780    ComponentElement.performRebuild (package:flutter/src/widgets/framework.dart:5844:16)
#781    StatefulElement.performRebuild (package:flutter/src/widgets/framework.dart:5985:11)
#782    Element.rebuild (package:flutter/src/widgets/framework.dart:5532:7)
#783    StatefulElement.update (package:flutter/src/widgets/framework.dart:6010:5)
#784    Element.updateChild (package:flutter/src/widgets/framework.dart:4037:15)
#785    ComponentElement.performRebuild (package:flutter/src/widgets/framework.dart:5844:16)
#786    Element.rebuild (package:flutter/src/widgets/framework.dart:5532:7)
#787    ProxyElement.update (package:flutter/src/widgets/framework.dart:6152:5)
#788    Element.updateChild (package:flutter/src/widgets/framework.dart:4037:15)
#789    ComponentElement.performRebuild (package:flutter/src/widgets/framework.dart:5844:16)
#790    Element.rebuild (package:flutter/src/widgets/framework.dart:5532:7)
#791    ProxyElement.update (package:flutter/src/widgets/framework.dart:6152:5)
#792    Element.updateChild (package:flutter/src/widgets/framework.dart:4037:15)
#793    _RawViewElement._updateChild (package:flutter/src/widgets/view.dart:481:16)
#794    _RawViewElement.update (package:flutter/src/widgets/view.dart:568:5)
#795    Element.updateChild (package:flutter/src/widgets/framework.dart:4037:15)
#796    ComponentElement.performRebuild (package:flutter/src/widgets/framework.dart:5844:16)
#797    Element.rebuild (package:flutter/src/widgets/framework.dart:5532:7)
#798    StatelessElement.update (package:flutter/src/widgets/framework.dart:5898:5)
#799    Element.updateChild (package:flutter/src/widgets/framework.dart:4037:15)
#800    ComponentElement.performRebuild (package:flutter/src/widgets/framework.dart:5844:16)
#801    StatefulElement.performRebuild (package:flutter/src/widgets/framework.dart:5985:11)
#802    Element.rebuild (package:flutter/src/widgets/framework.dart:5532:7)
#803    StatefulElement.update (package:flutter/src/widgets/framework.dart:6010:5)
#804    Element.updateChild (package:flutter/src/widgets/framework.dart:4037:15)
#805    RootElement._rebuild (package:flutter/src/widgets/binding.dart:1782:16)
#806    RootElement.update (package:flutter/src/widgets/binding.dart:1760:5)
#807    RootElement.performRebuild (package:flutter/src/widgets/binding.dart:1774:7)
#808    Element.rebuild (package:flutter/src/widgets/framework.dart:5532:7)
#809    BuildScope._tryRebuild (package:flutter/src/widgets/framework.dart:2750:15)
#810    BuildScope._flushDirtyElements (package:flutter/src/widgets/framework.dart:2807:11)
#811    BuildOwner.buildScope (package:flutter/src/widgets/framework.dart:3111:18)
#812    AutomatedTestWidgetsFlutterBinding.drawFrame (package:flutter_test/src/binding.dart:1506:19)
#813    RendererBinding._handlePersistentFrameCallback (package:flutter/src/rendering/binding.dart:495:5)
#814    SchedulerBinding._invokeFrameCallback (package:flutter/src/scheduler/binding.dart:1434:15)
#815    SchedulerBinding.handleDrawFrame (package:flutter/src/scheduler/binding.dart:1347:9)
#816    AutomatedTestWidgetsFlutterBinding.pump.<anonymous closure> (package:flutter_test/src/binding.dart:1335:9)
#819    TestAsyncUtils.guard (package:flutter_test/src/test_async_utils.dart:74:41)
#820    AutomatedTestWidgetsFlutterBinding.pump (package:flutter_test/src/binding.dart:1324:27)
#821    WidgetTester.pumpWidget.<anonymous closure> (package:flutter_test/src/widget_tester.dart:598:22)
#824    TestAsyncUtils.guard (package:flutter_test/src/test_async_utils.dart:74:41)
#825    WidgetTester.pumpWidget (package:flutter_test/src/widget_tester.dart:595:27)
#826    main.<anonymous closure>.<anonymous closure> (file:///home/alexc/Projects/CardMind/test/screens/home_screen_adaptive_test.dart:109:20)
#827    testWidgets.<anonymous closure>.<anonymous closure> (package:flutter_test/src/widget_tester.dart:192:29)
<asynchronous suspension>
#828    TestWidgetsFlutterBinding._runTestBody (package:flutter_test/src/binding.dart:1059:5)
<asynchronous suspension>
<asynchronous suspension>
(elided 8 frames from dart:async and package:stack_trace)

══╡ EXCEPTION CAUGHT BY FLUTTER TEST FRAMEWORK ╞════════════════════════════════════════════════════
The following assertion was thrown running a test:
A Timer is still pending even after the widget tree was disposed.
'package:flutter_test/src/binding.dart':
Failed assertion: line 1617 pos 12: '!timersPending'

When the exception was thrown, this was the stack:
#2      AutomatedTestWidgetsFlutterBinding._verifyInvariants (package:flutter_test/src/binding.dart:1617:12)
#3      TestWidgetsFlutterBinding._runTestBody (package:flutter_test/src/binding.dart:1078:7)
<asynchronous suspension>
<asynchronous suspension>
(elided 3 frames from class _AssertionError and package:stack_trace)

The test description was:
  it_should_display_refresh_button
════════════════════════════════════════════════════════════════════════════════════════════════════
00:20 +393 -22: /home/alexc/Projects/CardMind/test/screens/home_screen_adaptive_test.dart: HomeScreen Adaptive UI it_should_display_refresh_button [E]                                                 
  Test failed. See exception logs above.
  The test description was: it_should_display_refresh_button
  

To run this test again: /home/alexc/.asdf/installs/flutter/3.38.5-stable/bin/cache/dart-sdk/bin/dart test /home/alexc/Projects/CardMind/test/screens/home_screen_adaptive_test.dart -p vm --plain-name 'HomeScreen Adaptive UI it_should_display_refresh_button'
00:20 +394 -22: /home/alexc/Projects/CardMind/test/specs/home_screen_spec_test.dart: SP-FLUT-008: Home Screen Sync Status Display it_should_show_syncing_indicator_when_syncing                        00:20 +395 -22: /home/alexc/Projects/CardMind/test/specs/home_screen_spec_test.dart: SP-FLUT-008: Home Screen Sync Status Display it_should_show_syncing_indicator_when_syncing                        00:20 +396 -22: /home/alexc/Projects/CardMind/test/specs/home_screen_spec_test.dart: SP-FLUT-008: Home Screen Sync Status Display it_should_show_syncing_indicator_when_syncing                        00:20 +397 -22: /home/alexc/Projects/CardMind/test/specs/home_screen_spec_test.dart: SP-FLUT-008: Home Screen Sync Status Display it_should_show_syncing_indicator_when_syncing                        00:20 +398 -22: /home/alexc/Projects/CardMind/test/specs/home_screen_spec_test.dart: SP-FLUT-008: Home Screen Sync Status Display it_should_show_syncing_indicator_when_syncing                        00:20 +398 -22: /home/alexc/Projects/CardMind/test/integration/user_journey_test.dart: User Journey Integration Tests First Time User Journey it_should_create_first_card                              
Pending timers:
Timer (duration: 0:00:00.500000, periodic: false), created:
00:20 +399 -22: /home/alexc/Projects/CardMind/test/specs/home_screen_spec_test.dart: SP-FLUT-008: Home Screen Sync Status Display it_should_show_syncing_indicator_when_syncing                        00:20 +399 -22: /home/alexc/Projects/CardMind/test/integration/user_journey_test.dart: User Journey Integration Tests First Time User Journey it_should_create_first_card                              
#0      new FakeTimer._ (package:fake_async/fake_async.dart:342:62)
#1      FakeAsync._createTimer (package:fake_async/fake_async.dart:260:29)
#2      FakeAsync.run.<anonymous closure> (package:fake_async/fake_async.dart:185:15)
#6      _HomeScreenState.initState (package:cardmind/screens/home_screen.dart:60:12)
#7      StatefulElement._firstBuild (package:flutter/src/widgets/framework.dart:5953:55)
#8      ComponentElement.mount (package:flutter/src/widgets/framework.dart:5796:5)
...     Normal element mounting (260 frames)
#268    Element.inflateWidget (package:flutter/src/widgets/framework.dart:4590:20)
#269    MultiChildRenderObjectElement.inflateWidget (package:flutter/src/widgets/framework.dart:7269:36)
#270    MultiChildRenderObjectElement.mount (package:flutter/src/widgets/framework.dart:7285:32)
...     Normal element mounting (471 frames)
#741    _InheritedProviderScopeElement.mount (package:provider/src/inherited_provider.dart:424:11)
...     Normal element mounting (7 frames)
#748    _InheritedProviderScopeElement.mount (package:provider/src/inherited_provider.dart:424:11)
...     Normal element mounting (7 frames)
#755    SingleChildWidgetElementMixin.mount (package:nested/nested.dart:222:11)
...     Normal element mounting (7 frames)
#762    _NestedHookElement.mount (package:nested/nested.dart:187:11)
...     Normal element mounting (7 frames)
#769    SingleChildWidgetElementMixin.mount (package:nested/nested.dart:222:11)
...     Normal element mounting (7 frames)
#776    Element.inflateWidget (package:flutter/src/widgets/framework.dart:4590:20)
#777    Element.updateChild (package:flutter/src/widgets/framework.dart:4053:20)
#778    ComponentElement.performRebuild (package:flutter/src/widgets/framework.dart:5844:16)
#779    Element.rebuild (package:flutter/src/widgets/framework.dart:5532:7)
#780    ProxyElement.update (package:flutter/src/widgets/framework.dart:6152:5)
#781    _InheritedNotifierElement.update (package:flutter/src/widgets/inherited_notifier.dart:108:11)
#782    Element.updateChild (package:flutter/src/widgets/framework.dart:4037:15)
#783    ComponentElement.performRebuild (package:flutter/src/widgets/framework.dart:5844:16)
#784    StatefulElement.performRebuild (package:flutter/src/widgets/framework.dart:5985:11)
#785    Element.rebuild (package:flutter/src/widgets/framework.dart:5532:7)
#786    StatefulElement.update (package:flutter/src/widgets/framework.dart:6010:5)
#787    Element.updateChild (package:flutter/src/widgets/framework.dart:4037:15)
#788    ComponentElement.performRebuild (package:flutter/src/widgets/framework.dart:5844:16)
#789    Element.rebuild (package:flutter/src/widgets/framework.dart:5532:7)
#790    ProxyElement.update (package:flutter/src/widgets/framework.dart:6152:5)
#791    _InheritedNotifierElement.update (package:flutter/src/widgets/inherited_notifier.dart:108:11)
#792    Element.updateChild (package:flutter/src/widgets/framework.dart:4037:15)
#793    ComponentElement.performRebuild (package:flutter/src/widgets/framework.dart:5844:16)
#794    StatefulElement.performRebuild (package:flutter/src/widgets/framework.dart:5985:11)
#795    Element.rebuild (package:flutter/src/widgets/framework.dart:5532:7)
#796    StatefulElement.update (package:flutter/src/widgets/framework.dart:6010:5)
#797    Element.updateChild (package:flutter/src/widgets/framework.dart:4037:15)
#798    ComponentElement.performRebuild (package:flutter/src/widgets/framework.dart:5844:16)
#799    StatefulElement.performRebuild (package:flutter/src/widgets/framework.dart:5985:11)
#800    Element.rebuild (package:flutter/src/widgets/framework.dart:5532:7)
#801    StatefulElement.update (package:flutter/src/widgets/framework.dart:6010:5)
#802    Element.updateChild (package:flutter/src/widgets/framework.dart:4037:15)
#803    ComponentElement.performRebuild (package:flutter/src/widgets/framework.dart:5844:16)
#804    Element.rebuild (package:flutter/src/widgets/framework.dart:5532:7)
#805    ProxyElement.update (package:flutter/src/widgets/framework.dart:6152:5)
#806    Element.updateChild (package:flutter/src/widgets/framework.dart:4037:15)
#807    ComponentElement.performRebuild (package:flutter/src/widgets/framework.dart:5844:16)
#808    StatefulElement.performRebuild (package:flutter/src/widgets/framework.dart:5985:11)
#809    Element.rebuild (package:flutter/src/widgets/framework.dart:5532:7)
#810    StatefulElement.update (package:flutter/src/widgets/framework.dart:6010:5)
#811    Element.updateChild (package:flutter/src/widgets/framework.dart:4037:15)
#812    ComponentElement.performRebuild (package:flutter/src/widgets/framework.dart:5844:16)
#813    Element.rebuild (package:flutter/src/widgets/framework.dart:5532:7)
#814    ProxyElement.update (package:flutter/src/widgets/framework.dart:6152:5)
#815    Element.updateChild (package:flutter/src/widgets/framework.dart:4037:15)
#816    ComponentElement.performRebuild (package:flutter/src/widgets/framework.dart:5844:16)
#817    Element.rebuild (package:flutter/src/widgets/framework.dart:5532:7)
#818    ProxyElement.update (package:flutter/src/widgets/framework.dart:6152:5)
#819    Element.updateChild (package:flutter/src/widgets/framework.dart:4037:15)
#820    _RawViewElement._updateChild (package:flutter/src/widgets/view.dart:481:16)
#821    _RawViewElement.update (package:flutter/src/widgets/view.dart:568:5)
#822    Element.updateChild (package:flutter/src/widgets/framework.dart:4037:15)
#823    ComponentElement.performRebuild (package:flutter/src/widgets/framework.dart:5844:16)
#824    Element.rebuild (package:flutter/src/widgets/framework.dart:5532:7)
#825    StatelessElement.update (package:flutter/src/widgets/framework.dart:5898:5)
#826    Element.updateChild (package:flutter/src/widgets/framework.dart:4037:15)
#827    ComponentElement.performRebuild (package:flutter/src/widgets/framework.dart:5844:16)
#828    StatefulElement.performRebuild (package:flutter/src/widgets/framework.dart:5985:11)
#829    Element.rebuild (package:flutter/src/widgets/framework.dart:5532:7)
#830    StatefulElement.update (package:flutter/src/widgets/framework.dart:6010:5)
#831    Element.updateChild (package:flutter/src/widgets/framework.dart:4037:15)
#832    RootElement._rebuild (package:flutter/src/widgets/binding.dart:1782:16)
#833    RootElement.update (package:flutter/src/widgets/binding.dart:1760:5)
#834    RootElement.performRebuild (package:flutter/src/widgets/binding.dart:1774:7)
#835    Element.rebuild (package:flutter/src/widgets/framework.dart:5532:7)
#836    BuildScope._tryRebuild (package:flutter/src/widgets/framework.dart:2750:15)
#837    BuildScope._flushDirtyElements (package:flutter/src/widgets/framework.dart:2807:11)
#838    BuildOwner.buildScope (package:flutter/src/widgets/framework.dart:3111:18)
#839    AutomatedTestWidgetsFlutterBinding.drawFrame (package:flutter_test/src/binding.dart:1506:19)
#840    RendererBinding._handlePersistentFrameCallback (package:flutter/src/rendering/binding.dart:495:5)
#841    SchedulerBinding._invokeFrameCallback (package:flutter/src/scheduler/binding.dart:1434:15)
#842    SchedulerBinding.handleDrawFrame (package:flutter/src/scheduler/binding.dart:1347:9)
#843    AutomatedTestWidgetsFlutterBinding.pump.<anonymous closure> (package:flutter_test/src/binding.dart:1335:9)
#846    TestAsyncUtils.guard (package:flutter_test/src/test_async_utils.dart:74:41)
#847    AutomatedTestWidgetsFlutterBinding.pump (package:flutter_test/src/binding.dart:1324:27)
#848    WidgetTester.pumpWidget.<anonymous closure> (package:flutter_test/src/widget_tester.dart:598:22)
#851    TestAsyncUtils.guard (package:flutter_test/src/test_async_utils.dart:74:41)
#852    WidgetTester.pumpWidget (package:flutter_test/src/widget_tester.dart:595:27)
#853    main.<anonymous closure>.<anonymous closure>.<anonymous closure> (file:///home/alexc/Projects/CardMind/test/integration/user_journey_test.dart:48:22)
#854    testWidgets.<anonymous closure>.<anonymous closure> (package:flutter_test/src/widget_tester.dart:192:29)
<asynchronous suspension>
#855    TestWidgetsFlutterBinding._runTestBody (package:flutter_test/src/binding.dart:1059:5)
<asynchronous suspension>
<asynchronous suspension>
(elided 8 frames from dart:async and package:stack_trace)

══╡ EXCEPTION CAUGHT BY FLUTTER TEST FRAMEWORK ╞════════════════════════════════════════════════════
The following assertion was thrown running a test:
A Timer is still pending even after the widget tree was disposed.
'package:flutter_test/src/binding.dart':
Failed assertion: line 1617 pos 12: '!timersPending'

When the exception was thrown, this was the stack:
#2      AutomatedTestWidgetsFlutterBinding._verifyInvariants (package:flutter_test/src/binding.dart:1617:12)
#3      TestWidgetsFlutterBinding._runTestBody (package:flutter_test/src/binding.dart:1078:7)
<asynchronous suspension>
<asynchronous suspension>
(elided 3 frames from class _AssertionError and package:stack_trace)

The test description was:
  it_should_create_first_card
════════════════════════════════════════════════════════════════════════════════════════════════════
00:20 +399 -23: /home/alexc/Projects/CardMind/test/integration/user_journey_test.dart: User Journey Integration Tests First Time User Journey it_should_create_first_card [E]                          
  Test failed. See exception logs above.
  The test description was: it_should_create_first_card
  

To run this test again: /home/alexc/.asdf/installs/flutter/3.38.5-stable/bin/cache/dart-sdk/bin/dart test /home/alexc/Projects/CardMind/test/integration/user_journey_test.dart -p vm --plain-name 'User Journey Integration Tests First Time User Journey it_should_create_first_card'
00:20 +400 -23: /home/alexc/Projects/CardMind/test/specs/home_screen_spec_test.dart: SP-FLUT-008: Home Screen Sync Status Display it_should_show_syncing_indicator_when_syncing                        00:20 +400 -23: /home/alexc/Projects/CardMind/test/screens/home_screen_adaptive_test.dart: HomeScreen Adaptive UI it_should_display_settings_button                                                    
Pending timers:
Timer (duration: 0:00:00.500000, periodic: false), created:
00:20 +401 -23: /home/alexc/Projects/CardMind/test/specs/home_screen_spec_test.dart: SP-FLUT-008: Home Screen Sync Status Display it_should_show_syncing_indicator_when_syncing                        00:20 +401 -23: /home/alexc/Projects/CardMind/test/screens/home_screen_adaptive_test.dart: HomeScreen Adaptive UI it_should_display_settings_button                                                    
#0      new FakeTimer._ (package:fake_async/fake_async.dart:342:62)
#1      FakeAsync._createTimer (package:fake_async/fake_async.dart:260:29)
#2      FakeAsync.run.<anonymous closure> (package:fake_async/fake_async.dart:185:15)
#6      _HomeScreenState.initState (package:cardmind/screens/home_screen.dart:60:12)
#7      StatefulElement._firstBuild (package:flutter/src/widgets/framework.dart:5953:55)
#8      ComponentElement.mount (package:flutter/src/widgets/framework.dart:5796:5)
...     Normal element mounting (7 frames)
#15     _InheritedProviderScopeElement.mount (package:provider/src/inherited_provider.dart:424:11)
...     Normal element mounting (7 frames)
#22     SingleChildWidgetElementMixin.mount (package:nested/nested.dart:222:11)
...     Normal element mounting (260 frames)
#282    Element.inflateWidget (package:flutter/src/widgets/framework.dart:4590:20)
#283    MultiChildRenderObjectElement.inflateWidget (package:flutter/src/widgets/framework.dart:7269:36)
#284    MultiChildRenderObjectElement.mount (package:flutter/src/widgets/framework.dart:7285:32)
...     Normal element mounting (465 frames)
#749    Element.inflateWidget (package:flutter/src/widgets/framework.dart:4590:20)
#750    Element.updateChild (package:flutter/src/widgets/framework.dart:4053:20)
#751    ComponentElement.performRebuild (package:flutter/src/widgets/framework.dart:5844:16)
#752    Element.rebuild (package:flutter/src/widgets/framework.dart:5532:7)
#753    ProxyElement.update (package:flutter/src/widgets/framework.dart:6152:5)
#754    _InheritedNotifierElement.update (package:flutter/src/widgets/inherited_notifier.dart:108:11)
#755    Element.updateChild (package:flutter/src/widgets/framework.dart:4037:15)
#756    ComponentElement.performRebuild (package:flutter/src/widgets/framework.dart:5844:16)
#757    StatefulElement.performRebuild (package:flutter/src/widgets/framework.dart:5985:11)
#758    Element.rebuild (package:flutter/src/widgets/framework.dart:5532:7)
#759    StatefulElement.update (package:flutter/src/widgets/framework.dart:6010:5)
#760    Element.updateChild (package:flutter/src/widgets/framework.dart:4037:15)
#761    ComponentElement.performRebuild (package:flutter/src/widgets/framework.dart:5844:16)
#762    Element.rebuild (package:flutter/src/widgets/framework.dart:5532:7)
#763    ProxyElement.update (package:flutter/src/widgets/framework.dart:6152:5)
#764    _InheritedNotifierElement.update (package:flutter/src/widgets/inherited_notifier.dart:108:11)
#765    Element.updateChild (package:flutter/src/widgets/framework.dart:4037:15)
#766    ComponentElement.performRebuild (package:flutter/src/widgets/framework.dart:5844:16)
#767    StatefulElement.performRebuild (package:flutter/src/widgets/framework.dart:5985:11)
#768    Element.rebuild (package:flutter/src/widgets/framework.dart:5532:7)
#769    StatefulElement.update (package:flutter/src/widgets/framework.dart:6010:5)
#770    Element.updateChild (package:flutter/src/widgets/framework.dart:4037:15)
#771    ComponentElement.performRebuild (package:flutter/src/widgets/framework.dart:5844:16)
#772    StatefulElement.performRebuild (package:flutter/src/widgets/framework.dart:5985:11)
#773    Element.rebuild (package:flutter/src/widgets/framework.dart:5532:7)
#774    StatefulElement.update (package:flutter/src/widgets/framework.dart:6010:5)
#775    Element.updateChild (package:flutter/src/widgets/framework.dart:4037:15)
#776    ComponentElement.performRebuild (package:flutter/src/widgets/framework.dart:5844:16)
#777    Element.rebuild (package:flutter/src/widgets/framework.dart:5532:7)
#778    ProxyElement.update (package:flutter/src/widgets/framework.dart:6152:5)
#779    Element.updateChild (package:flutter/src/widgets/framework.dart:4037:15)
#780    ComponentElement.performRebuild (package:flutter/src/widgets/framework.dart:5844:16)
#781    StatefulElement.performRebuild (package:flutter/src/widgets/framework.dart:5985:11)
#782    Element.rebuild (package:flutter/src/widgets/framework.dart:5532:7)
#783    StatefulElement.update (package:flutter/src/widgets/framework.dart:6010:5)
#784    Element.updateChild (package:flutter/src/widgets/framework.dart:4037:15)
#785    ComponentElement.performRebuild (package:flutter/src/widgets/framework.dart:5844:16)
#786    Element.rebuild (package:flutter/src/widgets/framework.dart:5532:7)
#787    ProxyElement.update (package:flutter/src/widgets/framework.dart:6152:5)
#788    Element.updateChild (package:flutter/src/widgets/framework.dart:4037:15)
#789    ComponentElement.performRebuild (package:flutter/src/widgets/framework.dart:5844:16)
#790    Element.rebuild (package:flutter/src/widgets/framework.dart:5532:7)
#791    ProxyElement.update (package:flutter/src/widgets/framework.dart:6152:5)
#792    Element.updateChild (package:flutter/src/widgets/framework.dart:4037:15)
#793    _RawViewElement._updateChild (package:flutter/src/widgets/view.dart:481:16)
#794    _RawViewElement.update (package:flutter/src/widgets/view.dart:568:5)
#795    Element.updateChild (package:flutter/src/widgets/framework.dart:4037:15)
#796    ComponentElement.performRebuild (package:flutter/src/widgets/framework.dart:5844:16)
#797    Element.rebuild (package:flutter/src/widgets/framework.dart:5532:7)
#798    StatelessElement.update (package:flutter/src/widgets/framework.dart:5898:5)
#799    Element.updateChild (package:flutter/src/widgets/framework.dart:4037:15)
#800    ComponentElement.performRebuild (package:flutter/src/widgets/framework.dart:5844:16)
#801    StatefulElement.performRebuild (package:flutter/src/widgets/framework.dart:5985:11)
#802    Element.rebuild (package:flutter/src/widgets/framework.dart:5532:7)
#803    StatefulElement.update (package:flutter/src/widgets/framework.dart:6010:5)
#804    Element.updateChild (package:flutter/src/widgets/framework.dart:4037:15)
#805    RootElement._rebuild (package:flutter/src/widgets/binding.dart:1782:16)
#806    RootElement.update (package:flutter/src/widgets/binding.dart:1760:5)
#807    RootElement.performRebuild (package:flutter/src/widgets/binding.dart:1774:7)
#808    Element.rebuild (package:flutter/src/widgets/framework.dart:5532:7)
#809    BuildScope._tryRebuild (package:flutter/src/widgets/framework.dart:2750:15)
#810    BuildScope._flushDirtyElements (package:flutter/src/widgets/framework.dart:2807:11)
#811    BuildOwner.buildScope (package:flutter/src/widgets/framework.dart:3111:18)
#812    AutomatedTestWidgetsFlutterBinding.drawFrame (package:flutter_test/src/binding.dart:1506:19)
#813    RendererBinding._handlePersistentFrameCallback (package:flutter/src/rendering/binding.dart:495:5)
#814    SchedulerBinding._invokeFrameCallback (package:flutter/src/scheduler/binding.dart:1434:15)
#815    SchedulerBinding.handleDrawFrame (package:flutter/src/scheduler/binding.dart:1347:9)
#816    AutomatedTestWidgetsFlutterBinding.pump.<anonymous closure> (package:flutter_test/src/binding.dart:1335:9)
#819    TestAsyncUtils.guard (package:flutter_test/src/test_async_utils.dart:74:41)
#820    AutomatedTestWidgetsFlutterBinding.pump (package:flutter_test/src/binding.dart:1324:27)
#821    WidgetTester.pumpWidget.<anonymous closure> (package:flutter_test/src/widget_tester.dart:598:22)
#824    TestAsyncUtils.guard (package:flutter_test/src/test_async_utils.dart:74:41)
#825    WidgetTester.pumpWidget (package:flutter_test/src/widget_tester.dart:595:27)
#826    main.<anonymous closure>.<anonymous closure> (file:///home/alexc/Projects/CardMind/test/screens/home_screen_adaptive_test.dart:127:20)
#827    testWidgets.<anonymous closure>.<anonymous closure> (package:flutter_test/src/widget_tester.dart:192:29)
<asynchronous suspension>
#828    TestWidgetsFlutterBinding._runTestBody (package:flutter_test/src/binding.dart:1059:5)
<asynchronous suspension>
<asynchronous suspension>
(elided 8 frames from dart:async and package:stack_trace)

00:20 +402 -23: /home/alexc/Projects/CardMind/test/specs/home_screen_spec_test.dart: SP-FLUT-008: Home Screen Sync Status Display it_should_show_syncing_indicator_when_syncing                        00:20 +402 -23: /home/alexc/Projects/CardMind/test/screens/home_screen_adaptive_test.dart: HomeScreen Adaptive UI it_should_display_settings_button                                                    
══╡ EXCEPTION CAUGHT BY FLUTTER TEST FRAMEWORK ╞════════════════════════════════════════════════════
The following assertion was thrown running a test:
A Timer is still pending even after the widget tree was disposed.
'package:flutter_test/src/binding.dart':
Failed assertion: line 1617 pos 12: '!timersPending'

When the exception was thrown, this was the stack:
#2      AutomatedTestWidgetsFlutterBinding._verifyInvariants (package:flutter_test/src/binding.dart:1617:12)
#3      TestWidgetsFlutterBinding._runTestBody (package:flutter_test/src/binding.dart:1078:7)
<asynchronous suspension>
<asynchronous suspension>
(elided 3 frames from class _AssertionError and package:stack_trace)

The test description was:
  it_should_display_settings_button
════════════════════════════════════════════════════════════════════════════════════════════════════
00:20 +402 -24: /home/alexc/Projects/CardMind/test/screens/home_screen_adaptive_test.dart: HomeScreen Adaptive UI it_should_display_settings_button [E]                                                
  Test failed. See exception logs above.
  The test description was: it_should_display_settings_button
  

To run this test again: /home/alexc/.asdf/installs/flutter/3.38.5-stable/bin/cache/dart-sdk/bin/dart test /home/alexc/Projects/CardMind/test/screens/home_screen_adaptive_test.dart -p vm --plain-name 'HomeScreen Adaptive UI it_should_display_settings_button'
00:21 +403 -24: /home/alexc/Projects/CardMind/test/specs/home_screen_spec_test.dart: SP-FLUT-008: Home Screen Sync Status Display it_should_show_syncing_indicator_when_syncing                        00:21 +404 -24: /home/alexc/Projects/CardMind/test/specs/home_screen_spec_test.dart: SP-FLUT-008: Home Screen Sync Status Display it_should_show_syncing_indicator_when_syncing                        00:21 +405 -24: /home/alexc/Projects/CardMind/test/specs/home_screen_spec_test.dart: SP-FLUT-008: Home Screen Sync Status Display it_should_show_syncing_indicator_when_syncing                        00:21 +406 -24: /home/alexc/Projects/CardMind/test/specs/home_screen_spec_test.dart: SP-FLUT-008: Home Screen Sync Status Display it_should_show_syncing_indicator_when_syncing                        00:21 +406 -24: /home/alexc/Projects/CardMind/test/integration/user_journey_test.dart: User Journey Integration Tests Card Lifecycle Journey it_should_complete_card_create_edit_delete_flow           
[SUCCESS] 创建新笔记
00:21 +407 -24: /home/alexc/Projects/CardMind/test/specs/home_screen_spec_test.dart: SP-FLUT-008: Home Screen Sync Status Display it_should_show_syncing_indicator_when_syncing                        00:21 +408 -24: /home/alexc/Projects/CardMind/test/specs/home_screen_spec_test.dart: SP-FLUT-008: Home Screen Sync Status Display it_should_show_syncing_indicator_when_syncing                        00:21 +409 -24: /home/alexc/Projects/CardMind/test/specs/home_screen_spec_test.dart: SP-FLUT-008: Home Screen Sync Status Display it_should_show_syncing_indicator_when_syncing                        00:21 +409 -24: /home/alexc/Projects/CardMind/test/screens/home_screen_adaptive_test.dart: HomeScreen Adaptive UI it_should_show_empty_state_when_no_cards                                             
Pending timers:
Timer (duration: 0:00:00.500000, periodic: false), created:
#0      new FakeTimer._ (package:fake_async/fake_async.dart:342:62)
#1      FakeAsync._createTimer (package:fake_async/fake_async.dart:260:29)
#2      FakeAsync.run.<anonymous closure> (package:fake_async/fake_async.dart:185:15)
#6      _HomeScreenState.initState (package:cardmind/screens/home_screen.dart:60:12)
#7      StatefulElement._firstBuild (package:flutter/src/widgets/framework.dart:5953:55)
#8      ComponentElement.mount (package:flutter/src/widgets/framework.dart:5796:5)
...     Normal element mounting (7 frames)
#15     _InheritedProviderScopeElement.mount (package:provider/src/inherited_provider.dart:424:11)
...     Normal element mounting (7 frames)
#22     SingleChildWidgetElementMixin.mount (package:nested/nested.dart:222:11)
...     Normal element mounting (260 frames)
#282    Element.inflateWidget (package:flutter/src/widgets/framework.dart:4590:20)
#283    MultiChildRenderObjectElement.inflateWidget (package:flutter/src/widgets/framework.dart:7269:36)
#284    MultiChildRenderObjectElement.mount (package:flutter/src/widgets/framework.dart:7285:32)
...     Normal element mounting (465 frames)
#749    Element.inflateWidget (package:flutter/src/widgets/framework.dart:4590:20)
#750    Element.updateChild (package:flutter/src/widgets/framework.dart:4053:20)
#751    ComponentElement.performRebuild (package:flutter/src/widgets/framework.dart:5844:16)
#752    Element.rebuild (package:flutter/src/widgets/framework.dart:5532:7)
#753    ProxyElement.update (package:flutter/src/widgets/framework.dart:6152:5)
#754    _InheritedNotifierElement.update (package:flutter/src/widgets/inherited_notifier.dart:108:11)
#755    Element.updateChild (package:flutter/src/widgets/framework.dart:4037:15)
#756    ComponentElement.performRebuild (package:flutter/src/widgets/framework.dart:5844:16)
#757    StatefulElement.performRebuild (package:flutter/src/widgets/framework.dart:5985:11)
#758    Element.rebuild (package:flutter/src/widgets/framework.dart:5532:7)
#759    StatefulElement.update (package:flutter/src/widgets/framework.dart:6010:5)
#760    Element.updateChild (package:flutter/src/widgets/framework.dart:4037:15)
#761    ComponentElement.performRebuild (package:flutter/src/widgets/framework.dart:5844:16)
#762    Element.rebuild (package:flutter/src/widgets/framework.dart:5532:7)
#763    ProxyElement.update (package:flutter/src/widgets/framework.dart:6152:5)
#764    _InheritedNotifierElement.update (package:flutter/src/widgets/inherited_notifier.dart:108:11)
#765    Element.updateChild (package:flutter/src/widgets/framework.dart:4037:15)
#766    ComponentElement.performRebuild (package:flutter/src/widgets/framework.dart:5844:16)
#767    StatefulElement.performRebuild (package:flutter/src/widgets/framework.dart:5985:11)
#768    Element.rebuild (package:flutter/src/widgets/framework.dart:5532:7)
#769    StatefulElement.update (package:flutter/src/widgets/framework.dart:6010:5)
#770    Element.updateChild (package:flutter/src/widgets/framework.dart:4037:15)
#771    ComponentElement.performRebuild (package:flutter/src/widgets/framework.dart:5844:16)
#772    StatefulElement.performRebuild (package:flutter/src/widgets/framework.dart:5985:11)
#773    Element.rebuild (package:flutter/src/widgets/framework.dart:5532:7)
#774    StatefulElement.update (package:flutter/src/widgets/framework.dart:6010:5)
#775    Element.updateChild (package:flutter/src/widgets/framework.dart:4037:15)
#776    ComponentElement.performRebuild (package:flutter/src/widgets/framework.dart:5844:16)
#777    Element.rebuild (package:flutter/src/widgets/framework.dart:5532:7)
#778    ProxyElement.update (package:flutter/src/widgets/framework.dart:6152:5)
#779    Element.updateChild (package:flutter/src/widgets/framework.dart:4037:15)
#780    ComponentElement.performRebuild (package:flutter/src/widgets/framework.dart:5844:16)
#781    StatefulElement.performRebuild (package:flutter/src/widgets/framework.dart:5985:11)
#782    Element.rebuild (package:flutter/src/widgets/framework.dart:5532:7)
#783    StatefulElement.update (package:flutter/src/widgets/framework.dart:6010:5)
#784    Element.updateChild (package:flutter/src/widgets/framework.dart:4037:15)
#785    ComponentElement.performRebuild (package:flutter/src/widgets/framework.dart:5844:16)
#786    Element.rebuild (package:flutter/src/widgets/framework.dart:5532:7)
#787    ProxyElement.update (package:flutter/src/widgets/framework.dart:6152:5)
#788    Element.updateChild (package:flutter/src/widgets/framework.dart:4037:15)
#789    ComponentElement.performRebuild (package:flutter/src/widgets/framework.dart:5844:16)
#790    Element.rebuild (package:flutter/src/widgets/framework.dart:5532:7)
#791    ProxyElement.update (package:flutter/src/widgets/framework.dart:6152:5)
#792    Element.updateChild (package:flutter/src/widgets/framework.dart:4037:15)
#793    _RawViewElement._updateChild (package:flutter/src/widgets/view.dart:481:16)
#794    _RawViewElement.update (package:flutter/src/widgets/view.dart:568:5)
#795    Element.updateChild (package:flutter/src/widgets/framework.dart:4037:15)
#796    ComponentElement.performRebuild (package:flutter/src/widgets/framework.dart:5844:16)
#797    Element.rebuild (package:flutter/src/widgets/framework.dart:5532:7)
#798    StatelessElement.update (package:flutter/src/widgets/framework.dart:5898:5)
#799    Element.updateChild (package:flutter/src/widgets/framework.dart:4037:15)
#800    ComponentElement.performRebuild (package:flutter/src/widgets/framework.dart:5844:16)
#801    StatefulElement.performRebuild (package:flutter/src/widgets/framework.dart:5985:11)
#802    Element.rebuild (package:flutter/src/widgets/framework.dart:5532:7)
#803    StatefulElement.update (package:flutter/src/widgets/framework.dart:6010:5)
#804    Element.updateChild (package:flutter/src/widgets/framework.dart:4037:15)
#805    RootElement._rebuild (package:flutter/src/widgets/binding.dart:1782:16)
#806    RootElement.update (package:flutter/src/widgets/binding.dart:1760:5)
#807    RootElement.performRebuild (package:flutter/src/widgets/binding.dart:1774:7)
#808    Element.rebuild (package:flutter/src/widgets/framework.dart:5532:7)
#809    BuildScope._tryRebuild (package:flutter/src/widgets/framework.dart:2750:15)
#810    BuildScope._flushDirtyElements (package:flutter/src/widgets/framework.dart:2807:11)
#811    BuildOwner.buildScope (package:flutter/src/widgets/framework.dart:3111:18)
#812    AutomatedTestWidgetsFlutterBinding.drawFrame (package:flutter_test/src/binding.dart:1506:19)
#813    RendererBinding._handlePersistentFrameCallback (package:flutter/src/rendering/binding.dart:495:5)
#814    SchedulerBinding._invokeFrameCallback (package:flutter/src/scheduler/binding.dart:1434:15)
#815    SchedulerBinding.handleDrawFrame (package:flutter/src/scheduler/binding.dart:1347:9)
#816    AutomatedTestWidgetsFlutterBinding.pump.<anonymous closure> (package:flutter_test/src/binding.dart:1335:9)
#819    TestAsyncUtils.guard (package:flutter_test/src/test_async_utils.dart:74:41)
#820    AutomatedTestWidgetsFlutterBinding.pump (package:flutter_test/src/binding.dart:1324:27)
#821    WidgetTester.pumpWidget.<anonymous closure> (package:flutter_test/src/widget_tester.dart:598:22)
#824    TestAsyncUtils.guard (package:flutter_test/src/test_async_utils.dart:74:41)
#825    WidgetTester.pumpWidget (package:flutter_test/src/widget_tester.dart:595:27)
#826    main.<anonymous closure>.<anonymous closure> (file:///home/alexc/Projects/CardMind/test/screens/home_screen_adaptive_test.dart:146:20)
#827    testWidgets.<anonymous closure>.<anonymous closure> (package:flutter_test/src/widget_tester.dart:192:29)
<asynchronous suspension>
#828    TestWidgetsFlutterBinding._runTestBody (package:flutter_test/src/binding.dart:1059:5)
<asynchronous suspension>
<asynchronous suspension>
(elided 8 frames from dart:async and package:stack_trace)

══╡ EXCEPTION CAUGHT BY FLUTTER TEST FRAMEWORK ╞════════════════════════════════════════════════════
The following assertion was thrown running a test:
A Timer is still pending even after the widget tree was disposed.
'package:flutter_test/src/binding.dart':
Failed assertion: line 1617 pos 12: '!timersPending'

When the exception was thrown, this was the stack:
#2      AutomatedTestWidgetsFlutterBinding._verifyInvariants (package:flutter_test/src/binding.dart:1617:12)
#3      TestWidgetsFlutterBinding._runTestBody (package:flutter_test/src/binding.dart:1078:7)
<asynchronous suspension>
<asynchronous suspension>
(elided 3 frames from class _AssertionError and package:stack_trace)

The test description was:
  it_should_show_empty_state_when_no_cards
════════════════════════════════════════════════════════════════════════════════════════════════════
00:21 +409 -25: /home/alexc/Projects/CardMind/test/screens/home_screen_adaptive_test.dart: HomeScreen Adaptive UI it_should_show_empty_state_when_no_cards [E]                                         
  Test failed. See exception logs above.
  The test description was: it_should_show_empty_state_when_no_cards
  

To run this test again: /home/alexc/.asdf/installs/flutter/3.38.5-stable/bin/cache/dart-sdk/bin/dart test /home/alexc/Projects/CardMind/test/screens/home_screen_adaptive_test.dart -p vm --plain-name 'HomeScreen Adaptive UI it_should_show_empty_state_when_no_cards'
00:21 +410 -25: /home/alexc/Projects/CardMind/test/specs/home_screen_spec_test.dart: SP-FLUT-008: Home Screen Sync Status Display it_should_show_syncing_indicator_when_syncing                        00:21 +410 -25: /home/alexc/Projects/CardMind/test/specs/home_screen_ui_spec_test.dart: SP-UI-005: Home Screen UI Search Functionality Tests it_should_display_search_placeholder                      
Pending timers:
Timer (duration: 0:00:00.500000, periodic: false), created:
00:21 +411 -25: /home/alexc/Projects/CardMind/test/specs/home_screen_spec_test.dart: SP-FLUT-008: Home Screen Sync Status Display it_should_show_syncing_indicator_when_syncing                        00:21 +411 -25: /home/alexc/Projects/CardMind/test/specs/home_screen_ui_spec_test.dart: SP-UI-005: Home Screen UI Search Functionality Tests it_should_display_search_placeholder                      
#0      new FakeTimer._ (package:fake_async/fake_async.dart:342:62)
#1      FakeAsync._createTimer (package:fake_async/fake_async.dart:260:29)
#2      FakeAsync.run.<anonymous closure> (package:fake_async/fake_async.dart:185:15)
#6      _HomeScreenState.initState (package:cardmind/screens/home_screen.dart:60:12)
#7      StatefulElement._firstBuild (package:flutter/src/widgets/framework.dart:5953:55)
#8      ComponentElement.mount (package:flutter/src/widgets/framework.dart:5796:5)
...     Normal element mounting (7 frames)
#15     _InheritedProviderScopeElement.mount (package:provider/src/inherited_provider.dart:424:11)
...     Normal element mounting (7 frames)
#22     SingleChildWidgetElementMixin.mount (package:nested/nested.dart:222:11)
...     Normal element mounting (260 frames)
#282    Element.inflateWidget (package:flutter/src/widgets/framework.dart:4590:20)
#283    MultiChildRenderObjectElement.inflateWidget (package:flutter/src/widgets/framework.dart:7269:36)
#284    MultiChildRenderObjectElement.mount (package:flutter/src/widgets/framework.dart:7285:32)
...     Normal element mounting (465 frames)
#749    Element.inflateWidget (package:flutter/src/widgets/framework.dart:4590:20)
#750    Element.updateChild (package:flutter/src/widgets/framework.dart:4053:20)
#751    ComponentElement.performRebuild (package:flutter/src/widgets/framework.dart:5844:16)
#752    Element.rebuild (package:flutter/src/widgets/framework.dart:5532:7)
#753    ProxyElement.update (package:flutter/src/widgets/framework.dart:6152:5)
#754    _InheritedNotifierElement.update (package:flutter/src/widgets/inherited_notifier.dart:108:11)
#755    Element.updateChild (package:flutter/src/widgets/framework.dart:4037:15)
#756    ComponentElement.performRebuild (package:flutter/src/widgets/framework.dart:5844:16)
#757    StatefulElement.performRebuild (package:flutter/src/widgets/framework.dart:5985:11)
#758    Element.rebuild (package:flutter/src/widgets/framework.dart:5532:7)
#759    StatefulElement.update (package:flutter/src/widgets/framework.dart:6010:5)
#760    Element.updateChild (package:flutter/src/widgets/framework.dart:4037:15)
#761    ComponentElement.performRebuild (package:flutter/src/widgets/framework.dart:5844:16)
#762    Element.rebuild (package:flutter/src/widgets/framework.dart:5532:7)
#763    ProxyElement.update (package:flutter/src/widgets/framework.dart:6152:5)
#764    _InheritedNotifierElement.update (package:flutter/src/widgets/inherited_notifier.dart:108:11)
#765    Element.updateChild (package:flutter/src/widgets/framework.dart:4037:15)
#766    ComponentElement.performRebuild (package:flutter/src/widgets/framework.dart:5844:16)
#767    StatefulElement.performRebuild (package:flutter/src/widgets/framework.dart:5985:11)
#768    Element.rebuild (package:flutter/src/widgets/framework.dart:5532:7)
#769    StatefulElement.update (package:flutter/src/widgets/framework.dart:6010:5)
#770    Element.updateChild (package:flutter/src/widgets/framework.dart:4037:15)
#771    ComponentElement.performRebuild (package:flutter/src/widgets/framework.dart:5844:16)
#772    StatefulElement.performRebuild (package:flutter/src/widgets/framework.dart:5985:11)
#773    Element.rebuild (package:flutter/src/widgets/framework.dart:5532:7)
#774    StatefulElement.update (package:flutter/src/widgets/framework.dart:6010:5)
#775    Element.updateChild (package:flutter/src/widgets/framework.dart:4037:15)
#776    ComponentElement.performRebuild (package:flutter/src/widgets/framework.dart:5844:16)
#777    Element.rebuild (package:flutter/src/widgets/framework.dart:5532:7)
#778    ProxyElement.update (package:flutter/src/widgets/framework.dart:6152:5)
#779    Element.updateChild (package:flutter/src/widgets/framework.dart:4037:15)
#780    ComponentElement.performRebuild (package:flutter/src/widgets/framework.dart:5844:16)
#781    StatefulElement.performRebuild (package:flutter/src/widgets/framework.dart:5985:11)
#782    Element.rebuild (package:flutter/src/widgets/framework.dart:5532:7)
#783    StatefulElement.update (package:flutter/src/widgets/framework.dart:6010:5)
#784    Element.updateChild (package:flutter/src/widgets/framework.dart:4037:15)
#785    ComponentElement.performRebuild (package:flutter/src/widgets/framework.dart:5844:16)
#786    Element.rebuild (package:flutter/src/widgets/framework.dart:5532:7)
#787    ProxyElement.update (package:flutter/src/widgets/framework.dart:6152:5)
#788    Element.updateChild (package:flutter/src/widgets/framework.dart:4037:15)
#789    ComponentElement.performRebuild (package:flutter/src/widgets/framework.dart:5844:16)
#790    Element.rebuild (package:flutter/src/widgets/framework.dart:5532:7)
#791    ProxyElement.update (package:flutter/src/widgets/framework.dart:6152:5)
#792    Element.updateChild (package:flutter/src/widgets/framework.dart:4037:15)
#793    _RawViewElement._updateChild (package:flutter/src/widgets/view.dart:481:16)
#794    _RawViewElement.update (package:flutter/src/widgets/view.dart:568:5)
#795    Element.updateChild (package:flutter/src/widgets/framework.dart:4037:15)
#796    ComponentElement.performRebuild (package:flutter/src/widgets/framework.dart:5844:16)
#797    Element.rebuild (package:flutter/src/widgets/framework.dart:5532:7)
#798    StatelessElement.update (package:flutter/src/widgets/framework.dart:5898:5)
#799    Element.updateChild (package:flutter/src/widgets/framework.dart:4037:15)
#800    ComponentElement.performRebuild (package:flutter/src/widgets/framework.dart:5844:16)
#801    StatefulElement.performRebuild (package:flutter/src/widgets/framework.dart:5985:11)
#802    Element.rebuild (package:flutter/src/widgets/framework.dart:5532:7)
#803    StatefulElement.update (package:flutter/src/widgets/framework.dart:6010:5)
#804    Element.updateChild (package:flutter/src/widgets/framework.dart:4037:15)
#805    RootElement._rebuild (package:flutter/src/widgets/binding.dart:1782:16)
#806    RootElement.update (package:flutter/src/widgets/binding.dart:1760:5)
#807    RootElement.performRebuild (package:flutter/src/widgets/binding.dart:1774:7)
#808    Element.rebuild (package:flutter/src/widgets/framework.dart:5532:7)
#809    BuildScope._tryRebuild (package:flutter/src/widgets/framework.dart:2750:15)
#810    BuildScope._flushDirtyElements (package:flutter/src/widgets/framework.dart:2807:11)
#811    BuildOwner.buildScope (package:flutter/src/widgets/framework.dart:3111:18)
#812    AutomatedTestWidgetsFlutterBinding.drawFrame (package:flutter_test/src/binding.dart:1506:19)
#813    RendererBinding._handlePersistentFrameCallback (package:flutter/src/rendering/binding.dart:495:5)
#814    SchedulerBinding._invokeFrameCallback (package:flutter/src/scheduler/binding.dart:1434:15)
#815    SchedulerBinding.handleDrawFrame (package:flutter/src/scheduler/binding.dart:1347:9)
#816    AutomatedTestWidgetsFlutterBinding.pump.<anonymous closure> (package:flutter_test/src/binding.dart:1335:9)
#819    TestAsyncUtils.guard (package:flutter_test/src/test_async_utils.dart:74:41)
#820    AutomatedTestWidgetsFlutterBinding.pump (package:flutter_test/src/binding.dart:1324:27)
#821    WidgetTester.pumpWidget.<anonymous closure> (package:flutter_test/src/widget_tester.dart:598:22)
#824    TestAsyncUtils.guard (package:flutter_test/src/test_async_utils.dart:74:41)
#825    WidgetTester.pumpWidget (package:flutter_test/src/widget_tester.dart:595:27)
#826    main.<anonymous closure>.<anonymous closure>.<anonymous closure> (file:///home/alexc/Projects/CardMind/test/specs/home_screen_ui_spec_test.dart:236:22)
#827    testWidgets.<anonymous closure>.<anonymous closure> (package:flutter_test/src/widget_tester.dart:192:29)
<asynchronous suspension>
#828    TestWidgetsFlutterBinding._runTestBody (package:flutter_test/src/binding.dart:1059:5)
<asynchronous suspension>
<asynchronous suspension>
(elided 8 frames from dart:async and package:stack_trace)

══╡ EXCEPTION CAUGHT BY FLUTTER TEST FRAMEWORK ╞════════════════════════════════════════════════════
The following assertion was thrown running a test:
A Timer is still pending even after the widget tree was disposed.
'package:flutter_test/src/binding.dart':
Failed assertion: line 1617 pos 12: '!timersPending'

When the exception was thrown, this was the stack:
#2      AutomatedTestWidgetsFlutterBinding._verifyInvariants (package:flutter_test/src/binding.dart:1617:12)
#3      TestWidgetsFlutterBinding._runTestBody (package:flutter_test/src/binding.dart:1078:7)
<asynchronous suspension>
<asynchronous suspension>
(elided 3 frames from class _AssertionError and package:stack_trace)

The test description was:
  it_should_display_search_placeholder
════════════════════════════════════════════════════════════════════════════════════════════════════
00:21 +411 -26: /home/alexc/Projects/CardMind/test/specs/home_screen_ui_spec_test.dart: SP-UI-005: Home Screen UI Search Functionality Tests it_should_display_search_placeholder [E]                  
  Test failed. See exception logs above.
  The test description was: it_should_display_search_placeholder
  

To run this test again: /home/alexc/.asdf/installs/flutter/3.38.5-stable/bin/cache/dart-sdk/bin/dart test /home/alexc/Projects/CardMind/test/specs/home_screen_ui_spec_test.dart -p vm --plain-name 'SP-UI-005: Home Screen UI Search Functionality Tests it_should_display_search_placeholder'
00:21 +411 -26: /home/alexc/Projects/CardMind/test/integration/toast_notification_test.dart: HomeScreen Integration Tests - Toast Notifications should update note successfully                        
Pending timers:
Timer (duration: 0:00:00.500000, periodic: false), created:
00:21 +411 -26: /home/alexc/Projects/CardMind/test/integration/user_journey_test.dart: User Journey Integration Tests Card Lifecycle Journey it_should_complete_card_create_edit_delete_flow           
Pending timers:
Timer (duration: 0:00:00.500000, periodic: false), created:
#0      new FakeTimer._ (package:fake_async/fake_async.dart:342:62)
#1      FakeAsync._createTimer (package:fake_async/fake_async.dart:260:29)
#2      FakeAsync.run.<anonymous closure> (package:fake_async/fake_async.dart:185:15)
#6      _HomeScreenState.initState (package:cardmind/screens/home_screen.dart:60:12)
#7      StatefulElement._firstBuild (package:flutter/src/widgets/framework.dart:5953:55)
#8      ComponentElement.mount (package:flutter/src/widgets/framework.dart:5796:5)
...     Normal element mounting (260 frames)
#268    Element.inflateWidget (package:flutter/src/widgets/framework.dart:4590:20)
#269    MultiChildRenderObjectElement.inflateWidget (package:flutter/src/widgets/framework.dart:7269:36)
#270    MultiChildRenderObjectElement.mount (package:flutter/src/widgets/framework.dart:7285:32)
...     Normal element mounting (471 frames)
#741    _InheritedProviderScopeElement.mount (package:provider/src/inherited_provider.dart:424:11)
...     Normal element mounting (7 frames)
#748    _InheritedProviderScopeElement.mount (package:provider/src/inherited_provider.dart:424:11)
...     Normal element mounting (7 frames)
#755    SingleChildWidgetElementMixin.mount (package:nested/nested.dart:222:11)
...     Normal element mounting (7 frames)
#762    _NestedHookElement.mount (package:nested/nested.dart:187:11)
...     Normal element mounting (7 frames)
#769    SingleChildWidgetElementMixin.mount (package:nested/nested.dart:222:11)
...     Normal element mounting (7 frames)
#776    Element.inflateWidget (package:flutter/src/widgets/framework.dart:4590:20)
#777    Element.updateChild (package:flutter/src/widgets/framework.dart:4053:20)
#778    ComponentElement.performRebuild (package:flutter/src/widgets/framework.dart:5844:16)
#779    Element.rebuild (package:flutter/src/widgets/framework.dart:5532:7)
#780    ProxyElement.update (package:flutter/src/widgets/framework.dart:6152:5)
#781    _InheritedNotifierElement.update (package:flutter/src/widgets/inherited_notifier.dart:108:11)
#782    Element.updateChild (package:flutter/src/widgets/framework.dart:4037:15)
#783    ComponentElement.performRebuild (package:flutter/src/widgets/framework.dart:5844:16)
#784    StatefulElement.performRebuild (package:flutter/src/widgets/framework.dart:5985:11)
#785    Element.rebuild (package:flutter/src/widgets/framework.dart:5532:7)
#786    StatefulElement.update (package:flutter/src/widgets/framework.dart:6010:5)
#787    Element.updateChild (package:flutter/src/widgets/framework.dart:4037:15)
#788    ComponentElement.performRebuild (package:flutter/src/widgets/framework.dart:5844:16)
#789    Element.rebuild (package:flutter/src/widgets/framework.dart:5532:7)
#790    ProxyElement.update (package:flutter/src/widgets/framework.dart:6152:5)
#791    _InheritedNotifierElement.update (package:flutter/src/widgets/inherited_notifier.dart:108:11)
#792    Element.updateChild (package:flutter/src/widgets/framework.dart:4037:15)
#793    ComponentElement.performRebuild (package:flutter/src/widgets/framework.dart:5844:16)
#794    StatefulElement.performRebuild (package:flutter/src/widgets/framework.dart:5985:11)
#795    Element.rebuild (package:flutter/src/widgets/framework.dart:5532:7)
#796    StatefulElement.update (package:flutter/src/widgets/framework.dart:6010:5)
#797    Element.updateChild (package:flutter/src/widgets/framework.dart:4037:15)
#798    ComponentElement.performRebuild (package:flutter/src/widgets/framework.dart:5844:16)
#799    StatefulElement.performRebuild (package:flutter/src/widgets/framework.dart:5985:11)
#800    Element.rebuild (package:flutter/src/widgets/framework.dart:5532:7)
#801    StatefulElement.update (package:flutter/src/widgets/framework.dart:6010:5)
#802    Element.updateChild (package:flutter/src/widgets/framework.dart:4037:15)
#803    ComponentElement.performRebuild (package:flutter/src/widgets/framework.dart:5844:16)
#804    Element.rebuild (package:flutter/src/widgets/framework.dart:5532:7)
#805    ProxyElement.update (package:flutter/src/widgets/framework.dart:6152:5)
#806    Element.updateChild (package:flutter/src/widgets/framework.dart:4037:15)
#807    ComponentElement.performRebuild (package:flutter/src/widgets/framework.dart:5844:16)
#808    StatefulElement.performRebuild (package:flutter/src/widgets/framework.dart:5985:11)
#809    Element.rebuild (package:flutter/src/widgets/framework.dart:5532:7)
#810    StatefulElement.update (package:flutter/src/widgets/framework.dart:6010:5)
#811    Element.updateChild (package:flutter/src/widgets/framework.dart:4037:15)
#812    ComponentElement.performRebuild (package:flutter/src/widgets/framework.dart:5844:16)
#813    Element.rebuild (package:flutter/src/widgets/framework.dart:5532:7)
#814    ProxyElement.update (package:flutter/src/widgets/framework.dart:6152:5)
#815    Element.updateChild (package:flutter/src/widgets/framework.dart:4037:15)
#816    ComponentElement.performRebuild (package:flutter/src/widgets/framework.dart:5844:16)
#817    Element.rebuild (package:flutter/src/widgets/framework.dart:5532:7)
#818    ProxyElement.update (package:flutter/src/widgets/framework.dart:6152:5)
#819    Element.updateChild (package:flutter/src/widgets/framework.dart:4037:15)
#820    _RawViewElement._updateChild (package:flutter/src/widgets/view.dart:481:16)
#821    _RawViewElement.update (package:flutter/src/widgets/view.dart:568:5)
#822    Element.updateChild (package:flutter/src/widgets/framework.dart:4037:15)
#823    ComponentElement.performRebuild (package:flutter/src/widgets/framework.dart:5844:16)
#824    Element.rebuild (package:flutter/src/widgets/framework.dart:5532:7)
#825    StatelessElement.update (package:flutter/src/widgets/framework.dart:5898:5)
#826    Element.updateChild (package:flutter/src/widgets/framework.dart:4037:15)
#827    ComponentElement.performRebuild (package:flutter/src/widgets/framework.dart:5844:16)
#828    StatefulElement.performRebuild (package:flutter/src/widgets/framework.dart:5985:11)
#829    Element.rebuild (package:flutter/src/widgets/framework.dart:5532:7)
#830    StatefulElement.update (package:flutter/src/widgets/framework.dart:6010:5)
#831    Element.updateChild (package:flutter/src/widgets/framework.dart:4037:15)
#832    RootElement._rebuild (package:flutter/src/widgets/binding.dart:1782:16)
#833    RootElement.update (package:flutter/src/widgets/binding.dart:1760:5)
#834    RootElement.performRebuild (package:flutter/src/widgets/binding.dart:1774:7)
#835    Element.rebuild (package:flutter/src/widgets/framework.dart:5532:7)
#836    BuildScope._tryRebuild (package:flutter/src/widgets/framework.dart:2750:15)
#837    BuildScope._flushDirtyElements (package:flutter/src/widgets/framework.dart:2807:11)
#838    BuildOwner.buildScope (package:flutter/src/widgets/framework.dart:3111:18)
#839    AutomatedTestWidgetsFlutterBinding.drawFrame (package:flutter_test/src/binding.dart:1506:19)
#840    RendererBinding._handlePersistentFrameCallback (package:flutter/src/rendering/binding.dart:495:5)
#841    SchedulerBinding._invokeFrameCallback (package:flutter/src/scheduler/binding.dart:1434:15)
#842    SchedulerBinding.handleDrawFrame (package:flutter/src/scheduler/binding.dart:1347:9)
#843    AutomatedTestWidgetsFlutterBinding.pump.<anonymous closure> (package:flutter_test/src/binding.dart:1335:9)
#846    TestAsyncUtils.guard (package:flutter_test/src/test_async_utils.dart:74:41)
#847    AutomatedTestWidgetsFlutterBinding.pump (package:flutter_test/src/binding.dart:1324:27)
#848    WidgetTester.pumpWidget.<anonymous closure> (package:flutter_test/src/widget_tester.dart:598:22)
#851    TestAsyncUtils.guard (package:flutter_test/src/test_async_utils.dart:74:41)
#852    WidgetTester.pumpWidget (package:flutter_test/src/widget_tester.dart:595:27)
#853    main.<anonymous closure>.<anonymous closure>.<anonymous closure> (file:///home/alexc/Projects/CardMind/test/integration/user_journey_test.dart:76:22)
#854    testWidgets.<anonymous closure>.<anonymous closure> (package:flutter_test/src/widget_tester.dart:192:29)
<asynchronous suspension>
#855    TestWidgetsFlutterBinding._runTestBody (package:flutter_test/src/binding.dart:1059:5)
<asynchronous suspension>
<asynchronous suspension>
(elided 8 frames from dart:async and package:stack_trace)

══╡ EXCEPTION CAUGHT BY FLUTTER TEST FRAMEWORK ╞════════════════════════════════════════════════════
The following assertion was thrown running a test:
A Timer is still pending even after the widget tree was disposed.
'package:flutter_test/src/binding.dart':
Failed assertion: line 1617 pos 12: '!timersPending'

When the exception was thrown, this was the stack:
#2      AutomatedTestWidgetsFlutterBinding._verifyInvariants (package:flutter_test/src/binding.dart:1617:12)
#3      TestWidgetsFlutterBinding._runTestBody (package:flutter_test/src/binding.dart:1078:7)
<asynchronous suspension>
<asynchronous suspension>
(elided 3 frames from class _AssertionError and package:stack_trace)

The test description was:
  it_should_complete_card_create_edit_delete_flow
════════════════════════════════════════════════════════════════════════════════════════════════════
00:21 +411 -27: /home/alexc/Projects/CardMind/test/integration/user_journey_test.dart: User Journey Integration Tests Card Lifecycle Journey it_should_complete_card_create_edit_delete_flow [E]       
  Test failed. See exception logs above.
  The test description was: it_should_complete_card_create_edit_delete_flow
  

To run this test again: /home/alexc/.asdf/installs/flutter/3.38.5-stable/bin/cache/dart-sdk/bin/dart test /home/alexc/Projects/CardMind/test/integration/user_journey_test.dart -p vm --plain-name 'User Journey Integration Tests Card Lifecycle Journey it_should_complete_card_create_edit_delete_flow'
00:21 +411 -27: /home/alexc/Projects/CardMind/test/specs/device_manager_ui_spec_test.dart: SP-UI-003: Device Manager UI Performance Tests it_should_render_panel_within_100ms                          
══╡ EXCEPTION CAUGHT BY FLUTTER TEST FRAMEWORK ╞════════════════════════════════════════════════════
The following TestFailure was thrown running a test:
Expected: a value less than <100>
  Actual: <104>
   Which: is not a value less than <100>

When the exception was thrown, this was the stack:
#4      main.<anonymous closure>.<anonymous closure>.<anonymous closure> (file:///home/alexc/Projects/CardMind/test/specs/device_manager_ui_spec_test.dart:719:9)
<asynchronous suspension>
#5      testWidgets.<anonymous closure>.<anonymous closure> (package:flutter_test/src/widget_tester.dart:192:15)
<asynchronous suspension>
#6      TestWidgetsFlutterBinding._runTestBody (package:flutter_test/src/binding.dart:1059:5)
<asynchronous suspension>
<asynchronous suspension>
(elided one frame from package:stack_trace)

This was caught by the test expectation on the following line:
  file:///home/alexc/Projects/CardMind/test/specs/device_manager_ui_spec_test.dart line 719
The test description was:
  it_should_render_panel_within_100ms
════════════════════════════════════════════════════════════════════════════════════════════════════
00:21 +411 -28: /home/alexc/Projects/CardMind/test/specs/device_manager_ui_spec_test.dart: SP-UI-003: Device Manager UI Performance Tests it_should_render_panel_within_100ms [E]                      
  Test failed. See exception logs above.
  The test description was: it_should_render_panel_within_100ms
  

To run this test again: /home/alexc/.asdf/installs/flutter/3.38.5-stable/bin/cache/dart-sdk/bin/dart test /home/alexc/Projects/CardMind/test/specs/device_manager_ui_spec_test.dart -p vm --plain-name 'SP-UI-003: Device Manager UI Performance Tests it_should_render_panel_within_100ms'
00:21 +411 -28: /home/alexc/Projects/CardMind/test/integration/toast_notification_test.dart: HomeScreen Integration Tests - Toast Notifications should update note successfully                        
#0      new FakeTimer._ (package:fake_async/fake_async.dart:342:62)
#1      FakeAsync._createTimer (package:fake_async/fake_async.dart:260:29)
#2      FakeAsync.run.<anonymous closure> (package:fake_async/fake_async.dart:185:15)
#6      _HomeScreenState.initState (package:cardmind/screens/home_screen.dart:60:12)
#7      StatefulElement._firstBuild (package:flutter/src/widgets/framework.dart:5953:55)
#8      ComponentElement.mount (package:flutter/src/widgets/framework.dart:5796:5)
...     Normal element mounting (7 frames)
#15     _InheritedProviderScopeElement.mount (package:provider/src/inherited_provider.dart:424:11)
...     Normal element mounting (7 frames)
#22     SingleChildWidgetElementMixin.mount (package:nested/nested.dart:222:11)
...     Normal element mounting (260 frames)
#282    Element.inflateWidget (package:flutter/src/widgets/framework.dart:4590:20)
#283    MultiChildRenderObjectElement.inflateWidget (package:flutter/src/widgets/framework.dart:7269:36)
#284    MultiChildRenderObjectElement.mount (package:flutter/src/widgets/framework.dart:7285:32)
...     Normal element mounting (465 frames)
#749    Element.inflateWidget (package:flutter/src/widgets/framework.dart:4590:20)
#750    Element.updateChild (package:flutter/src/widgets/framework.dart:4053:20)
#751    ComponentElement.performRebuild (package:flutter/src/widgets/framework.dart:5844:16)
#752    Element.rebuild (package:flutter/src/widgets/framework.dart:5532:7)
#753    ProxyElement.update (package:flutter/src/widgets/framework.dart:6152:5)
#754    _InheritedNotifierElement.update (package:flutter/src/widgets/inherited_notifier.dart:108:11)
#755    Element.updateChild (package:flutter/src/widgets/framework.dart:4037:15)
#756    ComponentElement.performRebuild (package:flutter/src/widgets/framework.dart:5844:16)
#757    StatefulElement.performRebuild (package:flutter/src/widgets/framework.dart:5985:11)
#758    Element.rebuild (package:flutter/src/widgets/framework.dart:5532:7)
#759    StatefulElement.update (package:flutter/src/widgets/framework.dart:6010:5)
#760    Element.updateChild (package:flutter/src/widgets/framework.dart:4037:15)
#761    ComponentElement.performRebuild (package:flutter/src/widgets/framework.dart:5844:16)
#762    Element.rebuild (package:flutter/src/widgets/framework.dart:5532:7)
#763    ProxyElement.update (package:flutter/src/widgets/framework.dart:6152:5)
#764    _InheritedNotifierElement.update (package:flutter/src/widgets/inherited_notifier.dart:108:11)
#765    Element.updateChild (package:flutter/src/widgets/framework.dart:4037:15)
#766    ComponentElement.performRebuild (package:flutter/src/widgets/framework.dart:5844:16)
#767    StatefulElement.performRebuild (package:flutter/src/widgets/framework.dart:5985:11)
#768    Element.rebuild (package:flutter/src/widgets/framework.dart:5532:7)
#769    StatefulElement.update (package:flutter/src/widgets/framework.dart:6010:5)
#770    Element.updateChild (package:flutter/src/widgets/framework.dart:4037:15)
#771    ComponentElement.performRebuild (package:flutter/src/widgets/framework.dart:5844:16)
#772    StatefulElement.performRebuild (package:flutter/src/widgets/framework.dart:5985:11)
#773    Element.rebuild (package:flutter/src/widgets/framework.dart:5532:7)
#774    StatefulElement.update (package:flutter/src/widgets/framework.dart:6010:5)
#775    Element.updateChild (package:flutter/src/widgets/framework.dart:4037:15)
#776    ComponentElement.performRebuild (package:flutter/src/widgets/framework.dart:5844:16)
#777    Element.rebuild (package:flutter/src/widgets/framework.dart:5532:7)
#778    ProxyElement.update (package:flutter/src/widgets/framework.dart:6152:5)
#779    Element.updateChild (package:flutter/src/widgets/framework.dart:4037:15)
#780    ComponentElement.performRebuild (package:flutter/src/widgets/framework.dart:5844:16)
#781    StatefulElement.performRebuild (package:flutter/src/widgets/framework.dart:5985:11)
#782    Element.rebuild (package:flutter/src/widgets/framework.dart:5532:7)
#783    StatefulElement.update (package:flutter/src/widgets/framework.dart:6010:5)
#784    Element.updateChild (package:flutter/src/widgets/framework.dart:4037:15)
#785    ComponentElement.performRebuild (package:flutter/src/widgets/framework.dart:5844:16)
#786    Element.rebuild (package:flutter/src/widgets/framework.dart:5532:7)
#787    ProxyElement.update (package:flutter/src/widgets/framework.dart:6152:5)
#788    Element.updateChild (package:flutter/src/widgets/framework.dart:4037:15)
#789    ComponentElement.performRebuild (package:flutter/src/widgets/framework.dart:5844:16)
#790    Element.rebuild (package:flutter/src/widgets/framework.dart:5532:7)
#791    ProxyElement.update (package:flutter/src/widgets/framework.dart:6152:5)
#792    Element.updateChild (package:flutter/src/widgets/framework.dart:4037:15)
#793    _RawViewElement._updateChild (package:flutter/src/widgets/view.dart:481:16)
#794    _RawViewElement.update (package:flutter/src/widgets/view.dart:568:5)
#795    Element.updateChild (package:flutter/src/widgets/framework.dart:4037:15)
#796    ComponentElement.performRebuild (package:flutter/src/widgets/framework.dart:5844:16)
#797    Element.rebuild (package:flutter/src/widgets/framework.dart:5532:7)
#798    StatelessElement.update (package:flutter/src/widgets/framework.dart:5898:5)
#799    Element.updateChild (package:flutter/src/widgets/framework.dart:4037:15)
#800    ComponentElement.performRebuild (package:flutter/src/widgets/framework.dart:5844:16)
#801    StatefulElement.performRebuild (package:flutter/src/widgets/framework.dart:5985:11)
#802    Element.rebuild (package:flutter/src/widgets/framework.dart:5532:7)
#803    StatefulElement.update (package:flutter/src/widgets/framework.dart:6010:5)
#804    Element.updateChild (package:flutter/src/widgets/framework.dart:4037:15)
#805    RootElement._rebuild (package:flutter/src/widgets/binding.dart:1782:16)
#806    RootElement.update (package:flutter/src/widgets/binding.dart:1760:5)
#807    RootElement.performRebuild (package:flutter/src/widgets/binding.dart:1774:7)
#808    Element.rebuild (package:flutter/src/widgets/framework.dart:5532:7)
#809    BuildScope._tryRebuild (package:flutter/src/widgets/framework.dart:2750:15)
#810    BuildScope._flushDirtyElements (package:flutter/src/widgets/framework.dart:2807:11)
#811    BuildOwner.buildScope (package:flutter/src/widgets/framework.dart:3111:18)
#812    AutomatedTestWidgetsFlutterBinding.drawFrame (package:flutter_test/src/binding.dart:1506:19)
#813    RendererBinding._handlePersistentFrameCallback (package:flutter/src/rendering/binding.dart:495:5)
#814    SchedulerBinding._invokeFrameCallback (package:flutter/src/scheduler/binding.dart:1434:15)
#815    SchedulerBinding.handleDrawFrame (package:flutter/src/scheduler/binding.dart:1347:9)
#816    AutomatedTestWidgetsFlutterBinding.pump.<anonymous closure> (package:flutter_test/src/binding.dart:1335:9)
#819    TestAsyncUtils.guard (package:flutter_test/src/test_async_utils.dart:74:41)
#820    AutomatedTestWidgetsFlutterBinding.pump (package:flutter_test/src/binding.dart:1324:27)
#821    WidgetTester.pumpWidget.<anonymous closure> (package:flutter_test/src/widget_tester.dart:598:22)
#824    TestAsyncUtils.guard (package:flutter_test/src/test_async_utils.dart:74:41)
#825    WidgetTester.pumpWidget (package:flutter_test/src/widget_tester.dart:595:27)
#826    main.<anonymous closure>.<anonymous closure> (file:///home/alexc/Projects/CardMind/test/integration/toast_notification_test.dart:150:20)
<asynchronous suspension>
#827    testWidgets.<anonymous closure>.<anonymous closure> (package:flutter_test/src/widget_tester.dart:192:15)
<asynchronous suspension>
#828    TestWidgetsFlutterBinding._runTestBody (package:flutter_test/src/binding.dart:1059:5)
<asynchronous suspension>
<asynchronous suspension>
(elided 8 frames from dart:async and package:stack_trace)

00:21 +412 -28: /home/alexc/Projects/CardMind/test/specs/home_screen_spec_test.dart: SP-FLUT-008: Home Screen Sync Status Display it_should_show_syncing_indicator_when_syncing                        00:21 +412 -28: /home/alexc/Projects/CardMind/test/screens/home_screen_adaptive_test.dart: HomeScreen Adaptive UI it_should_show_platform_specific_empty_message                                       
Pending timers:
Timer (duration: 0:00:00.500000, periodic: false), created:
#0      new FakeTimer._ (package:fake_async/fake_async.dart:342:62)
#1      FakeAsync._createTimer (package:fake_async/fake_async.dart:260:29)
#2      FakeAsync.run.<anonymous closure> (package:fake_async/fake_async.dart:185:15)
#6      _HomeScreenState.initState (package:cardmind/screens/home_screen.dart:60:12)
#7      StatefulElement._firstBuild (package:flutter/src/widgets/framework.dart:5953:55)
#8      ComponentElement.mount (package:flutter/src/widgets/framework.dart:5796:5)
...     Normal element mounting (7 frames)
#15     _InheritedProviderScopeElement.mount (package:provider/src/inherited_provider.dart:424:11)
...     Normal element mounting (7 frames)
#22     SingleChildWidgetElementMixin.mount (package:nested/nested.dart:222:11)
...     Normal element mounting (260 frames)
#282    Element.inflateWidget (package:flutter/src/widgets/framework.dart:4590:20)
#283    MultiChildRenderObjectElement.inflateWidget (package:flutter/src/widgets/framework.dart:7269:36)
#284    MultiChildRenderObjectElement.mount (package:flutter/src/widgets/framework.dart:7285:32)
...     Normal element mounting (465 frames)
#749    Element.inflateWidget (package:flutter/src/widgets/framework.dart:4590:20)
#750    Element.updateChild (package:flutter/src/widgets/framework.dart:4053:20)
#751    ComponentElement.performRebuild (package:flutter/src/widgets/framework.dart:5844:16)
#752    Element.rebuild (package:flutter/src/widgets/framework.dart:5532:7)
#753    ProxyElement.update (package:flutter/src/widgets/framework.dart:6152:5)
#754    _InheritedNotifierElement.update (package:flutter/src/widgets/inherited_notifier.dart:108:11)
#755    Element.updateChild (package:flutter/src/widgets/framework.dart:4037:15)
#756    ComponentElement.performRebuild (package:flutter/src/widgets/framework.dart:5844:16)
#757    StatefulElement.performRebuild (package:flutter/src/widgets/framework.dart:5985:11)
#758    Element.rebuild (package:flutter/src/widgets/framework.dart:5532:7)
#759    StatefulElement.update (package:flutter/src/widgets/framework.dart:6010:5)
#760    Element.updateChild (package:flutter/src/widgets/framework.dart:4037:15)
#761    ComponentElement.performRebuild (package:flutter/src/widgets/framework.dart:5844:16)
#762    Element.rebuild (package:flutter/src/widgets/framework.dart:5532:7)
#763    ProxyElement.update (package:flutter/src/widgets/framework.dart:6152:5)
#764    _InheritedNotifierElement.update (package:flutter/src/widgets/inherited_notifier.dart:108:11)
#765    Element.updateChild (package:flutter/src/widgets/framework.dart:4037:15)
#766    ComponentElement.performRebuild (package:flutter/src/widgets/framework.dart:5844:16)
#767    StatefulElement.performRebuild (package:flutter/src/widgets/framework.dart:5985:11)
#768    Element.rebuild (package:flutter/src/widgets/framework.dart:5532:7)
#769    StatefulElement.update (package:flutter/src/widgets/framework.dart:6010:5)
#770    Element.updateChild (package:flutter/src/widgets/framework.dart:4037:15)
#771    ComponentElement.performRebuild (package:flutter/src/widgets/framework.dart:5844:16)
#772    StatefulElement.performRebuild (package:flutter/src/widgets/framework.dart:5985:11)
#773    Element.rebuild (package:flutter/src/widgets/framework.dart:5532:7)
#774    StatefulElement.update (package:flutter/src/widgets/framework.dart:6010:5)
#775    Element.updateChild (package:flutter/src/widgets/framework.dart:4037:15)
#776    ComponentElement.performRebuild (package:flutter/src/widgets/framework.dart:5844:16)
#777    Element.rebuild (package:flutter/src/widgets/framework.dart:5532:7)
#778    ProxyElement.update (package:flutter/src/widgets/framework.dart:6152:5)
#779    Element.updateChild (package:flutter/src/widgets/framework.dart:4037:15)
#780    ComponentElement.performRebuild (package:flutter/src/widgets/framework.dart:5844:16)
#781    StatefulElement.performRebuild (package:flutter/src/widgets/framework.dart:5985:11)
#782    Element.rebuild (package:flutter/src/widgets/framework.dart:5532:7)
#783    StatefulElement.update (package:flutter/src/widgets/framework.dart:6010:5)
#784    Element.updateChild (package:flutter/src/widgets/framework.dart:4037:15)
#785    ComponentElement.performRebuild (package:flutter/src/widgets/framework.dart:5844:16)
#786    Element.rebuild (package:flutter/src/widgets/framework.dart:5532:7)
#787    ProxyElement.update (package:flutter/src/widgets/framework.dart:6152:5)
#788    Element.updateChild (package:flutter/src/widgets/framework.dart:4037:15)
#789    ComponentElement.performRebuild (package:flutter/src/widgets/framework.dart:5844:16)
#790    Element.rebuild (package:flutter/src/widgets/framework.dart:5532:7)
#791    ProxyElement.update (package:flutter/src/widgets/framework.dart:6152:5)
#792    Element.updateChild (package:flutter/src/widgets/framework.dart:4037:15)
#793    _RawViewElement._updateChild (package:flutter/src/widgets/view.dart:481:16)
#794    _RawViewElement.update (package:flutter/src/widgets/view.dart:568:5)
#795    Element.updateChild (package:flutter/src/widgets/framework.dart:4037:15)
#796    ComponentElement.performRebuild (package:flutter/src/widgets/framework.dart:5844:16)
#797    Element.rebuild (package:flutter/src/widgets/framework.dart:5532:7)
#798    StatelessElement.update (package:flutter/src/widgets/framework.dart:5898:5)
#799    Element.updateChild (package:flutter/src/widgets/framework.dart:4037:15)
#800    ComponentElement.performRebuild (package:flutter/src/widgets/framework.dart:5844:16)
#801    StatefulElement.performRebuild (package:flutter/src/widgets/framework.dart:5985:11)
#802    Element.rebuild (package:flutter/src/widgets/framework.dart:5532:7)
#803    StatefulElement.update (package:flutter/src/widgets/framework.dart:6010:5)
#804    Element.updateChild (package:flutter/src/widgets/framework.dart:4037:15)
#805    RootElement._rebuild (package:flutter/src/widgets/binding.dart:1782:16)
#806    RootElement.update (package:flutter/src/widgets/binding.dart:1760:5)
#807    RootElement.performRebuild (package:flutter/src/widgets/binding.dart:1774:7)
#808    Element.rebuild (package:flutter/src/widgets/framework.dart:5532:7)
#809    BuildScope._tryRebuild (package:flutter/src/widgets/framework.dart:2750:15)
#810    BuildScope._flushDirtyElements (package:flutter/src/widgets/framework.dart:2807:11)
#811    BuildOwner.buildScope (package:flutter/src/widgets/framework.dart:3111:18)
#812    AutomatedTestWidgetsFlutterBinding.drawFrame (package:flutter_test/src/binding.dart:1506:19)
#813    RendererBinding._handlePersistentFrameCallback (package:flutter/src/rendering/binding.dart:495:5)
#814    SchedulerBinding._invokeFrameCallback (package:flutter/src/scheduler/binding.dart:1434:15)
#815    SchedulerBinding.handleDrawFrame (package:flutter/src/scheduler/binding.dart:1347:9)
#816    AutomatedTestWidgetsFlutterBinding.pump.<anonymous closure> (package:flutter_test/src/binding.dart:1335:9)
#819    TestAsyncUtils.guard (package:flutter_test/src/test_async_utils.dart:74:41)
#820    AutomatedTestWidgetsFlutterBinding.pump (package:flutter_test/src/binding.dart:1324:27)
#821    WidgetTester.pumpWidget.<anonymous closure> (package:flutter_test/src/widget_tester.dart:598:22)
#824    TestAsyncUtils.guard (package:flutter_test/src/test_async_utils.dart:74:41)
#825    WidgetTester.pumpWidget (package:flutter_test/src/widget_tester.dart:595:27)
#826    main.<anonymous closure>.<anonymous closure> (file:///home/alexc/Projects/CardMind/test/screens/home_screen_adaptive_test.dart:165:20)
#827    testWidgets.<anonymous closure>.<anonymous closure> (package:flutter_test/src/widget_tester.dart:192:29)
<asynchronous suspension>
#828    TestWidgetsFlutterBinding._runTestBody (package:flutter_test/src/binding.dart:1059:5)
<asynchronous suspension>
<asynchronous suspension>
(elided 8 frames from dart:async and package:stack_trace)

00:21 +412 -28: /home/alexc/Projects/CardMind/test/integration/toast_notification_test.dart: HomeScreen Integration Tests - Toast Notifications should update note successfully                        
══╡ EXCEPTION CAUGHT BY FLUTTER TEST FRAMEWORK ╞════════════════════════════════════════════════════
The following assertion was thrown running a test:
A Timer is still pending even after the widget tree was disposed.
'package:flutter_test/src/binding.dart':
Failed assertion: line 1617 pos 12: '!timersPending'

When the exception was thrown, this was the stack:
#2      AutomatedTestWidgetsFlutterBinding._verifyInvariants (package:flutter_test/src/binding.dart:1617:12)
#3      TestWidgetsFlutterBinding._runTestBody (package:flutter_test/src/binding.dart:1078:7)
<asynchronous suspension>
<asynchronous suspension>
(elided 3 frames from class _AssertionError and package:stack_trace)

The test description was:
  should update note successfully
════════════════════════════════════════════════════════════════════════════════════════════════════
00:21 +412 -29: /home/alexc/Projects/CardMind/test/integration/toast_notification_test.dart: HomeScreen Integration Tests - Toast Notifications should update note successfully [E]                    
  Test failed. See exception logs above.
  The test description was: should update note successfully
  
00:21 +412 -29: /home/alexc/Projects/CardMind/test/screens/home_screen_adaptive_test.dart: HomeScreen Adaptive UI it_should_show_platform_specific_empty_message                                       
══╡ EXCEPTION CAUGHT BY FLUTTER TEST FRAMEWORK ╞════════════════════════════════════════════════════
The following assertion was thrown running a test:
A Timer is still pending even after the widget tree was disposed.
'package:flutter_test/src/binding.dart':
Failed assertion: line 1617 pos 12: '!timersPending'

When the exception was thrown, this was the stack:
#2      AutomatedTestWidgetsFlutterBinding._verifyInvariants (package:flutter_test/src/binding.dart:1617:12)
#3      TestWidgetsFlutterBinding._runTestBody (package:flutter_test/src/binding.dart:1078:7)
<asynchronous suspension>
<asynchronous suspension>
(elided 3 frames from class _AssertionError and package:stack_trace)

The test description was:
  it_should_show_platform_specific_empty_message
════════════════════════════════════════════════════════════════════════════════════════════════════
00:21 +412 -30: /home/alexc/Projects/CardMind/test/screens/home_screen_adaptive_test.dart: HomeScreen Adaptive UI it_should_show_platform_specific_empty_message [E]                                   
  Test failed. See exception logs above.
  The test description was: it_should_show_platform_specific_empty_message
  

To run this test again: /home/alexc/.asdf/installs/flutter/3.38.5-stable/bin/cache/dart-sdk/bin/dart test /home/alexc/Projects/CardMind/test/screens/home_screen_adaptive_test.dart -p vm --plain-name 'HomeScreen Adaptive UI it_should_show_platform_specific_empty_message'

To run this test again: /home/alexc/.asdf/installs/flutter/3.38.5-stable/bin/cache/dart-sdk/bin/dart test /home/alexc/Projects/CardMind/test/integration/toast_notification_test.dart -p vm --plain-name 'HomeScreen Integration Tests - Toast Notifications should update note successfully'
00:21 +413 -30: /home/alexc/Projects/CardMind/test/specs/home_screen_spec_test.dart: SP-FLUT-008: Home Screen Sync Status Display it_should_show_syncing_indicator_when_syncing                        00:22 +413 -30: /home/alexc/Projects/CardMind/test/specs/home_screen_spec_test.dart: SP-FLUT-008: Home Screen Sync Status Display it_should_show_syncing_indicator_when_syncing                        00:22 +414 -30: /home/alexc/Projects/CardMind/test/specs/home_screen_spec_test.dart: SP-FLUT-008: Home Screen Sync Status Display it_should_show_syncing_indicator_when_syncing                        00:22 +414 -30: /home/alexc/Projects/CardMind/test/integration/user_journey_test.dart: User Journey Integration Tests Card Lifecycle Journey it_should_handle_card_editing                             
Pending timers:
Timer (duration: 0:00:00.500000, periodic: false), created:
00:22 +414 -30: /home/alexc/Projects/CardMind/test/specs/home_screen_ui_spec_test.dart: SP-UI-005: Home Screen UI FAB Tests it_should_create_card_when_fab_tapped                                      
[SUCCESS] 创建新笔记
00:22 +414 -30: /home/alexc/Projects/CardMind/test/integration/user_journey_test.dart: User Journey Integration Tests Card Lifecycle Journey it_should_handle_card_editing                             
#0      new FakeTimer._ (package:fake_async/fake_async.dart:342:62)
#1      FakeAsync._createTimer (package:fake_async/fake_async.dart:260:29)
#2      FakeAsync.run.<anonymous closure> (package:fake_async/fake_async.dart:185:15)
#6      _HomeScreenState.initState (package:cardmind/screens/home_screen.dart:60:12)
#7      StatefulElement._firstBuild (package:flutter/src/widgets/framework.dart:5953:55)
#8      ComponentElement.mount (package:flutter/src/widgets/framework.dart:5796:5)
...     Normal element mounting (260 frames)
#268    Element.inflateWidget (package:flutter/src/widgets/framework.dart:4590:20)
#269    MultiChildRenderObjectElement.inflateWidget (package:flutter/src/widgets/framework.dart:7269:36)
#270    MultiChildRenderObjectElement.mount (package:flutter/src/widgets/framework.dart:7285:32)
...     Normal element mounting (471 frames)
#741    _InheritedProviderScopeElement.mount (package:provider/src/inherited_provider.dart:424:11)
...     Normal element mounting (7 frames)
#748    _InheritedProviderScopeElement.mount (package:provider/src/inherited_provider.dart:424:11)
...     Normal element mounting (7 frames)
#755    SingleChildWidgetElementMixin.mount (package:nested/nested.dart:222:11)
...     Normal element mounting (7 frames)
#762    _NestedHookElement.mount (package:nested/nested.dart:187:11)
...     Normal element mounting (7 frames)
#769    SingleChildWidgetElementMixin.mount (package:nested/nested.dart:222:11)
...     Normal element mounting (7 frames)
#776    Element.inflateWidget (package:flutter/src/widgets/framework.dart:4590:20)
#777    Element.updateChild (package:flutter/src/widgets/framework.dart:4053:20)
#778    ComponentElement.performRebuild (package:flutter/src/widgets/framework.dart:5844:16)
#779    Element.rebuild (package:flutter/src/widgets/framework.dart:5532:7)
#780    ProxyElement.update (package:flutter/src/widgets/framework.dart:6152:5)
#781    _InheritedNotifierElement.update (package:flutter/src/widgets/inherited_notifier.dart:108:11)
#782    Element.updateChild (package:flutter/src/widgets/framework.dart:4037:15)
#783    ComponentElement.performRebuild (package:flutter/src/widgets/framework.dart:5844:16)
#784    StatefulElement.performRebuild (package:flutter/src/widgets/framework.dart:5985:11)
#785    Element.rebuild (package:flutter/src/widgets/framework.dart:5532:7)
#786    StatefulElement.update (package:flutter/src/widgets/framework.dart:6010:5)
#787    Element.updateChild (package:flutter/src/widgets/framework.dart:4037:15)
#788    ComponentElement.performRebuild (package:flutter/src/widgets/framework.dart:5844:16)
#789    Element.rebuild (package:flutter/src/widgets/framework.dart:5532:7)
#790    ProxyElement.update (package:flutter/src/widgets/framework.dart:6152:5)
#791    _InheritedNotifierElement.update (package:flutter/src/widgets/inherited_notifier.dart:108:11)
#792    Element.updateChild (package:flutter/src/widgets/framework.dart:4037:15)
#793    ComponentElement.performRebuild (package:flutter/src/widgets/framework.dart:5844:16)
#794    StatefulElement.performRebuild (package:flutter/src/widgets/framework.dart:5985:11)
#795    Element.rebuild (package:flutter/src/widgets/framework.dart:5532:7)
#796    StatefulElement.update (package:flutter/src/widgets/framework.dart:6010:5)
#797    Element.updateChild (package:flutter/src/widgets/framework.dart:4037:15)
#798    ComponentElement.performRebuild (package:flutter/src/widgets/framework.dart:5844:16)
#799    StatefulElement.performRebuild (package:flutter/src/widgets/framework.dart:5985:11)
#800    Element.rebuild (package:flutter/src/widgets/framework.dart:5532:7)
#801    StatefulElement.update (package:flutter/src/widgets/framework.dart:6010:5)
#802    Element.updateChild (package:flutter/src/widgets/framework.dart:4037:15)
#803    ComponentElement.performRebuild (package:flutter/src/widgets/framework.dart:5844:16)
#804    Element.rebuild (package:flutter/src/widgets/framework.dart:5532:7)
#805    ProxyElement.update (package:flutter/src/widgets/framework.dart:6152:5)
#806    Element.updateChild (package:flutter/src/widgets/framework.dart:4037:15)
#807    ComponentElement.performRebuild (package:flutter/src/widgets/framework.dart:5844:16)
#808    StatefulElement.performRebuild (package:flutter/src/widgets/framework.dart:5985:11)
#809    Element.rebuild (package:flutter/src/widgets/framework.dart:5532:7)
#810    StatefulElement.update (package:flutter/src/widgets/framework.dart:6010:5)
#811    Element.updateChild (package:flutter/src/widgets/framework.dart:4037:15)
#812    ComponentElement.performRebuild (package:flutter/src/widgets/framework.dart:5844:16)
#813    Element.rebuild (package:flutter/src/widgets/framework.dart:5532:7)
#814    ProxyElement.update (package:flutter/src/widgets/framework.dart:6152:5)
#815    Element.updateChild (package:flutter/src/widgets/framework.dart:4037:15)
#816    ComponentElement.performRebuild (package:flutter/src/widgets/framework.dart:5844:16)
#817    Element.rebuild (package:flutter/src/widgets/framework.dart:5532:7)
#818    ProxyElement.update (package:flutter/src/widgets/framework.dart:6152:5)
#819    Element.updateChild (package:flutter/src/widgets/framework.dart:4037:15)
#820    _RawViewElement._updateChild (package:flutter/src/widgets/view.dart:481:16)
#821    _RawViewElement.update (package:flutter/src/widgets/view.dart:568:5)
#822    Element.updateChild (package:flutter/src/widgets/framework.dart:4037:15)
#823    ComponentElement.performRebuild (package:flutter/src/widgets/framework.dart:5844:16)
#824    Element.rebuild (package:flutter/src/widgets/framework.dart:5532:7)
#825    StatelessElement.update (package:flutter/src/widgets/framework.dart:5898:5)
#826    Element.updateChild (package:flutter/src/widgets/framework.dart:4037:15)
#827    ComponentElement.performRebuild (package:flutter/src/widgets/framework.dart:5844:16)
#828    StatefulElement.performRebuild (package:flutter/src/widgets/framework.dart:5985:11)
#829    Element.rebuild (package:flutter/src/widgets/framework.dart:5532:7)
#830    StatefulElement.update (package:flutter/src/widgets/framework.dart:6010:5)
#831    Element.updateChild (package:flutter/src/widgets/framework.dart:4037:15)
#832    RootElement._rebuild (package:flutter/src/widgets/binding.dart:1782:16)
#833    RootElement.update (package:flutter/src/widgets/binding.dart:1760:5)
#834    RootElement.performRebuild (package:flutter/src/widgets/binding.dart:1774:7)
#835    Element.rebuild (package:flutter/src/widgets/framework.dart:5532:7)
#836    BuildScope._tryRebuild (package:flutter/src/widgets/framework.dart:2750:15)
#837    BuildScope._flushDirtyElements (package:flutter/src/widgets/framework.dart:2807:11)
#838    BuildOwner.buildScope (package:flutter/src/widgets/framework.dart:3111:18)
#839    AutomatedTestWidgetsFlutterBinding.drawFrame (package:flutter_test/src/binding.dart:1506:19)
#840    RendererBinding._handlePersistentFrameCallback (package:flutter/src/rendering/binding.dart:495:5)
#841    SchedulerBinding._invokeFrameCallback (package:flutter/src/scheduler/binding.dart:1434:15)
#842    SchedulerBinding.handleDrawFrame (package:flutter/src/scheduler/binding.dart:1347:9)
#843    AutomatedTestWidgetsFlutterBinding.pump.<anonymous closure> (package:flutter_test/src/binding.dart:1335:9)
#846    TestAsyncUtils.guard (package:flutter_test/src/test_async_utils.dart:74:41)
#847    AutomatedTestWidgetsFlutterBinding.pump (package:flutter_test/src/binding.dart:1324:27)
#848    WidgetTester.pumpWidget.<anonymous closure> (package:flutter_test/src/widget_tester.dart:598:22)
#851    TestAsyncUtils.guard (package:flutter_test/src/test_async_utils.dart:74:41)
#852    WidgetTester.pumpWidget (package:flutter_test/src/widget_tester.dart:595:27)
#853    main.<anonymous closure>.<anonymous closure>.<anonymous closure> (file:///home/alexc/Projects/CardMind/test/integration/user_journey_test.dart:96:22)
#854    testWidgets.<anonymous closure>.<anonymous closure> (package:flutter_test/src/widget_tester.dart:192:29)
<asynchronous suspension>
#855    TestWidgetsFlutterBinding._runTestBody (package:flutter_test/src/binding.dart:1059:5)
<asynchronous suspension>
<asynchronous suspension>
(elided 8 frames from dart:async and package:stack_trace)

══╡ EXCEPTION CAUGHT BY FLUTTER TEST FRAMEWORK ╞════════════════════════════════════════════════════
The following assertion was thrown running a test:
A Timer is still pending even after the widget tree was disposed.
'package:flutter_test/src/binding.dart':
Failed assertion: line 1617 pos 12: '!timersPending'

When the exception was thrown, this was the stack:
#2      AutomatedTestWidgetsFlutterBinding._verifyInvariants (package:flutter_test/src/binding.dart:1617:12)
#3      TestWidgetsFlutterBinding._runTestBody (package:flutter_test/src/binding.dart:1078:7)
<asynchronous suspension>
<asynchronous suspension>
(elided 3 frames from class _AssertionError and package:stack_trace)

The test description was:
  it_should_handle_card_editing
════════════════════════════════════════════════════════════════════════════════════════════════════
00:22 +414 -31: /home/alexc/Projects/CardMind/test/integration/user_journey_test.dart: User Journey Integration Tests Card Lifecycle Journey it_should_handle_card_editing [E]                         
  Test failed. See exception logs above.
  The test description was: it_should_handle_card_editing
  

To run this test again: /home/alexc/.asdf/installs/flutter/3.38.5-stable/bin/cache/dart-sdk/bin/dart test /home/alexc/Projects/CardMind/test/integration/user_journey_test.dart -p vm --plain-name 'User Journey Integration Tests Card Lifecycle Journey it_should_handle_card_editing'
00:22 +414 -31: /home/alexc/Projects/CardMind/test/screens/home_screen_adaptive_test.dart: HomeScreen Adaptive UI it_should_use_adaptive_scaffold                                                      
Pending timers:
Timer (duration: 0:00:00.500000, periodic: false), created:
#0      new FakeTimer._ (package:fake_async/fake_async.dart:342:62)
#1      FakeAsync._createTimer (package:fake_async/fake_async.dart:260:29)
#2      FakeAsync.run.<anonymous closure> (package:fake_async/fake_async.dart:185:15)
#6      _HomeScreenState.initState (package:cardmind/screens/home_screen.dart:60:12)
#7      StatefulElement._firstBuild (package:flutter/src/widgets/framework.dart:5953:55)
#8      ComponentElement.mount (package:flutter/src/widgets/framework.dart:5796:5)
...     Normal element mounting (7 frames)
#15     _InheritedProviderScopeElement.mount (package:provider/src/inherited_provider.dart:424:11)
...     Normal element mounting (7 frames)
#22     SingleChildWidgetElementMixin.mount (package:nested/nested.dart:222:11)
...     Normal element mounting (260 frames)
#282    Element.inflateWidget (package:flutter/src/widgets/framework.dart:4590:20)
#283    MultiChildRenderObjectElement.inflateWidget (package:flutter/src/widgets/framework.dart:7269:36)
#284    MultiChildRenderObjectElement.mount (package:flutter/src/widgets/framework.dart:7285:32)
...     Normal element mounting (465 frames)
#749    Element.inflateWidget (package:flutter/src/widgets/framework.dart:4590:20)
#750    Element.updateChild (package:flutter/src/widgets/framework.dart:4053:20)
#751    ComponentElement.performRebuild (package:flutter/src/widgets/framework.dart:5844:16)
#752    Element.rebuild (package:flutter/src/widgets/framework.dart:5532:7)
#753    ProxyElement.update (package:flutter/src/widgets/framework.dart:6152:5)
#754    _InheritedNotifierElement.update (package:flutter/src/widgets/inherited_notifier.dart:108:11)
#755    Element.updateChild (package:flutter/src/widgets/framework.dart:4037:15)
#756    ComponentElement.performRebuild (package:flutter/src/widgets/framework.dart:5844:16)
#757    StatefulElement.performRebuild (package:flutter/src/widgets/framework.dart:5985:11)
#758    Element.rebuild (package:flutter/src/widgets/framework.dart:5532:7)
#759    StatefulElement.update (package:flutter/src/widgets/framework.dart:6010:5)
#760    Element.updateChild (package:flutter/src/widgets/framework.dart:4037:15)
#761    ComponentElement.performRebuild (package:flutter/src/widgets/framework.dart:5844:16)
#762    Element.rebuild (package:flutter/src/widgets/framework.dart:5532:7)
#763    ProxyElement.update (package:flutter/src/widgets/framework.dart:6152:5)
#764    _InheritedNotifierElement.update (package:flutter/src/widgets/inherited_notifier.dart:108:11)
#765    Element.updateChild (package:flutter/src/widgets/framework.dart:4037:15)
#766    ComponentElement.performRebuild (package:flutter/src/widgets/framework.dart:5844:16)
#767    StatefulElement.performRebuild (package:flutter/src/widgets/framework.dart:5985:11)
#768    Element.rebuild (package:flutter/src/widgets/framework.dart:5532:7)
#769    StatefulElement.update (package:flutter/src/widgets/framework.dart:6010:5)
#770    Element.updateChild (package:flutter/src/widgets/framework.dart:4037:15)
#771    ComponentElement.performRebuild (package:flutter/src/widgets/framework.dart:5844:16)
#772    StatefulElement.performRebuild (package:flutter/src/widgets/framework.dart:5985:11)
#773    Element.rebuild (package:flutter/src/widgets/framework.dart:5532:7)
#774    StatefulElement.update (package:flutter/src/widgets/framework.dart:6010:5)
#775    Element.updateChild (package:flutter/src/widgets/framework.dart:4037:15)
#776    ComponentElement.performRebuild (package:flutter/src/widgets/framework.dart:5844:16)
#777    Element.rebuild (package:flutter/src/widgets/framework.dart:5532:7)
#778    ProxyElement.update (package:flutter/src/widgets/framework.dart:6152:5)
#779    Element.updateChild (package:flutter/src/widgets/framework.dart:4037:15)
#780    ComponentElement.performRebuild (package:flutter/src/widgets/framework.dart:5844:16)
#781    StatefulElement.performRebuild (package:flutter/src/widgets/framework.dart:5985:11)
#782    Element.rebuild (package:flutter/src/widgets/framework.dart:5532:7)
#783    StatefulElement.update (package:flutter/src/widgets/framework.dart:6010:5)
#784    Element.updateChild (package:flutter/src/widgets/framework.dart:4037:15)
#785    ComponentElement.performRebuild (package:flutter/src/widgets/framework.dart:5844:16)
#786    Element.rebuild (package:flutter/src/widgets/framework.dart:5532:7)
#787    ProxyElement.update (package:flutter/src/widgets/framework.dart:6152:5)
#788    Element.updateChild (package:flutter/src/widgets/framework.dart:4037:15)
#789    ComponentElement.performRebuild (package:flutter/src/widgets/framework.dart:5844:16)
#790    Element.rebuild (package:flutter/src/widgets/framework.dart:5532:7)
#791    ProxyElement.update (package:flutter/src/widgets/framework.dart:6152:5)
#792    Element.updateChild (package:flutter/src/widgets/framework.dart:4037:15)
#793    _RawViewElement._updateChild (package:flutter/src/widgets/view.dart:481:16)
#794    _RawViewElement.update (package:flutter/src/widgets/view.dart:568:5)
#795    Element.updateChild (package:flutter/src/widgets/framework.dart:4037:15)
#796    ComponentElement.performRebuild (package:flutter/src/widgets/framework.dart:5844:16)
#797    Element.rebuild (package:flutter/src/widgets/framework.dart:5532:7)
#798    StatelessElement.update (package:flutter/src/widgets/framework.dart:5898:5)
#799    Element.updateChild (package:flutter/src/widgets/framework.dart:4037:15)
#800    ComponentElement.performRebuild (package:flutter/src/widgets/framework.dart:5844:16)
#801    StatefulElement.performRebuild (package:flutter/src/widgets/framework.dart:5985:11)
#802    Element.rebuild (package:flutter/src/widgets/framework.dart:5532:7)
#803    StatefulElement.update (package:flutter/src/widgets/framework.dart:6010:5)
#804    Element.updateChild (package:flutter/src/widgets/framework.dart:4037:15)
#805    RootElement._rebuild (package:flutter/src/widgets/binding.dart:1782:16)
#806    RootElement.update (package:flutter/src/widgets/binding.dart:1760:5)
#807    RootElement.performRebuild (package:flutter/src/widgets/binding.dart:1774:7)
#808    Element.rebuild (package:flutter/src/widgets/framework.dart:5532:7)
#809    BuildScope._tryRebuild (package:flutter/src/widgets/framework.dart:2750:15)
#810    BuildScope._flushDirtyElements (package:flutter/src/widgets/framework.dart:2807:11)
#811    BuildOwner.buildScope (package:flutter/src/widgets/framework.dart:3111:18)
#812    AutomatedTestWidgetsFlutterBinding.drawFrame (package:flutter_test/src/binding.dart:1506:19)
#813    RendererBinding._handlePersistentFrameCallback (package:flutter/src/rendering/binding.dart:495:5)
#814    SchedulerBinding._invokeFrameCallback (package:flutter/src/scheduler/binding.dart:1434:15)
#815    SchedulerBinding.handleDrawFrame (package:flutter/src/scheduler/binding.dart:1347:9)
#816    AutomatedTestWidgetsFlutterBinding.pump.<anonymous closure> (package:flutter_test/src/binding.dart:1335:9)
#819    TestAsyncUtils.guard (package:flutter_test/src/test_async_utils.dart:74:41)
#820    AutomatedTestWidgetsFlutterBinding.pump (package:flutter_test/src/binding.dart:1324:27)
#821    WidgetTester.pumpWidget.<anonymous closure> (package:flutter_test/src/widget_tester.dart:598:22)
#824    TestAsyncUtils.guard (package:flutter_test/src/test_async_utils.dart:74:41)
#825    WidgetTester.pumpWidget (package:flutter_test/src/widget_tester.dart:595:27)
#826    main.<anonymous closure>.<anonymous closure> (file:///home/alexc/Projects/CardMind/test/screens/home_screen_adaptive_test.dart:182:20)
#827    testWidgets.<anonymous closure>.<anonymous closure> (package:flutter_test/src/widget_tester.dart:192:29)
<asynchronous suspension>
#828    TestWidgetsFlutterBinding._runTestBody (package:flutter_test/src/binding.dart:1059:5)
<asynchronous suspension>
<asynchronous suspension>
(elided 8 frames from dart:async and package:stack_trace)

══╡ EXCEPTION CAUGHT BY FLUTTER TEST FRAMEWORK ╞════════════════════════════════════════════════════
The following assertion was thrown running a test:
A Timer is still pending even after the widget tree was disposed.
'package:flutter_test/src/binding.dart':
Failed assertion: line 1617 pos 12: '!timersPending'

When the exception was thrown, this was the stack:
#2      AutomatedTestWidgetsFlutterBinding._verifyInvariants (package:flutter_test/src/binding.dart:1617:12)
#3      TestWidgetsFlutterBinding._runTestBody (package:flutter_test/src/binding.dart:1078:7)
<asynchronous suspension>
<asynchronous suspension>
(elided 3 frames from class _AssertionError and package:stack_trace)

The test description was:
  it_should_use_adaptive_scaffold
════════════════════════════════════════════════════════════════════════════════════════════════════
00:22 +414 -32: /home/alexc/Projects/CardMind/test/screens/home_screen_adaptive_test.dart: HomeScreen Adaptive UI it_should_use_adaptive_scaffold [E]                                                  
  Test failed. See exception logs above.
  The test description was: it_should_use_adaptive_scaffold
  

To run this test again: /home/alexc/.asdf/installs/flutter/3.38.5-stable/bin/cache/dart-sdk/bin/dart test /home/alexc/Projects/CardMind/test/screens/home_screen_adaptive_test.dart -p vm --plain-name 'HomeScreen Adaptive UI it_should_use_adaptive_scaffold'
00:22 +414 -32: /home/alexc/Projects/CardMind/test/integration/toast_notification_test.dart: HomeScreen Integration Tests - Toast Notifications should handle update failure                           
Pending timers:
Timer (duration: 0:00:00.500000, periodic: false), created:
#0      new FakeTimer._ (package:fake_async/fake_async.dart:342:62)
#1      FakeAsync._createTimer (package:fake_async/fake_async.dart:260:29)
#2      FakeAsync.run.<anonymous closure> (package:fake_async/fake_async.dart:185:15)
#6      _HomeScreenState.initState (package:cardmind/screens/home_screen.dart:60:12)
#7      StatefulElement._firstBuild (package:flutter/src/widgets/framework.dart:5953:55)
#8      ComponentElement.mount (package:flutter/src/widgets/framework.dart:5796:5)
...     Normal element mounting (7 frames)
#15     _InheritedProviderScopeElement.mount (package:provider/src/inherited_provider.dart:424:11)
...     Normal element mounting (7 frames)
#22     SingleChildWidgetElementMixin.mount (package:nested/nested.dart:222:11)
...     Normal element mounting (260 frames)
#282    Element.inflateWidget (package:flutter/src/widgets/framework.dart:4590:20)
#283    MultiChildRenderObjectElement.inflateWidget (package:flutter/src/widgets/framework.dart:7269:36)
#284    MultiChildRenderObjectElement.mount (package:flutter/src/widgets/framework.dart:7285:32)
...     Normal element mounting (465 frames)
#749    Element.inflateWidget (package:flutter/src/widgets/framework.dart:4590:20)
#750    Element.updateChild (package:flutter/src/widgets/framework.dart:4053:20)
#751    ComponentElement.performRebuild (package:flutter/src/widgets/framework.dart:5844:16)
#752    Element.rebuild (package:flutter/src/widgets/framework.dart:5532:7)
#753    ProxyElement.update (package:flutter/src/widgets/framework.dart:6152:5)
#754    _InheritedNotifierElement.update (package:flutter/src/widgets/inherited_notifier.dart:108:11)
#755    Element.updateChild (package:flutter/src/widgets/framework.dart:4037:15)
#756    ComponentElement.performRebuild (package:flutter/src/widgets/framework.dart:5844:16)
#757    StatefulElement.performRebuild (package:flutter/src/widgets/framework.dart:5985:11)
#758    Element.rebuild (package:flutter/src/widgets/framework.dart:5532:7)
#759    StatefulElement.update (package:flutter/src/widgets/framework.dart:6010:5)
#760    Element.updateChild (package:flutter/src/widgets/framework.dart:4037:15)
#761    ComponentElement.performRebuild (package:flutter/src/widgets/framework.dart:5844:16)
#762    Element.rebuild (package:flutter/src/widgets/framework.dart:5532:7)
#763    ProxyElement.update (package:flutter/src/widgets/framework.dart:6152:5)
#764    _InheritedNotifierElement.update (package:flutter/src/widgets/inherited_notifier.dart:108:11)
#765    Element.updateChild (package:flutter/src/widgets/framework.dart:4037:15)
#766    ComponentElement.performRebuild (package:flutter/src/widgets/framework.dart:5844:16)
#767    StatefulElement.performRebuild (package:flutter/src/widgets/framework.dart:5985:11)
#768    Element.rebuild (package:flutter/src/widgets/framework.dart:5532:7)
#769    StatefulElement.update (package:flutter/src/widgets/framework.dart:6010:5)
#770    Element.updateChild (package:flutter/src/widgets/framework.dart:4037:15)
#771    ComponentElement.performRebuild (package:flutter/src/widgets/framework.dart:5844:16)
#772    StatefulElement.performRebuild (package:flutter/src/widgets/framework.dart:5985:11)
#773    Element.rebuild (package:flutter/src/widgets/framework.dart:5532:7)
#774    StatefulElement.update (package:flutter/src/widgets/framework.dart:6010:5)
#775    Element.updateChild (package:flutter/src/widgets/framework.dart:4037:15)
#776    ComponentElement.performRebuild (package:flutter/src/widgets/framework.dart:5844:16)
#777    Element.rebuild (package:flutter/src/widgets/framework.dart:5532:7)
#778    ProxyElement.update (package:flutter/src/widgets/framework.dart:6152:5)
#779    Element.updateChild (package:flutter/src/widgets/framework.dart:4037:15)
#780    ComponentElement.performRebuild (package:flutter/src/widgets/framework.dart:5844:16)
#781    StatefulElement.performRebuild (package:flutter/src/widgets/framework.dart:5985:11)
#782    Element.rebuild (package:flutter/src/widgets/framework.dart:5532:7)
#783    StatefulElement.update (package:flutter/src/widgets/framework.dart:6010:5)
#784    Element.updateChild (package:flutter/src/widgets/framework.dart:4037:15)
#785    ComponentElement.performRebuild (package:flutter/src/widgets/framework.dart:5844:16)
#786    Element.rebuild (package:flutter/src/widgets/framework.dart:5532:7)
#787    ProxyElement.update (package:flutter/src/widgets/framework.dart:6152:5)
#788    Element.updateChild (package:flutter/src/widgets/framework.dart:4037:15)
#789    ComponentElement.performRebuild (package:flutter/src/widgets/framework.dart:5844:16)
#790    Element.rebuild (package:flutter/src/widgets/framework.dart:5532:7)
#791    ProxyElement.update (package:flutter/src/widgets/framework.dart:6152:5)
#792    Element.updateChild (package:flutter/src/widgets/framework.dart:4037:15)
#793    _RawViewElement._updateChild (package:flutter/src/widgets/view.dart:481:16)
#794    _RawViewElement.update (package:flutter/src/widgets/view.dart:568:5)
#795    Element.updateChild (package:flutter/src/widgets/framework.dart:4037:15)
#796    ComponentElement.performRebuild (package:flutter/src/widgets/framework.dart:5844:16)
#797    Element.rebuild (package:flutter/src/widgets/framework.dart:5532:7)
#798    StatelessElement.update (package:flutter/src/widgets/framework.dart:5898:5)
#799    Element.updateChild (package:flutter/src/widgets/framework.dart:4037:15)
#800    ComponentElement.performRebuild (package:flutter/src/widgets/framework.dart:5844:16)
#801    StatefulElement.performRebuild (package:flutter/src/widgets/framework.dart:5985:11)
#802    Element.rebuild (package:flutter/src/widgets/framework.dart:5532:7)
#803    StatefulElement.update (package:flutter/src/widgets/framework.dart:6010:5)
#804    Element.updateChild (package:flutter/src/widgets/framework.dart:4037:15)
#805    RootElement._rebuild (package:flutter/src/widgets/binding.dart:1782:16)
#806    RootElement.update (package:flutter/src/widgets/binding.dart:1760:5)
#807    RootElement.performRebuild (package:flutter/src/widgets/binding.dart:1774:7)
#808    Element.rebuild (package:flutter/src/widgets/framework.dart:5532:7)
#809    BuildScope._tryRebuild (package:flutter/src/widgets/framework.dart:2750:15)
#810    BuildScope._flushDirtyElements (package:flutter/src/widgets/framework.dart:2807:11)
#811    BuildOwner.buildScope (package:flutter/src/widgets/framework.dart:3111:18)
#812    AutomatedTestWidgetsFlutterBinding.drawFrame (package:flutter_test/src/binding.dart:1506:19)
#813    RendererBinding._handlePersistentFrameCallback (package:flutter/src/rendering/binding.dart:495:5)
#814    SchedulerBinding._invokeFrameCallback (package:flutter/src/scheduler/binding.dart:1434:15)
#815    SchedulerBinding.handleDrawFrame (package:flutter/src/scheduler/binding.dart:1347:9)
#816    AutomatedTestWidgetsFlutterBinding.pump.<anonymous closure> (package:flutter_test/src/binding.dart:1335:9)
#819    TestAsyncUtils.guard (package:flutter_test/src/test_async_utils.dart:74:41)
#820    AutomatedTestWidgetsFlutterBinding.pump (package:flutter_test/src/binding.dart:1324:27)
#821    WidgetTester.pumpWidget.<anonymous closure> (package:flutter_test/src/widget_tester.dart:598:22)
#824    TestAsyncUtils.guard (package:flutter_test/src/test_async_utils.dart:74:41)
#825    WidgetTester.pumpWidget (package:flutter_test/src/widget_tester.dart:595:27)
#826    main.<anonymous closure>.<anonymous closure> (file:///home/alexc/Projects/CardMind/test/integration/toast_notification_test.dart:171:20)
<asynchronous suspension>
#827    testWidgets.<anonymous closure>.<anonymous closure> (package:flutter_test/src/widget_tester.dart:192:15)
<asynchronous suspension>
#828    TestWidgetsFlutterBinding._runTestBody (package:flutter_test/src/binding.dart:1059:5)
<asynchronous suspension>
<asynchronous suspension>
(elided 8 frames from dart:async and package:stack_trace)

══╡ EXCEPTION CAUGHT BY FLUTTER TEST FRAMEWORK ╞════════════════════════════════════════════════════
The following assertion was thrown running a test:
A Timer is still pending even after the widget tree was disposed.
'package:flutter_test/src/binding.dart':
Failed assertion: line 1617 pos 12: '!timersPending'

When the exception was thrown, this was the stack:
#2      AutomatedTestWidgetsFlutterBinding._verifyInvariants (package:flutter_test/src/binding.dart:1617:12)
#3      TestWidgetsFlutterBinding._runTestBody (package:flutter_test/src/binding.dart:1078:7)
<asynchronous suspension>
<asynchronous suspension>
(elided 3 frames from class _AssertionError and package:stack_trace)

The test description was:
  should handle update failure
════════════════════════════════════════════════════════════════════════════════════════════════════
00:22 +414 -33: /home/alexc/Projects/CardMind/test/integration/toast_notification_test.dart: HomeScreen Integration Tests - Toast Notifications should handle update failure [E]                       
  Test failed. See exception logs above.
  The test description was: should handle update failure
  

To run this test again: /home/alexc/.asdf/installs/flutter/3.38.5-stable/bin/cache/dart-sdk/bin/dart test /home/alexc/Projects/CardMind/test/integration/toast_notification_test.dart -p vm --plain-name 'HomeScreen Integration Tests - Toast Notifications should handle update failure'
00:22 +414 -33: /home/alexc/Projects/CardMind/test/integration/user_journey_test.dart: User Journey Integration Tests Card Lifecycle Journey it_should_handle_card_deletion                            
Pending timers:
Timer (duration: 0:00:00.500000, periodic: false), created:
00:22 +415 -33: /home/alexc/Projects/CardMind/test/specs/home_screen_spec_test.dart: SP-FLUT-008: Home Screen Sync Status Display it_should_show_syncing_indicator_when_syncing                        00:22 +415 -33: /home/alexc/Projects/CardMind/test/integration/user_journey_test.dart: User Journey Integration Tests Card Lifecycle Journey it_should_handle_card_deletion                            
#0      new FakeTimer._ (package:fake_async/fake_async.dart:342:62)
#1      FakeAsync._createTimer (package:fake_async/fake_async.dart:260:29)
#2      FakeAsync.run.<anonymous closure> (package:fake_async/fake_async.dart:185:15)
#6      _HomeScreenState.initState (package:cardmind/screens/home_screen.dart:60:12)
#7      StatefulElement._firstBuild (package:flutter/src/widgets/framework.dart:5953:55)
#8      ComponentElement.mount (package:flutter/src/widgets/framework.dart:5796:5)
...     Normal element mounting (260 frames)
#268    Element.inflateWidget (package:flutter/src/widgets/framework.dart:4590:20)
#269    MultiChildRenderObjectElement.inflateWidget (package:flutter/src/widgets/framework.dart:7269:36)
#270    MultiChildRenderObjectElement.mount (package:flutter/src/widgets/framework.dart:7285:32)
...     Normal element mounting (471 frames)
#741    _InheritedProviderScopeElement.mount (package:provider/src/inherited_provider.dart:424:11)
...     Normal element mounting (7 frames)
#748    _InheritedProviderScopeElement.mount (package:provider/src/inherited_provider.dart:424:11)
...     Normal element mounting (7 frames)
#755    SingleChildWidgetElementMixin.mount (package:nested/nested.dart:222:11)
...     Normal element mounting (7 frames)
#762    _NestedHookElement.mount (package:nested/nested.dart:187:11)
...     Normal element mounting (7 frames)
#769    SingleChildWidgetElementMixin.mount (package:nested/nested.dart:222:11)
...     Normal element mounting (7 frames)
#776    Element.inflateWidget (package:flutter/src/widgets/framework.dart:4590:20)
#777    Element.updateChild (package:flutter/src/widgets/framework.dart:4053:20)
#778    ComponentElement.performRebuild (package:flutter/src/widgets/framework.dart:5844:16)
#779    Element.rebuild (package:flutter/src/widgets/framework.dart:5532:7)
#780    ProxyElement.update (package:flutter/src/widgets/framework.dart:6152:5)
#781    _InheritedNotifierElement.update (package:flutter/src/widgets/inherited_notifier.dart:108:11)
#782    Element.updateChild (package:flutter/src/widgets/framework.dart:4037:15)
#783    ComponentElement.performRebuild (package:flutter/src/widgets/framework.dart:5844:16)
#784    StatefulElement.performRebuild (package:flutter/src/widgets/framework.dart:5985:11)
#785    Element.rebuild (package:flutter/src/widgets/framework.dart:5532:7)
#786    StatefulElement.update (package:flutter/src/widgets/framework.dart:6010:5)
#787    Element.updateChild (package:flutter/src/widgets/framework.dart:4037:15)
#788    ComponentElement.performRebuild (package:flutter/src/widgets/framework.dart:5844:16)
#789    Element.rebuild (package:flutter/src/widgets/framework.dart:5532:7)
#790    ProxyElement.update (package:flutter/src/widgets/framework.dart:6152:5)
#791    _InheritedNotifierElement.update (package:flutter/src/widgets/inherited_notifier.dart:108:11)
#792    Element.updateChild (package:flutter/src/widgets/framework.dart:4037:15)
#793    ComponentElement.performRebuild (package:flutter/src/widgets/framework.dart:5844:16)
#794    StatefulElement.performRebuild (package:flutter/src/widgets/framework.dart:5985:11)
#795    Element.rebuild (package:flutter/src/widgets/framework.dart:5532:7)
#796    StatefulElement.update (package:flutter/src/widgets/framework.dart:6010:5)
#797    Element.updateChild (package:flutter/src/widgets/framework.dart:4037:15)
#798    ComponentElement.performRebuild (package:flutter/src/widgets/framework.dart:5844:16)
#799    StatefulElement.performRebuild (package:flutter/src/widgets/framework.dart:5985:11)
#800    Element.rebuild (package:flutter/src/widgets/framework.dart:5532:7)
#801    StatefulElement.update (package:flutter/src/widgets/framework.dart:6010:5)
#802    Element.updateChild (package:flutter/src/widgets/framework.dart:4037:15)
#803    ComponentElement.performRebuild (package:flutter/src/widgets/framework.dart:5844:16)
#804    Element.rebuild (package:flutter/src/widgets/framework.dart:5532:7)
#805    ProxyElement.update (package:flutter/src/widgets/framework.dart:6152:5)
#806    Element.updateChild (package:flutter/src/widgets/framework.dart:4037:15)
#807    ComponentElement.performRebuild (package:flutter/src/widgets/framework.dart:5844:16)
#808    StatefulElement.performRebuild (package:flutter/src/widgets/framework.dart:5985:11)
#809    Element.rebuild (package:flutter/src/widgets/framework.dart:5532:7)
#810    StatefulElement.update (package:flutter/src/widgets/framework.dart:6010:5)
#811    Element.updateChild (package:flutter/src/widgets/framework.dart:4037:15)
#812    ComponentElement.performRebuild (package:flutter/src/widgets/framework.dart:5844:16)
#813    Element.rebuild (package:flutter/src/widgets/framework.dart:5532:7)
#814    ProxyElement.update (package:flutter/src/widgets/framework.dart:6152:5)
#815    Element.updateChild (package:flutter/src/widgets/framework.dart:4037:15)
#816    ComponentElement.performRebuild (package:flutter/src/widgets/framework.dart:5844:16)
#817    Element.rebuild (package:flutter/src/widgets/framework.dart:5532:7)
#818    ProxyElement.update (package:flutter/src/widgets/framework.dart:6152:5)
#819    Element.updateChild (package:flutter/src/widgets/framework.dart:4037:15)
#820    _RawViewElement._updateChild (package:flutter/src/widgets/view.dart:481:16)
#821    _RawViewElement.update (package:flutter/src/widgets/view.dart:568:5)
#822    Element.updateChild (package:flutter/src/widgets/framework.dart:4037:15)
#823    ComponentElement.performRebuild (package:flutter/src/widgets/framework.dart:5844:16)
#824    Element.rebuild (package:flutter/src/widgets/framework.dart:5532:7)
#825    StatelessElement.update (package:flutter/src/widgets/framework.dart:5898:5)
#826    Element.updateChild (package:flutter/src/widgets/framework.dart:4037:15)
#827    ComponentElement.performRebuild (package:flutter/src/widgets/framework.dart:5844:16)
#828    StatefulElement.performRebuild (package:flutter/src/widgets/framework.dart:5985:11)
#829    Element.rebuild (package:flutter/src/widgets/framework.dart:5532:7)
#830    StatefulElement.update (package:flutter/src/widgets/framework.dart:6010:5)
#831    Element.updateChild (package:flutter/src/widgets/framework.dart:4037:15)
#832    RootElement._rebuild (package:flutter/src/widgets/binding.dart:1782:16)
#833    RootElement.update (package:flutter/src/widgets/binding.dart:1760:5)
#834    RootElement.performRebuild (package:flutter/src/widgets/binding.dart:1774:7)
#835    Element.rebuild (package:flutter/src/widgets/framework.dart:5532:7)
#836    BuildScope._tryRebuild (package:flutter/src/widgets/framework.dart:2750:15)
#837    BuildScope._flushDirtyElements (package:flutter/src/widgets/framework.dart:2807:11)
#838    BuildOwner.buildScope (package:flutter/src/widgets/framework.dart:3111:18)
#839    AutomatedTestWidgetsFlutterBinding.drawFrame (package:flutter_test/src/binding.dart:1506:19)
#840    RendererBinding._handlePersistentFrameCallback (package:flutter/src/rendering/binding.dart:495:5)
#841    SchedulerBinding._invokeFrameCallback (package:flutter/src/scheduler/binding.dart:1434:15)
#842    SchedulerBinding.handleDrawFrame (package:flutter/src/scheduler/binding.dart:1347:9)
#843    AutomatedTestWidgetsFlutterBinding.pump.<anonymous closure> (package:flutter_test/src/binding.dart:1335:9)
#846    TestAsyncUtils.guard (package:flutter_test/src/test_async_utils.dart:74:41)
#847    AutomatedTestWidgetsFlutterBinding.pump (package:flutter_test/src/binding.dart:1324:27)
#848    WidgetTester.pumpWidget.<anonymous closure> (package:flutter_test/src/widget_tester.dart:598:22)
#851    TestAsyncUtils.guard (package:flutter_test/src/test_async_utils.dart:74:41)
#852    WidgetTester.pumpWidget (package:flutter_test/src/widget_tester.dart:595:27)
#853    main.<anonymous closure>.<anonymous closure>.<anonymous closure> (file:///home/alexc/Projects/CardMind/test/integration/user_journey_test.dart:111:22)
#854    testWidgets.<anonymous closure>.<anonymous closure> (package:flutter_test/src/widget_tester.dart:192:29)
<asynchronous suspension>
#855    TestWidgetsFlutterBinding._runTestBody (package:flutter_test/src/binding.dart:1059:5)
<asynchronous suspension>
<asynchronous suspension>
(elided 8 frames from dart:async and package:stack_trace)

══╡ EXCEPTION CAUGHT BY FLUTTER TEST FRAMEWORK ╞════════════════════════════════════════════════════
The following assertion was thrown running a test:
A Timer is still pending even after the widget tree was disposed.
'package:flutter_test/src/binding.dart':
Failed assertion: line 1617 pos 12: '!timersPending'

When the exception was thrown, this was the stack:
#2      AutomatedTestWidgetsFlutterBinding._verifyInvariants (package:flutter_test/src/binding.dart:1617:12)
#3      TestWidgetsFlutterBinding._runTestBody (package:flutter_test/src/binding.dart:1078:7)
<asynchronous suspension>
<asynchronous suspension>
(elided 3 frames from class _AssertionError and package:stack_trace)

The test description was:
  it_should_handle_card_deletion
════════════════════════════════════════════════════════════════════════════════════════════════════
00:22 +415 -34: /home/alexc/Projects/CardMind/test/integration/user_journey_test.dart: User Journey Integration Tests Card Lifecycle Journey it_should_handle_card_deletion [E]                        
  Test failed. See exception logs above.
  The test description was: it_should_handle_card_deletion
  

To run this test again: /home/alexc/.asdf/installs/flutter/3.38.5-stable/bin/cache/dart-sdk/bin/dart test /home/alexc/Projects/CardMind/test/integration/user_journey_test.dart -p vm --plain-name 'User Journey Integration Tests Card Lifecycle Journey it_should_handle_card_deletion'
00:22 +416 -34: /home/alexc/Projects/CardMind/test/specs/home_screen_spec_test.dart: SP-FLUT-008: Home Screen Sync Status Display it_should_show_syncing_indicator_when_syncing                        00:22 +416 -34: /home/alexc/Projects/CardMind/test/screens/home_screen_adaptive_test.dart: HomeScreen Adaptive UI Responsive Layout Tests it_should_adapt_layout_at_mobile_breakpoint                  
Pending timers:
Timer (duration: 0:00:00.500000, periodic: false), created:
#0      new FakeTimer._ (package:fake_async/fake_async.dart:342:62)
#1      FakeAsync._createTimer (package:fake_async/fake_async.dart:260:29)
#2      FakeAsync.run.<anonymous closure> (package:fake_async/fake_async.dart:185:15)
#6      _HomeScreenState.initState (package:cardmind/screens/home_screen.dart:60:12)
#7      StatefulElement._firstBuild (package:flutter/src/widgets/framework.dart:5953:55)
#8      ComponentElement.mount (package:flutter/src/widgets/framework.dart:5796:5)
...     Normal element mounting (7 frames)
#15     _InheritedProviderScopeElement.mount (package:provider/src/inherited_provider.dart:424:11)
...     Normal element mounting (7 frames)
#22     SingleChildWidgetElementMixin.mount (package:nested/nested.dart:222:11)
...     Normal element mounting (260 frames)
#282    Element.inflateWidget (package:flutter/src/widgets/framework.dart:4590:20)
#283    MultiChildRenderObjectElement.inflateWidget (package:flutter/src/widgets/framework.dart:7269:36)
#284    MultiChildRenderObjectElement.mount (package:flutter/src/widgets/framework.dart:7285:32)
...     Normal element mounting (465 frames)
#749    Element.inflateWidget (package:flutter/src/widgets/framework.dart:4590:20)
#750    Element.updateChild (package:flutter/src/widgets/framework.dart:4053:20)
#751    ComponentElement.performRebuild (package:flutter/src/widgets/framework.dart:5844:16)
#752    Element.rebuild (package:flutter/src/widgets/framework.dart:5532:7)
#753    ProxyElement.update (package:flutter/src/widgets/framework.dart:6152:5)
#754    _InheritedNotifierElement.update (package:flutter/src/widgets/inherited_notifier.dart:108:11)
#755    Element.updateChild (package:flutter/src/widgets/framework.dart:4037:15)
#756    ComponentElement.performRebuild (package:flutter/src/widgets/framework.dart:5844:16)
#757    StatefulElement.performRebuild (package:flutter/src/widgets/framework.dart:5985:11)
#758    Element.rebuild (package:flutter/src/widgets/framework.dart:5532:7)
#759    StatefulElement.update (package:flutter/src/widgets/framework.dart:6010:5)
#760    Element.updateChild (package:flutter/src/widgets/framework.dart:4037:15)
#761    ComponentElement.performRebuild (package:flutter/src/widgets/framework.dart:5844:16)
#762    Element.rebuild (package:flutter/src/widgets/framework.dart:5532:7)
#763    ProxyElement.update (package:flutter/src/widgets/framework.dart:6152:5)
#764    _InheritedNotifierElement.update (package:flutter/src/widgets/inherited_notifier.dart:108:11)
#765    Element.updateChild (package:flutter/src/widgets/framework.dart:4037:15)
#766    ComponentElement.performRebuild (package:flutter/src/widgets/framework.dart:5844:16)
#767    StatefulElement.performRebuild (package:flutter/src/widgets/framework.dart:5985:11)
#768    Element.rebuild (package:flutter/src/widgets/framework.dart:5532:7)
#769    StatefulElement.update (package:flutter/src/widgets/framework.dart:6010:5)
#770    Element.updateChild (package:flutter/src/widgets/framework.dart:4037:15)
#771    ComponentElement.performRebuild (package:flutter/src/widgets/framework.dart:5844:16)
#772    StatefulElement.performRebuild (package:flutter/src/widgets/framework.dart:5985:11)
#773    Element.rebuild (package:flutter/src/widgets/framework.dart:5532:7)
#774    StatefulElement.update (package:flutter/src/widgets/framework.dart:6010:5)
#775    Element.updateChild (package:flutter/src/widgets/framework.dart:4037:15)
#776    ComponentElement.performRebuild (package:flutter/src/widgets/framework.dart:5844:16)
#777    Element.rebuild (package:flutter/src/widgets/framework.dart:5532:7)
#778    ProxyElement.update (package:flutter/src/widgets/framework.dart:6152:5)
#779    Element.updateChild (package:flutter/src/widgets/framework.dart:4037:15)
#780    ComponentElement.performRebuild (package:flutter/src/widgets/framework.dart:5844:16)
#781    StatefulElement.performRebuild (package:flutter/src/widgets/framework.dart:5985:11)
#782    Element.rebuild (package:flutter/src/widgets/framework.dart:5532:7)
#783    StatefulElement.update (package:flutter/src/widgets/framework.dart:6010:5)
#784    Element.updateChild (package:flutter/src/widgets/framework.dart:4037:15)
#785    ComponentElement.performRebuild (package:flutter/src/widgets/framework.dart:5844:16)
#786    Element.rebuild (package:flutter/src/widgets/framework.dart:5532:7)
#787    ProxyElement.update (package:flutter/src/widgets/framework.dart:6152:5)
#788    Element.updateChild (package:flutter/src/widgets/framework.dart:4037:15)
#789    ComponentElement.performRebuild (package:flutter/src/widgets/framework.dart:5844:16)
#790    Element.rebuild (package:flutter/src/widgets/framework.dart:5532:7)
#791    ProxyElement.update (package:flutter/src/widgets/framework.dart:6152:5)
#792    Element.updateChild (package:flutter/src/widgets/framework.dart:4037:15)
#793    _RawViewElement._updateChild (package:flutter/src/widgets/view.dart:481:16)
#794    _RawViewElement.update (package:flutter/src/widgets/view.dart:568:5)
#795    Element.updateChild (package:flutter/src/widgets/framework.dart:4037:15)
#796    ComponentElement.performRebuild (package:flutter/src/widgets/framework.dart:5844:16)
#797    Element.rebuild (package:flutter/src/widgets/framework.dart:5532:7)
#798    StatelessElement.update (package:flutter/src/widgets/framework.dart:5898:5)
#799    Element.updateChild (package:flutter/src/widgets/framework.dart:4037:15)
#800    ComponentElement.performRebuild (package:flutter/src/widgets/framework.dart:5844:16)
#801    StatefulElement.performRebuild (package:flutter/src/widgets/framework.dart:5985:11)
#802    Element.rebuild (package:flutter/src/widgets/framework.dart:5532:7)
#803    StatefulElement.update (package:flutter/src/widgets/framework.dart:6010:5)
#804    Element.updateChild (package:flutter/src/widgets/framework.dart:4037:15)
#805    RootElement._rebuild (package:flutter/src/widgets/binding.dart:1782:16)
#806    RootElement.update (package:flutter/src/widgets/binding.dart:1760:5)
#807    RootElement.performRebuild (package:flutter/src/widgets/binding.dart:1774:7)
#808    Element.rebuild (package:flutter/src/widgets/framework.dart:5532:7)
#809    BuildScope._tryRebuild (package:flutter/src/widgets/framework.dart:2750:15)
#810    BuildScope._flushDirtyElements (package:flutter/src/widgets/framework.dart:2807:11)
#811    BuildOwner.buildScope (package:flutter/src/widgets/framework.dart:3111:18)
#812    AutomatedTestWidgetsFlutterBinding.drawFrame (package:flutter_test/src/binding.dart:1506:19)
#813    RendererBinding._handlePersistentFrameCallback (package:flutter/src/rendering/binding.dart:495:5)
#814    SchedulerBinding._invokeFrameCallback (package:flutter/src/scheduler/binding.dart:1434:15)
#815    SchedulerBinding.handleDrawFrame (package:flutter/src/scheduler/binding.dart:1347:9)
#816    AutomatedTestWidgetsFlutterBinding.pump.<anonymous closure> (package:flutter_test/src/binding.dart:1335:9)
#819    TestAsyncUtils.guard (package:flutter_test/src/test_async_utils.dart:74:41)
#820    AutomatedTestWidgetsFlutterBinding.pump (package:flutter_test/src/binding.dart:1324:27)
#821    WidgetTester.pumpWidget.<anonymous closure> (package:flutter_test/src/widget_tester.dart:598:22)
#824    TestAsyncUtils.guard (package:flutter_test/src/test_async_utils.dart:74:41)
#825    WidgetTester.pumpWidget (package:flutter_test/src/widget_tester.dart:595:27)
#826    main.<anonymous closure>.<anonymous closure>.<anonymous closure> (file:///home/alexc/Projects/CardMind/test/screens/home_screen_adaptive_test.dart:210:22)
#827    testWidgets.<anonymous closure>.<anonymous closure> (package:flutter_test/src/widget_tester.dart:192:29)
<asynchronous suspension>
#828    TestWidgetsFlutterBinding._runTestBody (package:flutter_test/src/binding.dart:1059:5)
<asynchronous suspension>
<asynchronous suspension>
(elided 8 frames from dart:async and package:stack_trace)

══╡ EXCEPTION CAUGHT BY FLUTTER TEST FRAMEWORK ╞════════════════════════════════════════════════════
The following assertion was thrown running a test:
A Timer is still pending even after the widget tree was disposed.
'package:flutter_test/src/binding.dart':
Failed assertion: line 1617 pos 12: '!timersPending'

When the exception was thrown, this was the stack:
#2      AutomatedTestWidgetsFlutterBinding._verifyInvariants (package:flutter_test/src/binding.dart:1617:12)
#3      TestWidgetsFlutterBinding._runTestBody (package:flutter_test/src/binding.dart:1078:7)
<asynchronous suspension>
<asynchronous suspension>
(elided 3 frames from class _AssertionError and package:stack_trace)

The test description was:
  it_should_adapt_layout_at_mobile_breakpoint
════════════════════════════════════════════════════════════════════════════════════════════════════
00:22 +416 -35: /home/alexc/Projects/CardMind/test/screens/home_screen_adaptive_test.dart: HomeScreen Adaptive UI Responsive Layout Tests it_should_adapt_layout_at_mobile_breakpoint [E]              
  Test failed. See exception logs above.
  The test description was: it_should_adapt_layout_at_mobile_breakpoint
  

To run this test again: /home/alexc/.asdf/installs/flutter/3.38.5-stable/bin/cache/dart-sdk/bin/dart test /home/alexc/Projects/CardMind/test/screens/home_screen_adaptive_test.dart -p vm --plain-name 'HomeScreen Adaptive UI Responsive Layout Tests it_should_adapt_layout_at_mobile_breakpoint'
00:22 +417 -35: /home/alexc/Projects/CardMind/test/specs/home_screen_spec_test.dart: SP-FLUT-008: Home Screen Sync Status Display it_should_show_syncing_indicator_when_syncing                        00:22 +417 -35: /home/alexc/Projects/CardMind/test/integration/toast_notification_test.dart: HomeScreen Integration Tests - Toast Notifications should delete note successfully                        
Pending timers:
Timer (duration: 0:00:00.500000, periodic: false), created:
#0      new FakeTimer._ (package:fake_async/fake_async.dart:342:62)
#1      FakeAsync._createTimer (package:fake_async/fake_async.dart:260:29)
#2      FakeAsync.run.<anonymous closure> (package:fake_async/fake_async.dart:185:15)
#6      _HomeScreenState.initState (package:cardmind/screens/home_screen.dart:60:12)
#7      StatefulElement._firstBuild (package:flutter/src/widgets/framework.dart:5953:55)
#8      ComponentElement.mount (package:flutter/src/widgets/framework.dart:5796:5)
...     Normal element mounting (7 frames)
#15     _InheritedProviderScopeElement.mount (package:provider/src/inherited_provider.dart:424:11)
...     Normal element mounting (7 frames)
#22     SingleChildWidgetElementMixin.mount (package:nested/nested.dart:222:11)
...     Normal element mounting (260 frames)
#282    Element.inflateWidget (package:flutter/src/widgets/framework.dart:4590:20)
#283    MultiChildRenderObjectElement.inflateWidget (package:flutter/src/widgets/framework.dart:7269:36)
#284    MultiChildRenderObjectElement.mount (package:flutter/src/widgets/framework.dart:7285:32)
...     Normal element mounting (465 frames)
#749    Element.inflateWidget (package:flutter/src/widgets/framework.dart:4590:20)
#750    Element.updateChild (package:flutter/src/widgets/framework.dart:4053:20)
#751    ComponentElement.performRebuild (package:flutter/src/widgets/framework.dart:5844:16)
#752    Element.rebuild (package:flutter/src/widgets/framework.dart:5532:7)
#753    ProxyElement.update (package:flutter/src/widgets/framework.dart:6152:5)
#754    _InheritedNotifierElement.update (package:flutter/src/widgets/inherited_notifier.dart:108:11)
#755    Element.updateChild (package:flutter/src/widgets/framework.dart:4037:15)
#756    ComponentElement.performRebuild (package:flutter/src/widgets/framework.dart:5844:16)
#757    StatefulElement.performRebuild (package:flutter/src/widgets/framework.dart:5985:11)
#758    Element.rebuild (package:flutter/src/widgets/framework.dart:5532:7)
#759    StatefulElement.update (package:flutter/src/widgets/framework.dart:6010:5)
#760    Element.updateChild (package:flutter/src/widgets/framework.dart:4037:15)
#761    ComponentElement.performRebuild (package:flutter/src/widgets/framework.dart:5844:16)
#762    Element.rebuild (package:flutter/src/widgets/framework.dart:5532:7)
#763    ProxyElement.update (package:flutter/src/widgets/framework.dart:6152:5)
#764    _InheritedNotifierElement.update (package:flutter/src/widgets/inherited_notifier.dart:108:11)
#765    Element.updateChild (package:flutter/src/widgets/framework.dart:4037:15)
#766    ComponentElement.performRebuild (package:flutter/src/widgets/framework.dart:5844:16)
#767    StatefulElement.performRebuild (package:flutter/src/widgets/framework.dart:5985:11)
#768    Element.rebuild (package:flutter/src/widgets/framework.dart:5532:7)
#769    StatefulElement.update (package:flutter/src/widgets/framework.dart:6010:5)
#770    Element.updateChild (package:flutter/src/widgets/framework.dart:4037:15)
#771    ComponentElement.performRebuild (package:flutter/src/widgets/framework.dart:5844:16)
#772    StatefulElement.performRebuild (package:flutter/src/widgets/framework.dart:5985:11)
#773    Element.rebuild (package:flutter/src/widgets/framework.dart:5532:7)
#774    StatefulElement.update (package:flutter/src/widgets/framework.dart:6010:5)
#775    Element.updateChild (package:flutter/src/widgets/framework.dart:4037:15)
#776    ComponentElement.performRebuild (package:flutter/src/widgets/framework.dart:5844:16)
#777    Element.rebuild (package:flutter/src/widgets/framework.dart:5532:7)
#778    ProxyElement.update (package:flutter/src/widgets/framework.dart:6152:5)
#779    Element.updateChild (package:flutter/src/widgets/framework.dart:4037:15)
#780    ComponentElement.performRebuild (package:flutter/src/widgets/framework.dart:5844:16)
#781    StatefulElement.performRebuild (package:flutter/src/widgets/framework.dart:5985:11)
#782    Element.rebuild (package:flutter/src/widgets/framework.dart:5532:7)
#783    StatefulElement.update (package:flutter/src/widgets/framework.dart:6010:5)
#784    Element.updateChild (package:flutter/src/widgets/framework.dart:4037:15)
#785    ComponentElement.performRebuild (package:flutter/src/widgets/framework.dart:5844:16)
#786    Element.rebuild (package:flutter/src/widgets/framework.dart:5532:7)
#787    ProxyElement.update (package:flutter/src/widgets/framework.dart:6152:5)
#788    Element.updateChild (package:flutter/src/widgets/framework.dart:4037:15)
#789    ComponentElement.performRebuild (package:flutter/src/widgets/framework.dart:5844:16)
#790    Element.rebuild (package:flutter/src/widgets/framework.dart:5532:7)
#791    ProxyElement.update (package:flutter/src/widgets/framework.dart:6152:5)
#792    Element.updateChild (package:flutter/src/widgets/framework.dart:4037:15)
#793    _RawViewElement._updateChild (package:flutter/src/widgets/view.dart:481:16)
#794    _RawViewElement.update (package:flutter/src/widgets/view.dart:568:5)
#795    Element.updateChild (package:flutter/src/widgets/framework.dart:4037:15)
#796    ComponentElement.performRebuild (package:flutter/src/widgets/framework.dart:5844:16)
#797    Element.rebuild (package:flutter/src/widgets/framework.dart:5532:7)
#798    StatelessElement.update (package:flutter/src/widgets/framework.dart:5898:5)
#799    Element.updateChild (package:flutter/src/widgets/framework.dart:4037:15)
#800    ComponentElement.performRebuild (package:flutter/src/widgets/framework.dart:5844:16)
#801    StatefulElement.performRebuild (package:flutter/src/widgets/framework.dart:5985:11)
#802    Element.rebuild (package:flutter/src/widgets/framework.dart:5532:7)
#803    StatefulElement.update (package:flutter/src/widgets/framework.dart:6010:5)
#804    Element.updateChild (package:flutter/src/widgets/framework.dart:4037:15)
#805    RootElement._rebuild (package:flutter/src/widgets/binding.dart:1782:16)
#806    RootElement.update (package:flutter/src/widgets/binding.dart:1760:5)
#807    RootElement.performRebuild (package:flutter/src/widgets/binding.dart:1774:7)
#808    Element.rebuild (package:flutter/src/widgets/framework.dart:5532:7)
#809    BuildScope._tryRebuild (package:flutter/src/widgets/framework.dart:2750:15)
#810    BuildScope._flushDirtyElements (package:flutter/src/widgets/framework.dart:2807:11)
#811    BuildOwner.buildScope (package:flutter/src/widgets/framework.dart:3111:18)
#812    AutomatedTestWidgetsFlutterBinding.drawFrame (package:flutter_test/src/binding.dart:1506:19)
#813    RendererBinding._handlePersistentFrameCallback (package:flutter/src/rendering/binding.dart:495:5)
#814    SchedulerBinding._invokeFrameCallback (package:flutter/src/scheduler/binding.dart:1434:15)
#815    SchedulerBinding.handleDrawFrame (package:flutter/src/scheduler/binding.dart:1347:9)
#816    AutomatedTestWidgetsFlutterBinding.pump.<anonymous closure> (package:flutter_test/src/binding.dart:1335:9)
#819    TestAsyncUtils.guard (package:flutter_test/src/test_async_utils.dart:74:41)
#820    AutomatedTestWidgetsFlutterBinding.pump (package:flutter_test/src/binding.dart:1324:27)
#821    WidgetTester.pumpWidget.<anonymous closure> (package:flutter_test/src/widget_tester.dart:598:22)
#824    TestAsyncUtils.guard (package:flutter_test/src/test_async_utils.dart:74:41)
#825    WidgetTester.pumpWidget (package:flutter_test/src/widget_tester.dart:595:27)
#826    main.<anonymous closure>.<anonymous closure> (file:///home/alexc/Projects/CardMind/test/integration/toast_notification_test.dart:190:20)
<asynchronous suspension>
#827    testWidgets.<anonymous closure>.<anonymous closure> (package:flutter_test/src/widget_tester.dart:192:15)
<asynchronous suspension>
#828    TestWidgetsFlutterBinding._runTestBody (package:flutter_test/src/binding.dart:1059:5)
<asynchronous suspension>
<asynchronous suspension>
(elided 8 frames from dart:async and package:stack_trace)

══╡ EXCEPTION CAUGHT BY FLUTTER TEST FRAMEWORK ╞════════════════════════════════════════════════════
The following assertion was thrown running a test:
A Timer is still pending even after the widget tree was disposed.
'package:flutter_test/src/binding.dart':
Failed assertion: line 1617 pos 12: '!timersPending'

When the exception was thrown, this was the stack:
#2      AutomatedTestWidgetsFlutterBinding._verifyInvariants (package:flutter_test/src/binding.dart:1617:12)
#3      TestWidgetsFlutterBinding._runTestBody (package:flutter_test/src/binding.dart:1078:7)
<asynchronous suspension>
<asynchronous suspension>
(elided 3 frames from class _AssertionError and package:stack_trace)

The test description was:
  should delete note successfully
════════════════════════════════════════════════════════════════════════════════════════════════════
00:22 +417 -36: /home/alexc/Projects/CardMind/test/integration/toast_notification_test.dart: HomeScreen Integration Tests - Toast Notifications should delete note successfully [E]                    
  Test failed. See exception logs above.
  The test description was: should delete note successfully
  

To run this test again: /home/alexc/.asdf/installs/flutter/3.38.5-stable/bin/cache/dart-sdk/bin/dart test /home/alexc/Projects/CardMind/test/integration/toast_notification_test.dart -p vm --plain-name 'HomeScreen Integration Tests - Toast Notifications should delete note successfully'
00:22 +418 -36: /home/alexc/Projects/CardMind/test/specs/home_screen_spec_test.dart: SP-FLUT-008: Home Screen Sync Status Display it_should_show_syncing_indicator_when_syncing                        00:22 +419 -36: /home/alexc/Projects/CardMind/test/specs/home_screen_spec_test.dart: SP-FLUT-008: Home Screen Sync Status Display it_should_show_syncing_indicator_when_syncing                        00:22 +420 -36: /home/alexc/Projects/CardMind/test/specs/home_screen_spec_test.dart: SP-FLUT-008: Home Screen Sync Status Display it_should_show_syncing_indicator_when_syncing                        00:22 +420 -36: /home/alexc/Projects/CardMind/test/screens/home_screen_adaptive_test.dart: HomeScreen Adaptive UI Responsive Layout Tests it_should_adapt_layout_at_desktop_breakpoint                 
Pending timers:
Timer (duration: 0:00:00.500000, periodic: false), created:
#0      new FakeTimer._ (package:fake_async/fake_async.dart:342:62)
#1      FakeAsync._createTimer (package:fake_async/fake_async.dart:260:29)
#2      FakeAsync.run.<anonymous closure> (package:fake_async/fake_async.dart:185:15)
#6      _HomeScreenState.initState (package:cardmind/screens/home_screen.dart:60:12)
#7      StatefulElement._firstBuild (package:flutter/src/widgets/framework.dart:5953:55)
#8      ComponentElement.mount (package:flutter/src/widgets/framework.dart:5796:5)
...     Normal element mounting (7 frames)
#15     _InheritedProviderScopeElement.mount (package:provider/src/inherited_provider.dart:424:11)
...     Normal element mounting (7 frames)
#22     SingleChildWidgetElementMixin.mount (package:nested/nested.dart:222:11)
...     Normal element mounting (260 frames)
#282    Element.inflateWidget (package:flutter/src/widgets/framework.dart:4590:20)
#283    MultiChildRenderObjectElement.inflateWidget (package:flutter/src/widgets/framework.dart:7269:36)
#284    MultiChildRenderObjectElement.mount (package:flutter/src/widgets/framework.dart:7285:32)
...     Normal element mounting (465 frames)
#749    Element.inflateWidget (package:flutter/src/widgets/framework.dart:4590:20)
#750    Element.updateChild (package:flutter/src/widgets/framework.dart:4053:20)
#751    ComponentElement.performRebuild (package:flutter/src/widgets/framework.dart:5844:16)
#752    Element.rebuild (package:flutter/src/widgets/framework.dart:5532:7)
#753    ProxyElement.update (package:flutter/src/widgets/framework.dart:6152:5)
#754    _InheritedNotifierElement.update (package:flutter/src/widgets/inherited_notifier.dart:108:11)
#755    Element.updateChild (package:flutter/src/widgets/framework.dart:4037:15)
#756    ComponentElement.performRebuild (package:flutter/src/widgets/framework.dart:5844:16)
#757    StatefulElement.performRebuild (package:flutter/src/widgets/framework.dart:5985:11)
#758    Element.rebuild (package:flutter/src/widgets/framework.dart:5532:7)
#759    StatefulElement.update (package:flutter/src/widgets/framework.dart:6010:5)
#760    Element.updateChild (package:flutter/src/widgets/framework.dart:4037:15)
#761    ComponentElement.performRebuild (package:flutter/src/widgets/framework.dart:5844:16)
#762    Element.rebuild (package:flutter/src/widgets/framework.dart:5532:7)
#763    ProxyElement.update (package:flutter/src/widgets/framework.dart:6152:5)
#764    _InheritedNotifierElement.update (package:flutter/src/widgets/inherited_notifier.dart:108:11)
#765    Element.updateChild (package:flutter/src/widgets/framework.dart:4037:15)
#766    ComponentElement.performRebuild (package:flutter/src/widgets/framework.dart:5844:16)
#767    StatefulElement.performRebuild (package:flutter/src/widgets/framework.dart:5985:11)
#768    Element.rebuild (package:flutter/src/widgets/framework.dart:5532:7)
#769    StatefulElement.update (package:flutter/src/widgets/framework.dart:6010:5)
#770    Element.updateChild (package:flutter/src/widgets/framework.dart:4037:15)
#771    ComponentElement.performRebuild (package:flutter/src/widgets/framework.dart:5844:16)
#772    StatefulElement.performRebuild (package:flutter/src/widgets/framework.dart:5985:11)
#773    Element.rebuild (package:flutter/src/widgets/framework.dart:5532:7)
#774    StatefulElement.update (package:flutter/src/widgets/framework.dart:6010:5)
#775    Element.updateChild (package:flutter/src/widgets/framework.dart:4037:15)
#776    ComponentElement.performRebuild (package:flutter/src/widgets/framework.dart:5844:16)
#777    Element.rebuild (package:flutter/src/widgets/framework.dart:5532:7)
#778    ProxyElement.update (package:flutter/src/widgets/framework.dart:6152:5)
#779    Element.updateChild (package:flutter/src/widgets/framework.dart:4037:15)
#780    ComponentElement.performRebuild (package:flutter/src/widgets/framework.dart:5844:16)
#781    StatefulElement.performRebuild (package:flutter/src/widgets/framework.dart:5985:11)
#782    Element.rebuild (package:flutter/src/widgets/framework.dart:5532:7)
#783    StatefulElement.update (package:flutter/src/widgets/framework.dart:6010:5)
#784    Element.updateChild (package:flutter/src/widgets/framework.dart:4037:15)
#785    ComponentElement.performRebuild (package:flutter/src/widgets/framework.dart:5844:16)
#786    Element.rebuild (package:flutter/src/widgets/framework.dart:5532:7)
#787    ProxyElement.update (package:flutter/src/widgets/framework.dart:6152:5)
#788    Element.updateChild (package:flutter/src/widgets/framework.dart:4037:15)
#789    ComponentElement.performRebuild (package:flutter/src/widgets/framework.dart:5844:16)
#790    Element.rebuild (package:flutter/src/widgets/framework.dart:5532:7)
#791    ProxyElement.update (package:flutter/src/widgets/framework.dart:6152:5)
#792    Element.updateChild (package:flutter/src/widgets/framework.dart:4037:15)
#793    _RawViewElement._updateChild (package:flutter/src/widgets/view.dart:481:16)
#794    _RawViewElement.update (package:flutter/src/widgets/view.dart:568:5)
#795    Element.updateChild (package:flutter/src/widgets/framework.dart:4037:15)
#796    ComponentElement.performRebuild (package:flutter/src/widgets/framework.dart:5844:16)
#797    Element.rebuild (package:flutter/src/widgets/framework.dart:5532:7)
#798    StatelessElement.update (package:flutter/src/widgets/framework.dart:5898:5)
#799    Element.updateChild (package:flutter/src/widgets/framework.dart:4037:15)
#800    ComponentElement.performRebuild (package:flutter/src/widgets/framework.dart:5844:16)
#801    StatefulElement.performRebuild (package:flutter/src/widgets/framework.dart:5985:11)
#802    Element.rebuild (package:flutter/src/widgets/framework.dart:5532:7)
#803    StatefulElement.update (package:flutter/src/widgets/framework.dart:6010:5)
#804    Element.updateChild (package:flutter/src/widgets/framework.dart:4037:15)
#805    RootElement._rebuild (package:flutter/src/widgets/binding.dart:1782:16)
#806    RootElement.update (package:flutter/src/widgets/binding.dart:1760:5)
#807    RootElement.performRebuild (package:flutter/src/widgets/binding.dart:1774:7)
#808    Element.rebuild (package:flutter/src/widgets/framework.dart:5532:7)
#809    BuildScope._tryRebuild (package:flutter/src/widgets/framework.dart:2750:15)
#810    BuildScope._flushDirtyElements (package:flutter/src/widgets/framework.dart:2807:11)
#811    BuildOwner.buildScope (package:flutter/src/widgets/framework.dart:3111:18)
#812    AutomatedTestWidgetsFlutterBinding.drawFrame (package:flutter_test/src/binding.dart:1506:19)
#813    RendererBinding._handlePersistentFrameCallback (package:flutter/src/rendering/binding.dart:495:5)
#814    SchedulerBinding._invokeFrameCallback (package:flutter/src/scheduler/binding.dart:1434:15)
#815    SchedulerBinding.handleDrawFrame (package:flutter/src/scheduler/binding.dart:1347:9)
#816    AutomatedTestWidgetsFlutterBinding.pump.<anonymous closure> (package:flutter_test/src/binding.dart:1335:9)
#819    TestAsyncUtils.guard (package:flutter_test/src/test_async_utils.dart:74:41)
#820    AutomatedTestWidgetsFlutterBinding.pump (package:flutter_test/src/binding.dart:1324:27)
#821    WidgetTester.pumpWidget.<anonymous closure> (package:flutter_test/src/widget_tester.dart:598:22)
#824    TestAsyncUtils.guard (package:flutter_test/src/test_async_utils.dart:74:41)
#825    WidgetTester.pumpWidget (package:flutter_test/src/widget_tester.dart:595:27)
#826    main.<anonymous closure>.<anonymous closure>.<anonymous closure> (file:///home/alexc/Projects/CardMind/test/screens/home_screen_adaptive_test.dart:238:22)
#827    testWidgets.<anonymous closure>.<anonymous closure> (package:flutter_test/src/widget_tester.dart:192:29)
<asynchronous suspension>
#828    TestWidgetsFlutterBinding._runTestBody (package:flutter_test/src/binding.dart:1059:5)
<asynchronous suspension>
<asynchronous suspension>
(elided 8 frames from dart:async and package:stack_trace)

══╡ EXCEPTION CAUGHT BY FLUTTER TEST FRAMEWORK ╞════════════════════════════════════════════════════
The following assertion was thrown running a test:
A Timer is still pending even after the widget tree was disposed.
'package:flutter_test/src/binding.dart':
Failed assertion: line 1617 pos 12: '!timersPending'

When the exception was thrown, this was the stack:
#2      AutomatedTestWidgetsFlutterBinding._verifyInvariants (package:flutter_test/src/binding.dart:1617:12)
#3      TestWidgetsFlutterBinding._runTestBody (package:flutter_test/src/binding.dart:1078:7)
<asynchronous suspension>
<asynchronous suspension>
(elided 3 frames from class _AssertionError and package:stack_trace)

The test description was:
  it_should_adapt_layout_at_desktop_breakpoint
════════════════════════════════════════════════════════════════════════════════════════════════════
00:22 +420 -37: /home/alexc/Projects/CardMind/test/screens/home_screen_adaptive_test.dart: HomeScreen Adaptive UI Responsive Layout Tests it_should_adapt_layout_at_desktop_breakpoint [E]             
  Test failed. See exception logs above.
  The test description was: it_should_adapt_layout_at_desktop_breakpoint
  

To run this test again: /home/alexc/.asdf/installs/flutter/3.38.5-stable/bin/cache/dart-sdk/bin/dart test /home/alexc/Projects/CardMind/test/screens/home_screen_adaptive_test.dart -p vm --plain-name 'HomeScreen Adaptive UI Responsive Layout Tests it_should_adapt_layout_at_desktop_breakpoint'
00:22 +420 -37: /home/alexc/Projects/CardMind/test/integration/user_journey_test.dart: User Journey Integration Tests Search and Filter Journey it_should_search_cards_by_title                        
Pending timers:
Timer (duration: 0:00:00.500000, periodic: false), created:
00:22 +420 -37: /home/alexc/Projects/CardMind/test/specs/home_screen_ui_spec_test.dart: SP-UI-005: Home Screen UI FAB Tests it_should_display_fab_tooltip                                              
Pending timers:
Timer (duration: 0:00:00.500000, periodic: false), created:
00:22 +420 -37: /home/alexc/Projects/CardMind/test/integration/user_journey_test.dart: User Journey Integration Tests Search and Filter Journey it_should_search_cards_by_title                        
#0      new FakeTimer._ (package:fake_async/fake_async.dart:342:62)
#1      FakeAsync._createTimer (package:fake_async/fake_async.dart:260:29)
#2      FakeAsync.run.<anonymous closure> (package:fake_async/fake_async.dart:185:15)
#6      _HomeScreenState.initState (package:cardmind/screens/home_screen.dart:60:12)
#7      StatefulElement._firstBuild (package:flutter/src/widgets/framework.dart:5953:55)
#8      ComponentElement.mount (package:flutter/src/widgets/framework.dart:5796:5)
...     Normal element mounting (260 frames)
#268    Element.inflateWidget (package:flutter/src/widgets/framework.dart:4590:20)
#269    MultiChildRenderObjectElement.inflateWidget (package:flutter/src/widgets/framework.dart:7269:36)
#270    MultiChildRenderObjectElement.mount (package:flutter/src/widgets/framework.dart:7285:32)
...     Normal element mounting (471 frames)
#741    _InheritedProviderScopeElement.mount (package:provider/src/inherited_provider.dart:424:11)
...     Normal element mounting (7 frames)
#748    _InheritedProviderScopeElement.mount (package:provider/src/inherited_provider.dart:424:11)
...     Normal element mounting (7 frames)
#755    SingleChildWidgetElementMixin.mount (package:nested/nested.dart:222:11)
...     Normal element mounting (7 frames)
#762    _NestedHookElement.mount (package:nested/nested.dart:187:11)
...     Normal element mounting (7 frames)
#769    SingleChildWidgetElementMixin.mount (package:nested/nested.dart:222:11)
...     Normal element mounting (7 frames)
#776    Element.inflateWidget (package:flutter/src/widgets/framework.dart:4590:20)
#777    Element.updateChild (package:flutter/src/widgets/framework.dart:4053:20)
#778    ComponentElement.performRebuild (package:flutter/src/widgets/framework.dart:5844:16)
#779    Element.rebuild (package:flutter/src/widgets/framework.dart:5532:7)
#780    ProxyElement.update (package:flutter/src/widgets/framework.dart:6152:5)
#781    _InheritedNotifierElement.update (package:flutter/src/widgets/inherited_notifier.dart:108:11)
#782    Element.updateChild (package:flutter/src/widgets/framework.dart:4037:15)
#783    ComponentElement.performRebuild (package:flutter/src/widgets/framework.dart:5844:16)
#784    StatefulElement.performRebuild (package:flutter/src/widgets/framework.dart:5985:11)
#785    Element.rebuild (package:flutter/src/widgets/framework.dart:5532:7)
#786    StatefulElement.update (package:flutter/src/widgets/framework.dart:6010:5)
#787    Element.updateChild (package:flutter/src/widgets/framework.dart:4037:15)
#788    ComponentElement.performRebuild (package:flutter/src/widgets/framework.dart:5844:16)
#789    Element.rebuild (package:flutter/src/widgets/framework.dart:5532:7)
#790    ProxyElement.update (package:flutter/src/widgets/framework.dart:6152:5)
#791    _InheritedNotifierElement.update (package:flutter/src/widgets/inherited_notifier.dart:108:11)
#792    Element.updateChild (package:flutter/src/widgets/framework.dart:4037:15)
#793    ComponentElement.performRebuild (package:flutter/src/widgets/framework.dart:5844:16)
#794    StatefulElement.performRebuild (package:flutter/src/widgets/framework.dart:5985:11)
#795    Element.rebuild (package:flutter/src/widgets/framework.dart:5532:7)
#796    StatefulElement.update (package:flutter/src/widgets/framework.dart:6010:5)
#797    Element.updateChild (package:flutter/src/widgets/framework.dart:4037:15)
#798    ComponentElement.performRebuild (package:flutter/src/widgets/framework.dart:5844:16)
#799    StatefulElement.performRebuild (package:flutter/src/widgets/framework.dart:5985:11)
#800    Element.rebuild (package:flutter/src/widgets/framework.dart:5532:7)
#801    StatefulElement.update (package:flutter/src/widgets/framework.dart:6010:5)
#802    Element.updateChild (package:flutter/src/widgets/framework.dart:4037:15)
#803    ComponentElement.performRebuild (package:flutter/src/widgets/framework.dart:5844:16)
#804    Element.rebuild (package:flutter/src/widgets/framework.dart:5532:7)
#805    ProxyElement.update (package:flutter/src/widgets/framework.dart:6152:5)
#806    Element.updateChild (package:flutter/src/widgets/framework.dart:4037:15)
#807    ComponentElement.performRebuild (package:flutter/src/widgets/framework.dart:5844:16)
#808    StatefulElement.performRebuild (package:flutter/src/widgets/framework.dart:5985:11)
#809    Element.rebuild (package:flutter/src/widgets/framework.dart:5532:7)
#810    StatefulElement.update (package:flutter/src/widgets/framework.dart:6010:5)
#811    Element.updateChild (package:flutter/src/widgets/framework.dart:4037:15)
#812    ComponentElement.performRebuild (package:flutter/src/widgets/framework.dart:5844:16)
#813    Element.rebuild (package:flutter/src/widgets/framework.dart:5532:7)
#814    ProxyElement.update (package:flutter/src/widgets/framework.dart:6152:5)
#815    Element.updateChild (package:flutter/src/widgets/framework.dart:4037:15)
#816    ComponentElement.performRebuild (package:flutter/src/widgets/framework.dart:5844:16)
#817    Element.rebuild (package:flutter/src/widgets/framework.dart:5532:7)
#818    ProxyElement.update (package:flutter/src/widgets/framework.dart:6152:5)
#819    Element.updateChild (package:flutter/src/widgets/framework.dart:4037:15)
#820    _RawViewElement._updateChild (package:flutter/src/widgets/view.dart:481:16)
#821    _RawViewElement.update (package:flutter/src/widgets/view.dart:568:5)
#822    Element.updateChild (package:flutter/src/widgets/framework.dart:4037:15)
#823    ComponentElement.performRebuild (package:flutter/src/widgets/framework.dart:5844:16)
#824    Element.rebuild (package:flutter/src/widgets/framework.dart:5532:7)
#825    StatelessElement.update (package:flutter/src/widgets/framework.dart:5898:5)
#826    Element.updateChild (package:flutter/src/widgets/framework.dart:4037:15)
#827    ComponentElement.performRebuild (package:flutter/src/widgets/framework.dart:5844:16)
#828    StatefulElement.performRebuild (package:flutter/src/widgets/framework.dart:5985:11)
#829    Element.rebuild (package:flutter/src/widgets/framework.dart:5532:7)
#830    StatefulElement.update (package:flutter/src/widgets/framework.dart:6010:5)
#831    Element.updateChild (package:flutter/src/widgets/framework.dart:4037:15)
#832    RootElement._rebuild (package:flutter/src/widgets/binding.dart:1782:16)
#833    RootElement.update (package:flutter/src/widgets/binding.dart:1760:5)
#834    RootElement.performRebuild (package:flutter/src/widgets/binding.dart:1774:7)
#835    Element.rebuild (package:flutter/src/widgets/framework.dart:5532:7)
#836    BuildScope._tryRebuild (package:flutter/src/widgets/framework.dart:2750:15)
#837    BuildScope._flushDirtyElements (package:flutter/src/widgets/framework.dart:2807:11)
#838    BuildOwner.buildScope (package:flutter/src/widgets/framework.dart:3111:18)
#839    AutomatedTestWidgetsFlutterBinding.drawFrame (package:flutter_test/src/binding.dart:1506:19)
#840    RendererBinding._handlePersistentFrameCallback (package:flutter/src/rendering/binding.dart:495:5)
#841    SchedulerBinding._invokeFrameCallback (package:flutter/src/scheduler/binding.dart:1434:15)
#842    SchedulerBinding.handleDrawFrame (package:flutter/src/scheduler/binding.dart:1347:9)
#843    AutomatedTestWidgetsFlutterBinding.pump.<anonymous closure> (package:flutter_test/src/binding.dart:1335:9)
#846    TestAsyncUtils.guard (package:flutter_test/src/test_async_utils.dart:74:41)
#847    AutomatedTestWidgetsFlutterBinding.pump (package:flutter_test/src/binding.dart:1324:27)
#848    WidgetTester.pumpWidget.<anonymous closure> (package:flutter_test/src/widget_tester.dart:598:22)
#851    TestAsyncUtils.guard (package:flutter_test/src/test_async_utils.dart:74:41)
#852    WidgetTester.pumpWidget (package:flutter_test/src/widget_tester.dart:595:27)
#853    main.<anonymous closure>.<anonymous closure>.<anonymous closure> (file:///home/alexc/Projects/CardMind/test/integration/user_journey_test.dart:132:22)
#854    testWidgets.<anonymous closure>.<anonymous closure> (package:flutter_test/src/widget_tester.dart:192:29)
<asynchronous suspension>
#855    TestWidgetsFlutterBinding._runTestBody (package:flutter_test/src/binding.dart:1059:5)
<asynchronous suspension>
<asynchronous suspension>
(elided 8 frames from dart:async and package:stack_trace)

══╡ EXCEPTION CAUGHT BY FLUTTER TEST FRAMEWORK ╞════════════════════════════════════════════════════
The following assertion was thrown running a test:
A Timer is still pending even after the widget tree was disposed.
'package:flutter_test/src/binding.dart':
Failed assertion: line 1617 pos 12: '!timersPending'

When the exception was thrown, this was the stack:
#2      AutomatedTestWidgetsFlutterBinding._verifyInvariants (package:flutter_test/src/binding.dart:1617:12)
#3      TestWidgetsFlutterBinding._runTestBody (package:flutter_test/src/binding.dart:1078:7)
<asynchronous suspension>
<asynchronous suspension>
(elided 3 frames from class _AssertionError and package:stack_trace)

The test description was:
  it_should_search_cards_by_title
════════════════════════════════════════════════════════════════════════════════════════════════════
00:22 +420 -38: /home/alexc/Projects/CardMind/test/integration/user_journey_test.dart: User Journey Integration Tests Search and Filter Journey it_should_search_cards_by_title [E]                    
  Test failed. See exception logs above.
  The test description was: it_should_search_cards_by_title
  

To run this test again: /home/alexc/.asdf/installs/flutter/3.38.5-stable/bin/cache/dart-sdk/bin/dart test /home/alexc/Projects/CardMind/test/integration/user_journey_test.dart -p vm --plain-name 'User Journey Integration Tests Search and Filter Journey it_should_search_cards_by_title'
00:22 +420 -38: /home/alexc/Projects/CardMind/test/specs/home_screen_ui_spec_test.dart: SP-UI-005: Home Screen UI FAB Tests it_should_display_fab_tooltip                                              
#0      new FakeTimer._ (package:fake_async/fake_async.dart:342:62)
#1      FakeAsync._createTimer (package:fake_async/fake_async.dart:260:29)
#2      FakeAsync.run.<anonymous closure> (package:fake_async/fake_async.dart:185:15)
#6      _HomeScreenState.initState (package:cardmind/screens/home_screen.dart:60:12)
#7      StatefulElement._firstBuild (package:flutter/src/widgets/framework.dart:5953:55)
#8      ComponentElement.mount (package:flutter/src/widgets/framework.dart:5796:5)
...     Normal element mounting (7 frames)
#15     _InheritedProviderScopeElement.mount (package:provider/src/inherited_provider.dart:424:11)
...     Normal element mounting (7 frames)
#22     SingleChildWidgetElementMixin.mount (package:nested/nested.dart:222:11)
...     Normal element mounting (260 frames)
#282    Element.inflateWidget (package:flutter/src/widgets/framework.dart:4590:20)
#283    MultiChildRenderObjectElement.inflateWidget (package:flutter/src/widgets/framework.dart:7269:36)
#284    MultiChildRenderObjectElement.mount (package:flutter/src/widgets/framework.dart:7285:32)
...     Normal element mounting (465 frames)
#749    Element.inflateWidget (package:flutter/src/widgets/framework.dart:4590:20)
#750    Element.updateChild (package:flutter/src/widgets/framework.dart:4053:20)
#751    ComponentElement.performRebuild (package:flutter/src/widgets/framework.dart:5844:16)
#752    Element.rebuild (package:flutter/src/widgets/framework.dart:5532:7)
#753    ProxyElement.update (package:flutter/src/widgets/framework.dart:6152:5)
#754    _InheritedNotifierElement.update (package:flutter/src/widgets/inherited_notifier.dart:108:11)
#755    Element.updateChild (package:flutter/src/widgets/framework.dart:4037:15)
#756    ComponentElement.performRebuild (package:flutter/src/widgets/framework.dart:5844:16)
#757    StatefulElement.performRebuild (package:flutter/src/widgets/framework.dart:5985:11)
#758    Element.rebuild (package:flutter/src/widgets/framework.dart:5532:7)
#759    StatefulElement.update (package:flutter/src/widgets/framework.dart:6010:5)
#760    Element.updateChild (package:flutter/src/widgets/framework.dart:4037:15)
#761    ComponentElement.performRebuild (package:flutter/src/widgets/framework.dart:5844:16)
#762    Element.rebuild (package:flutter/src/widgets/framework.dart:5532:7)
#763    ProxyElement.update (package:flutter/src/widgets/framework.dart:6152:5)
#764    _InheritedNotifierElement.update (package:flutter/src/widgets/inherited_notifier.dart:108:11)
#765    Element.updateChild (package:flutter/src/widgets/framework.dart:4037:15)
#766    ComponentElement.performRebuild (package:flutter/src/widgets/framework.dart:5844:16)
#767    StatefulElement.performRebuild (package:flutter/src/widgets/framework.dart:5985:11)
#768    Element.rebuild (package:flutter/src/widgets/framework.dart:5532:7)
#769    StatefulElement.update (package:flutter/src/widgets/framework.dart:6010:5)
#770    Element.updateChild (package:flutter/src/widgets/framework.dart:4037:15)
#771    ComponentElement.performRebuild (package:flutter/src/widgets/framework.dart:5844:16)
#772    StatefulElement.performRebuild (package:flutter/src/widgets/framework.dart:5985:11)
#773    Element.rebuild (package:flutter/src/widgets/framework.dart:5532:7)
#774    StatefulElement.update (package:flutter/src/widgets/framework.dart:6010:5)
#775    Element.updateChild (package:flutter/src/widgets/framework.dart:4037:15)
#776    ComponentElement.performRebuild (package:flutter/src/widgets/framework.dart:5844:16)
#777    Element.rebuild (package:flutter/src/widgets/framework.dart:5532:7)
#778    ProxyElement.update (package:flutter/src/widgets/framework.dart:6152:5)
#779    Element.updateChild (package:flutter/src/widgets/framework.dart:4037:15)
#780    ComponentElement.performRebuild (package:flutter/src/widgets/framework.dart:5844:16)
#781    StatefulElement.performRebuild (package:flutter/src/widgets/framework.dart:5985:11)
#782    Element.rebuild (package:flutter/src/widgets/framework.dart:5532:7)
#783    StatefulElement.update (package:flutter/src/widgets/framework.dart:6010:5)
#784    Element.updateChild (package:flutter/src/widgets/framework.dart:4037:15)
#785    ComponentElement.performRebuild (package:flutter/src/widgets/framework.dart:5844:16)
#786    Element.rebuild (package:flutter/src/widgets/framework.dart:5532:7)
#787    ProxyElement.update (package:flutter/src/widgets/framework.dart:6152:5)
#788    Element.updateChild (package:flutter/src/widgets/framework.dart:4037:15)
#789    ComponentElement.performRebuild (package:flutter/src/widgets/framework.dart:5844:16)
#790    Element.rebuild (package:flutter/src/widgets/framework.dart:5532:7)
#791    ProxyElement.update (package:flutter/src/widgets/framework.dart:6152:5)
#792    Element.updateChild (package:flutter/src/widgets/framework.dart:4037:15)
#793    _RawViewElement._updateChild (package:flutter/src/widgets/view.dart:481:16)
#794    _RawViewElement.update (package:flutter/src/widgets/view.dart:568:5)
#795    Element.updateChild (package:flutter/src/widgets/framework.dart:4037:15)
#796    ComponentElement.performRebuild (package:flutter/src/widgets/framework.dart:5844:16)
#797    Element.rebuild (package:flutter/src/widgets/framework.dart:5532:7)
#798    StatelessElement.update (package:flutter/src/widgets/framework.dart:5898:5)
#799    Element.updateChild (package:flutter/src/widgets/framework.dart:4037:15)
#800    ComponentElement.performRebuild (package:flutter/src/widgets/framework.dart:5844:16)
#801    StatefulElement.performRebuild (package:flutter/src/widgets/framework.dart:5985:11)
#802    Element.rebuild (package:flutter/src/widgets/framework.dart:5532:7)
#803    StatefulElement.update (package:flutter/src/widgets/framework.dart:6010:5)
#804    Element.updateChild (package:flutter/src/widgets/framework.dart:4037:15)
#805    RootElement._rebuild (package:flutter/src/widgets/binding.dart:1782:16)
#806    RootElement.update (package:flutter/src/widgets/binding.dart:1760:5)
#807    RootElement.performRebuild (package:flutter/src/widgets/binding.dart:1774:7)
#808    Element.rebuild (package:flutter/src/widgets/framework.dart:5532:7)
#809    BuildScope._tryRebuild (package:flutter/src/widgets/framework.dart:2750:15)
#810    BuildScope._flushDirtyElements (package:flutter/src/widgets/framework.dart:2807:11)
#811    BuildOwner.buildScope (package:flutter/src/widgets/framework.dart:3111:18)
#812    AutomatedTestWidgetsFlutterBinding.drawFrame (package:flutter_test/src/binding.dart:1506:19)
#813    RendererBinding._handlePersistentFrameCallback (package:flutter/src/rendering/binding.dart:495:5)
#814    SchedulerBinding._invokeFrameCallback (package:flutter/src/scheduler/binding.dart:1434:15)
#815    SchedulerBinding.handleDrawFrame (package:flutter/src/scheduler/binding.dart:1347:9)
#816    AutomatedTestWidgetsFlutterBinding.pump.<anonymous closure> (package:flutter_test/src/binding.dart:1335:9)
#819    TestAsyncUtils.guard (package:flutter_test/src/test_async_utils.dart:74:41)
#820    AutomatedTestWidgetsFlutterBinding.pump (package:flutter_test/src/binding.dart:1324:27)
#821    WidgetTester.pumpWidget.<anonymous closure> (package:flutter_test/src/widget_tester.dart:598:22)
#824    TestAsyncUtils.guard (package:flutter_test/src/test_async_utils.dart:74:41)
#825    WidgetTester.pumpWidget (package:flutter_test/src/widget_tester.dart:595:27)
#826    main.<anonymous closure>.<anonymous closure>.<anonymous closure> (file:///home/alexc/Projects/CardMind/test/specs/home_screen_ui_spec_test.dart:270:22)
#827    testWidgets.<anonymous closure>.<anonymous closure> (package:flutter_test/src/widget_tester.dart:192:29)
<asynchronous suspension>
#828    TestWidgetsFlutterBinding._runTestBody (package:flutter_test/src/binding.dart:1059:5)
<asynchronous suspension>
<asynchronous suspension>
(elided 8 frames from dart:async and package:stack_trace)

══╡ EXCEPTION CAUGHT BY FLUTTER TEST FRAMEWORK ╞════════════════════════════════════════════════════
The following assertion was thrown running a test:
A Timer is still pending even after the widget tree was disposed.
'package:flutter_test/src/binding.dart':
Failed assertion: line 1617 pos 12: '!timersPending'

When the exception was thrown, this was the stack:
#2      AutomatedTestWidgetsFlutterBinding._verifyInvariants (package:flutter_test/src/binding.dart:1617:12)
#3      TestWidgetsFlutterBinding._runTestBody (package:flutter_test/src/binding.dart:1078:7)
<asynchronous suspension>
<asynchronous suspension>
(elided 3 frames from class _AssertionError and package:stack_trace)

The test description was:
  it_should_display_fab_tooltip
════════════════════════════════════════════════════════════════════════════════════════════════════
00:22 +420 -39: /home/alexc/Projects/CardMind/test/specs/home_screen_ui_spec_test.dart: SP-UI-005: Home Screen UI FAB Tests it_should_display_fab_tooltip [E]                                          
  Test failed. See exception logs above.
  The test description was: it_should_display_fab_tooltip
  

To run this test again: /home/alexc/.asdf/installs/flutter/3.38.5-stable/bin/cache/dart-sdk/bin/dart test /home/alexc/Projects/CardMind/test/specs/home_screen_ui_spec_test.dart -p vm --plain-name 'SP-UI-005: Home Screen UI FAB Tests it_should_display_fab_tooltip'
00:22 +421 -39: /home/alexc/Projects/CardMind/test/specs/home_screen_spec_test.dart: SP-FLUT-008: Home Screen Sync Status Display it_should_show_syncing_indicator_when_syncing                        00:23 +421 -39: /home/alexc/Projects/CardMind/test/specs/home_screen_spec_test.dart: SP-FLUT-008: Home Screen Sync Status Display it_should_show_syncing_indicator_when_syncing                        00:23 +422 -39: /home/alexc/Projects/CardMind/test/specs/home_screen_spec_test.dart: SP-FLUT-008: Home Screen Sync Status Display it_should_show_syncing_indicator_when_syncing                        00:23 +422 -39: /home/alexc/Projects/CardMind/test/integration/toast_notification_test.dart: HomeScreen Integration Tests - Toast Notifications should handle delete failure                           
Pending timers:
Timer (duration: 0:00:00.500000, periodic: false), created:
#0      new FakeTimer._ (package:fake_async/fake_async.dart:342:62)
#1      FakeAsync._createTimer (package:fake_async/fake_async.dart:260:29)
#2      FakeAsync.run.<anonymous closure> (package:fake_async/fake_async.dart:185:15)
#6      _HomeScreenState.initState (package:cardmind/screens/home_screen.dart:60:12)
#7      StatefulElement._firstBuild (package:flutter/src/widgets/framework.dart:5953:55)
#8      ComponentElement.mount (package:flutter/src/widgets/framework.dart:5796:5)
...     Normal element mounting (7 frames)
#15     _InheritedProviderScopeElement.mount (package:provider/src/inherited_provider.dart:424:11)
...     Normal element mounting (7 frames)
#22     SingleChildWidgetElementMixin.mount (package:nested/nested.dart:222:11)
...     Normal element mounting (260 frames)
#282    Element.inflateWidget (package:flutter/src/widgets/framework.dart:4590:20)
#283    MultiChildRenderObjectElement.inflateWidget (package:flutter/src/widgets/framework.dart:7269:36)
#284    MultiChildRenderObjectElement.mount (package:flutter/src/widgets/framework.dart:7285:32)
...     Normal element mounting (465 frames)
#749    Element.inflateWidget (package:flutter/src/widgets/framework.dart:4590:20)
#750    Element.updateChild (package:flutter/src/widgets/framework.dart:4053:20)
#751    ComponentElement.performRebuild (package:flutter/src/widgets/framework.dart:5844:16)
#752    Element.rebuild (package:flutter/src/widgets/framework.dart:5532:7)
#753    ProxyElement.update (package:flutter/src/widgets/framework.dart:6152:5)
#754    _InheritedNotifierElement.update (package:flutter/src/widgets/inherited_notifier.dart:108:11)
#755    Element.updateChild (package:flutter/src/widgets/framework.dart:4037:15)
#756    ComponentElement.performRebuild (package:flutter/src/widgets/framework.dart:5844:16)
#757    StatefulElement.performRebuild (package:flutter/src/widgets/framework.dart:5985:11)
#758    Element.rebuild (package:flutter/src/widgets/framework.dart:5532:7)
#759    StatefulElement.update (package:flutter/src/widgets/framework.dart:6010:5)
#760    Element.updateChild (package:flutter/src/widgets/framework.dart:4037:15)
#761    ComponentElement.performRebuild (package:flutter/src/widgets/framework.dart:5844:16)
#762    Element.rebuild (package:flutter/src/widgets/framework.dart:5532:7)
#763    ProxyElement.update (package:flutter/src/widgets/framework.dart:6152:5)
#764    _InheritedNotifierElement.update (package:flutter/src/widgets/inherited_notifier.dart:108:11)
#765    Element.updateChild (package:flutter/src/widgets/framework.dart:4037:15)
#766    ComponentElement.performRebuild (package:flutter/src/widgets/framework.dart:5844:16)
#767    StatefulElement.performRebuild (package:flutter/src/widgets/framework.dart:5985:11)
#768    Element.rebuild (package:flutter/src/widgets/framework.dart:5532:7)
#769    StatefulElement.update (package:flutter/src/widgets/framework.dart:6010:5)
#770    Element.updateChild (package:flutter/src/widgets/framework.dart:4037:15)
#771    ComponentElement.performRebuild (package:flutter/src/widgets/framework.dart:5844:16)
#772    StatefulElement.performRebuild (package:flutter/src/widgets/framework.dart:5985:11)
#773    Element.rebuild (package:flutter/src/widgets/framework.dart:5532:7)
#774    StatefulElement.update (package:flutter/src/widgets/framework.dart:6010:5)
#775    Element.updateChild (package:flutter/src/widgets/framework.dart:4037:15)
#776    ComponentElement.performRebuild (package:flutter/src/widgets/framework.dart:5844:16)
#777    Element.rebuild (package:flutter/src/widgets/framework.dart:5532:7)
#778    ProxyElement.update (package:flutter/src/widgets/framework.dart:6152:5)
#779    Element.updateChild (package:flutter/src/widgets/framework.dart:4037:15)
#780    ComponentElement.performRebuild (package:flutter/src/widgets/framework.dart:5844:16)
#781    StatefulElement.performRebuild (package:flutter/src/widgets/framework.dart:5985:11)
#782    Element.rebuild (package:flutter/src/widgets/framework.dart:5532:7)
#783    StatefulElement.update (package:flutter/src/widgets/framework.dart:6010:5)
#784    Element.updateChild (package:flutter/src/widgets/framework.dart:4037:15)
#785    ComponentElement.performRebuild (package:flutter/src/widgets/framework.dart:5844:16)
#786    Element.rebuild (package:flutter/src/widgets/framework.dart:5532:7)
#787    ProxyElement.update (package:flutter/src/widgets/framework.dart:6152:5)
#788    Element.updateChild (package:flutter/src/widgets/framework.dart:4037:15)
#789    ComponentElement.performRebuild (package:flutter/src/widgets/framework.dart:5844:16)
#790    Element.rebuild (package:flutter/src/widgets/framework.dart:5532:7)
#791    ProxyElement.update (package:flutter/src/widgets/framework.dart:6152:5)
#792    Element.updateChild (package:flutter/src/widgets/framework.dart:4037:15)
#793    _RawViewElement._updateChild (package:flutter/src/widgets/view.dart:481:16)
#794    _RawViewElement.update (package:flutter/src/widgets/view.dart:568:5)
#795    Element.updateChild (package:flutter/src/widgets/framework.dart:4037:15)
#796    ComponentElement.performRebuild (package:flutter/src/widgets/framework.dart:5844:16)
#797    Element.rebuild (package:flutter/src/widgets/framework.dart:5532:7)
#798    StatelessElement.update (package:flutter/src/widgets/framework.dart:5898:5)
#799    Element.updateChild (package:flutter/src/widgets/framework.dart:4037:15)
#800    ComponentElement.performRebuild (package:flutter/src/widgets/framework.dart:5844:16)
#801    StatefulElement.performRebuild (package:flutter/src/widgets/framework.dart:5985:11)
#802    Element.rebuild (package:flutter/src/widgets/framework.dart:5532:7)
#803    StatefulElement.update (package:flutter/src/widgets/framework.dart:6010:5)
#804    Element.updateChild (package:flutter/src/widgets/framework.dart:4037:15)
#805    RootElement._rebuild (package:flutter/src/widgets/binding.dart:1782:16)
#806    RootElement.update (package:flutter/src/widgets/binding.dart:1760:5)
#807    RootElement.performRebuild (package:flutter/src/widgets/binding.dart:1774:7)
#808    Element.rebuild (package:flutter/src/widgets/framework.dart:5532:7)
#809    BuildScope._tryRebuild (package:flutter/src/widgets/framework.dart:2750:15)
#810    BuildScope._flushDirtyElements (package:flutter/src/widgets/framework.dart:2807:11)
#811    BuildOwner.buildScope (package:flutter/src/widgets/framework.dart:3111:18)
#812    AutomatedTestWidgetsFlutterBinding.drawFrame (package:flutter_test/src/binding.dart:1506:19)
#813    RendererBinding._handlePersistentFrameCallback (package:flutter/src/rendering/binding.dart:495:5)
#814    SchedulerBinding._invokeFrameCallback (package:flutter/src/scheduler/binding.dart:1434:15)
#815    SchedulerBinding.handleDrawFrame (package:flutter/src/scheduler/binding.dart:1347:9)
#816    AutomatedTestWidgetsFlutterBinding.pump.<anonymous closure> (package:flutter_test/src/binding.dart:1335:9)
#819    TestAsyncUtils.guard (package:flutter_test/src/test_async_utils.dart:74:41)
#820    AutomatedTestWidgetsFlutterBinding.pump (package:flutter_test/src/binding.dart:1324:27)
#821    WidgetTester.pumpWidget.<anonymous closure> (package:flutter_test/src/widget_tester.dart:598:22)
#824    TestAsyncUtils.guard (package:flutter_test/src/test_async_utils.dart:74:41)
#825    WidgetTester.pumpWidget (package:flutter_test/src/widget_tester.dart:595:27)
#826    main.<anonymous closure>.<anonymous closure> (file:///home/alexc/Projects/CardMind/test/integration/toast_notification_test.dart:208:20)
<asynchronous suspension>
#827    testWidgets.<anonymous closure>.<anonymous closure> (package:flutter_test/src/widget_tester.dart:192:15)
<asynchronous suspension>
#828    TestWidgetsFlutterBinding._runTestBody (package:flutter_test/src/binding.dart:1059:5)
<asynchronous suspension>
<asynchronous suspension>
(elided 8 frames from dart:async and package:stack_trace)

══╡ EXCEPTION CAUGHT BY FLUTTER TEST FRAMEWORK ╞════════════════════════════════════════════════════
The following assertion was thrown running a test:
A Timer is still pending even after the widget tree was disposed.
'package:flutter_test/src/binding.dart':
Failed assertion: line 1617 pos 12: '!timersPending'

When the exception was thrown, this was the stack:
#2      AutomatedTestWidgetsFlutterBinding._verifyInvariants (package:flutter_test/src/binding.dart:1617:12)
#3      TestWidgetsFlutterBinding._runTestBody (package:flutter_test/src/binding.dart:1078:7)
<asynchronous suspension>
<asynchronous suspension>
(elided 3 frames from class _AssertionError and package:stack_trace)

The test description was:
  should handle delete failure
════════════════════════════════════════════════════════════════════════════════════════════════════
00:23 +422 -40: /home/alexc/Projects/CardMind/test/integration/toast_notification_test.dart: HomeScreen Integration Tests - Toast Notifications should handle delete failure [E]                       
  Test failed. See exception logs above.
  The test description was: should handle delete failure
  

To run this test again: /home/alexc/.asdf/installs/flutter/3.38.5-stable/bin/cache/dart-sdk/bin/dart test /home/alexc/Projects/CardMind/test/integration/toast_notification_test.dart -p vm --plain-name 'HomeScreen Integration Tests - Toast Notifications should handle delete failure'
00:23 +423 -40: /home/alexc/Projects/CardMind/test/specs/home_screen_spec_test.dart: SP-FLUT-008: Home Screen Sync Status Display it_should_show_syncing_indicator_when_syncing                        00:23 +423 -40: /home/alexc/Projects/CardMind/test/screens/home_screen_adaptive_test.dart: HomeScreen Adaptive UI Responsive Layout Tests it_should_handle_breakpoint_transition                       
Pending timers:
Timer (duration: 0:00:00.500000, periodic: false), created:
#0      new FakeTimer._ (package:fake_async/fake_async.dart:342:62)
#1      FakeAsync._createTimer (package:fake_async/fake_async.dart:260:29)
#2      FakeAsync.run.<anonymous closure> (package:fake_async/fake_async.dart:185:15)
#6      _HomeScreenState.initState (package:cardmind/screens/home_screen.dart:60:12)
#7      StatefulElement._firstBuild (package:flutter/src/widgets/framework.dart:5953:55)
#8      ComponentElement.mount (package:flutter/src/widgets/framework.dart:5796:5)
...     Normal element mounting (7 frames)
#15     _InheritedProviderScopeElement.mount (package:provider/src/inherited_provider.dart:424:11)
...     Normal element mounting (7 frames)
#22     SingleChildWidgetElementMixin.mount (package:nested/nested.dart:222:11)
...     Normal element mounting (260 frames)
#282    Element.inflateWidget (package:flutter/src/widgets/framework.dart:4590:20)
#283    MultiChildRenderObjectElement.inflateWidget (package:flutter/src/widgets/framework.dart:7269:36)
#284    MultiChildRenderObjectElement.mount (package:flutter/src/widgets/framework.dart:7285:32)
...     Normal element mounting (465 frames)
#749    Element.inflateWidget (package:flutter/src/widgets/framework.dart:4590:20)
#750    Element.updateChild (package:flutter/src/widgets/framework.dart:4053:20)
#751    ComponentElement.performRebuild (package:flutter/src/widgets/framework.dart:5844:16)
#752    Element.rebuild (package:flutter/src/widgets/framework.dart:5532:7)
#753    ProxyElement.update (package:flutter/src/widgets/framework.dart:6152:5)
#754    _InheritedNotifierElement.update (package:flutter/src/widgets/inherited_notifier.dart:108:11)
#755    Element.updateChild (package:flutter/src/widgets/framework.dart:4037:15)
#756    ComponentElement.performRebuild (package:flutter/src/widgets/framework.dart:5844:16)
#757    StatefulElement.performRebuild (package:flutter/src/widgets/framework.dart:5985:11)
#758    Element.rebuild (package:flutter/src/widgets/framework.dart:5532:7)
#759    StatefulElement.update (package:flutter/src/widgets/framework.dart:6010:5)
#760    Element.updateChild (package:flutter/src/widgets/framework.dart:4037:15)
#761    ComponentElement.performRebuild (package:flutter/src/widgets/framework.dart:5844:16)
#762    Element.rebuild (package:flutter/src/widgets/framework.dart:5532:7)
#763    ProxyElement.update (package:flutter/src/widgets/framework.dart:6152:5)
#764    _InheritedNotifierElement.update (package:flutter/src/widgets/inherited_notifier.dart:108:11)
#765    Element.updateChild (package:flutter/src/widgets/framework.dart:4037:15)
#766    ComponentElement.performRebuild (package:flutter/src/widgets/framework.dart:5844:16)
#767    StatefulElement.performRebuild (package:flutter/src/widgets/framework.dart:5985:11)
#768    Element.rebuild (package:flutter/src/widgets/framework.dart:5532:7)
#769    StatefulElement.update (package:flutter/src/widgets/framework.dart:6010:5)
#770    Element.updateChild (package:flutter/src/widgets/framework.dart:4037:15)
#771    ComponentElement.performRebuild (package:flutter/src/widgets/framework.dart:5844:16)
#772    StatefulElement.performRebuild (package:flutter/src/widgets/framework.dart:5985:11)
#773    Element.rebuild (package:flutter/src/widgets/framework.dart:5532:7)
#774    StatefulElement.update (package:flutter/src/widgets/framework.dart:6010:5)
#775    Element.updateChild (package:flutter/src/widgets/framework.dart:4037:15)
#776    ComponentElement.performRebuild (package:flutter/src/widgets/framework.dart:5844:16)
#777    Element.rebuild (package:flutter/src/widgets/framework.dart:5532:7)
#778    ProxyElement.update (package:flutter/src/widgets/framework.dart:6152:5)
#779    Element.updateChild (package:flutter/src/widgets/framework.dart:4037:15)
#780    ComponentElement.performRebuild (package:flutter/src/widgets/framework.dart:5844:16)
#781    StatefulElement.performRebuild (package:flutter/src/widgets/framework.dart:5985:11)
#782    Element.rebuild (package:flutter/src/widgets/framework.dart:5532:7)
#783    StatefulElement.update (package:flutter/src/widgets/framework.dart:6010:5)
#784    Element.updateChild (package:flutter/src/widgets/framework.dart:4037:15)
#785    ComponentElement.performRebuild (package:flutter/src/widgets/framework.dart:5844:16)
#786    Element.rebuild (package:flutter/src/widgets/framework.dart:5532:7)
#787    ProxyElement.update (package:flutter/src/widgets/framework.dart:6152:5)
#788    Element.updateChild (package:flutter/src/widgets/framework.dart:4037:15)
#789    ComponentElement.performRebuild (package:flutter/src/widgets/framework.dart:5844:16)
#790    Element.rebuild (package:flutter/src/widgets/framework.dart:5532:7)
#791    ProxyElement.update (package:flutter/src/widgets/framework.dart:6152:5)
#792    Element.updateChild (package:flutter/src/widgets/framework.dart:4037:15)
#793    _RawViewElement._updateChild (package:flutter/src/widgets/view.dart:481:16)
#794    _RawViewElement.update (package:flutter/src/widgets/view.dart:568:5)
#795    Element.updateChild (package:flutter/src/widgets/framework.dart:4037:15)
#796    ComponentElement.performRebuild (package:flutter/src/widgets/framework.dart:5844:16)
#797    Element.rebuild (package:flutter/src/widgets/framework.dart:5532:7)
#798    StatelessElement.update (package:flutter/src/widgets/framework.dart:5898:5)
#799    Element.updateChild (package:flutter/src/widgets/framework.dart:4037:15)
#800    ComponentElement.performRebuild (package:flutter/src/widgets/framework.dart:5844:16)
#801    StatefulElement.performRebuild (package:flutter/src/widgets/framework.dart:5985:11)
#802    Element.rebuild (package:flutter/src/widgets/framework.dart:5532:7)
#803    StatefulElement.update (package:flutter/src/widgets/framework.dart:6010:5)
#804    Element.updateChild (package:flutter/src/widgets/framework.dart:4037:15)
#805    RootElement._rebuild (package:flutter/src/widgets/binding.dart:1782:16)
#806    RootElement.update (package:flutter/src/widgets/binding.dart:1760:5)
#807    RootElement.performRebuild (package:flutter/src/widgets/binding.dart:1774:7)
#808    Element.rebuild (package:flutter/src/widgets/framework.dart:5532:7)
#809    BuildScope._tryRebuild (package:flutter/src/widgets/framework.dart:2750:15)
#810    BuildScope._flushDirtyElements (package:flutter/src/widgets/framework.dart:2807:11)
#811    BuildOwner.buildScope (package:flutter/src/widgets/framework.dart:3111:18)
#812    AutomatedTestWidgetsFlutterBinding.drawFrame (package:flutter_test/src/binding.dart:1506:19)
#813    RendererBinding._handlePersistentFrameCallback (package:flutter/src/rendering/binding.dart:495:5)
#814    SchedulerBinding._invokeFrameCallback (package:flutter/src/scheduler/binding.dart:1434:15)
#815    SchedulerBinding.handleDrawFrame (package:flutter/src/scheduler/binding.dart:1347:9)
#816    AutomatedTestWidgetsFlutterBinding.pump.<anonymous closure> (package:flutter_test/src/binding.dart:1335:9)
#819    TestAsyncUtils.guard (package:flutter_test/src/test_async_utils.dart:74:41)
#820    AutomatedTestWidgetsFlutterBinding.pump (package:flutter_test/src/binding.dart:1324:27)
#821    WidgetTester.pumpWidget.<anonymous closure> (package:flutter_test/src/widget_tester.dart:598:22)
#824    TestAsyncUtils.guard (package:flutter_test/src/test_async_utils.dart:74:41)
#825    WidgetTester.pumpWidget (package:flutter_test/src/widget_tester.dart:595:27)
#826    main.<anonymous closure>.<anonymous closure>.<anonymous closure> (file:///home/alexc/Projects/CardMind/test/screens/home_screen_adaptive_test.dart:265:22)
#827    testWidgets.<anonymous closure>.<anonymous closure> (package:flutter_test/src/widget_tester.dart:192:29)
<asynchronous suspension>
#828    TestWidgetsFlutterBinding._runTestBody (package:flutter_test/src/binding.dart:1059:5)
<asynchronous suspension>
<asynchronous suspension>
(elided 8 frames from dart:async and package:stack_trace)

══╡ EXCEPTION CAUGHT BY FLUTTER TEST FRAMEWORK ╞════════════════════════════════════════════════════
The following assertion was thrown running a test:
A Timer is still pending even after the widget tree was disposed.
'package:flutter_test/src/binding.dart':
Failed assertion: line 1617 pos 12: '!timersPending'

When the exception was thrown, this was the stack:
#2      AutomatedTestWidgetsFlutterBinding._verifyInvariants (package:flutter_test/src/binding.dart:1617:12)
#3      TestWidgetsFlutterBinding._runTestBody (package:flutter_test/src/binding.dart:1078:7)
<asynchronous suspension>
<asynchronous suspension>
(elided 3 frames from class _AssertionError and package:stack_trace)

The test description was:
  it_should_handle_breakpoint_transition
════════════════════════════════════════════════════════════════════════════════════════════════════
00:23 +423 -41: /home/alexc/Projects/CardMind/test/screens/home_screen_adaptive_test.dart: HomeScreen Adaptive UI Responsive Layout Tests it_should_handle_breakpoint_transition [E]                   
  Test failed. See exception logs above.
  The test description was: it_should_handle_breakpoint_transition
  

To run this test again: /home/alexc/.asdf/installs/flutter/3.38.5-stable/bin/cache/dart-sdk/bin/dart test /home/alexc/Projects/CardMind/test/screens/home_screen_adaptive_test.dart -p vm --plain-name 'HomeScreen Adaptive UI Responsive Layout Tests it_should_handle_breakpoint_transition'
00:23 +423 -41: /home/alexc/Projects/CardMind/test/integration/home_screen_flow_test.dart: HomeScreen Integration Tests - Note CRUD Flow should create a new note                                      
[SUCCESS] 创建新笔记
00:23 +423 -41: /home/alexc/Projects/CardMind/test/specs/home_screen_ui_spec_test.dart: SP-UI-005: Home Screen UI FAB Tests it_should_display_add_icon_on_fab                                          
Pending timers:
Timer (duration: 0:00:00.500000, periodic: false), created:
00:23 +423 -41: /home/alexc/Projects/CardMind/test/integration/user_journey_test.dart: User Journey Integration Tests Search and Filter Journey it_should_filter_cards_by_tag                          
Pending timers:
Timer (duration: 0:00:00.500000, periodic: false), created:
00:23 +423 -41: /home/alexc/Projects/CardMind/test/specs/home_screen_ui_spec_test.dart: SP-UI-005: Home Screen UI FAB Tests it_should_display_add_icon_on_fab                                          
#0      new FakeTimer._ (package:fake_async/fake_async.dart:342:62)
#1      FakeAsync._createTimer (package:fake_async/fake_async.dart:260:29)
#2      FakeAsync.run.<anonymous closure> (package:fake_async/fake_async.dart:185:15)
#6      _HomeScreenState.initState (package:cardmind/screens/home_screen.dart:60:12)
#7      StatefulElement._firstBuild (package:flutter/src/widgets/framework.dart:5953:55)
#8      ComponentElement.mount (package:flutter/src/widgets/framework.dart:5796:5)
...     Normal element mounting (7 frames)
#15     _InheritedProviderScopeElement.mount (package:provider/src/inherited_provider.dart:424:11)
...     Normal element mounting (7 frames)
#22     SingleChildWidgetElementMixin.mount (package:nested/nested.dart:222:11)
...     Normal element mounting (260 frames)
#282    Element.inflateWidget (package:flutter/src/widgets/framework.dart:4590:20)
#283    MultiChildRenderObjectElement.inflateWidget (package:flutter/src/widgets/framework.dart:7269:36)
#284    MultiChildRenderObjectElement.mount (package:flutter/src/widgets/framework.dart:7285:32)
...     Normal element mounting (465 frames)
#749    Element.inflateWidget (package:flutter/src/widgets/framework.dart:4590:20)
#750    Element.updateChild (package:flutter/src/widgets/framework.dart:4053:20)
#751    ComponentElement.performRebuild (package:flutter/src/widgets/framework.dart:5844:16)
#752    Element.rebuild (package:flutter/src/widgets/framework.dart:5532:7)
#753    ProxyElement.update (package:flutter/src/widgets/framework.dart:6152:5)
#754    _InheritedNotifierElement.update (package:flutter/src/widgets/inherited_notifier.dart:108:11)
#755    Element.updateChild (package:flutter/src/widgets/framework.dart:4037:15)
#756    ComponentElement.performRebuild (package:flutter/src/widgets/framework.dart:5844:16)
#757    StatefulElement.performRebuild (package:flutter/src/widgets/framework.dart:5985:11)
#758    Element.rebuild (package:flutter/src/widgets/framework.dart:5532:7)
#759    StatefulElement.update (package:flutter/src/widgets/framework.dart:6010:5)
#760    Element.updateChild (package:flutter/src/widgets/framework.dart:4037:15)
#761    ComponentElement.performRebuild (package:flutter/src/widgets/framework.dart:5844:16)
#762    Element.rebuild (package:flutter/src/widgets/framework.dart:5532:7)
#763    ProxyElement.update (package:flutter/src/widgets/framework.dart:6152:5)
#764    _InheritedNotifierElement.update (package:flutter/src/widgets/inherited_notifier.dart:108:11)
#765    Element.updateChild (package:flutter/src/widgets/framework.dart:4037:15)
#766    ComponentElement.performRebuild (package:flutter/src/widgets/framework.dart:5844:16)
#767    StatefulElement.performRebuild (package:flutter/src/widgets/framework.dart:5985:11)
#768    Element.rebuild (package:flutter/src/widgets/framework.dart:5532:7)
#769    StatefulElement.update (package:flutter/src/widgets/framework.dart:6010:5)
#770    Element.updateChild (package:flutter/src/widgets/framework.dart:4037:15)
#771    ComponentElement.performRebuild (package:flutter/src/widgets/framework.dart:5844:16)
#772    StatefulElement.performRebuild (package:flutter/src/widgets/framework.dart:5985:11)
#773    Element.rebuild (package:flutter/src/widgets/framework.dart:5532:7)
#774    StatefulElement.update (package:flutter/src/widgets/framework.dart:6010:5)
#775    Element.updateChild (package:flutter/src/widgets/framework.dart:4037:15)
#776    ComponentElement.performRebuild (package:flutter/src/widgets/framework.dart:5844:16)
#777    Element.rebuild (package:flutter/src/widgets/framework.dart:5532:7)
#778    ProxyElement.update (package:flutter/src/widgets/framework.dart:6152:5)
#779    Element.updateChild (package:flutter/src/widgets/framework.dart:4037:15)
#780    ComponentElement.performRebuild (package:flutter/src/widgets/framework.dart:5844:16)
#781    StatefulElement.performRebuild (package:flutter/src/widgets/framework.dart:5985:11)
#782    Element.rebuild (package:flutter/src/widgets/framework.dart:5532:7)
#783    StatefulElement.update (package:flutter/src/widgets/framework.dart:6010:5)
#784    Element.updateChild (package:flutter/src/widgets/framework.dart:4037:15)
#785    ComponentElement.performRebuild (package:flutter/src/widgets/framework.dart:5844:16)
#786    Element.rebuild (package:flutter/src/widgets/framework.dart:5532:7)
#787    ProxyElement.update (package:flutter/src/widgets/framework.dart:6152:5)
#788    Element.updateChild (package:flutter/src/widgets/framework.dart:4037:15)
#789    ComponentElement.performRebuild (package:flutter/src/widgets/framework.dart:5844:16)
#790    Element.rebuild (package:flutter/src/widgets/framework.dart:5532:7)
#791    ProxyElement.update (package:flutter/src/widgets/framework.dart:6152:5)
#792    Element.updateChild (package:flutter/src/widgets/framework.dart:4037:15)
#793    _RawViewElement._updateChild (package:flutter/src/widgets/view.dart:481:16)
#794    _RawViewElement.update (package:flutter/src/widgets/view.dart:568:5)
#795    Element.updateChild (package:flutter/src/widgets/framework.dart:4037:15)
#796    ComponentElement.performRebuild (package:flutter/src/widgets/framework.dart:5844:16)
#797    Element.rebuild (package:flutter/src/widgets/framework.dart:5532:7)
#798    StatelessElement.update (package:flutter/src/widgets/framework.dart:5898:5)
#799    Element.updateChild (package:flutter/src/widgets/framework.dart:4037:15)
#800    ComponentElement.performRebuild (package:flutter/src/widgets/framework.dart:5844:16)
#801    StatefulElement.performRebuild (package:flutter/src/widgets/framework.dart:5985:11)
#802    Element.rebuild (package:flutter/src/widgets/framework.dart:5532:7)
#803    StatefulElement.update (package:flutter/src/widgets/framework.dart:6010:5)
#804    Element.updateChild (package:flutter/src/widgets/framework.dart:4037:15)
#805    RootElement._rebuild (package:flutter/src/widgets/binding.dart:1782:16)
#806    RootElement.update (package:flutter/src/widgets/binding.dart:1760:5)
#807    RootElement.performRebuild (package:flutter/src/widgets/binding.dart:1774:7)
#808    Element.rebuild (package:flutter/src/widgets/framework.dart:5532:7)
#809    BuildScope._tryRebuild (package:flutter/src/widgets/framework.dart:2750:15)
#810    BuildScope._flushDirtyElements (package:flutter/src/widgets/framework.dart:2807:11)
#811    BuildOwner.buildScope (package:flutter/src/widgets/framework.dart:3111:18)
#812    AutomatedTestWidgetsFlutterBinding.drawFrame (package:flutter_test/src/binding.dart:1506:19)
#813    RendererBinding._handlePersistentFrameCallback (package:flutter/src/rendering/binding.dart:495:5)
#814    SchedulerBinding._invokeFrameCallback (package:flutter/src/scheduler/binding.dart:1434:15)
#815    SchedulerBinding.handleDrawFrame (package:flutter/src/scheduler/binding.dart:1347:9)
#816    AutomatedTestWidgetsFlutterBinding.pump.<anonymous closure> (package:flutter_test/src/binding.dart:1335:9)
#819    TestAsyncUtils.guard (package:flutter_test/src/test_async_utils.dart:74:41)
#820    AutomatedTestWidgetsFlutterBinding.pump (package:flutter_test/src/binding.dart:1324:27)
#821    WidgetTester.pumpWidget.<anonymous closure> (package:flutter_test/src/widget_tester.dart:598:22)
#824    TestAsyncUtils.guard (package:flutter_test/src/test_async_utils.dart:74:41)
#825    WidgetTester.pumpWidget (package:flutter_test/src/widget_tester.dart:595:27)
#826    main.<anonymous closure>.<anonymous closure>.<anonymous closure> (file:///home/alexc/Projects/CardMind/test/specs/home_screen_ui_spec_test.dart:284:22)
#827    testWidgets.<anonymous closure>.<anonymous closure> (package:flutter_test/src/widget_tester.dart:192:29)
<asynchronous suspension>
#828    TestWidgetsFlutterBinding._runTestBody (package:flutter_test/src/binding.dart:1059:5)
<asynchronous suspension>
<asynchronous suspension>
(elided 8 frames from dart:async and package:stack_trace)

══╡ EXCEPTION CAUGHT BY FLUTTER TEST FRAMEWORK ╞════════════════════════════════════════════════════
The following assertion was thrown running a test:
A Timer is still pending even after the widget tree was disposed.
'package:flutter_test/src/binding.dart':
Failed assertion: line 1617 pos 12: '!timersPending'

When the exception was thrown, this was the stack:
#2      AutomatedTestWidgetsFlutterBinding._verifyInvariants (package:flutter_test/src/binding.dart:1617:12)
#3      TestWidgetsFlutterBinding._runTestBody (package:flutter_test/src/binding.dart:1078:7)
<asynchronous suspension>
<asynchronous suspension>
(elided 3 frames from class _AssertionError and package:stack_trace)

The test description was:
  it_should_display_add_icon_on_fab
════════════════════════════════════════════════════════════════════════════════════════════════════
00:23 +423 -42: /home/alexc/Projects/CardMind/test/specs/home_screen_ui_spec_test.dart: SP-UI-005: Home Screen UI FAB Tests it_should_display_add_icon_on_fab [E]                                      
  Test failed. See exception logs above.
  The test description was: it_should_display_add_icon_on_fab
  

To run this test again: /home/alexc/.asdf/installs/flutter/3.38.5-stable/bin/cache/dart-sdk/bin/dart test /home/alexc/Projects/CardMind/test/specs/home_screen_ui_spec_test.dart -p vm --plain-name 'SP-UI-005: Home Screen UI FAB Tests it_should_display_add_icon_on_fab'
00:23 +423 -42: /home/alexc/Projects/CardMind/test/integration/user_journey_test.dart: User Journey Integration Tests Search and Filter Journey it_should_filter_cards_by_tag                          
#0      new FakeTimer._ (package:fake_async/fake_async.dart:342:62)
#1      FakeAsync._createTimer (package:fake_async/fake_async.dart:260:29)
#2      FakeAsync.run.<anonymous closure> (package:fake_async/fake_async.dart:185:15)
#6      _HomeScreenState.initState (package:cardmind/screens/home_screen.dart:60:12)
#7      StatefulElement._firstBuild (package:flutter/src/widgets/framework.dart:5953:55)
#8      ComponentElement.mount (package:flutter/src/widgets/framework.dart:5796:5)
...     Normal element mounting (260 frames)
#268    Element.inflateWidget (package:flutter/src/widgets/framework.dart:4590:20)
#269    MultiChildRenderObjectElement.inflateWidget (package:flutter/src/widgets/framework.dart:7269:36)
#270    MultiChildRenderObjectElement.mount (package:flutter/src/widgets/framework.dart:7285:32)
...     Normal element mounting (471 frames)
#741    _InheritedProviderScopeElement.mount (package:provider/src/inherited_provider.dart:424:11)
...     Normal element mounting (7 frames)
#748    _InheritedProviderScopeElement.mount (package:provider/src/inherited_provider.dart:424:11)
...     Normal element mounting (7 frames)
#755    SingleChildWidgetElementMixin.mount (package:nested/nested.dart:222:11)
...     Normal element mounting (7 frames)
#762    _NestedHookElement.mount (package:nested/nested.dart:187:11)
...     Normal element mounting (7 frames)
#769    SingleChildWidgetElementMixin.mount (package:nested/nested.dart:222:11)
...     Normal element mounting (7 frames)
#776    Element.inflateWidget (package:flutter/src/widgets/framework.dart:4590:20)
#777    Element.updateChild (package:flutter/src/widgets/framework.dart:4053:20)
#778    ComponentElement.performRebuild (package:flutter/src/widgets/framework.dart:5844:16)
#779    Element.rebuild (package:flutter/src/widgets/framework.dart:5532:7)
#780    ProxyElement.update (package:flutter/src/widgets/framework.dart:6152:5)
#781    _InheritedNotifierElement.update (package:flutter/src/widgets/inherited_notifier.dart:108:11)
#782    Element.updateChild (package:flutter/src/widgets/framework.dart:4037:15)
#783    ComponentElement.performRebuild (package:flutter/src/widgets/framework.dart:5844:16)
#784    StatefulElement.performRebuild (package:flutter/src/widgets/framework.dart:5985:11)
#785    Element.rebuild (package:flutter/src/widgets/framework.dart:5532:7)
#786    StatefulElement.update (package:flutter/src/widgets/framework.dart:6010:5)
#787    Element.updateChild (package:flutter/src/widgets/framework.dart:4037:15)
#788    ComponentElement.performRebuild (package:flutter/src/widgets/framework.dart:5844:16)
#789    Element.rebuild (package:flutter/src/widgets/framework.dart:5532:7)
#790    ProxyElement.update (package:flutter/src/widgets/framework.dart:6152:5)
#791    _InheritedNotifierElement.update (package:flutter/src/widgets/inherited_notifier.dart:108:11)
#792    Element.updateChild (package:flutter/src/widgets/framework.dart:4037:15)
#793    ComponentElement.performRebuild (package:flutter/src/widgets/framework.dart:5844:16)
#794    StatefulElement.performRebuild (package:flutter/src/widgets/framework.dart:5985:11)
#795    Element.rebuild (package:flutter/src/widgets/framework.dart:5532:7)
#796    StatefulElement.update (package:flutter/src/widgets/framework.dart:6010:5)
#797    Element.updateChild (package:flutter/src/widgets/framework.dart:4037:15)
#798    ComponentElement.performRebuild (package:flutter/src/widgets/framework.dart:5844:16)
#799    StatefulElement.performRebuild (package:flutter/src/widgets/framework.dart:5985:11)
#800    Element.rebuild (package:flutter/src/widgets/framework.dart:5532:7)
#801    StatefulElement.update (package:flutter/src/widgets/framework.dart:6010:5)
#802    Element.updateChild (package:flutter/src/widgets/framework.dart:4037:15)
#803    ComponentElement.performRebuild (package:flutter/src/widgets/framework.dart:5844:16)
#804    Element.rebuild (package:flutter/src/widgets/framework.dart:5532:7)
#805    ProxyElement.update (package:flutter/src/widgets/framework.dart:6152:5)
#806    Element.updateChild (package:flutter/src/widgets/framework.dart:4037:15)
#807    ComponentElement.performRebuild (package:flutter/src/widgets/framework.dart:5844:16)
#808    StatefulElement.performRebuild (package:flutter/src/widgets/framework.dart:5985:11)
#809    Element.rebuild (package:flutter/src/widgets/framework.dart:5532:7)
#810    StatefulElement.update (package:flutter/src/widgets/framework.dart:6010:5)
#811    Element.updateChild (package:flutter/src/widgets/framework.dart:4037:15)
#812    ComponentElement.performRebuild (package:flutter/src/widgets/framework.dart:5844:16)
#813    Element.rebuild (package:flutter/src/widgets/framework.dart:5532:7)
#814    ProxyElement.update (package:flutter/src/widgets/framework.dart:6152:5)
#815    Element.updateChild (package:flutter/src/widgets/framework.dart:4037:15)
#816    ComponentElement.performRebuild (package:flutter/src/widgets/framework.dart:5844:16)
#817    Element.rebuild (package:flutter/src/widgets/framework.dart:5532:7)
#818    ProxyElement.update (package:flutter/src/widgets/framework.dart:6152:5)
#819    Element.updateChild (package:flutter/src/widgets/framework.dart:4037:15)
#820    _RawViewElement._updateChild (package:flutter/src/widgets/view.dart:481:16)
#821    _RawViewElement.update (package:flutter/src/widgets/view.dart:568:5)
#822    Element.updateChild (package:flutter/src/widgets/framework.dart:4037:15)
#823    ComponentElement.performRebuild (package:flutter/src/widgets/framework.dart:5844:16)
#824    Element.rebuild (package:flutter/src/widgets/framework.dart:5532:7)
#825    StatelessElement.update (package:flutter/src/widgets/framework.dart:5898:5)
#826    Element.updateChild (package:flutter/src/widgets/framework.dart:4037:15)
#827    ComponentElement.performRebuild (package:flutter/src/widgets/framework.dart:5844:16)
#828    StatefulElement.performRebuild (package:flutter/src/widgets/framework.dart:5985:11)
#829    Element.rebuild (package:flutter/src/widgets/framework.dart:5532:7)
#830    StatefulElement.update (package:flutter/src/widgets/framework.dart:6010:5)
#831    Element.updateChild (package:flutter/src/widgets/framework.dart:4037:15)
#832    RootElement._rebuild (package:flutter/src/widgets/binding.dart:1782:16)
#833    RootElement.update (package:flutter/src/widgets/binding.dart:1760:5)
#834    RootElement.performRebuild (package:flutter/src/widgets/binding.dart:1774:7)
#835    Element.rebuild (package:flutter/src/widgets/framework.dart:5532:7)
#836    BuildScope._tryRebuild (package:flutter/src/widgets/framework.dart:2750:15)
#837    BuildScope._flushDirtyElements (package:flutter/src/widgets/framework.dart:2807:11)
#838    BuildOwner.buildScope (package:flutter/src/widgets/framework.dart:3111:18)
#839    AutomatedTestWidgetsFlutterBinding.drawFrame (package:flutter_test/src/binding.dart:1506:19)
#840    RendererBinding._handlePersistentFrameCallback (package:flutter/src/rendering/binding.dart:495:5)
#841    SchedulerBinding._invokeFrameCallback (package:flutter/src/scheduler/binding.dart:1434:15)
#842    SchedulerBinding.handleDrawFrame (package:flutter/src/scheduler/binding.dart:1347:9)
#843    AutomatedTestWidgetsFlutterBinding.pump.<anonymous closure> (package:flutter_test/src/binding.dart:1335:9)
#846    TestAsyncUtils.guard (package:flutter_test/src/test_async_utils.dart:74:41)
#847    AutomatedTestWidgetsFlutterBinding.pump (package:flutter_test/src/binding.dart:1324:27)
#848    WidgetTester.pumpWidget.<anonymous closure> (package:flutter_test/src/widget_tester.dart:598:22)
#851    TestAsyncUtils.guard (package:flutter_test/src/test_async_utils.dart:74:41)
#852    WidgetTester.pumpWidget (package:flutter_test/src/widget_tester.dart:595:27)
#853    main.<anonymous closure>.<anonymous closure>.<anonymous closure> (file:///home/alexc/Projects/CardMind/test/integration/user_journey_test.dart:152:22)
#854    testWidgets.<anonymous closure>.<anonymous closure> (package:flutter_test/src/widget_tester.dart:192:29)
<asynchronous suspension>
#855    TestWidgetsFlutterBinding._runTestBody (package:flutter_test/src/binding.dart:1059:5)
<asynchronous suspension>
<asynchronous suspension>
(elided 8 frames from dart:async and package:stack_trace)

══╡ EXCEPTION CAUGHT BY FLUTTER TEST FRAMEWORK ╞════════════════════════════════════════════════════
The following assertion was thrown running a test:
A Timer is still pending even after the widget tree was disposed.
'package:flutter_test/src/binding.dart':
Failed assertion: line 1617 pos 12: '!timersPending'

When the exception was thrown, this was the stack:
#2      AutomatedTestWidgetsFlutterBinding._verifyInvariants (package:flutter_test/src/binding.dart:1617:12)
#3      TestWidgetsFlutterBinding._runTestBody (package:flutter_test/src/binding.dart:1078:7)
<asynchronous suspension>
<asynchronous suspension>
(elided 3 frames from class _AssertionError and package:stack_trace)

The test description was:
  it_should_filter_cards_by_tag
════════════════════════════════════════════════════════════════════════════════════════════════════
00:23 +423 -43: /home/alexc/Projects/CardMind/test/integration/user_journey_test.dart: User Journey Integration Tests Search and Filter Journey it_should_filter_cards_by_tag [E]                      
  Test failed. See exception logs above.
  The test description was: it_should_filter_cards_by_tag
  

To run this test again: /home/alexc/.asdf/installs/flutter/3.38.5-stable/bin/cache/dart-sdk/bin/dart test /home/alexc/Projects/CardMind/test/integration/user_journey_test.dart -p vm --plain-name 'User Journey Integration Tests Search and Filter Journey it_should_filter_cards_by_tag'
00:23 +424 -43: /home/alexc/Projects/CardMind/test/specs/home_screen_spec_test.dart: SP-FLUT-008: Home Screen Sync Status Display it_should_show_syncing_indicator_when_syncing                        00:23 +425 -43: /home/alexc/Projects/CardMind/test/specs/home_screen_spec_test.dart: SP-FLUT-008: Home Screen Sync Status Display it_should_show_syncing_indicator_when_syncing                        00:23 +426 -43: /home/alexc/Projects/CardMind/test/specs/home_screen_spec_test.dart: SP-FLUT-008: Home Screen Sync Status Display it_should_show_syncing_indicator_when_syncing                        00:23 +426 -43: /home/alexc/Projects/CardMind/test/specs/home_screen_ui_spec_test.dart: SP-UI-005: Home Screen UI Empty State Tests it_should_display_empty_state_when_no_cards                        
Pending timers:
Timer (duration: 0:00:00.500000, periodic: false), created:
00:23 +427 -43: /home/alexc/Projects/CardMind/test/specs/home_screen_spec_test.dart: SP-FLUT-008: Home Screen Sync Status Display it_should_show_syncing_indicator_when_syncing                        00:23 +427 -43: /home/alexc/Projects/CardMind/test/screens/home_screen_adaptive_test.dart: HomeScreen Adaptive UI Responsive Layout Tests it_should_handle_tablet_portrait_layout                      
Pending timers:
Timer (duration: 0:00:00.500000, periodic: false), created:
00:23 +427 -43: /home/alexc/Projects/CardMind/test/specs/home_screen_ui_spec_test.dart: SP-UI-005: Home Screen UI Empty State Tests it_should_display_empty_state_when_no_cards                        
#0      new FakeTimer._ (package:fake_async/fake_async.dart:342:62)
#1      FakeAsync._createTimer (package:fake_async/fake_async.dart:260:29)
#2      FakeAsync.run.<anonymous closure> (package:fake_async/fake_async.dart:185:15)
#6      _HomeScreenState.initState (package:cardmind/screens/home_screen.dart:60:12)
#7      StatefulElement._firstBuild (package:flutter/src/widgets/framework.dart:5953:55)
#8      ComponentElement.mount (package:flutter/src/widgets/framework.dart:5796:5)
...     Normal element mounting (7 frames)
#15     _InheritedProviderScopeElement.mount (package:provider/src/inherited_provider.dart:424:11)
...     Normal element mounting (7 frames)
#22     SingleChildWidgetElementMixin.mount (package:nested/nested.dart:222:11)
...     Normal element mounting (260 frames)
#282    Element.inflateWidget (package:flutter/src/widgets/framework.dart:4590:20)
#283    MultiChildRenderObjectElement.inflateWidget (package:flutter/src/widgets/framework.dart:7269:36)
#284    MultiChildRenderObjectElement.mount (package:flutter/src/widgets/framework.dart:7285:32)
...     Normal element mounting (465 frames)
#749    Element.inflateWidget (package:flutter/src/widgets/framework.dart:4590:20)
#750    Element.updateChild (package:flutter/src/widgets/framework.dart:4053:20)
#751    ComponentElement.performRebuild (package:flutter/src/widgets/framework.dart:5844:16)
#752    Element.rebuild (package:flutter/src/widgets/framework.dart:5532:7)
#753    ProxyElement.update (package:flutter/src/widgets/framework.dart:6152:5)
#754    _InheritedNotifierElement.update (package:flutter/src/widgets/inherited_notifier.dart:108:11)
#755    Element.updateChild (package:flutter/src/widgets/framework.dart:4037:15)
#756    ComponentElement.performRebuild (package:flutter/src/widgets/framework.dart:5844:16)
#757    StatefulElement.performRebuild (package:flutter/src/widgets/framework.dart:5985:11)
#758    Element.rebuild (package:flutter/src/widgets/framework.dart:5532:7)
#759    StatefulElement.update (package:flutter/src/widgets/framework.dart:6010:5)
#760    Element.updateChild (package:flutter/src/widgets/framework.dart:4037:15)
#761    ComponentElement.performRebuild (package:flutter/src/widgets/framework.dart:5844:16)
#762    Element.rebuild (package:flutter/src/widgets/framework.dart:5532:7)
#763    ProxyElement.update (package:flutter/src/widgets/framework.dart:6152:5)
#764    _InheritedNotifierElement.update (package:flutter/src/widgets/inherited_notifier.dart:108:11)
#765    Element.updateChild (package:flutter/src/widgets/framework.dart:4037:15)
#766    ComponentElement.performRebuild (package:flutter/src/widgets/framework.dart:5844:16)
#767    StatefulElement.performRebuild (package:flutter/src/widgets/framework.dart:5985:11)
#768    Element.rebuild (package:flutter/src/widgets/framework.dart:5532:7)
#769    StatefulElement.update (package:flutter/src/widgets/framework.dart:6010:5)
#770    Element.updateChild (package:flutter/src/widgets/framework.dart:4037:15)
#771    ComponentElement.performRebuild (package:flutter/src/widgets/framework.dart:5844:16)
#772    StatefulElement.performRebuild (package:flutter/src/widgets/framework.dart:5985:11)
#773    Element.rebuild (package:flutter/src/widgets/framework.dart:5532:7)
#774    StatefulElement.update (package:flutter/src/widgets/framework.dart:6010:5)
#775    Element.updateChild (package:flutter/src/widgets/framework.dart:4037:15)
#776    ComponentElement.performRebuild (package:flutter/src/widgets/framework.dart:5844:16)
#777    Element.rebuild (package:flutter/src/widgets/framework.dart:5532:7)
#778    ProxyElement.update (package:flutter/src/widgets/framework.dart:6152:5)
#779    Element.updateChild (package:flutter/src/widgets/framework.dart:4037:15)
#780    ComponentElement.performRebuild (package:flutter/src/widgets/framework.dart:5844:16)
#781    StatefulElement.performRebuild (package:flutter/src/widgets/framework.dart:5985:11)
#782    Element.rebuild (package:flutter/src/widgets/framework.dart:5532:7)
#783    StatefulElement.update (package:flutter/src/widgets/framework.dart:6010:5)
#784    Element.updateChild (package:flutter/src/widgets/framework.dart:4037:15)
#785    ComponentElement.performRebuild (package:flutter/src/widgets/framework.dart:5844:16)
#786    Element.rebuild (package:flutter/src/widgets/framework.dart:5532:7)
#787    ProxyElement.update (package:flutter/src/widgets/framework.dart:6152:5)
#788    Element.updateChild (package:flutter/src/widgets/framework.dart:4037:15)
#789    ComponentElement.performRebuild (package:flutter/src/widgets/framework.dart:5844:16)
#790    Element.rebuild (package:flutter/src/widgets/framework.dart:5532:7)
#791    ProxyElement.update (package:flutter/src/widgets/framework.dart:6152:5)
#792    Element.updateChild (package:flutter/src/widgets/framework.dart:4037:15)
#793    _RawViewElement._updateChild (package:flutter/src/widgets/view.dart:481:16)
#794    _RawViewElement.update (package:flutter/src/widgets/view.dart:568:5)
#795    Element.updateChild (package:flutter/src/widgets/framework.dart:4037:15)
#796    ComponentElement.performRebuild (package:flutter/src/widgets/framework.dart:5844:16)
#797    Element.rebuild (package:flutter/src/widgets/framework.dart:5532:7)
#798    StatelessElement.update (package:flutter/src/widgets/framework.dart:5898:5)
#799    Element.updateChild (package:flutter/src/widgets/framework.dart:4037:15)
#800    ComponentElement.performRebuild (package:flutter/src/widgets/framework.dart:5844:16)
#801    StatefulElement.performRebuild (package:flutter/src/widgets/framework.dart:5985:11)
#802    Element.rebuild (package:flutter/src/widgets/framework.dart:5532:7)
#803    StatefulElement.update (package:flutter/src/widgets/framework.dart:6010:5)
#804    Element.updateChild (package:flutter/src/widgets/framework.dart:4037:15)
#805    RootElement._rebuild (package:flutter/src/widgets/binding.dart:1782:16)
#806    RootElement.update (package:flutter/src/widgets/binding.dart:1760:5)
#807    RootElement.performRebuild (package:flutter/src/widgets/binding.dart:1774:7)
#808    Element.rebuild (package:flutter/src/widgets/framework.dart:5532:7)
#809    BuildScope._tryRebuild (package:flutter/src/widgets/framework.dart:2750:15)
#810    BuildScope._flushDirtyElements (package:flutter/src/widgets/framework.dart:2807:11)
#811    BuildOwner.buildScope (package:flutter/src/widgets/framework.dart:3111:18)
#812    AutomatedTestWidgetsFlutterBinding.drawFrame (package:flutter_test/src/binding.dart:1506:19)
#813    RendererBinding._handlePersistentFrameCallback (package:flutter/src/rendering/binding.dart:495:5)
#814    SchedulerBinding._invokeFrameCallback (package:flutter/src/scheduler/binding.dart:1434:15)
#815    SchedulerBinding.handleDrawFrame (package:flutter/src/scheduler/binding.dart:1347:9)
#816    AutomatedTestWidgetsFlutterBinding.pump.<anonymous closure> (package:flutter_test/src/binding.dart:1335:9)
#819    TestAsyncUtils.guard (package:flutter_test/src/test_async_utils.dart:74:41)
#820    AutomatedTestWidgetsFlutterBinding.pump (package:flutter_test/src/binding.dart:1324:27)
#821    WidgetTester.pumpWidget.<anonymous closure> (package:flutter_test/src/widget_tester.dart:598:22)
#824    TestAsyncUtils.guard (package:flutter_test/src/test_async_utils.dart:74:41)
#825    WidgetTester.pumpWidget (package:flutter_test/src/widget_tester.dart:595:27)
#826    main.<anonymous closure>.<anonymous closure>.<anonymous closure> (file:///home/alexc/Projects/CardMind/test/specs/home_screen_ui_spec_test.dart:309:22)
#827    testWidgets.<anonymous closure>.<anonymous closure> (package:flutter_test/src/widget_tester.dart:192:29)
<asynchronous suspension>
#828    TestWidgetsFlutterBinding._runTestBody (package:flutter_test/src/binding.dart:1059:5)
<asynchronous suspension>
<asynchronous suspension>
(elided 8 frames from dart:async and package:stack_trace)

══╡ EXCEPTION CAUGHT BY FLUTTER TEST FRAMEWORK ╞════════════════════════════════════════════════════
The following assertion was thrown running a test:
A Timer is still pending even after the widget tree was disposed.
'package:flutter_test/src/binding.dart':
Failed assertion: line 1617 pos 12: '!timersPending'

When the exception was thrown, this was the stack:
#2      AutomatedTestWidgetsFlutterBinding._verifyInvariants (package:flutter_test/src/binding.dart:1617:12)
#3      TestWidgetsFlutterBinding._runTestBody (package:flutter_test/src/binding.dart:1078:7)
<asynchronous suspension>
<asynchronous suspension>
(elided 3 frames from class _AssertionError and package:stack_trace)

The test description was:
  it_should_display_empty_state_when_no_cards
════════════════════════════════════════════════════════════════════════════════════════════════════
00:23 +427 -44: /home/alexc/Projects/CardMind/test/specs/home_screen_ui_spec_test.dart: SP-UI-005: Home Screen UI Empty State Tests it_should_display_empty_state_when_no_cards [E]                    
  Test failed. See exception logs above.
  The test description was: it_should_display_empty_state_when_no_cards
  

To run this test again: /home/alexc/.asdf/installs/flutter/3.38.5-stable/bin/cache/dart-sdk/bin/dart test /home/alexc/Projects/CardMind/test/specs/home_screen_ui_spec_test.dart -p vm --plain-name 'SP-UI-005: Home Screen UI Empty State Tests it_should_display_empty_state_when_no_cards'
00:23 +427 -44: /home/alexc/Projects/CardMind/test/screens/home_screen_adaptive_test.dart: HomeScreen Adaptive UI Responsive Layout Tests it_should_handle_tablet_portrait_layout                      
#0      new FakeTimer._ (package:fake_async/fake_async.dart:342:62)
#1      FakeAsync._createTimer (package:fake_async/fake_async.dart:260:29)
#2      FakeAsync.run.<anonymous closure> (package:fake_async/fake_async.dart:185:15)
#6      _HomeScreenState.initState (package:cardmind/screens/home_screen.dart:60:12)
#7      StatefulElement._firstBuild (package:flutter/src/widgets/framework.dart:5953:55)
#8      ComponentElement.mount (package:flutter/src/widgets/framework.dart:5796:5)
...     Normal element mounting (7 frames)
#15     _InheritedProviderScopeElement.mount (package:provider/src/inherited_provider.dart:424:11)
...     Normal element mounting (7 frames)
#22     SingleChildWidgetElementMixin.mount (package:nested/nested.dart:222:11)
...     Normal element mounting (260 frames)
#282    Element.inflateWidget (package:flutter/src/widgets/framework.dart:4590:20)
#283    MultiChildRenderObjectElement.inflateWidget (package:flutter/src/widgets/framework.dart:7269:36)
#284    MultiChildRenderObjectElement.mount (package:flutter/src/widgets/framework.dart:7285:32)
...     Normal element mounting (465 frames)
#749    Element.inflateWidget (package:flutter/src/widgets/framework.dart:4590:20)
#750    Element.updateChild (package:flutter/src/widgets/framework.dart:4053:20)
#751    ComponentElement.performRebuild (package:flutter/src/widgets/framework.dart:5844:16)
#752    Element.rebuild (package:flutter/src/widgets/framework.dart:5532:7)
#753    ProxyElement.update (package:flutter/src/widgets/framework.dart:6152:5)
#754    _InheritedNotifierElement.update (package:flutter/src/widgets/inherited_notifier.dart:108:11)
#755    Element.updateChild (package:flutter/src/widgets/framework.dart:4037:15)
#756    ComponentElement.performRebuild (package:flutter/src/widgets/framework.dart:5844:16)
#757    StatefulElement.performRebuild (package:flutter/src/widgets/framework.dart:5985:11)
#758    Element.rebuild (package:flutter/src/widgets/framework.dart:5532:7)
#759    StatefulElement.update (package:flutter/src/widgets/framework.dart:6010:5)
#760    Element.updateChild (package:flutter/src/widgets/framework.dart:4037:15)
#761    ComponentElement.performRebuild (package:flutter/src/widgets/framework.dart:5844:16)
#762    Element.rebuild (package:flutter/src/widgets/framework.dart:5532:7)
#763    ProxyElement.update (package:flutter/src/widgets/framework.dart:6152:5)
#764    _InheritedNotifierElement.update (package:flutter/src/widgets/inherited_notifier.dart:108:11)
#765    Element.updateChild (package:flutter/src/widgets/framework.dart:4037:15)
#766    ComponentElement.performRebuild (package:flutter/src/widgets/framework.dart:5844:16)
#767    StatefulElement.performRebuild (package:flutter/src/widgets/framework.dart:5985:11)
#768    Element.rebuild (package:flutter/src/widgets/framework.dart:5532:7)
#769    StatefulElement.update (package:flutter/src/widgets/framework.dart:6010:5)
#770    Element.updateChild (package:flutter/src/widgets/framework.dart:4037:15)
#771    ComponentElement.performRebuild (package:flutter/src/widgets/framework.dart:5844:16)
#772    StatefulElement.performRebuild (package:flutter/src/widgets/framework.dart:5985:11)
#773    Element.rebuild (package:flutter/src/widgets/framework.dart:5532:7)
#774    StatefulElement.update (package:flutter/src/widgets/framework.dart:6010:5)
#775    Element.updateChild (package:flutter/src/widgets/framework.dart:4037:15)
#776    ComponentElement.performRebuild (package:flutter/src/widgets/framework.dart:5844:16)
#777    Element.rebuild (package:flutter/src/widgets/framework.dart:5532:7)
#778    ProxyElement.update (package:flutter/src/widgets/framework.dart:6152:5)
#779    Element.updateChild (package:flutter/src/widgets/framework.dart:4037:15)
#780    ComponentElement.performRebuild (package:flutter/src/widgets/framework.dart:5844:16)
#781    StatefulElement.performRebuild (package:flutter/src/widgets/framework.dart:5985:11)
#782    Element.rebuild (package:flutter/src/widgets/framework.dart:5532:7)
#783    StatefulElement.update (package:flutter/src/widgets/framework.dart:6010:5)
#784    Element.updateChild (package:flutter/src/widgets/framework.dart:4037:15)
#785    ComponentElement.performRebuild (package:flutter/src/widgets/framework.dart:5844:16)
#786    Element.rebuild (package:flutter/src/widgets/framework.dart:5532:7)
#787    ProxyElement.update (package:flutter/src/widgets/framework.dart:6152:5)
#788    Element.updateChild (package:flutter/src/widgets/framework.dart:4037:15)
#789    ComponentElement.performRebuild (package:flutter/src/widgets/framework.dart:5844:16)
#790    Element.rebuild (package:flutter/src/widgets/framework.dart:5532:7)
#791    ProxyElement.update (package:flutter/src/widgets/framework.dart:6152:5)
#792    Element.updateChild (package:flutter/src/widgets/framework.dart:4037:15)
#793    _RawViewElement._updateChild (package:flutter/src/widgets/view.dart:481:16)
#794    _RawViewElement.update (package:flutter/src/widgets/view.dart:568:5)
#795    Element.updateChild (package:flutter/src/widgets/framework.dart:4037:15)
#796    ComponentElement.performRebuild (package:flutter/src/widgets/framework.dart:5844:16)
#797    Element.rebuild (package:flutter/src/widgets/framework.dart:5532:7)
#798    StatelessElement.update (package:flutter/src/widgets/framework.dart:5898:5)
#799    Element.updateChild (package:flutter/src/widgets/framework.dart:4037:15)
#800    ComponentElement.performRebuild (package:flutter/src/widgets/framework.dart:5844:16)
#801    StatefulElement.performRebuild (package:flutter/src/widgets/framework.dart:5985:11)
#802    Element.rebuild (package:flutter/src/widgets/framework.dart:5532:7)
#803    StatefulElement.update (package:flutter/src/widgets/framework.dart:6010:5)
#804    Element.updateChild (package:flutter/src/widgets/framework.dart:4037:15)
#805    RootElement._rebuild (package:flutter/src/widgets/binding.dart:1782:16)
#806    RootElement.update (package:flutter/src/widgets/binding.dart:1760:5)
#807    RootElement.performRebuild (package:flutter/src/widgets/binding.dart:1774:7)
#808    Element.rebuild (package:flutter/src/widgets/framework.dart:5532:7)
#809    BuildScope._tryRebuild (package:flutter/src/widgets/framework.dart:2750:15)
#810    BuildScope._flushDirtyElements (package:flutter/src/widgets/framework.dart:2807:11)
#811    BuildOwner.buildScope (package:flutter/src/widgets/framework.dart:3111:18)
#812    AutomatedTestWidgetsFlutterBinding.drawFrame (package:flutter_test/src/binding.dart:1506:19)
#813    RendererBinding._handlePersistentFrameCallback (package:flutter/src/rendering/binding.dart:495:5)
#814    SchedulerBinding._invokeFrameCallback (package:flutter/src/scheduler/binding.dart:1434:15)
#815    SchedulerBinding.handleDrawFrame (package:flutter/src/scheduler/binding.dart:1347:9)
#816    AutomatedTestWidgetsFlutterBinding.pump.<anonymous closure> (package:flutter_test/src/binding.dart:1335:9)
#819    TestAsyncUtils.guard (package:flutter_test/src/test_async_utils.dart:74:41)
#820    AutomatedTestWidgetsFlutterBinding.pump (package:flutter_test/src/binding.dart:1324:27)
#821    WidgetTester.pumpWidget.<anonymous closure> (package:flutter_test/src/widget_tester.dart:598:22)
#824    TestAsyncUtils.guard (package:flutter_test/src/test_async_utils.dart:74:41)
#825    WidgetTester.pumpWidget (package:flutter_test/src/widget_tester.dart:595:27)
#826    main.<anonymous closure>.<anonymous closure>.<anonymous closure> (file:///home/alexc/Projects/CardMind/test/screens/home_screen_adaptive_test.dart:293:22)
#827    testWidgets.<anonymous closure>.<anonymous closure> (package:flutter_test/src/widget_tester.dart:192:29)
<asynchronous suspension>
#828    TestWidgetsFlutterBinding._runTestBody (package:flutter_test/src/binding.dart:1059:5)
<asynchronous suspension>
<asynchronous suspension>
(elided 8 frames from dart:async and package:stack_trace)

00:23 +427 -44: /home/alexc/Projects/CardMind/test/integration/user_journey_test.dart: User Journey Integration Tests Device Management Journey it_should_view_device_list                             
Pending timers:
Timer (duration: 0:00:00.500000, periodic: false), created:
00:23 +427 -44: /home/alexc/Projects/CardMind/test/screens/home_screen_adaptive_test.dart: HomeScreen Adaptive UI Responsive Layout Tests it_should_handle_tablet_portrait_layout                      
══╡ EXCEPTION CAUGHT BY FLUTTER TEST FRAMEWORK ╞════════════════════════════════════════════════════
The following assertion was thrown running a test:
A Timer is still pending even after the widget tree was disposed.
'package:flutter_test/src/binding.dart':
Failed assertion: line 1617 pos 12: '!timersPending'

When the exception was thrown, this was the stack:
#2      AutomatedTestWidgetsFlutterBinding._verifyInvariants (package:flutter_test/src/binding.dart:1617:12)
#3      TestWidgetsFlutterBinding._runTestBody (package:flutter_test/src/binding.dart:1078:7)
<asynchronous suspension>
<asynchronous suspension>
(elided 3 frames from class _AssertionError and package:stack_trace)

The test description was:
  it_should_handle_tablet_portrait_layout
════════════════════════════════════════════════════════════════════════════════════════════════════
00:23 +427 -45: /home/alexc/Projects/CardMind/test/screens/home_screen_adaptive_test.dart: HomeScreen Adaptive UI Responsive Layout Tests it_should_handle_tablet_portrait_layout [E]                  
  Test failed. See exception logs above.
  The test description was: it_should_handle_tablet_portrait_layout
  

To run this test again: /home/alexc/.asdf/installs/flutter/3.38.5-stable/bin/cache/dart-sdk/bin/dart test /home/alexc/Projects/CardMind/test/screens/home_screen_adaptive_test.dart -p vm --plain-name 'HomeScreen Adaptive UI Responsive Layout Tests it_should_handle_tablet_portrait_layout'
00:23 +427 -45: /home/alexc/Projects/CardMind/test/integration/user_journey_test.dart: User Journey Integration Tests Device Management Journey it_should_view_device_list                             
#0      new FakeTimer._ (package:fake_async/fake_async.dart:342:62)
#1      FakeAsync._createTimer (package:fake_async/fake_async.dart:260:29)
#2      FakeAsync.run.<anonymous closure> (package:fake_async/fake_async.dart:185:15)
#6      _HomeScreenState.initState (package:cardmind/screens/home_screen.dart:60:12)
#7      StatefulElement._firstBuild (package:flutter/src/widgets/framework.dart:5953:55)
#8      ComponentElement.mount (package:flutter/src/widgets/framework.dart:5796:5)
...     Normal element mounting (260 frames)
#268    Element.inflateWidget (package:flutter/src/widgets/framework.dart:4590:20)
#269    MultiChildRenderObjectElement.inflateWidget (package:flutter/src/widgets/framework.dart:7269:36)
#270    MultiChildRenderObjectElement.mount (package:flutter/src/widgets/framework.dart:7285:32)
...     Normal element mounting (471 frames)
#741    _InheritedProviderScopeElement.mount (package:provider/src/inherited_provider.dart:424:11)
...     Normal element mounting (7 frames)
#748    _InheritedProviderScopeElement.mount (package:provider/src/inherited_provider.dart:424:11)
...     Normal element mounting (7 frames)
#755    SingleChildWidgetElementMixin.mount (package:nested/nested.dart:222:11)
...     Normal element mounting (7 frames)
#762    _NestedHookElement.mount (package:nested/nested.dart:187:11)
...     Normal element mounting (7 frames)
#769    SingleChildWidgetElementMixin.mount (package:nested/nested.dart:222:11)
...     Normal element mounting (7 frames)
#776    Element.inflateWidget (package:flutter/src/widgets/framework.dart:4590:20)
#777    Element.updateChild (package:flutter/src/widgets/framework.dart:4053:20)
#778    ComponentElement.performRebuild (package:flutter/src/widgets/framework.dart:5844:16)
#779    Element.rebuild (package:flutter/src/widgets/framework.dart:5532:7)
#780    ProxyElement.update (package:flutter/src/widgets/framework.dart:6152:5)
#781    _InheritedNotifierElement.update (package:flutter/src/widgets/inherited_notifier.dart:108:11)
#782    Element.updateChild (package:flutter/src/widgets/framework.dart:4037:15)
#783    ComponentElement.performRebuild (package:flutter/src/widgets/framework.dart:5844:16)
#784    StatefulElement.performRebuild (package:flutter/src/widgets/framework.dart:5985:11)
#785    Element.rebuild (package:flutter/src/widgets/framework.dart:5532:7)
#786    StatefulElement.update (package:flutter/src/widgets/framework.dart:6010:5)
#787    Element.updateChild (package:flutter/src/widgets/framework.dart:4037:15)
#788    ComponentElement.performRebuild (package:flutter/src/widgets/framework.dart:5844:16)
#789    Element.rebuild (package:flutter/src/widgets/framework.dart:5532:7)
#790    ProxyElement.update (package:flutter/src/widgets/framework.dart:6152:5)
#791    _InheritedNotifierElement.update (package:flutter/src/widgets/inherited_notifier.dart:108:11)
#792    Element.updateChild (package:flutter/src/widgets/framework.dart:4037:15)
#793    ComponentElement.performRebuild (package:flutter/src/widgets/framework.dart:5844:16)
#794    StatefulElement.performRebuild (package:flutter/src/widgets/framework.dart:5985:11)
#795    Element.rebuild (package:flutter/src/widgets/framework.dart:5532:7)
#796    StatefulElement.update (package:flutter/src/widgets/framework.dart:6010:5)
#797    Element.updateChild (package:flutter/src/widgets/framework.dart:4037:15)
#798    ComponentElement.performRebuild (package:flutter/src/widgets/framework.dart:5844:16)
#799    StatefulElement.performRebuild (package:flutter/src/widgets/framework.dart:5985:11)
#800    Element.rebuild (package:flutter/src/widgets/framework.dart:5532:7)
#801    StatefulElement.update (package:flutter/src/widgets/framework.dart:6010:5)
#802    Element.updateChild (package:flutter/src/widgets/framework.dart:4037:15)
#803    ComponentElement.performRebuild (package:flutter/src/widgets/framework.dart:5844:16)
#804    Element.rebuild (package:flutter/src/widgets/framework.dart:5532:7)
#805    ProxyElement.update (package:flutter/src/widgets/framework.dart:6152:5)
#806    Element.updateChild (package:flutter/src/widgets/framework.dart:4037:15)
#807    ComponentElement.performRebuild (package:flutter/src/widgets/framework.dart:5844:16)
#808    StatefulElement.performRebuild (package:flutter/src/widgets/framework.dart:5985:11)
#809    Element.rebuild (package:flutter/src/widgets/framework.dart:5532:7)
#810    StatefulElement.update (package:flutter/src/widgets/framework.dart:6010:5)
#811    Element.updateChild (package:flutter/src/widgets/framework.dart:4037:15)
#812    ComponentElement.performRebuild (package:flutter/src/widgets/framework.dart:5844:16)
#813    Element.rebuild (package:flutter/src/widgets/framework.dart:5532:7)
#814    ProxyElement.update (package:flutter/src/widgets/framework.dart:6152:5)
#815    Element.updateChild (package:flutter/src/widgets/framework.dart:4037:15)
#816    ComponentElement.performRebuild (package:flutter/src/widgets/framework.dart:5844:16)
#817    Element.rebuild (package:flutter/src/widgets/framework.dart:5532:7)
#818    ProxyElement.update (package:flutter/src/widgets/framework.dart:6152:5)
#819    Element.updateChild (package:flutter/src/widgets/framework.dart:4037:15)
#820    _RawViewElement._updateChild (package:flutter/src/widgets/view.dart:481:16)
#821    _RawViewElement.update (package:flutter/src/widgets/view.dart:568:5)
#822    Element.updateChild (package:flutter/src/widgets/framework.dart:4037:15)
#823    ComponentElement.performRebuild (package:flutter/src/widgets/framework.dart:5844:16)
#824    Element.rebuild (package:flutter/src/widgets/framework.dart:5532:7)
#825    StatelessElement.update (package:flutter/src/widgets/framework.dart:5898:5)
#826    Element.updateChild (package:flutter/src/widgets/framework.dart:4037:15)
#827    ComponentElement.performRebuild (package:flutter/src/widgets/framework.dart:5844:16)
#828    StatefulElement.performRebuild (package:flutter/src/widgets/framework.dart:5985:11)
#829    Element.rebuild (package:flutter/src/widgets/framework.dart:5532:7)
#830    StatefulElement.update (package:flutter/src/widgets/framework.dart:6010:5)
#831    Element.updateChild (package:flutter/src/widgets/framework.dart:4037:15)
#832    RootElement._rebuild (package:flutter/src/widgets/binding.dart:1782:16)
#833    RootElement.update (package:flutter/src/widgets/binding.dart:1760:5)
#834    RootElement.performRebuild (package:flutter/src/widgets/binding.dart:1774:7)
#835    Element.rebuild (package:flutter/src/widgets/framework.dart:5532:7)
#836    BuildScope._tryRebuild (package:flutter/src/widgets/framework.dart:2750:15)
#837    BuildScope._flushDirtyElements (package:flutter/src/widgets/framework.dart:2807:11)
#838    BuildOwner.buildScope (package:flutter/src/widgets/framework.dart:3111:18)
#839    AutomatedTestWidgetsFlutterBinding.drawFrame (package:flutter_test/src/binding.dart:1506:19)
#840    RendererBinding._handlePersistentFrameCallback (package:flutter/src/rendering/binding.dart:495:5)
#841    SchedulerBinding._invokeFrameCallback (package:flutter/src/scheduler/binding.dart:1434:15)
#842    SchedulerBinding.handleDrawFrame (package:flutter/src/scheduler/binding.dart:1347:9)
#843    AutomatedTestWidgetsFlutterBinding.pump.<anonymous closure> (package:flutter_test/src/binding.dart:1335:9)
#846    TestAsyncUtils.guard (package:flutter_test/src/test_async_utils.dart:74:41)
#847    AutomatedTestWidgetsFlutterBinding.pump (package:flutter_test/src/binding.dart:1324:27)
#848    WidgetTester.pumpWidget.<anonymous closure> (package:flutter_test/src/widget_tester.dart:598:22)
#851    TestAsyncUtils.guard (package:flutter_test/src/test_async_utils.dart:74:41)
#852    WidgetTester.pumpWidget (package:flutter_test/src/widget_tester.dart:595:27)
#853    main.<anonymous closure>.<anonymous closure>.<anonymous closure> (file:///home/alexc/Projects/CardMind/test/integration/user_journey_test.dart:171:22)
#854    testWidgets.<anonymous closure>.<anonymous closure> (package:flutter_test/src/widget_tester.dart:192:29)
<asynchronous suspension>
#855    TestWidgetsFlutterBinding._runTestBody (package:flutter_test/src/binding.dart:1059:5)
<asynchronous suspension>
<asynchronous suspension>
(elided 8 frames from dart:async and package:stack_trace)

00:23 +428 -45: /home/alexc/Projects/CardMind/test/specs/home_screen_spec_test.dart: SP-FLUT-008: Home Screen Sync Status Display it_should_show_syncing_indicator_when_syncing                        00:23 +428 -45: /home/alexc/Projects/CardMind/test/integration/user_journey_test.dart: User Journey Integration Tests Device Management Journey it_should_view_device_list                             
══╡ EXCEPTION CAUGHT BY FLUTTER TEST FRAMEWORK ╞════════════════════════════════════════════════════
The following assertion was thrown running a test:
A Timer is still pending even after the widget tree was disposed.
'package:flutter_test/src/binding.dart':
Failed assertion: line 1617 pos 12: '!timersPending'

When the exception was thrown, this was the stack:
#2      AutomatedTestWidgetsFlutterBinding._verifyInvariants (package:flutter_test/src/binding.dart:1617:12)
#3      TestWidgetsFlutterBinding._runTestBody (package:flutter_test/src/binding.dart:1078:7)
<asynchronous suspension>
<asynchronous suspension>
(elided 3 frames from class _AssertionError and package:stack_trace)

The test description was:
  it_should_view_device_list
════════════════════════════════════════════════════════════════════════════════════════════════════
00:23 +428 -46: /home/alexc/Projects/CardMind/test/integration/user_journey_test.dart: User Journey Integration Tests Device Management Journey it_should_view_device_list [E]                         
  Test failed. See exception logs above.
  The test description was: it_should_view_device_list
  

To run this test again: /home/alexc/.asdf/installs/flutter/3.38.5-stable/bin/cache/dart-sdk/bin/dart test /home/alexc/Projects/CardMind/test/integration/user_journey_test.dart -p vm --plain-name 'User Journey Integration Tests Device Management Journey it_should_view_device_list'
00:23 +429 -46: /home/alexc/Projects/CardMind/test/specs/home_screen_spec_test.dart: SP-FLUT-008: Home Screen Sync Status Display it_should_show_syncing_indicator_when_syncing                        00:23 +430 -46: /home/alexc/Projects/CardMind/test/specs/home_screen_spec_test.dart: SP-FLUT-008: Home Screen Sync Status Display it_should_show_syncing_indicator_when_syncing                        00:23 +430 -46: /home/alexc/Projects/CardMind/test/specs/home_screen_ui_spec_test.dart: SP-UI-005: Home Screen UI Empty State Tests it_should_display_empty_icon_in_empty_state                        
Pending timers:
Timer (duration: 0:00:00.500000, periodic: false), created:
#0      new FakeTimer._ (package:fake_async/fake_async.dart:342:62)
#1      FakeAsync._createTimer (package:fake_async/fake_async.dart:260:29)
#2      FakeAsync.run.<anonymous closure> (package:fake_async/fake_async.dart:185:15)
#6      _HomeScreenState.initState (package:cardmind/screens/home_screen.dart:60:12)
#7      StatefulElement._firstBuild (package:flutter/src/widgets/framework.dart:5953:55)
#8      ComponentElement.mount (package:flutter/src/widgets/framework.dart:5796:5)
...     Normal element mounting (7 frames)
#15     _InheritedProviderScopeElement.mount (package:provider/src/inherited_provider.dart:424:11)
...     Normal element mounting (7 frames)
#22     SingleChildWidgetElementMixin.mount (package:nested/nested.dart:222:11)
...     Normal element mounting (260 frames)
#282    Element.inflateWidget (package:flutter/src/widgets/framework.dart:4590:20)
#283    MultiChildRenderObjectElement.inflateWidget (package:flutter/src/widgets/framework.dart:7269:36)
#284    MultiChildRenderObjectElement.mount (package:flutter/src/widgets/framework.dart:7285:32)
...     Normal element mounting (465 frames)
#749    Element.inflateWidget (package:flutter/src/widgets/framework.dart:4590:20)
#750    Element.updateChild (package:flutter/src/widgets/framework.dart:4053:20)
#751    ComponentElement.performRebuild (package:flutter/src/widgets/framework.dart:5844:16)
#752    Element.rebuild (package:flutter/src/widgets/framework.dart:5532:7)
#753    ProxyElement.update (package:flutter/src/widgets/framework.dart:6152:5)
#754    _InheritedNotifierElement.update (package:flutter/src/widgets/inherited_notifier.dart:108:11)
#755    Element.updateChild (package:flutter/src/widgets/framework.dart:4037:15)
#756    ComponentElement.performRebuild (package:flutter/src/widgets/framework.dart:5844:16)
#757    StatefulElement.performRebuild (package:flutter/src/widgets/framework.dart:5985:11)
#758    Element.rebuild (package:flutter/src/widgets/framework.dart:5532:7)
#759    StatefulElement.update (package:flutter/src/widgets/framework.dart:6010:5)
#760    Element.updateChild (package:flutter/src/widgets/framework.dart:4037:15)
#761    ComponentElement.performRebuild (package:flutter/src/widgets/framework.dart:5844:16)
#762    Element.rebuild (package:flutter/src/widgets/framework.dart:5532:7)
#763    ProxyElement.update (package:flutter/src/widgets/framework.dart:6152:5)
#764    _InheritedNotifierElement.update (package:flutter/src/widgets/inherited_notifier.dart:108:11)
#765    Element.updateChild (package:flutter/src/widgets/framework.dart:4037:15)
#766    ComponentElement.performRebuild (package:flutter/src/widgets/framework.dart:5844:16)
#767    StatefulElement.performRebuild (package:flutter/src/widgets/framework.dart:5985:11)
#768    Element.rebuild (package:flutter/src/widgets/framework.dart:5532:7)
#769    StatefulElement.update (package:flutter/src/widgets/framework.dart:6010:5)
#770    Element.updateChild (package:flutter/src/widgets/framework.dart:4037:15)
#771    ComponentElement.performRebuild (package:flutter/src/widgets/framework.dart:5844:16)
#772    StatefulElement.performRebuild (package:flutter/src/widgets/framework.dart:5985:11)
#773    Element.rebuild (package:flutter/src/widgets/framework.dart:5532:7)
#774    StatefulElement.update (package:flutter/src/widgets/framework.dart:6010:5)
#775    Element.updateChild (package:flutter/src/widgets/framework.dart:4037:15)
#776    ComponentElement.performRebuild (package:flutter/src/widgets/framework.dart:5844:16)
#777    Element.rebuild (package:flutter/src/widgets/framework.dart:5532:7)
#778    ProxyElement.update (package:flutter/src/widgets/framework.dart:6152:5)
#779    Element.updateChild (package:flutter/src/widgets/framework.dart:4037:15)
#780    ComponentElement.performRebuild (package:flutter/src/widgets/framework.dart:5844:16)
#781    StatefulElement.performRebuild (package:flutter/src/widgets/framework.dart:5985:11)
#782    Element.rebuild (package:flutter/src/widgets/framework.dart:5532:7)
#783    StatefulElement.update (package:flutter/src/widgets/framework.dart:6010:5)
#784    Element.updateChild (package:flutter/src/widgets/framework.dart:4037:15)
#785    ComponentElement.performRebuild (package:flutter/src/widgets/framework.dart:5844:16)
#786    Element.rebuild (package:flutter/src/widgets/framework.dart:5532:7)
#787    ProxyElement.update (package:flutter/src/widgets/framework.dart:6152:5)
#788    Element.updateChild (package:flutter/src/widgets/framework.dart:4037:15)
#789    ComponentElement.performRebuild (package:flutter/src/widgets/framework.dart:5844:16)
#790    Element.rebuild (package:flutter/src/widgets/framework.dart:5532:7)
#791    ProxyElement.update (package:flutter/src/widgets/framework.dart:6152:5)
#792    Element.updateChild (package:flutter/src/widgets/framework.dart:4037:15)
#793    _RawViewElement._updateChild (package:flutter/src/widgets/view.dart:481:16)
#794    _RawViewElement.update (package:flutter/src/widgets/view.dart:568:5)
#795    Element.updateChild (package:flutter/src/widgets/framework.dart:4037:15)
#796    ComponentElement.performRebuild (package:flutter/src/widgets/framework.dart:5844:16)
#797    Element.rebuild (package:flutter/src/widgets/framework.dart:5532:7)
#798    StatelessElement.update (package:flutter/src/widgets/framework.dart:5898:5)
#799    Element.updateChild (package:flutter/src/widgets/framework.dart:4037:15)
#800    ComponentElement.performRebuild (package:flutter/src/widgets/framework.dart:5844:16)
#801    StatefulElement.performRebuild (package:flutter/src/widgets/framework.dart:5985:11)
#802    Element.rebuild (package:flutter/src/widgets/framework.dart:5532:7)
#803    StatefulElement.update (package:flutter/src/widgets/framework.dart:6010:5)
#804    Element.updateChild (package:flutter/src/widgets/framework.dart:4037:15)
#805    RootElement._rebuild (package:flutter/src/widgets/binding.dart:1782:16)
#806    RootElement.update (package:flutter/src/widgets/binding.dart:1760:5)
#807    RootElement.performRebuild (package:flutter/src/widgets/binding.dart:1774:7)
#808    Element.rebuild (package:flutter/src/widgets/framework.dart:5532:7)
#809    BuildScope._tryRebuild (package:flutter/src/widgets/framework.dart:2750:15)
#810    BuildScope._flushDirtyElements (package:flutter/src/widgets/framework.dart:2807:11)
#811    BuildOwner.buildScope (package:flutter/src/widgets/framework.dart:3111:18)
#812    AutomatedTestWidgetsFlutterBinding.drawFrame (package:flutter_test/src/binding.dart:1506:19)
#813    RendererBinding._handlePersistentFrameCallback (package:flutter/src/rendering/binding.dart:495:5)
#814    SchedulerBinding._invokeFrameCallback (package:flutter/src/scheduler/binding.dart:1434:15)
#815    SchedulerBinding.handleDrawFrame (package:flutter/src/scheduler/binding.dart:1347:9)
#816    AutomatedTestWidgetsFlutterBinding.pump.<anonymous closure> (package:flutter_test/src/binding.dart:1335:9)
#819    TestAsyncUtils.guard (package:flutter_test/src/test_async_utils.dart:74:41)
#820    AutomatedTestWidgetsFlutterBinding.pump (package:flutter_test/src/binding.dart:1324:27)
#821    WidgetTester.pumpWidget.<anonymous closure> (package:flutter_test/src/widget_tester.dart:598:22)
#824    TestAsyncUtils.guard (package:flutter_test/src/test_async_utils.dart:74:41)
#825    WidgetTester.pumpWidget (package:flutter_test/src/widget_tester.dart:595:27)
#826    main.<anonymous closure>.<anonymous closure>.<anonymous closure> (file:///home/alexc/Projects/CardMind/test/specs/home_screen_ui_spec_test.dart:322:22)
#827    testWidgets.<anonymous closure>.<anonymous closure> (package:flutter_test/src/widget_tester.dart:192:29)
<asynchronous suspension>
#828    TestWidgetsFlutterBinding._runTestBody (package:flutter_test/src/binding.dart:1059:5)
<asynchronous suspension>
<asynchronous suspension>
(elided 8 frames from dart:async and package:stack_trace)

══╡ EXCEPTION CAUGHT BY FLUTTER TEST FRAMEWORK ╞════════════════════════════════════════════════════
The following assertion was thrown running a test:
A Timer is still pending even after the widget tree was disposed.
'package:flutter_test/src/binding.dart':
Failed assertion: line 1617 pos 12: '!timersPending'

When the exception was thrown, this was the stack:
#2      AutomatedTestWidgetsFlutterBinding._verifyInvariants (package:flutter_test/src/binding.dart:1617:12)
#3      TestWidgetsFlutterBinding._runTestBody (package:flutter_test/src/binding.dart:1078:7)
<asynchronous suspension>
<asynchronous suspension>
(elided 3 frames from class _AssertionError and package:stack_trace)

The test description was:
  it_should_display_empty_icon_in_empty_state
════════════════════════════════════════════════════════════════════════════════════════════════════
00:23 +430 -47: /home/alexc/Projects/CardMind/test/specs/home_screen_ui_spec_test.dart: SP-UI-005: Home Screen UI Empty State Tests it_should_display_empty_icon_in_empty_state [E]                    
  Test failed. See exception logs above.
  The test description was: it_should_display_empty_icon_in_empty_state
  

To run this test again: /home/alexc/.asdf/installs/flutter/3.38.5-stable/bin/cache/dart-sdk/bin/dart test /home/alexc/Projects/CardMind/test/specs/home_screen_ui_spec_test.dart -p vm --plain-name 'SP-UI-005: Home Screen UI Empty State Tests it_should_display_empty_icon_in_empty_state'
00:24 +430 -47: /home/alexc/Projects/CardMind/test/screens/home_screen_adaptive_test.dart: HomeScreen Adaptive UI Responsive Layout Tests it_should_handle_tablet_landscape_layout                     
Pending timers:
Timer (duration: 0:00:00.500000, periodic: false), created:
#0      new FakeTimer._ (package:fake_async/fake_async.dart:342:62)
#1      FakeAsync._createTimer (package:fake_async/fake_async.dart:260:29)
#2      FakeAsync.run.<anonymous closure> (package:fake_async/fake_async.dart:185:15)
#6      _HomeScreenState.initState (package:cardmind/screens/home_screen.dart:60:12)
#7      StatefulElement._firstBuild (package:flutter/src/widgets/framework.dart:5953:55)
#8      ComponentElement.mount (package:flutter/src/widgets/framework.dart:5796:5)
...     Normal element mounting (7 frames)
#15     _InheritedProviderScopeElement.mount (package:provider/src/inherited_provider.dart:424:11)
...     Normal element mounting (7 frames)
#22     SingleChildWidgetElementMixin.mount (package:nested/nested.dart:222:11)
...     Normal element mounting (260 frames)
#282    Element.inflateWidget (package:flutter/src/widgets/framework.dart:4590:20)
#283    MultiChildRenderObjectElement.inflateWidget (package:flutter/src/widgets/framework.dart:7269:36)
#284    MultiChildRenderObjectElement.mount (package:flutter/src/widgets/framework.dart:7285:32)
...     Normal element mounting (465 frames)
#749    Element.inflateWidget (package:flutter/src/widgets/framework.dart:4590:20)
#750    Element.updateChild (package:flutter/src/widgets/framework.dart:4053:20)
#751    ComponentElement.performRebuild (package:flutter/src/widgets/framework.dart:5844:16)
#752    Element.rebuild (package:flutter/src/widgets/framework.dart:5532:7)
#753    ProxyElement.update (package:flutter/src/widgets/framework.dart:6152:5)
#754    _InheritedNotifierElement.update (package:flutter/src/widgets/inherited_notifier.dart:108:11)
#755    Element.updateChild (package:flutter/src/widgets/framework.dart:4037:15)
#756    ComponentElement.performRebuild (package:flutter/src/widgets/framework.dart:5844:16)
#757    StatefulElement.performRebuild (package:flutter/src/widgets/framework.dart:5985:11)
#758    Element.rebuild (package:flutter/src/widgets/framework.dart:5532:7)
#759    StatefulElement.update (package:flutter/src/widgets/framework.dart:6010:5)
#760    Element.updateChild (package:flutter/src/widgets/framework.dart:4037:15)
#761    ComponentElement.performRebuild (package:flutter/src/widgets/framework.dart:5844:16)
#762    Element.rebuild (package:flutter/src/widgets/framework.dart:5532:7)
#763    ProxyElement.update (package:flutter/src/widgets/framework.dart:6152:5)
#764    _InheritedNotifierElement.update (package:flutter/src/widgets/inherited_notifier.dart:108:11)
#765    Element.updateChild (package:flutter/src/widgets/framework.dart:4037:15)
#766    ComponentElement.performRebuild (package:flutter/src/widgets/framework.dart:5844:16)
#767    StatefulElement.performRebuild (package:flutter/src/widgets/framework.dart:5985:11)
#768    Element.rebuild (package:flutter/src/widgets/framework.dart:5532:7)
#769    StatefulElement.update (package:flutter/src/widgets/framework.dart:6010:5)
#770    Element.updateChild (package:flutter/src/widgets/framework.dart:4037:15)
#771    ComponentElement.performRebuild (package:flutter/src/widgets/framework.dart:5844:16)
#772    StatefulElement.performRebuild (package:flutter/src/widgets/framework.dart:5985:11)
#773    Element.rebuild (package:flutter/src/widgets/framework.dart:5532:7)
#774    StatefulElement.update (package:flutter/src/widgets/framework.dart:6010:5)
#775    Element.updateChild (package:flutter/src/widgets/framework.dart:4037:15)
#776    ComponentElement.performRebuild (package:flutter/src/widgets/framework.dart:5844:16)
#777    Element.rebuild (package:flutter/src/widgets/framework.dart:5532:7)
#778    ProxyElement.update (package:flutter/src/widgets/framework.dart:6152:5)
#779    Element.updateChild (package:flutter/src/widgets/framework.dart:4037:15)
#780    ComponentElement.performRebuild (package:flutter/src/widgets/framework.dart:5844:16)
#781    StatefulElement.performRebuild (package:flutter/src/widgets/framework.dart:5985:11)
#782    Element.rebuild (package:flutter/src/widgets/framework.dart:5532:7)
#783    StatefulElement.update (package:flutter/src/widgets/framework.dart:6010:5)
#784    Element.updateChild (package:flutter/src/widgets/framework.dart:4037:15)
#785    ComponentElement.performRebuild (package:flutter/src/widgets/framework.dart:5844:16)
#786    Element.rebuild (package:flutter/src/widgets/framework.dart:5532:7)
#787    ProxyElement.update (package:flutter/src/widgets/framework.dart:6152:5)
#788    Element.updateChild (package:flutter/src/widgets/framework.dart:4037:15)
#789    ComponentElement.performRebuild (package:flutter/src/widgets/framework.dart:5844:16)
#790    Element.rebuild (package:flutter/src/widgets/framework.dart:5532:7)
#791    ProxyElement.update (package:flutter/src/widgets/framework.dart:6152:5)
#792    Element.updateChild (package:flutter/src/widgets/framework.dart:4037:15)
#793    _RawViewElement._updateChild (package:flutter/src/widgets/view.dart:481:16)
#794    _RawViewElement.update (package:flutter/src/widgets/view.dart:568:5)
#795    Element.updateChild (package:flutter/src/widgets/framework.dart:4037:15)
#796    ComponentElement.performRebuild (package:flutter/src/widgets/framework.dart:5844:16)
#797    Element.rebuild (package:flutter/src/widgets/framework.dart:5532:7)
#798    StatelessElement.update (package:flutter/src/widgets/framework.dart:5898:5)
#799    Element.updateChild (package:flutter/src/widgets/framework.dart:4037:15)
#800    ComponentElement.performRebuild (package:flutter/src/widgets/framework.dart:5844:16)
#801    StatefulElement.performRebuild (package:flutter/src/widgets/framework.dart:5985:11)
#802    Element.rebuild (package:flutter/src/widgets/framework.dart:5532:7)
#803    StatefulElement.update (package:flutter/src/widgets/framework.dart:6010:5)
#804    Element.updateChild (package:flutter/src/widgets/framework.dart:4037:15)
#805    RootElement._rebuild (package:flutter/src/widgets/binding.dart:1782:16)
#806    RootElement.update (package:flutter/src/widgets/binding.dart:1760:5)
#807    RootElement.performRebuild (package:flutter/src/widgets/binding.dart:1774:7)
#808    Element.rebuild (package:flutter/src/widgets/framework.dart:5532:7)
#809    BuildScope._tryRebuild (package:flutter/src/widgets/framework.dart:2750:15)
#810    BuildScope._flushDirtyElements (package:flutter/src/widgets/framework.dart:2807:11)
#811    BuildOwner.buildScope (package:flutter/src/widgets/framework.dart:3111:18)
#812    AutomatedTestWidgetsFlutterBinding.drawFrame (package:flutter_test/src/binding.dart:1506:19)
#813    RendererBinding._handlePersistentFrameCallback (package:flutter/src/rendering/binding.dart:495:5)
#814    SchedulerBinding._invokeFrameCallback (package:flutter/src/scheduler/binding.dart:1434:15)
#815    SchedulerBinding.handleDrawFrame (package:flutter/src/scheduler/binding.dart:1347:9)
#816    AutomatedTestWidgetsFlutterBinding.pump.<anonymous closure> (package:flutter_test/src/binding.dart:1335:9)
#819    TestAsyncUtils.guard (package:flutter_test/src/test_async_utils.dart:74:41)
#820    AutomatedTestWidgetsFlutterBinding.pump (package:flutter_test/src/binding.dart:1324:27)
#821    WidgetTester.pumpWidget.<anonymous closure> (package:flutter_test/src/widget_tester.dart:598:22)
#824    TestAsyncUtils.guard (package:flutter_test/src/test_async_utils.dart:74:41)
#825    WidgetTester.pumpWidget (package:flutter_test/src/widget_tester.dart:595:27)
#826    main.<anonymous closure>.<anonymous closure>.<anonymous closure> (file:///home/alexc/Projects/CardMind/test/screens/home_screen_adaptive_test.dart:317:22)
#827    testWidgets.<anonymous closure>.<anonymous closure> (package:flutter_test/src/widget_tester.dart:192:29)
<asynchronous suspension>
#828    TestWidgetsFlutterBinding._runTestBody (package:flutter_test/src/binding.dart:1059:5)
<asynchronous suspension>
<asynchronous suspension>
(elided 8 frames from dart:async and package:stack_trace)

══╡ EXCEPTION CAUGHT BY FLUTTER TEST FRAMEWORK ╞════════════════════════════════════════════════════
The following assertion was thrown running a test:
A Timer is still pending even after the widget tree was disposed.
'package:flutter_test/src/binding.dart':
Failed assertion: line 1617 pos 12: '!timersPending'

When the exception was thrown, this was the stack:
#2      AutomatedTestWidgetsFlutterBinding._verifyInvariants (package:flutter_test/src/binding.dart:1617:12)
#3      TestWidgetsFlutterBinding._runTestBody (package:flutter_test/src/binding.dart:1078:7)
<asynchronous suspension>
<asynchronous suspension>
(elided 3 frames from class _AssertionError and package:stack_trace)

The test description was:
  it_should_handle_tablet_landscape_layout
════════════════════════════════════════════════════════════════════════════════════════════════════
00:24 +430 -48: /home/alexc/Projects/CardMind/test/screens/home_screen_adaptive_test.dart: HomeScreen Adaptive UI Responsive Layout Tests it_should_handle_tablet_landscape_layout [E]                 
  Test failed. See exception logs above.
  The test description was: it_should_handle_tablet_landscape_layout
  

To run this test again: /home/alexc/.asdf/installs/flutter/3.38.5-stable/bin/cache/dart-sdk/bin/dart test /home/alexc/Projects/CardMind/test/screens/home_screen_adaptive_test.dart -p vm --plain-name 'HomeScreen Adaptive UI Responsive Layout Tests it_should_handle_tablet_landscape_layout'
00:24 +431 -48: /home/alexc/Projects/CardMind/test/specs/home_screen_spec_test.dart: SP-FLUT-008: Home Screen Sync Status Display it_should_show_syncing_indicator_when_syncing                        00:24 +432 -48: /home/alexc/Projects/CardMind/test/specs/home_screen_spec_test.dart: SP-FLUT-008: Home Screen Sync Status Display it_should_show_syncing_indicator_when_syncing                        00:24 +432 -48: /home/alexc/Projects/CardMind/test/integration/user_journey_test.dart: User Journey Integration Tests Settings Journey it_should_access_settings                                       
Pending timers:
Timer (duration: 0:00:00.500000, periodic: false), created:
00:24 +433 -48: /home/alexc/Projects/CardMind/test/specs/home_screen_spec_test.dart: SP-FLUT-008: Home Screen Sync Status Display it_should_show_syncing_indicator_when_syncing                        00:24 +433 -48: /home/alexc/Projects/CardMind/test/integration/user_journey_test.dart: User Journey Integration Tests Settings Journey it_should_access_settings                                       
#0      new FakeTimer._ (package:fake_async/fake_async.dart:342:62)
#1      FakeAsync._createTimer (package:fake_async/fake_async.dart:260:29)
#2      FakeAsync.run.<anonymous closure> (package:fake_async/fake_async.dart:185:15)
#6      _HomeScreenState.initState (package:cardmind/screens/home_screen.dart:60:12)
#7      StatefulElement._firstBuild (package:flutter/src/widgets/framework.dart:5953:55)
#8      ComponentElement.mount (package:flutter/src/widgets/framework.dart:5796:5)
...     Normal element mounting (260 frames)
#268    Element.inflateWidget (package:flutter/src/widgets/framework.dart:4590:20)
#269    MultiChildRenderObjectElement.inflateWidget (package:flutter/src/widgets/framework.dart:7269:36)
#270    MultiChildRenderObjectElement.mount (package:flutter/src/widgets/framework.dart:7285:32)
...     Normal element mounting (471 frames)
#741    _InheritedProviderScopeElement.mount (package:provider/src/inherited_provider.dart:424:11)
...     Normal element mounting (7 frames)
#748    _InheritedProviderScopeElement.mount (package:provider/src/inherited_provider.dart:424:11)
...     Normal element mounting (7 frames)
#755    SingleChildWidgetElementMixin.mount (package:nested/nested.dart:222:11)
...     Normal element mounting (7 frames)
#762    _NestedHookElement.mount (package:nested/nested.dart:187:11)
...     Normal element mounting (7 frames)
#769    SingleChildWidgetElementMixin.mount (package:nested/nested.dart:222:11)
...     Normal element mounting (7 frames)
#776    Element.inflateWidget (package:flutter/src/widgets/framework.dart:4590:20)
#777    Element.updateChild (package:flutter/src/widgets/framework.dart:4053:20)
#778    ComponentElement.performRebuild (package:flutter/src/widgets/framework.dart:5844:16)
#779    Element.rebuild (package:flutter/src/widgets/framework.dart:5532:7)
#780    ProxyElement.update (package:flutter/src/widgets/framework.dart:6152:5)
#781    _InheritedNotifierElement.update (package:flutter/src/widgets/inherited_notifier.dart:108:11)
#782    Element.updateChild (package:flutter/src/widgets/framework.dart:4037:15)
#783    ComponentElement.performRebuild (package:flutter/src/widgets/framework.dart:5844:16)
#784    StatefulElement.performRebuild (package:flutter/src/widgets/framework.dart:5985:11)
#785    Element.rebuild (package:flutter/src/widgets/framework.dart:5532:7)
#786    StatefulElement.update (package:flutter/src/widgets/framework.dart:6010:5)
#787    Element.updateChild (package:flutter/src/widgets/framework.dart:4037:15)
#788    ComponentElement.performRebuild (package:flutter/src/widgets/framework.dart:5844:16)
#789    Element.rebuild (package:flutter/src/widgets/framework.dart:5532:7)
#790    ProxyElement.update (package:flutter/src/widgets/framework.dart:6152:5)
#791    _InheritedNotifierElement.update (package:flutter/src/widgets/inherited_notifier.dart:108:11)
#792    Element.updateChild (package:flutter/src/widgets/framework.dart:4037:15)
#793    ComponentElement.performRebuild (package:flutter/src/widgets/framework.dart:5844:16)
#794    StatefulElement.performRebuild (package:flutter/src/widgets/framework.dart:5985:11)
#795    Element.rebuild (package:flutter/src/widgets/framework.dart:5532:7)
#796    StatefulElement.update (package:flutter/src/widgets/framework.dart:6010:5)
#797    Element.updateChild (package:flutter/src/widgets/framework.dart:4037:15)
#798    ComponentElement.performRebuild (package:flutter/src/widgets/framework.dart:5844:16)
#799    StatefulElement.performRebuild (package:flutter/src/widgets/framework.dart:5985:11)
#800    Element.rebuild (package:flutter/src/widgets/framework.dart:5532:7)
#801    StatefulElement.update (package:flutter/src/widgets/framework.dart:6010:5)
#802    Element.updateChild (package:flutter/src/widgets/framework.dart:4037:15)
#803    ComponentElement.performRebuild (package:flutter/src/widgets/framework.dart:5844:16)
#804    Element.rebuild (package:flutter/src/widgets/framework.dart:5532:7)
#805    ProxyElement.update (package:flutter/src/widgets/framework.dart:6152:5)
#806    Element.updateChild (package:flutter/src/widgets/framework.dart:4037:15)
#807    ComponentElement.performRebuild (package:flutter/src/widgets/framework.dart:5844:16)
#808    StatefulElement.performRebuild (package:flutter/src/widgets/framework.dart:5985:11)
#809    Element.rebuild (package:flutter/src/widgets/framework.dart:5532:7)
#810    StatefulElement.update (package:flutter/src/widgets/framework.dart:6010:5)
#811    Element.updateChild (package:flutter/src/widgets/framework.dart:4037:15)
#812    ComponentElement.performRebuild (package:flutter/src/widgets/framework.dart:5844:16)
#813    Element.rebuild (package:flutter/src/widgets/framework.dart:5532:7)
#814    ProxyElement.update (package:flutter/src/widgets/framework.dart:6152:5)
#815    Element.updateChild (package:flutter/src/widgets/framework.dart:4037:15)
#816    ComponentElement.performRebuild (package:flutter/src/widgets/framework.dart:5844:16)
#817    Element.rebuild (package:flutter/src/widgets/framework.dart:5532:7)
#818    ProxyElement.update (package:flutter/src/widgets/framework.dart:6152:5)
#819    Element.updateChild (package:flutter/src/widgets/framework.dart:4037:15)
#820    _RawViewElement._updateChild (package:flutter/src/widgets/view.dart:481:16)
#821    _RawViewElement.update (package:flutter/src/widgets/view.dart:568:5)
#822    Element.updateChild (package:flutter/src/widgets/framework.dart:4037:15)
#823    ComponentElement.performRebuild (package:flutter/src/widgets/framework.dart:5844:16)
#824    Element.rebuild (package:flutter/src/widgets/framework.dart:5532:7)
#825    StatelessElement.update (package:flutter/src/widgets/framework.dart:5898:5)
#826    Element.updateChild (package:flutter/src/widgets/framework.dart:4037:15)
#827    ComponentElement.performRebuild (package:flutter/src/widgets/framework.dart:5844:16)
#828    StatefulElement.performRebuild (package:flutter/src/widgets/framework.dart:5985:11)
#829    Element.rebuild (package:flutter/src/widgets/framework.dart:5532:7)
#830    StatefulElement.update (package:flutter/src/widgets/framework.dart:6010:5)
#831    Element.updateChild (package:flutter/src/widgets/framework.dart:4037:15)
#832    RootElement._rebuild (package:flutter/src/widgets/binding.dart:1782:16)
#833    RootElement.update (package:flutter/src/widgets/binding.dart:1760:5)
#834    RootElement.performRebuild (package:flutter/src/widgets/binding.dart:1774:7)
#835    Element.rebuild (package:flutter/src/widgets/framework.dart:5532:7)
#836    BuildScope._tryRebuild (package:flutter/src/widgets/framework.dart:2750:15)
#837    BuildScope._flushDirtyElements (package:flutter/src/widgets/framework.dart:2807:11)
#838    BuildOwner.buildScope (package:flutter/src/widgets/framework.dart:3111:18)
#839    AutomatedTestWidgetsFlutterBinding.drawFrame (package:flutter_test/src/binding.dart:1506:19)
#840    RendererBinding._handlePersistentFrameCallback (package:flutter/src/rendering/binding.dart:495:5)
#841    SchedulerBinding._invokeFrameCallback (package:flutter/src/scheduler/binding.dart:1434:15)
#842    SchedulerBinding.handleDrawFrame (package:flutter/src/scheduler/binding.dart:1347:9)
#843    AutomatedTestWidgetsFlutterBinding.pump.<anonymous closure> (package:flutter_test/src/binding.dart:1335:9)
#846    TestAsyncUtils.guard (package:flutter_test/src/test_async_utils.dart:74:41)
#847    AutomatedTestWidgetsFlutterBinding.pump (package:flutter_test/src/binding.dart:1324:27)
#848    WidgetTester.pumpWidget.<anonymous closure> (package:flutter_test/src/widget_tester.dart:598:22)
#851    TestAsyncUtils.guard (package:flutter_test/src/test_async_utils.dart:74:41)
#852    WidgetTester.pumpWidget (package:flutter_test/src/widget_tester.dart:595:27)
#853    main.<anonymous closure>.<anonymous closure>.<anonymous closure> (file:///home/alexc/Projects/CardMind/test/integration/user_journey_test.dart:190:22)
#854    testWidgets.<anonymous closure>.<anonymous closure> (package:flutter_test/src/widget_tester.dart:192:29)
<asynchronous suspension>
#855    TestWidgetsFlutterBinding._runTestBody (package:flutter_test/src/binding.dart:1059:5)
<asynchronous suspension>
<asynchronous suspension>
(elided 8 frames from dart:async and package:stack_trace)

══╡ EXCEPTION CAUGHT BY FLUTTER TEST FRAMEWORK ╞════════════════════════════════════════════════════
The following assertion was thrown running a test:
A Timer is still pending even after the widget tree was disposed.
'package:flutter_test/src/binding.dart':
Failed assertion: line 1617 pos 12: '!timersPending'

When the exception was thrown, this was the stack:
#2      AutomatedTestWidgetsFlutterBinding._verifyInvariants (package:flutter_test/src/binding.dart:1617:12)
#3      TestWidgetsFlutterBinding._runTestBody (package:flutter_test/src/binding.dart:1078:7)
<asynchronous suspension>
<asynchronous suspension>
(elided 3 frames from class _AssertionError and package:stack_trace)

The test description was:
  it_should_access_settings
════════════════════════════════════════════════════════════════════════════════════════════════════
00:24 +433 -49: /home/alexc/Projects/CardMind/test/integration/user_journey_test.dart: User Journey Integration Tests Settings Journey it_should_access_settings [E]                                   
  Test failed. See exception logs above.
  The test description was: it_should_access_settings
  

To run this test again: /home/alexc/.asdf/installs/flutter/3.38.5-stable/bin/cache/dart-sdk/bin/dart test /home/alexc/Projects/CardMind/test/integration/user_journey_test.dart -p vm --plain-name 'User Journey Integration Tests Settings Journey it_should_access_settings'
00:24 +434 -49: /home/alexc/Projects/CardMind/test/specs/home_screen_spec_test.dart: SP-FLUT-008: Home Screen Sync Status Display it_should_show_syncing_indicator_when_syncing                        00:24 +434 -49: /home/alexc/Projects/CardMind/test/specs/home_screen_ui_spec_test.dart: SP-UI-005: Home Screen UI Empty State Tests it_should_display_create_button_in_empty_state                     
Pending timers:
Timer (duration: 0:00:00.500000, periodic: false), created:
#0      new FakeTimer._ (package:fake_async/fake_async.dart:342:62)
#1      FakeAsync._createTimer (package:fake_async/fake_async.dart:260:29)
#2      FakeAsync.run.<anonymous closure> (package:fake_async/fake_async.dart:185:15)
#6      _HomeScreenState.initState (package:cardmind/screens/home_screen.dart:60:12)
#7      StatefulElement._firstBuild (package:flutter/src/widgets/framework.dart:5953:55)
#8      ComponentElement.mount (package:flutter/src/widgets/framework.dart:5796:5)
...     Normal element mounting (7 frames)
#15     _InheritedProviderScopeElement.mount (package:provider/src/inherited_provider.dart:424:11)
...     Normal element mounting (7 frames)
#22     SingleChildWidgetElementMixin.mount (package:nested/nested.dart:222:11)
...     Normal element mounting (260 frames)
#282    Element.inflateWidget (package:flutter/src/widgets/framework.dart:4590:20)
#283    MultiChildRenderObjectElement.inflateWidget (package:flutter/src/widgets/framework.dart:7269:36)
#284    MultiChildRenderObjectElement.mount (package:flutter/src/widgets/framework.dart:7285:32)
...     Normal element mounting (465 frames)
#749    Element.inflateWidget (package:flutter/src/widgets/framework.dart:4590:20)
#750    Element.updateChild (package:flutter/src/widgets/framework.dart:4053:20)
#751    ComponentElement.performRebuild (package:flutter/src/widgets/framework.dart:5844:16)
#752    Element.rebuild (package:flutter/src/widgets/framework.dart:5532:7)
#753    ProxyElement.update (package:flutter/src/widgets/framework.dart:6152:5)
#754    _InheritedNotifierElement.update (package:flutter/src/widgets/inherited_notifier.dart:108:11)
#755    Element.updateChild (package:flutter/src/widgets/framework.dart:4037:15)
#756    ComponentElement.performRebuild (package:flutter/src/widgets/framework.dart:5844:16)
#757    StatefulElement.performRebuild (package:flutter/src/widgets/framework.dart:5985:11)
#758    Element.rebuild (package:flutter/src/widgets/framework.dart:5532:7)
#759    StatefulElement.update (package:flutter/src/widgets/framework.dart:6010:5)
#760    Element.updateChild (package:flutter/src/widgets/framework.dart:4037:15)
#761    ComponentElement.performRebuild (package:flutter/src/widgets/framework.dart:5844:16)
#762    Element.rebuild (package:flutter/src/widgets/framework.dart:5532:7)
#763    ProxyElement.update (package:flutter/src/widgets/framework.dart:6152:5)
#764    _InheritedNotifierElement.update (package:flutter/src/widgets/inherited_notifier.dart:108:11)
#765    Element.updateChild (package:flutter/src/widgets/framework.dart:4037:15)
#766    ComponentElement.performRebuild (package:flutter/src/widgets/framework.dart:5844:16)
#767    StatefulElement.performRebuild (package:flutter/src/widgets/framework.dart:5985:11)
#768    Element.rebuild (package:flutter/src/widgets/framework.dart:5532:7)
#769    StatefulElement.update (package:flutter/src/widgets/framework.dart:6010:5)
#770    Element.updateChild (package:flutter/src/widgets/framework.dart:4037:15)
#771    ComponentElement.performRebuild (package:flutter/src/widgets/framework.dart:5844:16)
#772    StatefulElement.performRebuild (package:flutter/src/widgets/framework.dart:5985:11)
#773    Element.rebuild (package:flutter/src/widgets/framework.dart:5532:7)
#774    StatefulElement.update (package:flutter/src/widgets/framework.dart:6010:5)
#775    Element.updateChild (package:flutter/src/widgets/framework.dart:4037:15)
#776    ComponentElement.performRebuild (package:flutter/src/widgets/framework.dart:5844:16)
#777    Element.rebuild (package:flutter/src/widgets/framework.dart:5532:7)
#778    ProxyElement.update (package:flutter/src/widgets/framework.dart:6152:5)
#779    Element.updateChild (package:flutter/src/widgets/framework.dart:4037:15)
#780    ComponentElement.performRebuild (package:flutter/src/widgets/framework.dart:5844:16)
#781    StatefulElement.performRebuild (package:flutter/src/widgets/framework.dart:5985:11)
#782    Element.rebuild (package:flutter/src/widgets/framework.dart:5532:7)
#783    StatefulElement.update (package:flutter/src/widgets/framework.dart:6010:5)
#784    Element.updateChild (package:flutter/src/widgets/framework.dart:4037:15)
#785    ComponentElement.performRebuild (package:flutter/src/widgets/framework.dart:5844:16)
#786    Element.rebuild (package:flutter/src/widgets/framework.dart:5532:7)
#787    ProxyElement.update (package:flutter/src/widgets/framework.dart:6152:5)
#788    Element.updateChild (package:flutter/src/widgets/framework.dart:4037:15)
#789    ComponentElement.performRebuild (package:flutter/src/widgets/framework.dart:5844:16)
#790    Element.rebuild (package:flutter/src/widgets/framework.dart:5532:7)
#791    ProxyElement.update (package:flutter/src/widgets/framework.dart:6152:5)
#792    Element.updateChild (package:flutter/src/widgets/framework.dart:4037:15)
#793    _RawViewElement._updateChild (package:flutter/src/widgets/view.dart:481:16)
#794    _RawViewElement.update (package:flutter/src/widgets/view.dart:568:5)
#795    Element.updateChild (package:flutter/src/widgets/framework.dart:4037:15)
#796    ComponentElement.performRebuild (package:flutter/src/widgets/framework.dart:5844:16)
#797    Element.rebuild (package:flutter/src/widgets/framework.dart:5532:7)
#798    StatelessElement.update (package:flutter/src/widgets/framework.dart:5898:5)
#799    Element.updateChild (package:flutter/src/widgets/framework.dart:4037:15)
#800    ComponentElement.performRebuild (package:flutter/src/widgets/framework.dart:5844:16)
#801    StatefulElement.performRebuild (package:flutter/src/widgets/framework.dart:5985:11)
#802    Element.rebuild (package:flutter/src/widgets/framework.dart:5532:7)
#803    StatefulElement.update (package:flutter/src/widgets/framework.dart:6010:5)
#804    Element.updateChild (package:flutter/src/widgets/framework.dart:4037:15)
#805    RootElement._rebuild (package:flutter/src/widgets/binding.dart:1782:16)
#806    RootElement.update (package:flutter/src/widgets/binding.dart:1760:5)
#807    RootElement.performRebuild (package:flutter/src/widgets/binding.dart:1774:7)
#808    Element.rebuild (package:flutter/src/widgets/framework.dart:5532:7)
#809    BuildScope._tryRebuild (package:flutter/src/widgets/framework.dart:2750:15)
#810    BuildScope._flushDirtyElements (package:flutter/src/widgets/framework.dart:2807:11)
#811    BuildOwner.buildScope (package:flutter/src/widgets/framework.dart:3111:18)
#812    AutomatedTestWidgetsFlutterBinding.drawFrame (package:flutter_test/src/binding.dart:1506:19)
#813    RendererBinding._handlePersistentFrameCallback (package:flutter/src/rendering/binding.dart:495:5)
#814    SchedulerBinding._invokeFrameCallback (package:flutter/src/scheduler/binding.dart:1434:15)
#815    SchedulerBinding.handleDrawFrame (package:flutter/src/scheduler/binding.dart:1347:9)
#816    AutomatedTestWidgetsFlutterBinding.pump.<anonymous closure> (package:flutter_test/src/binding.dart:1335:9)
#819    TestAsyncUtils.guard (package:flutter_test/src/test_async_utils.dart:74:41)
#820    AutomatedTestWidgetsFlutterBinding.pump (package:flutter_test/src/binding.dart:1324:27)
#821    WidgetTester.pumpWidget.<anonymous closure> (package:flutter_test/src/widget_tester.dart:598:22)
#824    TestAsyncUtils.guard (package:flutter_test/src/test_async_utils.dart:74:41)
#825    WidgetTester.pumpWidget (package:flutter_test/src/widget_tester.dart:595:27)
#826    main.<anonymous closure>.<anonymous closure>.<anonymous closure> (file:///home/alexc/Projects/CardMind/test/specs/home_screen_ui_spec_test.dart:335:22)
#827    testWidgets.<anonymous closure>.<anonymous closure> (package:flutter_test/src/widget_tester.dart:192:29)
<asynchronous suspension>
#828    TestWidgetsFlutterBinding._runTestBody (package:flutter_test/src/binding.dart:1059:5)
<asynchronous suspension>
<asynchronous suspension>
(elided 8 frames from dart:async and package:stack_trace)

══╡ EXCEPTION CAUGHT BY FLUTTER TEST FRAMEWORK ╞════════════════════════════════════════════════════
The following assertion was thrown running a test:
A Timer is still pending even after the widget tree was disposed.
'package:flutter_test/src/binding.dart':
Failed assertion: line 1617 pos 12: '!timersPending'

When the exception was thrown, this was the stack:
#2      AutomatedTestWidgetsFlutterBinding._verifyInvariants (package:flutter_test/src/binding.dart:1617:12)
#3      TestWidgetsFlutterBinding._runTestBody (package:flutter_test/src/binding.dart:1078:7)
<asynchronous suspension>
<asynchronous suspension>
(elided 3 frames from class _AssertionError and package:stack_trace)

The test description was:
  it_should_display_create_button_in_empty_state
════════════════════════════════════════════════════════════════════════════════════════════════════
00:24 +434 -50: /home/alexc/Projects/CardMind/test/specs/home_screen_ui_spec_test.dart: SP-UI-005: Home Screen UI Empty State Tests it_should_display_create_button_in_empty_state [E]                 
  Test failed. See exception logs above.
  The test description was: it_should_display_create_button_in_empty_state
  

To run this test again: /home/alexc/.asdf/installs/flutter/3.38.5-stable/bin/cache/dart-sdk/bin/dart test /home/alexc/Projects/CardMind/test/specs/home_screen_ui_spec_test.dart -p vm --plain-name 'SP-UI-005: Home Screen UI Empty State Tests it_should_display_create_button_in_empty_state'
00:24 +435 -50: /home/alexc/Projects/CardMind/test/specs/home_screen_spec_test.dart: SP-FLUT-008: Home Screen Sync Status Display it_should_show_syncing_indicator_when_syncing                        00:24 +435 -50: /home/alexc/Projects/CardMind/test/screens/home_screen_adaptive_test.dart: HomeScreen Adaptive UI Responsive Layout Tests it_should_handle_orientation_change                          
Pending timers:
Timer (duration: 0:00:00.500000, periodic: false), created:
00:24 +435 -50: /home/alexc/Projects/CardMind/test/integration/user_journey_test.dart: User Journey Integration Tests Error Recovery Journey it_should_handle_network_error_gracefully                 
Pending timers:
Timer (duration: 0:00:00.500000, periodic: false), created:
#0      new FakeTimer._ (package:fake_async/fake_async.dart:342:62)
#1      FakeAsync._createTimer (package:fake_async/fake_async.dart:260:29)
#2      FakeAsync.run.<anonymous closure> (package:fake_async/fake_async.dart:185:15)
#6      _HomeScreenState.initState (package:cardmind/screens/home_screen.dart:60:12)
#7      StatefulElement._firstBuild (package:flutter/src/widgets/framework.dart:5953:55)
#8      ComponentElement.mount (package:flutter/src/widgets/framework.dart:5796:5)
...     Normal element mounting (260 frames)
#268    Element.inflateWidget (package:flutter/src/widgets/framework.dart:4590:20)
#269    MultiChildRenderObjectElement.inflateWidget (package:flutter/src/widgets/framework.dart:7269:36)
#270    MultiChildRenderObjectElement.mount (package:flutter/src/widgets/framework.dart:7285:32)
...     Normal element mounting (471 frames)
#741    _InheritedProviderScopeElement.mount (package:provider/src/inherited_provider.dart:424:11)
...     Normal element mounting (7 frames)
#748    _InheritedProviderScopeElement.mount (package:provider/src/inherited_provider.dart:424:11)
...     Normal element mounting (7 frames)
#755    SingleChildWidgetElementMixin.mount (package:nested/nested.dart:222:11)
...     Normal element mounting (7 frames)
#762    _NestedHookElement.mount (package:nested/nested.dart:187:11)
...     Normal element mounting (7 frames)
#769    SingleChildWidgetElementMixin.mount (package:nested/nested.dart:222:11)
...     Normal element mounting (7 frames)
#776    Element.inflateWidget (package:flutter/src/widgets/framework.dart:4590:20)
#777    Element.updateChild (package:flutter/src/widgets/framework.dart:4053:20)
#778    ComponentElement.performRebuild (package:flutter/src/widgets/framework.dart:5844:16)
#779    Element.rebuild (package:flutter/src/widgets/framework.dart:5532:7)
#780    ProxyElement.update (package:flutter/src/widgets/framework.dart:6152:5)
#781    _InheritedNotifierElement.update (package:flutter/src/widgets/inherited_notifier.dart:108:11)
#782    Element.updateChild (package:flutter/src/widgets/framework.dart:4037:15)
#783    ComponentElement.performRebuild (package:flutter/src/widgets/framework.dart:5844:16)
#784    StatefulElement.performRebuild (package:flutter/src/widgets/framework.dart:5985:11)
#785    Element.rebuild (package:flutter/src/widgets/framework.dart:5532:7)
#786    StatefulElement.update (package:flutter/src/widgets/framework.dart:6010:5)
#787    Element.updateChild (package:flutter/src/widgets/framework.dart:4037:15)
#788    ComponentElement.performRebuild (package:flutter/src/widgets/framework.dart:5844:16)
#789    Element.rebuild (package:flutter/src/widgets/framework.dart:5532:7)
#790    ProxyElement.update (package:flutter/src/widgets/framework.dart:6152:5)
#791    _InheritedNotifierElement.update (package:flutter/src/widgets/inherited_notifier.dart:108:11)
#792    Element.updateChild (package:flutter/src/widgets/framework.dart:4037:15)
#793    ComponentElement.performRebuild (package:flutter/src/widgets/framework.dart:5844:16)
#794    StatefulElement.performRebuild (package:flutter/src/widgets/framework.dart:5985:11)
#795    Element.rebuild (package:flutter/src/widgets/framework.dart:5532:7)
#796    StatefulElement.update (package:flutter/src/widgets/framework.dart:6010:5)
#797    Element.updateChild (package:flutter/src/widgets/framework.dart:4037:15)
#798    ComponentElement.performRebuild (package:flutter/src/widgets/framework.dart:5844:16)
#799    StatefulElement.performRebuild (package:flutter/src/widgets/framework.dart:5985:11)
#800    Element.rebuild (package:flutter/src/widgets/framework.dart:5532:7)
#801    StatefulElement.update (package:flutter/src/widgets/framework.dart:6010:5)
#802    Element.updateChild (package:flutter/src/widgets/framework.dart:4037:15)
#803    ComponentElement.performRebuild (package:flutter/src/widgets/framework.dart:5844:16)
#804    Element.rebuild (package:flutter/src/widgets/framework.dart:5532:7)
#805    ProxyElement.update (package:flutter/src/widgets/framework.dart:6152:5)
#806    Element.updateChild (package:flutter/src/widgets/framework.dart:4037:15)
#807    ComponentElement.performRebuild (package:flutter/src/widgets/framework.dart:5844:16)
#808    StatefulElement.performRebuild (package:flutter/src/widgets/framework.dart:5985:11)
#809    Element.rebuild (package:flutter/src/widgets/framework.dart:5532:7)
#810    StatefulElement.update (package:flutter/src/widgets/framework.dart:6010:5)
#811    Element.updateChild (package:flutter/src/widgets/framework.dart:4037:15)
#812    ComponentElement.performRebuild (package:flutter/src/widgets/framework.dart:5844:16)
#813    Element.rebuild (package:flutter/src/widgets/framework.dart:5532:7)
#814    ProxyElement.update (package:flutter/src/widgets/framework.dart:6152:5)
#815    Element.updateChild (package:flutter/src/widgets/framework.dart:4037:15)
#816    ComponentElement.performRebuild (package:flutter/src/widgets/framework.dart:5844:16)
#817    Element.rebuild (package:flutter/src/widgets/framework.dart:5532:7)
#818    ProxyElement.update (package:flutter/src/widgets/framework.dart:6152:5)
#819    Element.updateChild (package:flutter/src/widgets/framework.dart:4037:15)
#820    _RawViewElement._updateChild (package:flutter/src/widgets/view.dart:481:16)
#821    _RawViewElement.update (package:flutter/src/widgets/view.dart:568:5)
#822    Element.updateChild (package:flutter/src/widgets/framework.dart:4037:15)
#823    ComponentElement.performRebuild (package:flutter/src/widgets/framework.dart:5844:16)
#824    Element.rebuild (package:flutter/src/widgets/framework.dart:5532:7)
#825    StatelessElement.update (package:flutter/src/widgets/framework.dart:5898:5)
#826    Element.updateChild (package:flutter/src/widgets/framework.dart:4037:15)
#827    ComponentElement.performRebuild (package:flutter/src/widgets/framework.dart:5844:16)
#828    StatefulElement.performRebuild (package:flutter/src/widgets/framework.dart:5985:11)
#829    Element.rebuild (package:flutter/src/widgets/framework.dart:5532:7)
#830    StatefulElement.update (package:flutter/src/widgets/framework.dart:6010:5)
#831    Element.updateChild (package:flutter/src/widgets/framework.dart:4037:15)
#832    RootElement._rebuild (package:flutter/src/widgets/binding.dart:1782:16)
#833    RootElement.update (package:flutter/src/widgets/binding.dart:1760:5)
#834    RootElement.performRebuild (package:flutter/src/widgets/binding.dart:1774:7)
#835    Element.rebuild (package:flutter/src/widgets/framework.dart:5532:7)
#836    BuildScope._tryRebuild (package:flutter/src/widgets/framework.dart:2750:15)
#837    BuildScope._flushDirtyElements (package:flutter/src/widgets/framework.dart:2807:11)
#838    BuildOwner.buildScope (package:flutter/src/widgets/framework.dart:3111:18)
#839    AutomatedTestWidgetsFlutterBinding.drawFrame (package:flutter_test/src/binding.dart:1506:19)
#840    RendererBinding._handlePersistentFrameCallback (package:flutter/src/rendering/binding.dart:495:5)
#841    SchedulerBinding._invokeFrameCallback (package:flutter/src/scheduler/binding.dart:1434:15)
#842    SchedulerBinding.handleDrawFrame (package:flutter/src/scheduler/binding.dart:1347:9)
#843    AutomatedTestWidgetsFlutterBinding.pump.<anonymous closure> (package:flutter_test/src/binding.dart:1335:9)
#846    TestAsyncUtils.guard (package:flutter_test/src/test_async_utils.dart:74:41)
#847    AutomatedTestWidgetsFlutterBinding.pump (package:flutter_test/src/binding.dart:1324:27)
#848    WidgetTester.pumpWidget.<anonymous closure> (package:flutter_test/src/widget_tester.dart:598:22)
#851    TestAsyncUtils.guard (package:flutter_test/src/test_async_utils.dart:74:41)
#852    WidgetTester.pumpWidget (package:flutter_test/src/widget_tester.dart:595:27)
#853    main.<anonymous closure>.<anonymous closure>.<anonymous closure> (file:///home/alexc/Projects/CardMind/test/integration/user_journey_test.dart:213:22)
#854    testWidgets.<anonymous closure>.<anonymous closure> (package:flutter_test/src/widget_tester.dart:192:29)
<asynchronous suspension>
#855    TestWidgetsFlutterBinding._runTestBody (package:flutter_test/src/binding.dart:1059:5)
<asynchronous suspension>
<asynchronous suspension>
(elided 8 frames from dart:async and package:stack_trace)

00:24 +436 -50: /home/alexc/Projects/CardMind/test/specs/home_screen_spec_test.dart: SP-FLUT-008: Home Screen Sync Status Display it_should_show_syncing_indicator_when_syncing                        00:24 +436 -50: /home/alexc/Projects/CardMind/test/integration/user_journey_test.dart: User Journey Integration Tests Error Recovery Journey it_should_handle_network_error_gracefully                 
══╡ EXCEPTION CAUGHT BY FLUTTER TEST FRAMEWORK ╞════════════════════════════════════════════════════
The following assertion was thrown running a test:
A Timer is still pending even after the widget tree was disposed.
'package:flutter_test/src/binding.dart':
Failed assertion: line 1617 pos 12: '!timersPending'

When the exception was thrown, this was the stack:
#2      AutomatedTestWidgetsFlutterBinding._verifyInvariants (package:flutter_test/src/binding.dart:1617:12)
#3      TestWidgetsFlutterBinding._runTestBody (package:flutter_test/src/binding.dart:1078:7)
<asynchronous suspension>
<asynchronous suspension>
(elided 3 frames from class _AssertionError and package:stack_trace)

The test description was:
  it_should_handle_network_error_gracefully
════════════════════════════════════════════════════════════════════════════════════════════════════
00:24 +436 -51: /home/alexc/Projects/CardMind/test/integration/user_journey_test.dart: User Journey Integration Tests Error Recovery Journey it_should_handle_network_error_gracefully [E]             
  Test failed. See exception logs above.
  The test description was: it_should_handle_network_error_gracefully
  

To run this test again: /home/alexc/.asdf/installs/flutter/3.38.5-stable/bin/cache/dart-sdk/bin/dart test /home/alexc/Projects/CardMind/test/integration/user_journey_test.dart -p vm --plain-name 'User Journey Integration Tests Error Recovery Journey it_should_handle_network_error_gracefully'
00:24 +436 -51: /home/alexc/Projects/CardMind/test/screens/home_screen_adaptive_test.dart: HomeScreen Adaptive UI Responsive Layout Tests it_should_handle_orientation_change                          
#0      new FakeTimer._ (package:fake_async/fake_async.dart:342:62)
#1      FakeAsync._createTimer (package:fake_async/fake_async.dart:260:29)
#2      FakeAsync.run.<anonymous closure> (package:fake_async/fake_async.dart:185:15)
#6      _HomeScreenState.initState (package:cardmind/screens/home_screen.dart:60:12)
#7      StatefulElement._firstBuild (package:flutter/src/widgets/framework.dart:5953:55)
#8      ComponentElement.mount (package:flutter/src/widgets/framework.dart:5796:5)
...     Normal element mounting (7 frames)
#15     _InheritedProviderScopeElement.mount (package:provider/src/inherited_provider.dart:424:11)
...     Normal element mounting (7 frames)
#22     SingleChildWidgetElementMixin.mount (package:nested/nested.dart:222:11)
...     Normal element mounting (260 frames)
#282    Element.inflateWidget (package:flutter/src/widgets/framework.dart:4590:20)
#283    MultiChildRenderObjectElement.inflateWidget (package:flutter/src/widgets/framework.dart:7269:36)
#284    MultiChildRenderObjectElement.mount (package:flutter/src/widgets/framework.dart:7285:32)
...     Normal element mounting (465 frames)
#749    Element.inflateWidget (package:flutter/src/widgets/framework.dart:4590:20)
#750    Element.updateChild (package:flutter/src/widgets/framework.dart:4053:20)
#751    ComponentElement.performRebuild (package:flutter/src/widgets/framework.dart:5844:16)
#752    Element.rebuild (package:flutter/src/widgets/framework.dart:5532:7)
#753    ProxyElement.update (package:flutter/src/widgets/framework.dart:6152:5)
#754    _InheritedNotifierElement.update (package:flutter/src/widgets/inherited_notifier.dart:108:11)
#755    Element.updateChild (package:flutter/src/widgets/framework.dart:4037:15)
#756    ComponentElement.performRebuild (package:flutter/src/widgets/framework.dart:5844:16)
#757    StatefulElement.performRebuild (package:flutter/src/widgets/framework.dart:5985:11)
#758    Element.rebuild (package:flutter/src/widgets/framework.dart:5532:7)
#759    StatefulElement.update (package:flutter/src/widgets/framework.dart:6010:5)
#760    Element.updateChild (package:flutter/src/widgets/framework.dart:4037:15)
#761    ComponentElement.performRebuild (package:flutter/src/widgets/framework.dart:5844:16)
#762    Element.rebuild (package:flutter/src/widgets/framework.dart:5532:7)
#763    ProxyElement.update (package:flutter/src/widgets/framework.dart:6152:5)
#764    _InheritedNotifierElement.update (package:flutter/src/widgets/inherited_notifier.dart:108:11)
#765    Element.updateChild (package:flutter/src/widgets/framework.dart:4037:15)
#766    ComponentElement.performRebuild (package:flutter/src/widgets/framework.dart:5844:16)
#767    StatefulElement.performRebuild (package:flutter/src/widgets/framework.dart:5985:11)
#768    Element.rebuild (package:flutter/src/widgets/framework.dart:5532:7)
#769    StatefulElement.update (package:flutter/src/widgets/framework.dart:6010:5)
#770    Element.updateChild (package:flutter/src/widgets/framework.dart:4037:15)
#771    ComponentElement.performRebuild (package:flutter/src/widgets/framework.dart:5844:16)
#772    StatefulElement.performRebuild (package:flutter/src/widgets/framework.dart:5985:11)
#773    Element.rebuild (package:flutter/src/widgets/framework.dart:5532:7)
#774    StatefulElement.update (package:flutter/src/widgets/framework.dart:6010:5)
#775    Element.updateChild (package:flutter/src/widgets/framework.dart:4037:15)
#776    ComponentElement.performRebuild (package:flutter/src/widgets/framework.dart:5844:16)
#777    Element.rebuild (package:flutter/src/widgets/framework.dart:5532:7)
#778    ProxyElement.update (package:flutter/src/widgets/framework.dart:6152:5)
#779    Element.updateChild (package:flutter/src/widgets/framework.dart:4037:15)
#780    ComponentElement.performRebuild (package:flutter/src/widgets/framework.dart:5844:16)
#781    StatefulElement.performRebuild (package:flutter/src/widgets/framework.dart:5985:11)
#782    Element.rebuild (package:flutter/src/widgets/framework.dart:5532:7)
#783    StatefulElement.update (package:flutter/src/widgets/framework.dart:6010:5)
#784    Element.updateChild (package:flutter/src/widgets/framework.dart:4037:15)
#785    ComponentElement.performRebuild (package:flutter/src/widgets/framework.dart:5844:16)
#786    Element.rebuild (package:flutter/src/widgets/framework.dart:5532:7)
#787    ProxyElement.update (package:flutter/src/widgets/framework.dart:6152:5)
#788    Element.updateChild (package:flutter/src/widgets/framework.dart:4037:15)
#789    ComponentElement.performRebuild (package:flutter/src/widgets/framework.dart:5844:16)
#790    Element.rebuild (package:flutter/src/widgets/framework.dart:5532:7)
#791    ProxyElement.update (package:flutter/src/widgets/framework.dart:6152:5)
#792    Element.updateChild (package:flutter/src/widgets/framework.dart:4037:15)
#793    _RawViewElement._updateChild (package:flutter/src/widgets/view.dart:481:16)
#794    _RawViewElement.update (package:flutter/src/widgets/view.dart:568:5)
#795    Element.updateChild (package:flutter/src/widgets/framework.dart:4037:15)
#796    ComponentElement.performRebuild (package:flutter/src/widgets/framework.dart:5844:16)
#797    Element.rebuild (package:flutter/src/widgets/framework.dart:5532:7)
#798    StatelessElement.update (package:flutter/src/widgets/framework.dart:5898:5)
#799    Element.updateChild (package:flutter/src/widgets/framework.dart:4037:15)
#800    ComponentElement.performRebuild (package:flutter/src/widgets/framework.dart:5844:16)
#801    StatefulElement.performRebuild (package:flutter/src/widgets/framework.dart:5985:11)
#802    Element.rebuild (package:flutter/src/widgets/framework.dart:5532:7)
#803    StatefulElement.update (package:flutter/src/widgets/framework.dart:6010:5)
#804    Element.updateChild (package:flutter/src/widgets/framework.dart:4037:15)
#805    RootElement._rebuild (package:flutter/src/widgets/binding.dart:1782:16)
#806    RootElement.update (package:flutter/src/widgets/binding.dart:1760:5)
#807    RootElement.performRebuild (package:flutter/src/widgets/binding.dart:1774:7)
#808    Element.rebuild (package:flutter/src/widgets/framework.dart:5532:7)
#809    BuildScope._tryRebuild (package:flutter/src/widgets/framework.dart:2750:15)
#810    BuildScope._flushDirtyElements (package:flutter/src/widgets/framework.dart:2807:11)
#811    BuildOwner.buildScope (package:flutter/src/widgets/framework.dart:3111:18)
#812    AutomatedTestWidgetsFlutterBinding.drawFrame (package:flutter_test/src/binding.dart:1506:19)
#813    RendererBinding._handlePersistentFrameCallback (package:flutter/src/rendering/binding.dart:495:5)
#814    SchedulerBinding._invokeFrameCallback (package:flutter/src/scheduler/binding.dart:1434:15)
#815    SchedulerBinding.handleDrawFrame (package:flutter/src/scheduler/binding.dart:1347:9)
#816    AutomatedTestWidgetsFlutterBinding.pump.<anonymous closure> (package:flutter_test/src/binding.dart:1335:9)
#819    TestAsyncUtils.guard (package:flutter_test/src/test_async_utils.dart:74:41)
#820    AutomatedTestWidgetsFlutterBinding.pump (package:flutter_test/src/binding.dart:1324:27)
#821    WidgetTester.pumpWidget.<anonymous closure> (package:flutter_test/src/widget_tester.dart:598:22)
#824    TestAsyncUtils.guard (package:flutter_test/src/test_async_utils.dart:74:41)
#825    WidgetTester.pumpWidget (package:flutter_test/src/widget_tester.dart:595:27)
#826    main.<anonymous closure>.<anonymous closure>.<anonymous closure> (file:///home/alexc/Projects/CardMind/test/screens/home_screen_adaptive_test.dart:340:22)
#827    testWidgets.<anonymous closure>.<anonymous closure> (package:flutter_test/src/widget_tester.dart:192:29)
<asynchronous suspension>
#828    TestWidgetsFlutterBinding._runTestBody (package:flutter_test/src/binding.dart:1059:5)
<asynchronous suspension>
<asynchronous suspension>
(elided 8 frames from dart:async and package:stack_trace)

══╡ EXCEPTION CAUGHT BY FLUTTER TEST FRAMEWORK ╞════════════════════════════════════════════════════
The following assertion was thrown running a test:
A Timer is still pending even after the widget tree was disposed.
'package:flutter_test/src/binding.dart':
Failed assertion: line 1617 pos 12: '!timersPending'

When the exception was thrown, this was the stack:
#2      AutomatedTestWidgetsFlutterBinding._verifyInvariants (package:flutter_test/src/binding.dart:1617:12)
#3      TestWidgetsFlutterBinding._runTestBody (package:flutter_test/src/binding.dart:1078:7)
<asynchronous suspension>
<asynchronous suspension>
(elided 3 frames from class _AssertionError and package:stack_trace)

The test description was:
  it_should_handle_orientation_change
════════════════════════════════════════════════════════════════════════════════════════════════════
00:24 +436 -52: /home/alexc/Projects/CardMind/test/screens/home_screen_adaptive_test.dart: HomeScreen Adaptive UI Responsive Layout Tests it_should_handle_orientation_change [E]                      
  Test failed. See exception logs above.
  The test description was: it_should_handle_orientation_change
  

To run this test again: /home/alexc/.asdf/installs/flutter/3.38.5-stable/bin/cache/dart-sdk/bin/dart test /home/alexc/Projects/CardMind/test/screens/home_screen_adaptive_test.dart -p vm --plain-name 'HomeScreen Adaptive UI Responsive Layout Tests it_should_handle_orientation_change'
00:24 +436 -52: /home/alexc/Projects/CardMind/test/specs/device_manager_ui_spec_test.dart: SP-UI-003: Device Manager UI Performance Tests it_should_handle_large_device_list_efficiently               
══╡ EXCEPTION CAUGHT BY FLUTTER TEST FRAMEWORK ╞════════════════════════════════════════════════════
The following TestFailure was thrown running a test:
Expected: null
  Actual: FlutterError:<A RenderFlex overflowed by 3766 pixels on the bottom.>

When the exception was thrown, this was the stack:
#4      main.<anonymous closure>.<anonymous closure>.<anonymous closure> (file:///home/alexc/Projects/CardMind/test/specs/device_manager_ui_spec_test.dart:742:9)
<asynchronous suspension>
#5      testWidgets.<anonymous closure>.<anonymous closure> (package:flutter_test/src/widget_tester.dart:192:15)
<asynchronous suspension>
#6      TestWidgetsFlutterBinding._runTestBody (package:flutter_test/src/binding.dart:1059:5)
<asynchronous suspension>
<asynchronous suspension>
(elided one frame from package:stack_trace)

This was caught by the test expectation on the following line:
  file:///home/alexc/Projects/CardMind/test/specs/device_manager_ui_spec_test.dart line 742
The test description was:
  it_should_handle_large_device_list_efficiently
════════════════════════════════════════════════════════════════════════════════════════════════════
00:24 +436 -53: /home/alexc/Projects/CardMind/test/specs/device_manager_ui_spec_test.dart: SP-UI-003: Device Manager UI Performance Tests it_should_handle_large_device_list_efficiently [E]           
  Test failed. See exception logs above.
  The test description was: it_should_handle_large_device_list_efficiently
  

To run this test again: /home/alexc/.asdf/installs/flutter/3.38.5-stable/bin/cache/dart-sdk/bin/dart test /home/alexc/Projects/CardMind/test/specs/device_manager_ui_spec_test.dart -p vm --plain-name 'SP-UI-003: Device Manager UI Performance Tests it_should_handle_large_device_list_efficiently'
00:24 +437 -53: /home/alexc/Projects/CardMind/test/specs/home_screen_spec_test.dart: SP-FLUT-008: Home Screen Sync Status Display it_should_show_syncing_indicator_when_syncing                        00:24 +437 -53: /home/alexc/Projects/CardMind/test/specs/home_screen_ui_spec_test.dart: SP-UI-005: Home Screen UI Empty State Tests it_should_create_card_when_empty_state_button_tapped               
[SUCCESS] 创建新笔记
00:24 +438 -53: /home/alexc/Projects/CardMind/test/specs/home_screen_spec_test.dart: SP-FLUT-008: Home Screen Sync Status Display it_should_show_syncing_indicator_when_syncing                        00:24 +438 -53: /home/alexc/Projects/CardMind/test/integration/user_journey_test.dart: User Journey Integration Tests Error Recovery Journey it_should_retry_failed_operations                         
Pending timers:
Timer (duration: 0:00:00.500000, periodic: false), created:
00:24 +438 -53: /home/alexc/Projects/CardMind/test/screens/home_screen_adaptive_test.dart: HomeScreen Adaptive UI Responsive Layout Tests it_should_handle_very_small_screen                           
Pending timers:
Timer (duration: 0:00:00.500000, periodic: false), created:
00:24 +438 -53: /home/alexc/Projects/CardMind/test/integration/user_journey_test.dart: User Journey Integration Tests Error Recovery Journey it_should_retry_failed_operations                         
#0      new FakeTimer._ (package:fake_async/fake_async.dart:342:62)
#1      FakeAsync._createTimer (package:fake_async/fake_async.dart:260:29)
#2      FakeAsync.run.<anonymous closure> (package:fake_async/fake_async.dart:185:15)
#6      _HomeScreenState.initState (package:cardmind/screens/home_screen.dart:60:12)
#7      StatefulElement._firstBuild (package:flutter/src/widgets/framework.dart:5953:55)
#8      ComponentElement.mount (package:flutter/src/widgets/framework.dart:5796:5)
...     Normal element mounting (260 frames)
#268    Element.inflateWidget (package:flutter/src/widgets/framework.dart:4590:20)
#269    MultiChildRenderObjectElement.inflateWidget (package:flutter/src/widgets/framework.dart:7269:36)
#270    MultiChildRenderObjectElement.mount (package:flutter/src/widgets/framework.dart:7285:32)
...     Normal element mounting (471 frames)
#741    _InheritedProviderScopeElement.mount (package:provider/src/inherited_provider.dart:424:11)
...     Normal element mounting (7 frames)
#748    _InheritedProviderScopeElement.mount (package:provider/src/inherited_provider.dart:424:11)
...     Normal element mounting (7 frames)
#755    SingleChildWidgetElementMixin.mount (package:nested/nested.dart:222:11)
...     Normal element mounting (7 frames)
#762    _NestedHookElement.mount (package:nested/nested.dart:187:11)
...     Normal element mounting (7 frames)
#769    SingleChildWidgetElementMixin.mount (package:nested/nested.dart:222:11)
...     Normal element mounting (7 frames)
#776    Element.inflateWidget (package:flutter/src/widgets/framework.dart:4590:20)
#777    Element.updateChild (package:flutter/src/widgets/framework.dart:4053:20)
#778    ComponentElement.performRebuild (package:flutter/src/widgets/framework.dart:5844:16)
#779    Element.rebuild (package:flutter/src/widgets/framework.dart:5532:7)
#780    ProxyElement.update (package:flutter/src/widgets/framework.dart:6152:5)
#781    _InheritedNotifierElement.update (package:flutter/src/widgets/inherited_notifier.dart:108:11)
#782    Element.updateChild (package:flutter/src/widgets/framework.dart:4037:15)
#783    ComponentElement.performRebuild (package:flutter/src/widgets/framework.dart:5844:16)
#784    StatefulElement.performRebuild (package:flutter/src/widgets/framework.dart:5985:11)
#785    Element.rebuild (package:flutter/src/widgets/framework.dart:5532:7)
#786    StatefulElement.update (package:flutter/src/widgets/framework.dart:6010:5)
#787    Element.updateChild (package:flutter/src/widgets/framework.dart:4037:15)
#788    ComponentElement.performRebuild (package:flutter/src/widgets/framework.dart:5844:16)
#789    Element.rebuild (package:flutter/src/widgets/framework.dart:5532:7)
#790    ProxyElement.update (package:flutter/src/widgets/framework.dart:6152:5)
#791    _InheritedNotifierElement.update (package:flutter/src/widgets/inherited_notifier.dart:108:11)
#792    Element.updateChild (package:flutter/src/widgets/framework.dart:4037:15)
#793    ComponentElement.performRebuild (package:flutter/src/widgets/framework.dart:5844:16)
#794    StatefulElement.performRebuild (package:flutter/src/widgets/framework.dart:5985:11)
#795    Element.rebuild (package:flutter/src/widgets/framework.dart:5532:7)
#796    StatefulElement.update (package:flutter/src/widgets/framework.dart:6010:5)
#797    Element.updateChild (package:flutter/src/widgets/framework.dart:4037:15)
#798    ComponentElement.performRebuild (package:flutter/src/widgets/framework.dart:5844:16)
#799    StatefulElement.performRebuild (package:flutter/src/widgets/framework.dart:5985:11)
#800    Element.rebuild (package:flutter/src/widgets/framework.dart:5532:7)
#801    StatefulElement.update (package:flutter/src/widgets/framework.dart:6010:5)
#802    Element.updateChild (package:flutter/src/widgets/framework.dart:4037:15)
#803    ComponentElement.performRebuild (package:flutter/src/widgets/framework.dart:5844:16)
#804    Element.rebuild (package:flutter/src/widgets/framework.dart:5532:7)
#805    ProxyElement.update (package:flutter/src/widgets/framework.dart:6152:5)
#806    Element.updateChild (package:flutter/src/widgets/framework.dart:4037:15)
#807    ComponentElement.performRebuild (package:flutter/src/widgets/framework.dart:5844:16)
#808    StatefulElement.performRebuild (package:flutter/src/widgets/framework.dart:5985:11)
#809    Element.rebuild (package:flutter/src/widgets/framework.dart:5532:7)
#810    StatefulElement.update (package:flutter/src/widgets/framework.dart:6010:5)
#811    Element.updateChild (package:flutter/src/widgets/framework.dart:4037:15)
#812    ComponentElement.performRebuild (package:flutter/src/widgets/framework.dart:5844:16)
#813    Element.rebuild (package:flutter/src/widgets/framework.dart:5532:7)
#814    ProxyElement.update (package:flutter/src/widgets/framework.dart:6152:5)
#815    Element.updateChild (package:flutter/src/widgets/framework.dart:4037:15)
#816    ComponentElement.performRebuild (package:flutter/src/widgets/framework.dart:5844:16)
#817    Element.rebuild (package:flutter/src/widgets/framework.dart:5532:7)
#818    ProxyElement.update (package:flutter/src/widgets/framework.dart:6152:5)
#819    Element.updateChild (package:flutter/src/widgets/framework.dart:4037:15)
#820    _RawViewElement._updateChild (package:flutter/src/widgets/view.dart:481:16)
#821    _RawViewElement.update (package:flutter/src/widgets/view.dart:568:5)
#822    Element.updateChild (package:flutter/src/widgets/framework.dart:4037:15)
#823    ComponentElement.performRebuild (package:flutter/src/widgets/framework.dart:5844:16)
#824    Element.rebuild (package:flutter/src/widgets/framework.dart:5532:7)
#825    StatelessElement.update (package:flutter/src/widgets/framework.dart:5898:5)
#826    Element.updateChild (package:flutter/src/widgets/framework.dart:4037:15)
#827    ComponentElement.performRebuild (package:flutter/src/widgets/framework.dart:5844:16)
#828    StatefulElement.performRebuild (package:flutter/src/widgets/framework.dart:5985:11)
#829    Element.rebuild (package:flutter/src/widgets/framework.dart:5532:7)
#830    StatefulElement.update (package:flutter/src/widgets/framework.dart:6010:5)
#831    Element.updateChild (package:flutter/src/widgets/framework.dart:4037:15)
#832    RootElement._rebuild (package:flutter/src/widgets/binding.dart:1782:16)
#833    RootElement.update (package:flutter/src/widgets/binding.dart:1760:5)
#834    RootElement.performRebuild (package:flutter/src/widgets/binding.dart:1774:7)
#835    Element.rebuild (package:flutter/src/widgets/framework.dart:5532:7)
#836    BuildScope._tryRebuild (package:flutter/src/widgets/framework.dart:2750:15)
#837    BuildScope._flushDirtyElements (package:flutter/src/widgets/framework.dart:2807:11)
#838    BuildOwner.buildScope (package:flutter/src/widgets/framework.dart:3111:18)
#839    AutomatedTestWidgetsFlutterBinding.drawFrame (package:flutter_test/src/binding.dart:1506:19)
#840    RendererBinding._handlePersistentFrameCallback (package:flutter/src/rendering/binding.dart:495:5)
#841    SchedulerBinding._invokeFrameCallback (package:flutter/src/scheduler/binding.dart:1434:15)
#842    SchedulerBinding.handleDrawFrame (package:flutter/src/scheduler/binding.dart:1347:9)
#843    AutomatedTestWidgetsFlutterBinding.pump.<anonymous closure> (package:flutter_test/src/binding.dart:1335:9)
#846    TestAsyncUtils.guard (package:flutter_test/src/test_async_utils.dart:74:41)
#847    AutomatedTestWidgetsFlutterBinding.pump (package:flutter_test/src/binding.dart:1324:27)
#848    WidgetTester.pumpWidget.<anonymous closure> (package:flutter_test/src/widget_tester.dart:598:22)
#851    TestAsyncUtils.guard (package:flutter_test/src/test_async_utils.dart:74:41)
#852    WidgetTester.pumpWidget (package:flutter_test/src/widget_tester.dart:595:27)
#853    main.<anonymous closure>.<anonymous closure>.<anonymous closure> (file:///home/alexc/Projects/CardMind/test/integration/user_journey_test.dart:228:22)
#854    testWidgets.<anonymous closure>.<anonymous closure> (package:flutter_test/src/widget_tester.dart:192:29)
<asynchronous suspension>
#855    TestWidgetsFlutterBinding._runTestBody (package:flutter_test/src/binding.dart:1059:5)
<asynchronous suspension>
<asynchronous suspension>
(elided 8 frames from dart:async and package:stack_trace)

══╡ EXCEPTION CAUGHT BY FLUTTER TEST FRAMEWORK ╞════════════════════════════════════════════════════
The following assertion was thrown running a test:
A Timer is still pending even after the widget tree was disposed.
'package:flutter_test/src/binding.dart':
Failed assertion: line 1617 pos 12: '!timersPending'

When the exception was thrown, this was the stack:
#2      AutomatedTestWidgetsFlutterBinding._verifyInvariants (package:flutter_test/src/binding.dart:1617:12)
#3      TestWidgetsFlutterBinding._runTestBody (package:flutter_test/src/binding.dart:1078:7)
<asynchronous suspension>
<asynchronous suspension>
(elided 3 frames from class _AssertionError and package:stack_trace)

The test description was:
  it_should_retry_failed_operations
════════════════════════════════════════════════════════════════════════════════════════════════════
00:24 +438 -54: /home/alexc/Projects/CardMind/test/integration/user_journey_test.dart: User Journey Integration Tests Error Recovery Journey it_should_retry_failed_operations [E]                     
  Test failed. See exception logs above.
  The test description was: it_should_retry_failed_operations
  

To run this test again: /home/alexc/.asdf/installs/flutter/3.38.5-stable/bin/cache/dart-sdk/bin/dart test /home/alexc/Projects/CardMind/test/integration/user_journey_test.dart -p vm --plain-name 'User Journey Integration Tests Error Recovery Journey it_should_retry_failed_operations'
00:24 +438 -54: /home/alexc/Projects/CardMind/test/screens/home_screen_adaptive_test.dart: HomeScreen Adaptive UI Responsive Layout Tests it_should_handle_very_small_screen                           
#0      new FakeTimer._ (package:fake_async/fake_async.dart:342:62)
#1      FakeAsync._createTimer (package:fake_async/fake_async.dart:260:29)
#2      FakeAsync.run.<anonymous closure> (package:fake_async/fake_async.dart:185:15)
#6      _HomeScreenState.initState (package:cardmind/screens/home_screen.dart:60:12)
#7      StatefulElement._firstBuild (package:flutter/src/widgets/framework.dart:5953:55)
#8      ComponentElement.mount (package:flutter/src/widgets/framework.dart:5796:5)
...     Normal element mounting (7 frames)
#15     _InheritedProviderScopeElement.mount (package:provider/src/inherited_provider.dart:424:11)
...     Normal element mounting (7 frames)
#22     SingleChildWidgetElementMixin.mount (package:nested/nested.dart:222:11)
...     Normal element mounting (260 frames)
#282    Element.inflateWidget (package:flutter/src/widgets/framework.dart:4590:20)
#283    MultiChildRenderObjectElement.inflateWidget (package:flutter/src/widgets/framework.dart:7269:36)
#284    MultiChildRenderObjectElement.mount (package:flutter/src/widgets/framework.dart:7285:32)
...     Normal element mounting (465 frames)
#749    Element.inflateWidget (package:flutter/src/widgets/framework.dart:4590:20)
#750    Element.updateChild (package:flutter/src/widgets/framework.dart:4053:20)
#751    ComponentElement.performRebuild (package:flutter/src/widgets/framework.dart:5844:16)
#752    Element.rebuild (package:flutter/src/widgets/framework.dart:5532:7)
#753    ProxyElement.update (package:flutter/src/widgets/framework.dart:6152:5)
#754    _InheritedNotifierElement.update (package:flutter/src/widgets/inherited_notifier.dart:108:11)
#755    Element.updateChild (package:flutter/src/widgets/framework.dart:4037:15)
#756    ComponentElement.performRebuild (package:flutter/src/widgets/framework.dart:5844:16)
#757    StatefulElement.performRebuild (package:flutter/src/widgets/framework.dart:5985:11)
#758    Element.rebuild (package:flutter/src/widgets/framework.dart:5532:7)
#759    StatefulElement.update (package:flutter/src/widgets/framework.dart:6010:5)
#760    Element.updateChild (package:flutter/src/widgets/framework.dart:4037:15)
#761    ComponentElement.performRebuild (package:flutter/src/widgets/framework.dart:5844:16)
#762    Element.rebuild (package:flutter/src/widgets/framework.dart:5532:7)
#763    ProxyElement.update (package:flutter/src/widgets/framework.dart:6152:5)
#764    _InheritedNotifierElement.update (package:flutter/src/widgets/inherited_notifier.dart:108:11)
#765    Element.updateChild (package:flutter/src/widgets/framework.dart:4037:15)
#766    ComponentElement.performRebuild (package:flutter/src/widgets/framework.dart:5844:16)
#767    StatefulElement.performRebuild (package:flutter/src/widgets/framework.dart:5985:11)
#768    Element.rebuild (package:flutter/src/widgets/framework.dart:5532:7)
#769    StatefulElement.update (package:flutter/src/widgets/framework.dart:6010:5)
#770    Element.updateChild (package:flutter/src/widgets/framework.dart:4037:15)
#771    ComponentElement.performRebuild (package:flutter/src/widgets/framework.dart:5844:16)
#772    StatefulElement.performRebuild (package:flutter/src/widgets/framework.dart:5985:11)
#773    Element.rebuild (package:flutter/src/widgets/framework.dart:5532:7)
#774    StatefulElement.update (package:flutter/src/widgets/framework.dart:6010:5)
#775    Element.updateChild (package:flutter/src/widgets/framework.dart:4037:15)
#776    ComponentElement.performRebuild (package:flutter/src/widgets/framework.dart:5844:16)
#777    Element.rebuild (package:flutter/src/widgets/framework.dart:5532:7)
#778    ProxyElement.update (package:flutter/src/widgets/framework.dart:6152:5)
#779    Element.updateChild (package:flutter/src/widgets/framework.dart:4037:15)
#780    ComponentElement.performRebuild (package:flutter/src/widgets/framework.dart:5844:16)
#781    StatefulElement.performRebuild (package:flutter/src/widgets/framework.dart:5985:11)
#782    Element.rebuild (package:flutter/src/widgets/framework.dart:5532:7)
#783    StatefulElement.update (package:flutter/src/widgets/framework.dart:6010:5)
#784    Element.updateChild (package:flutter/src/widgets/framework.dart:4037:15)
#785    ComponentElement.performRebuild (package:flutter/src/widgets/framework.dart:5844:16)
#786    Element.rebuild (package:flutter/src/widgets/framework.dart:5532:7)
#787    ProxyElement.update (package:flutter/src/widgets/framework.dart:6152:5)
#788    Element.updateChild (package:flutter/src/widgets/framework.dart:4037:15)
#789    ComponentElement.performRebuild (package:flutter/src/widgets/framework.dart:5844:16)
#790    Element.rebuild (package:flutter/src/widgets/framework.dart:5532:7)
#791    ProxyElement.update (package:flutter/src/widgets/framework.dart:6152:5)
#792    Element.updateChild (package:flutter/src/widgets/framework.dart:4037:15)
#793    _RawViewElement._updateChild (package:flutter/src/widgets/view.dart:481:16)
#794    _RawViewElement.update (package:flutter/src/widgets/view.dart:568:5)
#795    Element.updateChild (package:flutter/src/widgets/framework.dart:4037:15)
#796    ComponentElement.performRebuild (package:flutter/src/widgets/framework.dart:5844:16)
#797    Element.rebuild (package:flutter/src/widgets/framework.dart:5532:7)
#798    StatelessElement.update (package:flutter/src/widgets/framework.dart:5898:5)
#799    Element.updateChild (package:flutter/src/widgets/framework.dart:4037:15)
#800    ComponentElement.performRebuild (package:flutter/src/widgets/framework.dart:5844:16)
#801    StatefulElement.performRebuild (package:flutter/src/widgets/framework.dart:5985:11)
#802    Element.rebuild (package:flutter/src/widgets/framework.dart:5532:7)
#803    StatefulElement.update (package:flutter/src/widgets/framework.dart:6010:5)
#804    Element.updateChild (package:flutter/src/widgets/framework.dart:4037:15)
#805    RootElement._rebuild (package:flutter/src/widgets/binding.dart:1782:16)
#806    RootElement.update (package:flutter/src/widgets/binding.dart:1760:5)
#807    RootElement.performRebuild (package:flutter/src/widgets/binding.dart:1774:7)
#808    Element.rebuild (package:flutter/src/widgets/framework.dart:5532:7)
#809    BuildScope._tryRebuild (package:flutter/src/widgets/framework.dart:2750:15)
#810    BuildScope._flushDirtyElements (package:flutter/src/widgets/framework.dart:2807:11)
#811    BuildOwner.buildScope (package:flutter/src/widgets/framework.dart:3111:18)
#812    AutomatedTestWidgetsFlutterBinding.drawFrame (package:flutter_test/src/binding.dart:1506:19)
#813    RendererBinding._handlePersistentFrameCallback (package:flutter/src/rendering/binding.dart:495:5)
#814    SchedulerBinding._invokeFrameCallback (package:flutter/src/scheduler/binding.dart:1434:15)
#815    SchedulerBinding.handleDrawFrame (package:flutter/src/scheduler/binding.dart:1347:9)
#816    AutomatedTestWidgetsFlutterBinding.pump.<anonymous closure> (package:flutter_test/src/binding.dart:1335:9)
#819    TestAsyncUtils.guard (package:flutter_test/src/test_async_utils.dart:74:41)
#820    AutomatedTestWidgetsFlutterBinding.pump (package:flutter_test/src/binding.dart:1324:27)
#821    WidgetTester.pumpWidget.<anonymous closure> (package:flutter_test/src/widget_tester.dart:598:22)
#824    TestAsyncUtils.guard (package:flutter_test/src/test_async_utils.dart:74:41)
#825    WidgetTester.pumpWidget (package:flutter_test/src/widget_tester.dart:595:27)
#826    main.<anonymous closure>.<anonymous closure>.<anonymous closure> (file:///home/alexc/Projects/CardMind/test/screens/home_screen_adaptive_test.dart:369:22)
#827    testWidgets.<anonymous closure>.<anonymous closure> (package:flutter_test/src/widget_tester.dart:192:29)
<asynchronous suspension>
#828    TestWidgetsFlutterBinding._runTestBody (package:flutter_test/src/binding.dart:1059:5)
<asynchronous suspension>
<asynchronous suspension>
(elided 8 frames from dart:async and package:stack_trace)

══╡ EXCEPTION CAUGHT BY FLUTTER TEST FRAMEWORK ╞════════════════════════════════════════════════════
The following assertion was thrown running a test:
A Timer is still pending even after the widget tree was disposed.
'package:flutter_test/src/binding.dart':
Failed assertion: line 1617 pos 12: '!timersPending'

When the exception was thrown, this was the stack:
#2      AutomatedTestWidgetsFlutterBinding._verifyInvariants (package:flutter_test/src/binding.dart:1617:12)
#3      TestWidgetsFlutterBinding._runTestBody (package:flutter_test/src/binding.dart:1078:7)
<asynchronous suspension>
<asynchronous suspension>
(elided 3 frames from class _AssertionError and package:stack_trace)

The test description was:
  it_should_handle_very_small_screen
════════════════════════════════════════════════════════════════════════════════════════════════════
00:24 +438 -55: /home/alexc/Projects/CardMind/test/screens/home_screen_adaptive_test.dart: HomeScreen Adaptive UI Responsive Layout Tests it_should_handle_very_small_screen [E]                       
  Test failed. See exception logs above.
  The test description was: it_should_handle_very_small_screen
  

To run this test again: /home/alexc/.asdf/installs/flutter/3.38.5-stable/bin/cache/dart-sdk/bin/dart test /home/alexc/Projects/CardMind/test/screens/home_screen_adaptive_test.dart -p vm --plain-name 'HomeScreen Adaptive UI Responsive Layout Tests it_should_handle_very_small_screen'
00:24 +439 -55: /home/alexc/Projects/CardMind/test/specs/home_screen_spec_test.dart: SP-FLUT-008: Home Screen Sync Status Display it_should_show_syncing_indicator_when_syncing                        00:24 +439 -55: /home/alexc/Projects/CardMind/test/integration/home_screen_flow_test.dart: HomeScreen Integration Tests - Note CRUD Flow should display created notes                                  
Pending timers:
Timer (duration: 0:00:00.500000, periodic: false), created:
#0      new FakeTimer._ (package:fake_async/fake_async.dart:342:62)
#1      FakeAsync._createTimer (package:fake_async/fake_async.dart:260:29)
#2      FakeAsync.run.<anonymous closure> (package:fake_async/fake_async.dart:185:15)
#6      _HomeScreenState.initState (package:cardmind/screens/home_screen.dart:60:12)
#7      StatefulElement._firstBuild (package:flutter/src/widgets/framework.dart:5953:55)
#8      ComponentElement.mount (package:flutter/src/widgets/framework.dart:5796:5)
...     Normal element mounting (7 frames)
#15     _InheritedProviderScopeElement.mount (package:provider/src/inherited_provider.dart:424:11)
...     Normal element mounting (7 frames)
#22     SingleChildWidgetElementMixin.mount (package:nested/nested.dart:222:11)
...     Normal element mounting (260 frames)
#282    Element.inflateWidget (package:flutter/src/widgets/framework.dart:4590:20)
#283    MultiChildRenderObjectElement.inflateWidget (package:flutter/src/widgets/framework.dart:7269:36)
#284    MultiChildRenderObjectElement.mount (package:flutter/src/widgets/framework.dart:7285:32)
...     Normal element mounting (465 frames)
#749    Element.inflateWidget (package:flutter/src/widgets/framework.dart:4590:20)
#750    Element.updateChild (package:flutter/src/widgets/framework.dart:4053:20)
#751    ComponentElement.performRebuild (package:flutter/src/widgets/framework.dart:5844:16)
#752    Element.rebuild (package:flutter/src/widgets/framework.dart:5532:7)
#753    ProxyElement.update (package:flutter/src/widgets/framework.dart:6152:5)
#754    _InheritedNotifierElement.update (package:flutter/src/widgets/inherited_notifier.dart:108:11)
#755    Element.updateChild (package:flutter/src/widgets/framework.dart:4037:15)
#756    ComponentElement.performRebuild (package:flutter/src/widgets/framework.dart:5844:16)
#757    StatefulElement.performRebuild (package:flutter/src/widgets/framework.dart:5985:11)
#758    Element.rebuild (package:flutter/src/widgets/framework.dart:5532:7)
#759    StatefulElement.update (package:flutter/src/widgets/framework.dart:6010:5)
#760    Element.updateChild (package:flutter/src/widgets/framework.dart:4037:15)
#761    ComponentElement.performRebuild (package:flutter/src/widgets/framework.dart:5844:16)
#762    Element.rebuild (package:flutter/src/widgets/framework.dart:5532:7)
#763    ProxyElement.update (package:flutter/src/widgets/framework.dart:6152:5)
#764    _InheritedNotifierElement.update (package:flutter/src/widgets/inherited_notifier.dart:108:11)
#765    Element.updateChild (package:flutter/src/widgets/framework.dart:4037:15)
#766    ComponentElement.performRebuild (package:flutter/src/widgets/framework.dart:5844:16)
#767    StatefulElement.performRebuild (package:flutter/src/widgets/framework.dart:5985:11)
#768    Element.rebuild (package:flutter/src/widgets/framework.dart:5532:7)
#769    StatefulElement.update (package:flutter/src/widgets/framework.dart:6010:5)
#770    Element.updateChild (package:flutter/src/widgets/framework.dart:4037:15)
#771    ComponentElement.performRebuild (package:flutter/src/widgets/framework.dart:5844:16)
#772    StatefulElement.performRebuild (package:flutter/src/widgets/framework.dart:5985:11)
#773    Element.rebuild (package:flutter/src/widgets/framework.dart:5532:7)
#774    StatefulElement.update (package:flutter/src/widgets/framework.dart:6010:5)
#775    Element.updateChild (package:flutter/src/widgets/framework.dart:4037:15)
#776    ComponentElement.performRebuild (package:flutter/src/widgets/framework.dart:5844:16)
#777    Element.rebuild (package:flutter/src/widgets/framework.dart:5532:7)
#778    ProxyElement.update (package:flutter/src/widgets/framework.dart:6152:5)
#779    Element.updateChild (package:flutter/src/widgets/framework.dart:4037:15)
#780    ComponentElement.performRebuild (package:flutter/src/widgets/framework.dart:5844:16)
#781    StatefulElement.performRebuild (package:flutter/src/widgets/framework.dart:5985:11)
#782    Element.rebuild (package:flutter/src/widgets/framework.dart:5532:7)
#783    StatefulElement.update (package:flutter/src/widgets/framework.dart:6010:5)
#784    Element.updateChild (package:flutter/src/widgets/framework.dart:4037:15)
#785    ComponentElement.performRebuild (package:flutter/src/widgets/framework.dart:5844:16)
#786    Element.rebuild (package:flutter/src/widgets/framework.dart:5532:7)
#787    ProxyElement.update (package:flutter/src/widgets/framework.dart:6152:5)
#788    Element.updateChild (package:flutter/src/widgets/framework.dart:4037:15)
#789    ComponentElement.performRebuild (package:flutter/src/widgets/framework.dart:5844:16)
#790    Element.rebuild (package:flutter/src/widgets/framework.dart:5532:7)
#791    ProxyElement.update (package:flutter/src/widgets/framework.dart:6152:5)
#792    Element.updateChild (package:flutter/src/widgets/framework.dart:4037:15)
#793    _RawViewElement._updateChild (package:flutter/src/widgets/view.dart:481:16)
#794    _RawViewElement.update (package:flutter/src/widgets/view.dart:568:5)
#795    Element.updateChild (package:flutter/src/widgets/framework.dart:4037:15)
#796    ComponentElement.performRebuild (package:flutter/src/widgets/framework.dart:5844:16)
#797    Element.rebuild (package:flutter/src/widgets/framework.dart:5532:7)
#798    StatelessElement.update (package:flutter/src/widgets/framework.dart:5898:5)
#799    Element.updateChild (package:flutter/src/widgets/framework.dart:4037:15)
#800    ComponentElement.performRebuild (package:flutter/src/widgets/framework.dart:5844:16)
#801    StatefulElement.performRebuild (package:flutter/src/widgets/framework.dart:5985:11)
#802    Element.rebuild (package:flutter/src/widgets/framework.dart:5532:7)
#803    StatefulElement.update (package:flutter/src/widgets/framework.dart:6010:5)
#804    Element.updateChild (package:flutter/src/widgets/framework.dart:4037:15)
#805    RootElement._rebuild (package:flutter/src/widgets/binding.dart:1782:16)
#806    RootElement.update (package:flutter/src/widgets/binding.dart:1760:5)
#807    RootElement.performRebuild (package:flutter/src/widgets/binding.dart:1774:7)
#808    Element.rebuild (package:flutter/src/widgets/framework.dart:5532:7)
#809    BuildScope._tryRebuild (package:flutter/src/widgets/framework.dart:2750:15)
#810    BuildScope._flushDirtyElements (package:flutter/src/widgets/framework.dart:2807:11)
#811    BuildOwner.buildScope (package:flutter/src/widgets/framework.dart:3111:18)
#812    AutomatedTestWidgetsFlutterBinding.drawFrame (package:flutter_test/src/binding.dart:1506:19)
#813    RendererBinding._handlePersistentFrameCallback (package:flutter/src/rendering/binding.dart:495:5)
#814    SchedulerBinding._invokeFrameCallback (package:flutter/src/scheduler/binding.dart:1434:15)
#815    SchedulerBinding.handleDrawFrame (package:flutter/src/scheduler/binding.dart:1347:9)
#816    AutomatedTestWidgetsFlutterBinding.pump.<anonymous closure> (package:flutter_test/src/binding.dart:1335:9)
#819    TestAsyncUtils.guard (package:flutter_test/src/test_async_utils.dart:74:41)
#820    AutomatedTestWidgetsFlutterBinding.pump (package:flutter_test/src/binding.dart:1324:27)
#821    WidgetTester.pumpWidget.<anonymous closure> (package:flutter_test/src/widget_tester.dart:598:22)
#824    TestAsyncUtils.guard (package:flutter_test/src/test_async_utils.dart:74:41)
#825    WidgetTester.pumpWidget (package:flutter_test/src/widget_tester.dart:595:27)
#826    main.<anonymous closure>.<anonymous closure> (file:///home/alexc/Projects/CardMind/test/integration/home_screen_flow_test.dart:137:20)
<asynchronous suspension>
#827    testWidgets.<anonymous closure>.<anonymous closure> (package:flutter_test/src/widget_tester.dart:192:15)
<asynchronous suspension>
#828    TestWidgetsFlutterBinding._runTestBody (package:flutter_test/src/binding.dart:1059:5)
<asynchronous suspension>
<asynchronous suspension>
(elided 8 frames from dart:async and package:stack_trace)

00:24 +440 -55: /home/alexc/Projects/CardMind/test/specs/home_screen_spec_test.dart: SP-FLUT-008: Home Screen Sync Status Display it_should_show_syncing_indicator_when_syncing                        00:25 +440 -55: /home/alexc/Projects/CardMind/test/specs/home_screen_spec_test.dart: SP-FLUT-008: Home Screen Sync Status Display it_should_show_syncing_indicator_when_syncing                        00:25 +440 -55: /home/alexc/Projects/CardMind/test/integration/home_screen_flow_test.dart: HomeScreen Integration Tests - Note CRUD Flow should display created notes                                  
══╡ EXCEPTION CAUGHT BY FLUTTER TEST FRAMEWORK ╞════════════════════════════════════════════════════
The following assertion was thrown running a test:
A Timer is still pending even after the widget tree was disposed.
'package:flutter_test/src/binding.dart':
Failed assertion: line 1617 pos 12: '!timersPending'

When the exception was thrown, this was the stack:
#2      AutomatedTestWidgetsFlutterBinding._verifyInvariants (package:flutter_test/src/binding.dart:1617:12)
#3      TestWidgetsFlutterBinding._runTestBody (package:flutter_test/src/binding.dart:1078:7)
<asynchronous suspension>
<asynchronous suspension>
(elided 3 frames from class _AssertionError and package:stack_trace)

The test description was:
  should display created notes
════════════════════════════════════════════════════════════════════════════════════════════════════
00:25 +440 -56: /home/alexc/Projects/CardMind/test/integration/home_screen_flow_test.dart: HomeScreen Integration Tests - Note CRUD Flow should display created notes [E]                              
  Test failed. See exception logs above.
  The test description was: should display created notes
  

To run this test again: /home/alexc/.asdf/installs/flutter/3.38.5-stable/bin/cache/dart-sdk/bin/dart test /home/alexc/Projects/CardMind/test/integration/home_screen_flow_test.dart -p vm --plain-name 'HomeScreen Integration Tests - Note CRUD Flow should display created notes'
00:25 +440 -56: /home/alexc/Projects/CardMind/test/integration/user_journey_test.dart: User Journey Integration Tests Performance Journey it_should_handle_100_cards_efficiently                       
Pending timers:
Timer (duration: 0:00:00.500000, periodic: false), created:
#0      new FakeTimer._ (package:fake_async/fake_async.dart:342:62)
#1      FakeAsync._createTimer (package:fake_async/fake_async.dart:260:29)
#2      FakeAsync.run.<anonymous closure> (package:fake_async/fake_async.dart:185:15)
#6      _HomeScreenState.initState (package:cardmind/screens/home_screen.dart:60:12)
#7      StatefulElement._firstBuild (package:flutter/src/widgets/framework.dart:5953:55)
#8      ComponentElement.mount (package:flutter/src/widgets/framework.dart:5796:5)
...     Normal element mounting (260 frames)
#268    Element.inflateWidget (package:flutter/src/widgets/framework.dart:4590:20)
#269    MultiChildRenderObjectElement.inflateWidget (package:flutter/src/widgets/framework.dart:7269:36)
#270    MultiChildRenderObjectElement.mount (package:flutter/src/widgets/framework.dart:7285:32)
...     Normal element mounting (471 frames)
#741    _InheritedProviderScopeElement.mount (package:provider/src/inherited_provider.dart:424:11)
...     Normal element mounting (7 frames)
#748    _InheritedProviderScopeElement.mount (package:provider/src/inherited_provider.dart:424:11)
...     Normal element mounting (7 frames)
#755    SingleChildWidgetElementMixin.mount (package:nested/nested.dart:222:11)
...     Normal element mounting (7 frames)
#762    _NestedHookElement.mount (package:nested/nested.dart:187:11)
...     Normal element mounting (7 frames)
#769    SingleChildWidgetElementMixin.mount (package:nested/nested.dart:222:11)
...     Normal element mounting (7 frames)
#776    Element.inflateWidget (package:flutter/src/widgets/framework.dart:4590:20)
#777    Element.updateChild (package:flutter/src/widgets/framework.dart:4053:20)
#778    ComponentElement.performRebuild (package:flutter/src/widgets/framework.dart:5844:16)
#779    Element.rebuild (package:flutter/src/widgets/framework.dart:5532:7)
#780    ProxyElement.update (package:flutter/src/widgets/framework.dart:6152:5)
#781    _InheritedNotifierElement.update (package:flutter/src/widgets/inherited_notifier.dart:108:11)
#782    Element.updateChild (package:flutter/src/widgets/framework.dart:4037:15)
#783    ComponentElement.performRebuild (package:flutter/src/widgets/framework.dart:5844:16)
#784    StatefulElement.performRebuild (package:flutter/src/widgets/framework.dart:5985:11)
#785    Element.rebuild (package:flutter/src/widgets/framework.dart:5532:7)
#786    StatefulElement.update (package:flutter/src/widgets/framework.dart:6010:5)
#787    Element.updateChild (package:flutter/src/widgets/framework.dart:4037:15)
#788    ComponentElement.performRebuild (package:flutter/src/widgets/framework.dart:5844:16)
#789    Element.rebuild (package:flutter/src/widgets/framework.dart:5532:7)
#790    ProxyElement.update (package:flutter/src/widgets/framework.dart:6152:5)
#791    _InheritedNotifierElement.update (package:flutter/src/widgets/inherited_notifier.dart:108:11)
#792    Element.updateChild (package:flutter/src/widgets/framework.dart:4037:15)
#793    ComponentElement.performRebuild (package:flutter/src/widgets/framework.dart:5844:16)
#794    StatefulElement.performRebuild (package:flutter/src/widgets/framework.dart:5985:11)
#795    Element.rebuild (package:flutter/src/widgets/framework.dart:5532:7)
#796    StatefulElement.update (package:flutter/src/widgets/framework.dart:6010:5)
#797    Element.updateChild (package:flutter/src/widgets/framework.dart:4037:15)
#798    ComponentElement.performRebuild (package:flutter/src/widgets/framework.dart:5844:16)
#799    StatefulElement.performRebuild (package:flutter/src/widgets/framework.dart:5985:11)
#800    Element.rebuild (package:flutter/src/widgets/framework.dart:5532:7)
#801    StatefulElement.update (package:flutter/src/widgets/framework.dart:6010:5)
#802    Element.updateChild (package:flutter/src/widgets/framework.dart:4037:15)
#803    ComponentElement.performRebuild (package:flutter/src/widgets/framework.dart:5844:16)
#804    Element.rebuild (package:flutter/src/widgets/framework.dart:5532:7)
#805    ProxyElement.update (package:flutter/src/widgets/framework.dart:6152:5)
#806    Element.updateChild (package:flutter/src/widgets/framework.dart:4037:15)
#807    ComponentElement.performRebuild (package:flutter/src/widgets/framework.dart:5844:16)
#808    StatefulElement.performRebuild (package:flutter/src/widgets/framework.dart:5985:11)
#809    Element.rebuild (package:flutter/src/widgets/framework.dart:5532:7)
#810    StatefulElement.update (package:flutter/src/widgets/framework.dart:6010:5)
#811    Element.updateChild (package:flutter/src/widgets/framework.dart:4037:15)
#812    ComponentElement.performRebuild (package:flutter/src/widgets/framework.dart:5844:16)
#813    Element.rebuild (package:flutter/src/widgets/framework.dart:5532:7)
#814    ProxyElement.update (package:flutter/src/widgets/framework.dart:6152:5)
#815    Element.updateChild (package:flutter/src/widgets/framework.dart:4037:15)
#816    ComponentElement.performRebuild (package:flutter/src/widgets/framework.dart:5844:16)
#817    Element.rebuild (package:flutter/src/widgets/framework.dart:5532:7)
#818    ProxyElement.update (package:flutter/src/widgets/framework.dart:6152:5)
#819    Element.updateChild (package:flutter/src/widgets/framework.dart:4037:15)
#820    _RawViewElement._updateChild (package:flutter/src/widgets/view.dart:481:16)
#821    _RawViewElement.update (package:flutter/src/widgets/view.dart:568:5)
#822    Element.updateChild (package:flutter/src/widgets/framework.dart:4037:15)
#823    ComponentElement.performRebuild (package:flutter/src/widgets/framework.dart:5844:16)
#824    Element.rebuild (package:flutter/src/widgets/framework.dart:5532:7)
#825    StatelessElement.update (package:flutter/src/widgets/framework.dart:5898:5)
#826    Element.updateChild (package:flutter/src/widgets/framework.dart:4037:15)
#827    ComponentElement.performRebuild (package:flutter/src/widgets/framework.dart:5844:16)
#828    StatefulElement.performRebuild (package:flutter/src/widgets/framework.dart:5985:11)
#829    Element.rebuild (package:flutter/src/widgets/framework.dart:5532:7)
#830    StatefulElement.update (package:flutter/src/widgets/framework.dart:6010:5)
#831    Element.updateChild (package:flutter/src/widgets/framework.dart:4037:15)
#832    RootElement._rebuild (package:flutter/src/widgets/binding.dart:1782:16)
#833    RootElement.update (package:flutter/src/widgets/binding.dart:1760:5)
#834    RootElement.performRebuild (package:flutter/src/widgets/binding.dart:1774:7)
#835    Element.rebuild (package:flutter/src/widgets/framework.dart:5532:7)
#836    BuildScope._tryRebuild (package:flutter/src/widgets/framework.dart:2750:15)
#837    BuildScope._flushDirtyElements (package:flutter/src/widgets/framework.dart:2807:11)
#838    BuildOwner.buildScope (package:flutter/src/widgets/framework.dart:3111:18)
#839    AutomatedTestWidgetsFlutterBinding.drawFrame (package:flutter_test/src/binding.dart:1506:19)
#840    RendererBinding._handlePersistentFrameCallback (package:flutter/src/rendering/binding.dart:495:5)
#841    SchedulerBinding._invokeFrameCallback (package:flutter/src/scheduler/binding.dart:1434:15)
#842    SchedulerBinding.handleDrawFrame (package:flutter/src/scheduler/binding.dart:1347:9)
#843    AutomatedTestWidgetsFlutterBinding.pump.<anonymous closure> (package:flutter_test/src/binding.dart:1335:9)
#846    TestAsyncUtils.guard (package:flutter_test/src/test_async_utils.dart:74:41)
#847    AutomatedTestWidgetsFlutterBinding.pump (package:flutter_test/src/binding.dart:1324:27)
#848    WidgetTester.pumpWidget.<anonymous closure> (package:flutter_test/src/widget_tester.dart:598:22)
#851    TestAsyncUtils.guard (package:flutter_test/src/test_async_utils.dart:74:41)
#852    WidgetTester.pumpWidget (package:flutter_test/src/widget_tester.dart:595:27)
#853    main.<anonymous closure>.<anonymous closure>.<anonymous closure> (file:///home/alexc/Projects/CardMind/test/integration/user_journey_test.dart:251:22)
#854    testWidgets.<anonymous closure>.<anonymous closure> (package:flutter_test/src/widget_tester.dart:192:29)
<asynchronous suspension>
#855    TestWidgetsFlutterBinding._runTestBody (package:flutter_test/src/binding.dart:1059:5)
<asynchronous suspension>
<asynchronous suspension>
(elided 8 frames from dart:async and package:stack_trace)

══╡ EXCEPTION CAUGHT BY FLUTTER TEST FRAMEWORK ╞════════════════════════════════════════════════════
The following assertion was thrown running a test:
A Timer is still pending even after the widget tree was disposed.
'package:flutter_test/src/binding.dart':
Failed assertion: line 1617 pos 12: '!timersPending'

When the exception was thrown, this was the stack:
#2      AutomatedTestWidgetsFlutterBinding._verifyInvariants (package:flutter_test/src/binding.dart:1617:12)
#3      TestWidgetsFlutterBinding._runTestBody (package:flutter_test/src/binding.dart:1078:7)
<asynchronous suspension>
<asynchronous suspension>
(elided 3 frames from class _AssertionError and package:stack_trace)

The test description was:
  it_should_handle_100_cards_efficiently
════════════════════════════════════════════════════════════════════════════════════════════════════
00:25 +440 -57: /home/alexc/Projects/CardMind/test/integration/user_journey_test.dart: User Journey Integration Tests Performance Journey it_should_handle_100_cards_efficiently [E]                   
  Test failed. See exception logs above.
  The test description was: it_should_handle_100_cards_efficiently
  

To run this test again: /home/alexc/.asdf/installs/flutter/3.38.5-stable/bin/cache/dart-sdk/bin/dart test /home/alexc/Projects/CardMind/test/integration/user_journey_test.dart -p vm --plain-name 'User Journey Integration Tests Performance Journey it_should_handle_100_cards_efficiently'
00:25 +440 -57: /home/alexc/Projects/CardMind/test/screens/home_screen_adaptive_test.dart: HomeScreen Adaptive UI Responsive Layout Tests it_should_handle_very_large_screen                           
Pending timers:
Timer (duration: 0:00:00.500000, periodic: false), created:
#0      new FakeTimer._ (package:fake_async/fake_async.dart:342:62)
#1      FakeAsync._createTimer (package:fake_async/fake_async.dart:260:29)
#2      FakeAsync.run.<anonymous closure> (package:fake_async/fake_async.dart:185:15)
#6      _HomeScreenState.initState (package:cardmind/screens/home_screen.dart:60:12)
#7      StatefulElement._firstBuild (package:flutter/src/widgets/framework.dart:5953:55)
#8      ComponentElement.mount (package:flutter/src/widgets/framework.dart:5796:5)
...     Normal element mounting (7 frames)
#15     _InheritedProviderScopeElement.mount (package:provider/src/inherited_provider.dart:424:11)
...     Normal element mounting (7 frames)
#22     SingleChildWidgetElementMixin.mount (package:nested/nested.dart:222:11)
...     Normal element mounting (260 frames)
#282    Element.inflateWidget (package:flutter/src/widgets/framework.dart:4590:20)
#283    MultiChildRenderObjectElement.inflateWidget (package:flutter/src/widgets/framework.dart:7269:36)
#284    MultiChildRenderObjectElement.mount (package:flutter/src/widgets/framework.dart:7285:32)
...     Normal element mounting (465 frames)
#749    Element.inflateWidget (package:flutter/src/widgets/framework.dart:4590:20)
#750    Element.updateChild (package:flutter/src/widgets/framework.dart:4053:20)
#751    ComponentElement.performRebuild (package:flutter/src/widgets/framework.dart:5844:16)
#752    Element.rebuild (package:flutter/src/widgets/framework.dart:5532:7)
#753    ProxyElement.update (package:flutter/src/widgets/framework.dart:6152:5)
#754    _InheritedNotifierElement.update (package:flutter/src/widgets/inherited_notifier.dart:108:11)
#755    Element.updateChild (package:flutter/src/widgets/framework.dart:4037:15)
#756    ComponentElement.performRebuild (package:flutter/src/widgets/framework.dart:5844:16)
#757    StatefulElement.performRebuild (package:flutter/src/widgets/framework.dart:5985:11)
#758    Element.rebuild (package:flutter/src/widgets/framework.dart:5532:7)
#759    StatefulElement.update (package:flutter/src/widgets/framework.dart:6010:5)
#760    Element.updateChild (package:flutter/src/widgets/framework.dart:4037:15)
#761    ComponentElement.performRebuild (package:flutter/src/widgets/framework.dart:5844:16)
#762    Element.rebuild (package:flutter/src/widgets/framework.dart:5532:7)
#763    ProxyElement.update (package:flutter/src/widgets/framework.dart:6152:5)
#764    _InheritedNotifierElement.update (package:flutter/src/widgets/inherited_notifier.dart:108:11)
#765    Element.updateChild (package:flutter/src/widgets/framework.dart:4037:15)
#766    ComponentElement.performRebuild (package:flutter/src/widgets/framework.dart:5844:16)
#767    StatefulElement.performRebuild (package:flutter/src/widgets/framework.dart:5985:11)
#768    Element.rebuild (package:flutter/src/widgets/framework.dart:5532:7)
#769    StatefulElement.update (package:flutter/src/widgets/framework.dart:6010:5)
#770    Element.updateChild (package:flutter/src/widgets/framework.dart:4037:15)
#771    ComponentElement.performRebuild (package:flutter/src/widgets/framework.dart:5844:16)
#772    StatefulElement.performRebuild (package:flutter/src/widgets/framework.dart:5985:11)
#773    Element.rebuild (package:flutter/src/widgets/framework.dart:5532:7)
#774    StatefulElement.update (package:flutter/src/widgets/framework.dart:6010:5)
#775    Element.updateChild (package:flutter/src/widgets/framework.dart:4037:15)
#776    ComponentElement.performRebuild (package:flutter/src/widgets/framework.dart:5844:16)
#777    Element.rebuild (package:flutter/src/widgets/framework.dart:5532:7)
#778    ProxyElement.update (package:flutter/src/widgets/framework.dart:6152:5)
#779    Element.updateChild (package:flutter/src/widgets/framework.dart:4037:15)
#780    ComponentElement.performRebuild (package:flutter/src/widgets/framework.dart:5844:16)
#781    StatefulElement.performRebuild (package:flutter/src/widgets/framework.dart:5985:11)
#782    Element.rebuild (package:flutter/src/widgets/framework.dart:5532:7)
#783    StatefulElement.update (package:flutter/src/widgets/framework.dart:6010:5)
#784    Element.updateChild (package:flutter/src/widgets/framework.dart:4037:15)
#785    ComponentElement.performRebuild (package:flutter/src/widgets/framework.dart:5844:16)
#786    Element.rebuild (package:flutter/src/widgets/framework.dart:5532:7)
#787    ProxyElement.update (package:flutter/src/widgets/framework.dart:6152:5)
#788    Element.updateChild (package:flutter/src/widgets/framework.dart:4037:15)
#789    ComponentElement.performRebuild (package:flutter/src/widgets/framework.dart:5844:16)
#790    Element.rebuild (package:flutter/src/widgets/framework.dart:5532:7)
#791    ProxyElement.update (package:flutter/src/widgets/framework.dart:6152:5)
#792    Element.updateChild (package:flutter/src/widgets/framework.dart:4037:15)
#793    _RawViewElement._updateChild (package:flutter/src/widgets/view.dart:481:16)
#794    _RawViewElement.update (package:flutter/src/widgets/view.dart:568:5)
#795    Element.updateChild (package:flutter/src/widgets/framework.dart:4037:15)
#796    ComponentElement.performRebuild (package:flutter/src/widgets/framework.dart:5844:16)
#797    Element.rebuild (package:flutter/src/widgets/framework.dart:5532:7)
#798    StatelessElement.update (package:flutter/src/widgets/framework.dart:5898:5)
#799    Element.updateChild (package:flutter/src/widgets/framework.dart:4037:15)
#800    ComponentElement.performRebuild (package:flutter/src/widgets/framework.dart:5844:16)
#801    StatefulElement.performRebuild (package:flutter/src/widgets/framework.dart:5985:11)
#802    Element.rebuild (package:flutter/src/widgets/framework.dart:5532:7)
#803    StatefulElement.update (package:flutter/src/widgets/framework.dart:6010:5)
#804    Element.updateChild (package:flutter/src/widgets/framework.dart:4037:15)
#805    RootElement._rebuild (package:flutter/src/widgets/binding.dart:1782:16)
#806    RootElement.update (package:flutter/src/widgets/binding.dart:1760:5)
#807    RootElement.performRebuild (package:flutter/src/widgets/binding.dart:1774:7)
#808    Element.rebuild (package:flutter/src/widgets/framework.dart:5532:7)
#809    BuildScope._tryRebuild (package:flutter/src/widgets/framework.dart:2750:15)
#810    BuildScope._flushDirtyElements (package:flutter/src/widgets/framework.dart:2807:11)
#811    BuildOwner.buildScope (package:flutter/src/widgets/framework.dart:3111:18)
#812    AutomatedTestWidgetsFlutterBinding.drawFrame (package:flutter_test/src/binding.dart:1506:19)
#813    RendererBinding._handlePersistentFrameCallback (package:flutter/src/rendering/binding.dart:495:5)
#814    SchedulerBinding._invokeFrameCallback (package:flutter/src/scheduler/binding.dart:1434:15)
#815    SchedulerBinding.handleDrawFrame (package:flutter/src/scheduler/binding.dart:1347:9)
#816    AutomatedTestWidgetsFlutterBinding.pump.<anonymous closure> (package:flutter_test/src/binding.dart:1335:9)
#819    TestAsyncUtils.guard (package:flutter_test/src/test_async_utils.dart:74:41)
#820    AutomatedTestWidgetsFlutterBinding.pump (package:flutter_test/src/binding.dart:1324:27)
#821    WidgetTester.pumpWidget.<anonymous closure> (package:flutter_test/src/widget_tester.dart:598:22)
#824    TestAsyncUtils.guard (package:flutter_test/src/test_async_utils.dart:74:41)
#825    WidgetTester.pumpWidget (package:flutter_test/src/widget_tester.dart:595:27)
#826    main.<anonymous closure>.<anonymous closure>.<anonymous closure> (file:///home/alexc/Projects/CardMind/test/screens/home_screen_adaptive_test.dart:394:22)
#827    testWidgets.<anonymous closure>.<anonymous closure> (package:flutter_test/src/widget_tester.dart:192:29)
<asynchronous suspension>
#828    TestWidgetsFlutterBinding._runTestBody (package:flutter_test/src/binding.dart:1059:5)
<asynchronous suspension>
<asynchronous suspension>
(elided 8 frames from dart:async and package:stack_trace)

══╡ EXCEPTION CAUGHT BY FLUTTER TEST FRAMEWORK ╞════════════════════════════════════════════════════
The following assertion was thrown running a test:
A Timer is still pending even after the widget tree was disposed.
'package:flutter_test/src/binding.dart':
Failed assertion: line 1617 pos 12: '!timersPending'

When the exception was thrown, this was the stack:
#2      AutomatedTestWidgetsFlutterBinding._verifyInvariants (package:flutter_test/src/binding.dart:1617:12)
#3      TestWidgetsFlutterBinding._runTestBody (package:flutter_test/src/binding.dart:1078:7)
<asynchronous suspension>
<asynchronous suspension>
(elided 3 frames from class _AssertionError and package:stack_trace)

The test description was:
  it_should_handle_very_large_screen
════════════════════════════════════════════════════════════════════════════════════════════════════
00:25 +440 -58: /home/alexc/Projects/CardMind/test/screens/home_screen_adaptive_test.dart: HomeScreen Adaptive UI Responsive Layout Tests it_should_handle_very_large_screen [E]                       
  Test failed. See exception logs above.
  The test description was: it_should_handle_very_large_screen
  

To run this test again: /home/alexc/.asdf/installs/flutter/3.38.5-stable/bin/cache/dart-sdk/bin/dart test /home/alexc/Projects/CardMind/test/screens/home_screen_adaptive_test.dart -p vm --plain-name 'HomeScreen Adaptive UI Responsive Layout Tests it_should_handle_very_large_screen'
00:25 +441 -58: /home/alexc/Projects/CardMind/test/specs/home_screen_spec_test.dart: SP-FLUT-008: Home Screen Sync Status Display it_should_show_syncing_indicator_when_syncing                        00:25 +442 -58: /home/alexc/Projects/CardMind/test/specs/home_screen_spec_test.dart: SP-FLUT-008: Home Screen Sync Status Display it_should_show_syncing_indicator_when_syncing                        00:25 +442 -58: /home/alexc/Projects/CardMind/test/integration/user_journey_test.dart: User Journey Integration Tests Performance Journey it_should_handle_1000_cards_efficiently                      
Pending timers:
Timer (duration: 0:00:00.500000, periodic: false), created:
#0      new FakeTimer._ (package:fake_async/fake_async.dart:342:62)
#1      FakeAsync._createTimer (package:fake_async/fake_async.dart:260:29)
#2      FakeAsync.run.<anonymous closure> (package:fake_async/fake_async.dart:185:15)
#6      _HomeScreenState.initState (package:cardmind/screens/home_screen.dart:60:12)
#7      StatefulElement._firstBuild (package:flutter/src/widgets/framework.dart:5953:55)
#8      ComponentElement.mount (package:flutter/src/widgets/framework.dart:5796:5)
...     Normal element mounting (260 frames)
#268    Element.inflateWidget (package:flutter/src/widgets/framework.dart:4590:20)
#269    MultiChildRenderObjectElement.inflateWidget (package:flutter/src/widgets/framework.dart:7269:36)
#270    MultiChildRenderObjectElement.mount (package:flutter/src/widgets/framework.dart:7285:32)
...     Normal element mounting (471 frames)
#741    _InheritedProviderScopeElement.mount (package:provider/src/inherited_provider.dart:424:11)
...     Normal element mounting (7 frames)
#748    _InheritedProviderScopeElement.mount (package:provider/src/inherited_provider.dart:424:11)
...     Normal element mounting (7 frames)
#755    SingleChildWidgetElementMixin.mount (package:nested/nested.dart:222:11)
...     Normal element mounting (7 frames)
#762    _NestedHookElement.mount (package:nested/nested.dart:187:11)
...     Normal element mounting (7 frames)
#769    SingleChildWidgetElementMixin.mount (package:nested/nested.dart:222:11)
...     Normal element mounting (7 frames)
#776    Element.inflateWidget (package:flutter/src/widgets/framework.dart:4590:20)
#777    Element.updateChild (package:flutter/src/widgets/framework.dart:4053:20)
#778    ComponentElement.performRebuild (package:flutter/src/widgets/framework.dart:5844:16)
#779    Element.rebuild (package:flutter/src/widgets/framework.dart:5532:7)
#780    ProxyElement.update (package:flutter/src/widgets/framework.dart:6152:5)
#781    _InheritedNotifierElement.update (package:flutter/src/widgets/inherited_notifier.dart:108:11)
#782    Element.updateChild (package:flutter/src/widgets/framework.dart:4037:15)
#783    ComponentElement.performRebuild (package:flutter/src/widgets/framework.dart:5844:16)
#784    StatefulElement.performRebuild (package:flutter/src/widgets/framework.dart:5985:11)
#785    Element.rebuild (package:flutter/src/widgets/framework.dart:5532:7)
#786    StatefulElement.update (package:flutter/src/widgets/framework.dart:6010:5)
#787    Element.updateChild (package:flutter/src/widgets/framework.dart:4037:15)
#788    ComponentElement.performRebuild (package:flutter/src/widgets/framework.dart:5844:16)
#789    Element.rebuild (package:flutter/src/widgets/framework.dart:5532:7)
#790    ProxyElement.update (package:flutter/src/widgets/framework.dart:6152:5)
#791    _InheritedNotifierElement.update (package:flutter/src/widgets/inherited_notifier.dart:108:11)
#792    Element.updateChild (package:flutter/src/widgets/framework.dart:4037:15)
#793    ComponentElement.performRebuild (package:flutter/src/widgets/framework.dart:5844:16)
#794    StatefulElement.performRebuild (package:flutter/src/widgets/framework.dart:5985:11)
#795    Element.rebuild (package:flutter/src/widgets/framework.dart:5532:7)
#796    StatefulElement.update (package:flutter/src/widgets/framework.dart:6010:5)
#797    Element.updateChild (package:flutter/src/widgets/framework.dart:4037:15)
#798    ComponentElement.performRebuild (package:flutter/src/widgets/framework.dart:5844:16)
#799    StatefulElement.performRebuild (package:flutter/src/widgets/framework.dart:5985:11)
#800    Element.rebuild (package:flutter/src/widgets/framework.dart:5532:7)
#801    StatefulElement.update (package:flutter/src/widgets/framework.dart:6010:5)
#802    Element.updateChild (package:flutter/src/widgets/framework.dart:4037:15)
#803    ComponentElement.performRebuild (package:flutter/src/widgets/framework.dart:5844:16)
#804    Element.rebuild (package:flutter/src/widgets/framework.dart:5532:7)
#805    ProxyElement.update (package:flutter/src/widgets/framework.dart:6152:5)
#806    Element.updateChild (package:flutter/src/widgets/framework.dart:4037:15)
#807    ComponentElement.performRebuild (package:flutter/src/widgets/framework.dart:5844:16)
#808    StatefulElement.performRebuild (package:flutter/src/widgets/framework.dart:5985:11)
#809    Element.rebuild (package:flutter/src/widgets/framework.dart:5532:7)
#810    StatefulElement.update (package:flutter/src/widgets/framework.dart:6010:5)
#811    Element.updateChild (package:flutter/src/widgets/framework.dart:4037:15)
#812    ComponentElement.performRebuild (package:flutter/src/widgets/framework.dart:5844:16)
#813    Element.rebuild (package:flutter/src/widgets/framework.dart:5532:7)
#814    ProxyElement.update (package:flutter/src/widgets/framework.dart:6152:5)
#815    Element.updateChild (package:flutter/src/widgets/framework.dart:4037:15)
#816    ComponentElement.performRebuild (package:flutter/src/widgets/framework.dart:5844:16)
#817    Element.rebuild (package:flutter/src/widgets/framework.dart:5532:7)
#818    ProxyElement.update (package:flutter/src/widgets/framework.dart:6152:5)
#819    Element.updateChild (package:flutter/src/widgets/framework.dart:4037:15)
#820    _RawViewElement._updateChild (package:flutter/src/widgets/view.dart:481:16)
#821    _RawViewElement.update (package:flutter/src/widgets/view.dart:568:5)
#822    Element.updateChild (package:flutter/src/widgets/framework.dart:4037:15)
#823    ComponentElement.performRebuild (package:flutter/src/widgets/framework.dart:5844:16)
#824    Element.rebuild (package:flutter/src/widgets/framework.dart:5532:7)
#825    StatelessElement.update (package:flutter/src/widgets/framework.dart:5898:5)
#826    Element.updateChild (package:flutter/src/widgets/framework.dart:4037:15)
#827    ComponentElement.performRebuild (package:flutter/src/widgets/framework.dart:5844:16)
#828    StatefulElement.performRebuild (package:flutter/src/widgets/framework.dart:5985:11)
#829    Element.rebuild (package:flutter/src/widgets/framework.dart:5532:7)
#830    StatefulElement.update (package:flutter/src/widgets/framework.dart:6010:5)
#831    Element.updateChild (package:flutter/src/widgets/framework.dart:4037:15)
#832    RootElement._rebuild (package:flutter/src/widgets/binding.dart:1782:16)
#833    RootElement.update (package:flutter/src/widgets/binding.dart:1760:5)
#834    RootElement.performRebuild (package:flutter/src/widgets/binding.dart:1774:7)
#835    Element.rebuild (package:flutter/src/widgets/framework.dart:5532:7)
#836    BuildScope._tryRebuild (package:flutter/src/widgets/framework.dart:2750:15)
#837    BuildScope._flushDirtyElements (package:flutter/src/widgets/framework.dart:2807:11)
#838    BuildOwner.buildScope (package:flutter/src/widgets/framework.dart:3111:18)
#839    AutomatedTestWidgetsFlutterBinding.drawFrame (package:flutter_test/src/binding.dart:1506:19)
#840    RendererBinding._handlePersistentFrameCallback (package:flutter/src/rendering/binding.dart:495:5)
#841    SchedulerBinding._invokeFrameCallback (package:flutter/src/scheduler/binding.dart:1434:15)
#842    SchedulerBinding.handleDrawFrame (package:flutter/src/scheduler/binding.dart:1347:9)
#843    AutomatedTestWidgetsFlutterBinding.pump.<anonymous closure> (package:flutter_test/src/binding.dart:1335:9)
#846    TestAsyncUtils.guard (package:flutter_test/src/test_async_utils.dart:74:41)
#847    AutomatedTestWidgetsFlutterBinding.pump (package:flutter_test/src/binding.dart:1324:27)
#848    WidgetTester.pumpWidget.<anonymous closure> (package:flutter_test/src/widget_tester.dart:598:22)
#851    TestAsyncUtils.guard (package:flutter_test/src/test_async_utils.dart:74:41)
#852    WidgetTester.pumpWidget (package:flutter_test/src/widget_tester.dart:595:27)
#853    main.<anonymous closure>.<anonymous closure>.<anonymous closure> (file:///home/alexc/Projects/CardMind/test/integration/user_journey_test.dart:272:22)
#854    testWidgets.<anonymous closure>.<anonymous closure> (package:flutter_test/src/widget_tester.dart:192:29)
<asynchronous suspension>
#855    TestWidgetsFlutterBinding._runTestBody (package:flutter_test/src/binding.dart:1059:5)
<asynchronous suspension>
<asynchronous suspension>
(elided 8 frames from dart:async and package:stack_trace)

══╡ EXCEPTION CAUGHT BY FLUTTER TEST FRAMEWORK ╞════════════════════════════════════════════════════
The following assertion was thrown running a test:
A Timer is still pending even after the widget tree was disposed.
'package:flutter_test/src/binding.dart':
Failed assertion: line 1617 pos 12: '!timersPending'

When the exception was thrown, this was the stack:
#2      AutomatedTestWidgetsFlutterBinding._verifyInvariants (package:flutter_test/src/binding.dart:1617:12)
#3      TestWidgetsFlutterBinding._runTestBody (package:flutter_test/src/binding.dart:1078:7)
<asynchronous suspension>
<asynchronous suspension>
(elided 3 frames from class _AssertionError and package:stack_trace)

The test description was:
  it_should_handle_1000_cards_efficiently
════════════════════════════════════════════════════════════════════════════════════════════════════
00:25 +442 -59: /home/alexc/Projects/CardMind/test/integration/user_journey_test.dart: User Journey Integration Tests Performance Journey it_should_handle_1000_cards_efficiently [E]                  
  Test failed. See exception logs above.
  The test description was: it_should_handle_1000_cards_efficiently
  

To run this test again: /home/alexc/.asdf/installs/flutter/3.38.5-stable/bin/cache/dart-sdk/bin/dart test /home/alexc/Projects/CardMind/test/integration/user_journey_test.dart -p vm --plain-name 'User Journey Integration Tests Performance Journey it_should_handle_1000_cards_efficiently'
00:25 +442 -59: /home/alexc/Projects/CardMind/test/specs/home_screen_spec_test.dart: SP-FLUT-008: Home Screen Sync Status Display it_should_show_syncing_indicator_when_syncing                        00:25 +442 -59: /home/alexc/Projects/CardMind/test/screens/home_screen_adaptive_test.dart: HomeScreen Adaptive UI Responsive Layout Tests it_should_maintain_state_across_layout_changes               
Pending timers:
Timer (duration: 0:00:00.500000, periodic: false), created:
#0      new FakeTimer._ (package:fake_async/fake_async.dart:342:62)
#1      FakeAsync._createTimer (package:fake_async/fake_async.dart:260:29)
#2      FakeAsync.run.<anonymous closure> (package:fake_async/fake_async.dart:185:15)
#6      _HomeScreenState.initState (package:cardmind/screens/home_screen.dart:60:12)
#7      StatefulElement._firstBuild (package:flutter/src/widgets/framework.dart:5953:55)
#8      ComponentElement.mount (package:flutter/src/widgets/framework.dart:5796:5)
...     Normal element mounting (7 frames)
#15     _InheritedProviderScopeElement.mount (package:provider/src/inherited_provider.dart:424:11)
...     Normal element mounting (7 frames)
#22     SingleChildWidgetElementMixin.mount (package:nested/nested.dart:222:11)
...     Normal element mounting (260 frames)
#282    Element.inflateWidget (package:flutter/src/widgets/framework.dart:4590:20)
#283    MultiChildRenderObjectElement.inflateWidget (package:flutter/src/widgets/framework.dart:7269:36)
#284    MultiChildRenderObjectElement.mount (package:flutter/src/widgets/framework.dart:7285:32)
...     Normal element mounting (465 frames)
#749    Element.inflateWidget (package:flutter/src/widgets/framework.dart:4590:20)
#750    Element.updateChild (package:flutter/src/widgets/framework.dart:4053:20)
#751    ComponentElement.performRebuild (package:flutter/src/widgets/framework.dart:5844:16)
#752    Element.rebuild (package:flutter/src/widgets/framework.dart:5532:7)
#753    ProxyElement.update (package:flutter/src/widgets/framework.dart:6152:5)
#754    _InheritedNotifierElement.update (package:flutter/src/widgets/inherited_notifier.dart:108:11)
#755    Element.updateChild (package:flutter/src/widgets/framework.dart:4037:15)
#756    ComponentElement.performRebuild (package:flutter/src/widgets/framework.dart:5844:16)
#757    StatefulElement.performRebuild (package:flutter/src/widgets/framework.dart:5985:11)
#758    Element.rebuild (package:flutter/src/widgets/framework.dart:5532:7)
#759    StatefulElement.update (package:flutter/src/widgets/framework.dart:6010:5)
#760    Element.updateChild (package:flutter/src/widgets/framework.dart:4037:15)
#761    ComponentElement.performRebuild (package:flutter/src/widgets/framework.dart:5844:16)
#762    Element.rebuild (package:flutter/src/widgets/framework.dart:5532:7)
#763    ProxyElement.update (package:flutter/src/widgets/framework.dart:6152:5)
#764    _InheritedNotifierElement.update (package:flutter/src/widgets/inherited_notifier.dart:108:11)
#765    Element.updateChild (package:flutter/src/widgets/framework.dart:4037:15)
#766    ComponentElement.performRebuild (package:flutter/src/widgets/framework.dart:5844:16)
#767    StatefulElement.performRebuild (package:flutter/src/widgets/framework.dart:5985:11)
#768    Element.rebuild (package:flutter/src/widgets/framework.dart:5532:7)
#769    StatefulElement.update (package:flutter/src/widgets/framework.dart:6010:5)
#770    Element.updateChild (package:flutter/src/widgets/framework.dart:4037:15)
#771    ComponentElement.performRebuild (package:flutter/src/widgets/framework.dart:5844:16)
#772    StatefulElement.performRebuild (package:flutter/src/widgets/framework.dart:5985:11)
#773    Element.rebuild (package:flutter/src/widgets/framework.dart:5532:7)
#774    StatefulElement.update (package:flutter/src/widgets/framework.dart:6010:5)
#775    Element.updateChild (package:flutter/src/widgets/framework.dart:4037:15)
#776    ComponentElement.performRebuild (package:flutter/src/widgets/framework.dart:5844:16)
#777    Element.rebuild (package:flutter/src/widgets/framework.dart:5532:7)
#778    ProxyElement.update (package:flutter/src/widgets/framework.dart:6152:5)
#779    Element.updateChild (package:flutter/src/widgets/framework.dart:4037:15)
#780    ComponentElement.performRebuild (package:flutter/src/widgets/framework.dart:5844:16)
#781    StatefulElement.performRebuild (package:flutter/src/widgets/framework.dart:5985:11)
#782    Element.rebuild (package:flutter/src/widgets/framework.dart:5532:7)
#783    StatefulElement.update (package:flutter/src/widgets/framework.dart:6010:5)
#784    Element.updateChild (package:flutter/src/widgets/framework.dart:4037:15)
#785    ComponentElement.performRebuild (package:flutter/src/widgets/framework.dart:5844:16)
#786    Element.rebuild (package:flutter/src/widgets/framework.dart:5532:7)
#787    ProxyElement.update (package:flutter/src/widgets/framework.dart:6152:5)
#788    Element.updateChild (package:flutter/src/widgets/framework.dart:4037:15)
#789    ComponentElement.performRebuild (package:flutter/src/widgets/framework.dart:5844:16)
#790    Element.rebuild (package:flutter/src/widgets/framework.dart:5532:7)
#791    ProxyElement.update (package:flutter/src/widgets/framework.dart:6152:5)
#792    Element.updateChild (package:flutter/src/widgets/framework.dart:4037:15)
#793    _RawViewElement._updateChild (package:flutter/src/widgets/view.dart:481:16)
#794    _RawViewElement.update (package:flutter/src/widgets/view.dart:568:5)
#795    Element.updateChild (package:flutter/src/widgets/framework.dart:4037:15)
#796    ComponentElement.performRebuild (package:flutter/src/widgets/framework.dart:5844:16)
#797    Element.rebuild (package:flutter/src/widgets/framework.dart:5532:7)
#798    StatelessElement.update (package:flutter/src/widgets/framework.dart:5898:5)
#799    Element.updateChild (package:flutter/src/widgets/framework.dart:4037:15)
#800    ComponentElement.performRebuild (package:flutter/src/widgets/framework.dart:5844:16)
#801    StatefulElement.performRebuild (package:flutter/src/widgets/framework.dart:5985:11)
#802    Element.rebuild (package:flutter/src/widgets/framework.dart:5532:7)
#803    StatefulElement.update (package:flutter/src/widgets/framework.dart:6010:5)
#804    Element.updateChild (package:flutter/src/widgets/framework.dart:4037:15)
#805    RootElement._rebuild (package:flutter/src/widgets/binding.dart:1782:16)
#806    RootElement.update (package:flutter/src/widgets/binding.dart:1760:5)
#807    RootElement.performRebuild (package:flutter/src/widgets/binding.dart:1774:7)
#808    Element.rebuild (package:flutter/src/widgets/framework.dart:5532:7)
#809    BuildScope._tryRebuild (package:flutter/src/widgets/framework.dart:2750:15)
#810    BuildScope._flushDirtyElements (package:flutter/src/widgets/framework.dart:2807:11)
#811    BuildOwner.buildScope (package:flutter/src/widgets/framework.dart:3111:18)
#812    AutomatedTestWidgetsFlutterBinding.drawFrame (package:flutter_test/src/binding.dart:1506:19)
#813    RendererBinding._handlePersistentFrameCallback (package:flutter/src/rendering/binding.dart:495:5)
#814    SchedulerBinding._invokeFrameCallback (package:flutter/src/scheduler/binding.dart:1434:15)
#815    SchedulerBinding.handleDrawFrame (package:flutter/src/scheduler/binding.dart:1347:9)
#816    AutomatedTestWidgetsFlutterBinding.pump.<anonymous closure> (package:flutter_test/src/binding.dart:1335:9)
#819    TestAsyncUtils.guard (package:flutter_test/src/test_async_utils.dart:74:41)
#820    AutomatedTestWidgetsFlutterBinding.pump (package:flutter_test/src/binding.dart:1324:27)
#821    WidgetTester.pumpWidget.<anonymous closure> (package:flutter_test/src/widget_tester.dart:598:22)
#824    TestAsyncUtils.guard (package:flutter_test/src/test_async_utils.dart:74:41)
#825    WidgetTester.pumpWidget (package:flutter_test/src/widget_tester.dart:595:27)
#826    main.<anonymous closure>.<anonymous closure>.<anonymous closure> (file:///home/alexc/Projects/CardMind/test/screens/home_screen_adaptive_test.dart:429:22)
#827    testWidgets.<anonymous closure>.<anonymous closure> (package:flutter_test/src/widget_tester.dart:192:29)
<asynchronous suspension>
#828    TestWidgetsFlutterBinding._runTestBody (package:flutter_test/src/binding.dart:1059:5)
<asynchronous suspension>
<asynchronous suspension>
(elided 8 frames from dart:async and package:stack_trace)

00:25 +443 -59: /home/alexc/Projects/CardMind/test/specs/home_screen_spec_test.dart: SP-FLUT-008: Home Screen Sync Status Display it_should_show_syncing_indicator_when_syncing                        00:25 +443 -59: /home/alexc/Projects/CardMind/test/screens/home_screen_adaptive_test.dart: HomeScreen Adaptive UI Responsive Layout Tests it_should_maintain_state_across_layout_changes               
══╡ EXCEPTION CAUGHT BY FLUTTER TEST FRAMEWORK ╞════════════════════════════════════════════════════
The following assertion was thrown running a test:
A Timer is still pending even after the widget tree was disposed.
'package:flutter_test/src/binding.dart':
Failed assertion: line 1617 pos 12: '!timersPending'

When the exception was thrown, this was the stack:
#2      AutomatedTestWidgetsFlutterBinding._verifyInvariants (package:flutter_test/src/binding.dart:1617:12)
#3      TestWidgetsFlutterBinding._runTestBody (package:flutter_test/src/binding.dart:1078:7)
<asynchronous suspension>
<asynchronous suspension>
(elided 3 frames from class _AssertionError and package:stack_trace)

The test description was:
  it_should_maintain_state_across_layout_changes
════════════════════════════════════════════════════════════════════════════════════════════════════
00:25 +443 -60: /home/alexc/Projects/CardMind/test/screens/home_screen_adaptive_test.dart: HomeScreen Adaptive UI Responsive Layout Tests it_should_maintain_state_across_layout_changes [E]           
  Test failed. See exception logs above.
  The test description was: it_should_maintain_state_across_layout_changes
  

To run this test again: /home/alexc/.asdf/installs/flutter/3.38.5-stable/bin/cache/dart-sdk/bin/dart test /home/alexc/Projects/CardMind/test/screens/home_screen_adaptive_test.dart -p vm --plain-name 'HomeScreen Adaptive UI Responsive Layout Tests it_should_maintain_state_across_layout_changes'
00:25 +443 -60: /home/alexc/Projects/CardMind/test/specs/home_screen_ui_spec_test.dart: SP-UI-005: Home Screen UI Empty State Tests it_should_display_no_results_message_when_search_empty             
Pending timers:
Timer (duration: 0:00:00.500000, periodic: false), created:
#0      new FakeTimer._ (package:fake_async/fake_async.dart:342:62)
#1      FakeAsync._createTimer (package:fake_async/fake_async.dart:260:29)
#2      FakeAsync.run.<anonymous closure> (package:fake_async/fake_async.dart:185:15)
#6      _HomeScreenState.initState (package:cardmind/screens/home_screen.dart:60:12)
#7      StatefulElement._firstBuild (package:flutter/src/widgets/framework.dart:5953:55)
#8      ComponentElement.mount (package:flutter/src/widgets/framework.dart:5796:5)
...     Normal element mounting (7 frames)
#15     _InheritedProviderScopeElement.mount (package:provider/src/inherited_provider.dart:424:11)
...     Normal element mounting (7 frames)
#22     SingleChildWidgetElementMixin.mount (package:nested/nested.dart:222:11)
...     Normal element mounting (260 frames)
#282    Element.inflateWidget (package:flutter/src/widgets/framework.dart:4590:20)
#283    MultiChildRenderObjectElement.inflateWidget (package:flutter/src/widgets/framework.dart:7269:36)
#284    MultiChildRenderObjectElement.mount (package:flutter/src/widgets/framework.dart:7285:32)
...     Normal element mounting (465 frames)
#749    Element.inflateWidget (package:flutter/src/widgets/framework.dart:4590:20)
#750    Element.updateChild (package:flutter/src/widgets/framework.dart:4053:20)
#751    ComponentElement.performRebuild (package:flutter/src/widgets/framework.dart:5844:16)
#752    Element.rebuild (package:flutter/src/widgets/framework.dart:5532:7)
#753    ProxyElement.update (package:flutter/src/widgets/framework.dart:6152:5)
#754    _InheritedNotifierElement.update (package:flutter/src/widgets/inherited_notifier.dart:108:11)
#755    Element.updateChild (package:flutter/src/widgets/framework.dart:4037:15)
#756    ComponentElement.performRebuild (package:flutter/src/widgets/framework.dart:5844:16)
#757    StatefulElement.performRebuild (package:flutter/src/widgets/framework.dart:5985:11)
#758    Element.rebuild (package:flutter/src/widgets/framework.dart:5532:7)
#759    StatefulElement.update (package:flutter/src/widgets/framework.dart:6010:5)
#760    Element.updateChild (package:flutter/src/widgets/framework.dart:4037:15)
#761    ComponentElement.performRebuild (package:flutter/src/widgets/framework.dart:5844:16)
#762    Element.rebuild (package:flutter/src/widgets/framework.dart:5532:7)
#763    ProxyElement.update (package:flutter/src/widgets/framework.dart:6152:5)
#764    _InheritedNotifierElement.update (package:flutter/src/widgets/inherited_notifier.dart:108:11)
#765    Element.updateChild (package:flutter/src/widgets/framework.dart:4037:15)
#766    ComponentElement.performRebuild (package:flutter/src/widgets/framework.dart:5844:16)
#767    StatefulElement.performRebuild (package:flutter/src/widgets/framework.dart:5985:11)
#768    Element.rebuild (package:flutter/src/widgets/framework.dart:5532:7)
#769    StatefulElement.update (package:flutter/src/widgets/framework.dart:6010:5)
#770    Element.updateChild (package:flutter/src/widgets/framework.dart:4037:15)
#771    ComponentElement.performRebuild (package:flutter/src/widgets/framework.dart:5844:16)
#772    StatefulElement.performRebuild (package:flutter/src/widgets/framework.dart:5985:11)
#773    Element.rebuild (package:flutter/src/widgets/framework.dart:5532:7)
#774    StatefulElement.update (package:flutter/src/widgets/framework.dart:6010:5)
#775    Element.updateChild (package:flutter/src/widgets/framework.dart:4037:15)
#776    ComponentElement.performRebuild (package:flutter/src/widgets/framework.dart:5844:16)
#777    Element.rebuild (package:flutter/src/widgets/framework.dart:5532:7)
#778    ProxyElement.update (package:flutter/src/widgets/framework.dart:6152:5)
#779    Element.updateChild (package:flutter/src/widgets/framework.dart:4037:15)
#780    ComponentElement.performRebuild (package:flutter/src/widgets/framework.dart:5844:16)
#781    StatefulElement.performRebuild (package:flutter/src/widgets/framework.dart:5985:11)
#782    Element.rebuild (package:flutter/src/widgets/framework.dart:5532:7)
#783    StatefulElement.update (package:flutter/src/widgets/framework.dart:6010:5)
#784    Element.updateChild (package:flutter/src/widgets/framework.dart:4037:15)
#785    ComponentElement.performRebuild (package:flutter/src/widgets/framework.dart:5844:16)
#786    Element.rebuild (package:flutter/src/widgets/framework.dart:5532:7)
#787    ProxyElement.update (package:flutter/src/widgets/framework.dart:6152:5)
#788    Element.updateChild (package:flutter/src/widgets/framework.dart:4037:15)
#789    ComponentElement.performRebuild (package:flutter/src/widgets/framework.dart:5844:16)
#790    Element.rebuild (package:flutter/src/widgets/framework.dart:5532:7)
#791    ProxyElement.update (package:flutter/src/widgets/framework.dart:6152:5)
#792    Element.updateChild (package:flutter/src/widgets/framework.dart:4037:15)
#793    _RawViewElement._updateChild (package:flutter/src/widgets/view.dart:481:16)
#794    _RawViewElement.update (package:flutter/src/widgets/view.dart:568:5)
#795    Element.updateChild (package:flutter/src/widgets/framework.dart:4037:15)
#796    ComponentElement.performRebuild (package:flutter/src/widgets/framework.dart:5844:16)
#797    Element.rebuild (package:flutter/src/widgets/framework.dart:5532:7)
#798    StatelessElement.update (package:flutter/src/widgets/framework.dart:5898:5)
#799    Element.updateChild (package:flutter/src/widgets/framework.dart:4037:15)
#800    ComponentElement.performRebuild (package:flutter/src/widgets/framework.dart:5844:16)
#801    StatefulElement.performRebuild (package:flutter/src/widgets/framework.dart:5985:11)
#802    Element.rebuild (package:flutter/src/widgets/framework.dart:5532:7)
#803    StatefulElement.update (package:flutter/src/widgets/framework.dart:6010:5)
#804    Element.updateChild (package:flutter/src/widgets/framework.dart:4037:15)
#805    RootElement._rebuild (package:flutter/src/widgets/binding.dart:1782:16)
#806    RootElement.update (package:flutter/src/widgets/binding.dart:1760:5)
#807    RootElement.performRebuild (package:flutter/src/widgets/binding.dart:1774:7)
#808    Element.rebuild (package:flutter/src/widgets/framework.dart:5532:7)
#809    BuildScope._tryRebuild (package:flutter/src/widgets/framework.dart:2750:15)
#810    BuildScope._flushDirtyElements (package:flutter/src/widgets/framework.dart:2807:11)
#811    BuildOwner.buildScope (package:flutter/src/widgets/framework.dart:3111:18)
#812    AutomatedTestWidgetsFlutterBinding.drawFrame (package:flutter_test/src/binding.dart:1506:19)
#813    RendererBinding._handlePersistentFrameCallback (package:flutter/src/rendering/binding.dart:495:5)
#814    SchedulerBinding._invokeFrameCallback (package:flutter/src/scheduler/binding.dart:1434:15)
#815    SchedulerBinding.handleDrawFrame (package:flutter/src/scheduler/binding.dart:1347:9)
#816    AutomatedTestWidgetsFlutterBinding.pump.<anonymous closure> (package:flutter_test/src/binding.dart:1335:9)
#819    TestAsyncUtils.guard (package:flutter_test/src/test_async_utils.dart:74:41)
#820    AutomatedTestWidgetsFlutterBinding.pump (package:flutter_test/src/binding.dart:1324:27)
#821    WidgetTester.pumpWidget.<anonymous closure> (package:flutter_test/src/widget_tester.dart:598:22)
#824    TestAsyncUtils.guard (package:flutter_test/src/test_async_utils.dart:74:41)
#825    WidgetTester.pumpWidget (package:flutter_test/src/widget_tester.dart:595:27)
#826    main.<anonymous closure>.<anonymous closure>.<anonymous closure> (file:///home/alexc/Projects/CardMind/test/specs/home_screen_ui_spec_test.dart:367:22)
<asynchronous suspension>
#827    testWidgets.<anonymous closure>.<anonymous closure> (package:flutter_test/src/widget_tester.dart:192:15)
<asynchronous suspension>
#828    TestWidgetsFlutterBinding._runTestBody (package:flutter_test/src/binding.dart:1059:5)
<asynchronous suspension>
<asynchronous suspension>
(elided 8 frames from dart:async and package:stack_trace)

══╡ EXCEPTION CAUGHT BY FLUTTER TEST FRAMEWORK ╞════════════════════════════════════════════════════
The following assertion was thrown running a test:
A Timer is still pending even after the widget tree was disposed.
'package:flutter_test/src/binding.dart':
Failed assertion: line 1617 pos 12: '!timersPending'

When the exception was thrown, this was the stack:
#2      AutomatedTestWidgetsFlutterBinding._verifyInvariants (package:flutter_test/src/binding.dart:1617:12)
#3      TestWidgetsFlutterBinding._runTestBody (package:flutter_test/src/binding.dart:1078:7)
<asynchronous suspension>
<asynchronous suspension>
(elided 3 frames from class _AssertionError and package:stack_trace)

The test description was:
  it_should_display_no_results_message_when_search_empty
════════════════════════════════════════════════════════════════════════════════════════════════════
00:25 +443 -61: /home/alexc/Projects/CardMind/test/specs/home_screen_ui_spec_test.dart: SP-UI-005: Home Screen UI Empty State Tests it_should_display_no_results_message_when_search_empty [E]         
  Test failed. See exception logs above.
  The test description was: it_should_display_no_results_message_when_search_empty
  

To run this test again: /home/alexc/.asdf/installs/flutter/3.38.5-stable/bin/cache/dart-sdk/bin/dart test /home/alexc/Projects/CardMind/test/specs/home_screen_ui_spec_test.dart -p vm --plain-name 'SP-UI-005: Home Screen UI Empty State Tests it_should_display_no_results_message_when_search_empty'
00:25 +443 -61: /home/alexc/Projects/CardMind/test/integration/home_screen_flow_test.dart: HomeScreen Integration Tests - Note CRUD Flow should update a note                                          
Pending timers:
Timer (duration: 0:00:00.500000, periodic: false), created:
#0      new FakeTimer._ (package:fake_async/fake_async.dart:342:62)
#1      FakeAsync._createTimer (package:fake_async/fake_async.dart:260:29)
#2      FakeAsync.run.<anonymous closure> (package:fake_async/fake_async.dart:185:15)
#6      _HomeScreenState.initState (package:cardmind/screens/home_screen.dart:60:12)
#7      StatefulElement._firstBuild (package:flutter/src/widgets/framework.dart:5953:55)
#8      ComponentElement.mount (package:flutter/src/widgets/framework.dart:5796:5)
...     Normal element mounting (7 frames)
#15     _InheritedProviderScopeElement.mount (package:provider/src/inherited_provider.dart:424:11)
...     Normal element mounting (7 frames)
#22     SingleChildWidgetElementMixin.mount (package:nested/nested.dart:222:11)
...     Normal element mounting (260 frames)
#282    Element.inflateWidget (package:flutter/src/widgets/framework.dart:4590:20)
#283    MultiChildRenderObjectElement.inflateWidget (package:flutter/src/widgets/framework.dart:7269:36)
#284    MultiChildRenderObjectElement.mount (package:flutter/src/widgets/framework.dart:7285:32)
...     Normal element mounting (465 frames)
#749    Element.inflateWidget (package:flutter/src/widgets/framework.dart:4590:20)
#750    Element.updateChild (package:flutter/src/widgets/framework.dart:4053:20)
#751    ComponentElement.performRebuild (package:flutter/src/widgets/framework.dart:5844:16)
#752    Element.rebuild (package:flutter/src/widgets/framework.dart:5532:7)
#753    ProxyElement.update (package:flutter/src/widgets/framework.dart:6152:5)
#754    _InheritedNotifierElement.update (package:flutter/src/widgets/inherited_notifier.dart:108:11)
#755    Element.updateChild (package:flutter/src/widgets/framework.dart:4037:15)
#756    ComponentElement.performRebuild (package:flutter/src/widgets/framework.dart:5844:16)
#757    StatefulElement.performRebuild (package:flutter/src/widgets/framework.dart:5985:11)
#758    Element.rebuild (package:flutter/src/widgets/framework.dart:5532:7)
#759    StatefulElement.update (package:flutter/src/widgets/framework.dart:6010:5)
#760    Element.updateChild (package:flutter/src/widgets/framework.dart:4037:15)
#761    ComponentElement.performRebuild (package:flutter/src/widgets/framework.dart:5844:16)
#762    Element.rebuild (package:flutter/src/widgets/framework.dart:5532:7)
#763    ProxyElement.update (package:flutter/src/widgets/framework.dart:6152:5)
#764    _InheritedNotifierElement.update (package:flutter/src/widgets/inherited_notifier.dart:108:11)
#765    Element.updateChild (package:flutter/src/widgets/framework.dart:4037:15)
#766    ComponentElement.performRebuild (package:flutter/src/widgets/framework.dart:5844:16)
#767    StatefulElement.performRebuild (package:flutter/src/widgets/framework.dart:5985:11)
#768    Element.rebuild (package:flutter/src/widgets/framework.dart:5532:7)
#769    StatefulElement.update (package:flutter/src/widgets/framework.dart:6010:5)
#770    Element.updateChild (package:flutter/src/widgets/framework.dart:4037:15)
#771    ComponentElement.performRebuild (package:flutter/src/widgets/framework.dart:5844:16)
#772    StatefulElement.performRebuild (package:flutter/src/widgets/framework.dart:5985:11)
#773    Element.rebuild (package:flutter/src/widgets/framework.dart:5532:7)
#774    StatefulElement.update (package:flutter/src/widgets/framework.dart:6010:5)
#775    Element.updateChild (package:flutter/src/widgets/framework.dart:4037:15)
#776    ComponentElement.performRebuild (package:flutter/src/widgets/framework.dart:5844:16)
#777    Element.rebuild (package:flutter/src/widgets/framework.dart:5532:7)
#778    ProxyElement.update (package:flutter/src/widgets/framework.dart:6152:5)
#779    Element.updateChild (package:flutter/src/widgets/framework.dart:4037:15)
#780    ComponentElement.performRebuild (package:flutter/src/widgets/framework.dart:5844:16)
#781    StatefulElement.performRebuild (package:flutter/src/widgets/framework.dart:5985:11)
#782    Element.rebuild (package:flutter/src/widgets/framework.dart:5532:7)
#783    StatefulElement.update (package:flutter/src/widgets/framework.dart:6010:5)
#784    Element.updateChild (package:flutter/src/widgets/framework.dart:4037:15)
#785    ComponentElement.performRebuild (package:flutter/src/widgets/framework.dart:5844:16)
#786    Element.rebuild (package:flutter/src/widgets/framework.dart:5532:7)
#787    ProxyElement.update (package:flutter/src/widgets/framework.dart:6152:5)
#788    Element.updateChild (package:flutter/src/widgets/framework.dart:4037:15)
#789    ComponentElement.performRebuild (package:flutter/src/widgets/framework.dart:5844:16)
#790    Element.rebuild (package:flutter/src/widgets/framework.dart:5532:7)
#791    ProxyElement.update (package:flutter/src/widgets/framework.dart:6152:5)
#792    Element.updateChild (package:flutter/src/widgets/framework.dart:4037:15)
#793    _RawViewElement._updateChild (package:flutter/src/widgets/view.dart:481:16)
#794    _RawViewElement.update (package:flutter/src/widgets/view.dart:568:5)
#795    Element.updateChild (package:flutter/src/widgets/framework.dart:4037:15)
#796    ComponentElement.performRebuild (package:flutter/src/widgets/framework.dart:5844:16)
#797    Element.rebuild (package:flutter/src/widgets/framework.dart:5532:7)
#798    StatelessElement.update (package:flutter/src/widgets/framework.dart:5898:5)
#799    Element.updateChild (package:flutter/src/widgets/framework.dart:4037:15)
#800    ComponentElement.performRebuild (package:flutter/src/widgets/framework.dart:5844:16)
#801    StatefulElement.performRebuild (package:flutter/src/widgets/framework.dart:5985:11)
#802    Element.rebuild (package:flutter/src/widgets/framework.dart:5532:7)
#803    StatefulElement.update (package:flutter/src/widgets/framework.dart:6010:5)
#804    Element.updateChild (package:flutter/src/widgets/framework.dart:4037:15)
#805    RootElement._rebuild (package:flutter/src/widgets/binding.dart:1782:16)
#806    RootElement.update (package:flutter/src/widgets/binding.dart:1760:5)
#807    RootElement.performRebuild (package:flutter/src/widgets/binding.dart:1774:7)
#808    Element.rebuild (package:flutter/src/widgets/framework.dart:5532:7)
#809    BuildScope._tryRebuild (package:flutter/src/widgets/framework.dart:2750:15)
#810    BuildScope._flushDirtyElements (package:flutter/src/widgets/framework.dart:2807:11)
#811    BuildOwner.buildScope (package:flutter/src/widgets/framework.dart:3111:18)
#812    AutomatedTestWidgetsFlutterBinding.drawFrame (package:flutter_test/src/binding.dart:1506:19)
#813    RendererBinding._handlePersistentFrameCallback (package:flutter/src/rendering/binding.dart:495:5)
#814    SchedulerBinding._invokeFrameCallback (package:flutter/src/scheduler/binding.dart:1434:15)
#815    SchedulerBinding.handleDrawFrame (package:flutter/src/scheduler/binding.dart:1347:9)
#816    AutomatedTestWidgetsFlutterBinding.pump.<anonymous closure> (package:flutter_test/src/binding.dart:1335:9)
#819    TestAsyncUtils.guard (package:flutter_test/src/test_async_utils.dart:74:41)
#820    AutomatedTestWidgetsFlutterBinding.pump (package:flutter_test/src/binding.dart:1324:27)
#821    WidgetTester.pumpWidget.<anonymous closure> (package:flutter_test/src/widget_tester.dart:598:22)
#824    TestAsyncUtils.guard (package:flutter_test/src/test_async_utils.dart:74:41)
#825    WidgetTester.pumpWidget (package:flutter_test/src/widget_tester.dart:595:27)
#826    main.<anonymous closure>.<anonymous closure> (file:///home/alexc/Projects/CardMind/test/integration/home_screen_flow_test.dart:156:20)
<asynchronous suspension>
#827    testWidgets.<anonymous closure>.<anonymous closure> (package:flutter_test/src/widget_tester.dart:192:15)
<asynchronous suspension>
#828    TestWidgetsFlutterBinding._runTestBody (package:flutter_test/src/binding.dart:1059:5)
<asynchronous suspension>
<asynchronous suspension>
(elided 8 frames from dart:async and package:stack_trace)

══╡ EXCEPTION CAUGHT BY FLUTTER TEST FRAMEWORK ╞════════════════════════════════════════════════════
The following assertion was thrown running a test:
A Timer is still pending even after the widget tree was disposed.
'package:flutter_test/src/binding.dart':
Failed assertion: line 1617 pos 12: '!timersPending'

When the exception was thrown, this was the stack:
#2      AutomatedTestWidgetsFlutterBinding._verifyInvariants (package:flutter_test/src/binding.dart:1617:12)
#3      TestWidgetsFlutterBinding._runTestBody (package:flutter_test/src/binding.dart:1078:7)
<asynchronous suspension>
<asynchronous suspension>
(elided 3 frames from class _AssertionError and package:stack_trace)

The test description was:
  should update a note
════════════════════════════════════════════════════════════════════════════════════════════════════
00:25 +443 -62: /home/alexc/Projects/CardMind/test/integration/home_screen_flow_test.dart: HomeScreen Integration Tests - Note CRUD Flow should update a note [E]                                      
  Test failed. See exception logs above.
  The test description was: should update a note
  

To run this test again: /home/alexc/.asdf/installs/flutter/3.38.5-stable/bin/cache/dart-sdk/bin/dart test /home/alexc/Projects/CardMind/test/integration/home_screen_flow_test.dart -p vm --plain-name 'HomeScreen Integration Tests - Note CRUD Flow should update a note'
00:25 +444 -62: /home/alexc/Projects/CardMind/test/specs/home_screen_spec_test.dart: SP-FLUT-008: Home Screen Sync Status Display it_should_show_syncing_indicator_when_syncing                        00:25 +445 -62: /home/alexc/Projects/CardMind/test/specs/home_screen_spec_test.dart: SP-FLUT-008: Home Screen Sync Status Display it_should_show_syncing_indicator_when_syncing                        00:25 +445 -62: /home/alexc/Projects/CardMind/test/screens/home_screen_adaptive_test.dart: HomeScreen Adaptive UI Responsive Layout Tests it_should_adapt_card_grid_columns_by_screen_width            
Pending timers:
Timer (duration: 0:00:00.500000, periodic: false), created:
#0      new FakeTimer._ (package:fake_async/fake_async.dart:342:62)
#1      FakeAsync._createTimer (package:fake_async/fake_async.dart:260:29)
#2      FakeAsync.run.<anonymous closure> (package:fake_async/fake_async.dart:185:15)
#6      _HomeScreenState.initState (package:cardmind/screens/home_screen.dart:60:12)
#7      StatefulElement._firstBuild (package:flutter/src/widgets/framework.dart:5953:55)
#8      ComponentElement.mount (package:flutter/src/widgets/framework.dart:5796:5)
...     Normal element mounting (7 frames)
#15     _InheritedProviderScopeElement.mount (package:provider/src/inherited_provider.dart:424:11)
...     Normal element mounting (7 frames)
#22     SingleChildWidgetElementMixin.mount (package:nested/nested.dart:222:11)
...     Normal element mounting (260 frames)
#282    Element.inflateWidget (package:flutter/src/widgets/framework.dart:4590:20)
#283    MultiChildRenderObjectElement.inflateWidget (package:flutter/src/widgets/framework.dart:7269:36)
#284    MultiChildRenderObjectElement.mount (package:flutter/src/widgets/framework.dart:7285:32)
...     Normal element mounting (465 frames)
#749    Element.inflateWidget (package:flutter/src/widgets/framework.dart:4590:20)
#750    Element.updateChild (package:flutter/src/widgets/framework.dart:4053:20)
#751    ComponentElement.performRebuild (package:flutter/src/widgets/framework.dart:5844:16)
#752    Element.rebuild (package:flutter/src/widgets/framework.dart:5532:7)
#753    ProxyElement.update (package:flutter/src/widgets/framework.dart:6152:5)
#754    _InheritedNotifierElement.update (package:flutter/src/widgets/inherited_notifier.dart:108:11)
#755    Element.updateChild (package:flutter/src/widgets/framework.dart:4037:15)
#756    ComponentElement.performRebuild (package:flutter/src/widgets/framework.dart:5844:16)
#757    StatefulElement.performRebuild (package:flutter/src/widgets/framework.dart:5985:11)
#758    Element.rebuild (package:flutter/src/widgets/framework.dart:5532:7)
#759    StatefulElement.update (package:flutter/src/widgets/framework.dart:6010:5)
#760    Element.updateChild (package:flutter/src/widgets/framework.dart:4037:15)
#761    ComponentElement.performRebuild (package:flutter/src/widgets/framework.dart:5844:16)
#762    Element.rebuild (package:flutter/src/widgets/framework.dart:5532:7)
#763    ProxyElement.update (package:flutter/src/widgets/framework.dart:6152:5)
#764    _InheritedNotifierElement.update (package:flutter/src/widgets/inherited_notifier.dart:108:11)
#765    Element.updateChild (package:flutter/src/widgets/framework.dart:4037:15)
#766    ComponentElement.performRebuild (package:flutter/src/widgets/framework.dart:5844:16)
#767    StatefulElement.performRebuild (package:flutter/src/widgets/framework.dart:5985:11)
#768    Element.rebuild (package:flutter/src/widgets/framework.dart:5532:7)
#769    StatefulElement.update (package:flutter/src/widgets/framework.dart:6010:5)
#770    Element.updateChild (package:flutter/src/widgets/framework.dart:4037:15)
#771    ComponentElement.performRebuild (package:flutter/src/widgets/framework.dart:5844:16)
#772    StatefulElement.performRebuild (package:flutter/src/widgets/framework.dart:5985:11)
#773    Element.rebuild (package:flutter/src/widgets/framework.dart:5532:7)
#774    StatefulElement.update (package:flutter/src/widgets/framework.dart:6010:5)
#775    Element.updateChild (package:flutter/src/widgets/framework.dart:4037:15)
#776    ComponentElement.performRebuild (package:flutter/src/widgets/framework.dart:5844:16)
#777    Element.rebuild (package:flutter/src/widgets/framework.dart:5532:7)
#778    ProxyElement.update (package:flutter/src/widgets/framework.dart:6152:5)
#779    Element.updateChild (package:flutter/src/widgets/framework.dart:4037:15)
#780    ComponentElement.performRebuild (package:flutter/src/widgets/framework.dart:5844:16)
#781    StatefulElement.performRebuild (package:flutter/src/widgets/framework.dart:5985:11)
#782    Element.rebuild (package:flutter/src/widgets/framework.dart:5532:7)
#783    StatefulElement.update (package:flutter/src/widgets/framework.dart:6010:5)
#784    Element.updateChild (package:flutter/src/widgets/framework.dart:4037:15)
#785    ComponentElement.performRebuild (package:flutter/src/widgets/framework.dart:5844:16)
#786    Element.rebuild (package:flutter/src/widgets/framework.dart:5532:7)
#787    ProxyElement.update (package:flutter/src/widgets/framework.dart:6152:5)
#788    Element.updateChild (package:flutter/src/widgets/framework.dart:4037:15)
#789    ComponentElement.performRebuild (package:flutter/src/widgets/framework.dart:5844:16)
#790    Element.rebuild (package:flutter/src/widgets/framework.dart:5532:7)
#791    ProxyElement.update (package:flutter/src/widgets/framework.dart:6152:5)
#792    Element.updateChild (package:flutter/src/widgets/framework.dart:4037:15)
#793    _RawViewElement._updateChild (package:flutter/src/widgets/view.dart:481:16)
#794    _RawViewElement.update (package:flutter/src/widgets/view.dart:568:5)
#795    Element.updateChild (package:flutter/src/widgets/framework.dart:4037:15)
#796    ComponentElement.performRebuild (package:flutter/src/widgets/framework.dart:5844:16)
#797    Element.rebuild (package:flutter/src/widgets/framework.dart:5532:7)
#798    StatelessElement.update (package:flutter/src/widgets/framework.dart:5898:5)
#799    Element.updateChild (package:flutter/src/widgets/framework.dart:4037:15)
#800    ComponentElement.performRebuild (package:flutter/src/widgets/framework.dart:5844:16)
#801    StatefulElement.performRebuild (package:flutter/src/widgets/framework.dart:5985:11)
#802    Element.rebuild (package:flutter/src/widgets/framework.dart:5532:7)
#803    StatefulElement.update (package:flutter/src/widgets/framework.dart:6010:5)
#804    Element.updateChild (package:flutter/src/widgets/framework.dart:4037:15)
#805    RootElement._rebuild (package:flutter/src/widgets/binding.dart:1782:16)
#806    RootElement.update (package:flutter/src/widgets/binding.dart:1760:5)
#807    RootElement.performRebuild (package:flutter/src/widgets/binding.dart:1774:7)
#808    Element.rebuild (package:flutter/src/widgets/framework.dart:5532:7)
#809    BuildScope._tryRebuild (package:flutter/src/widgets/framework.dart:2750:15)
#810    BuildScope._flushDirtyElements (package:flutter/src/widgets/framework.dart:2807:11)
#811    BuildOwner.buildScope (package:flutter/src/widgets/framework.dart:3111:18)
#812    AutomatedTestWidgetsFlutterBinding.drawFrame (package:flutter_test/src/binding.dart:1506:19)
#813    RendererBinding._handlePersistentFrameCallback (package:flutter/src/rendering/binding.dart:495:5)
#814    SchedulerBinding._invokeFrameCallback (package:flutter/src/scheduler/binding.dart:1434:15)
#815    SchedulerBinding.handleDrawFrame (package:flutter/src/scheduler/binding.dart:1347:9)
#816    AutomatedTestWidgetsFlutterBinding.pump.<anonymous closure> (package:flutter_test/src/binding.dart:1335:9)
#819    TestAsyncUtils.guard (package:flutter_test/src/test_async_utils.dart:74:41)
#820    AutomatedTestWidgetsFlutterBinding.pump (package:flutter_test/src/binding.dart:1324:27)
#821    WidgetTester.pumpWidget.<anonymous closure> (package:flutter_test/src/widget_tester.dart:598:22)
#824    TestAsyncUtils.guard (package:flutter_test/src/test_async_utils.dart:74:41)
#825    WidgetTester.pumpWidget (package:flutter_test/src/widget_tester.dart:595:27)
#826    main.<anonymous closure>.<anonymous closure>.<anonymous closure> (file:///home/alexc/Projects/CardMind/test/screens/home_screen_adaptive_test.dart:463:24)
#827    testWidgets.<anonymous closure>.<anonymous closure> (package:flutter_test/src/widget_tester.dart:192:29)
<asynchronous suspension>
#828    TestWidgetsFlutterBinding._runTestBody (package:flutter_test/src/binding.dart:1059:5)
<asynchronous suspension>
<asynchronous suspension>
(elided 8 frames from dart:async and package:stack_trace)

══╡ EXCEPTION CAUGHT BY FLUTTER TEST FRAMEWORK ╞════════════════════════════════════════════════════
The following assertion was thrown running a test:
A Timer is still pending even after the widget tree was disposed.
'package:flutter_test/src/binding.dart':
Failed assertion: line 1617 pos 12: '!timersPending'

When the exception was thrown, this was the stack:
#2      AutomatedTestWidgetsFlutterBinding._verifyInvariants (package:flutter_test/src/binding.dart:1617:12)
#3      TestWidgetsFlutterBinding._runTestBody (package:flutter_test/src/binding.dart:1078:7)
<asynchronous suspension>
<asynchronous suspension>
(elided 3 frames from class _AssertionError and package:stack_trace)

The test description was:
  it_should_adapt_card_grid_columns_by_screen_width
════════════════════════════════════════════════════════════════════════════════════════════════════
00:25 +445 -63: /home/alexc/Projects/CardMind/test/screens/home_screen_adaptive_test.dart: HomeScreen Adaptive UI Responsive Layout Tests it_should_adapt_card_grid_columns_by_screen_width [E]        
  Test failed. See exception logs above.
  The test description was: it_should_adapt_card_grid_columns_by_screen_width
  
00:25 +446 -63: /home/alexc/Projects/CardMind/test/specs/home_screen_spec_test.dart: SP-FLUT-008: Home Screen Sync Status Display it_should_show_syncing_indicator_when_syncing                        
To run this test again: /home/alexc/.asdf/installs/flutter/3.38.5-stable/bin/cache/dart-sdk/bin/dart test /home/alexc/Projects/CardMind/test/screens/home_screen_adaptive_test.dart -p vm --plain-name 'HomeScreen Adaptive UI Responsive Layout Tests it_should_adapt_card_grid_columns_by_screen_width'
00:25 +446 -63: /home/alexc/Projects/CardMind/test/integration/home_screen_flow_test.dart: HomeScreen Integration Tests - Note CRUD Flow should delete a note                                          
Pending timers:
Timer (duration: 0:00:00.500000, periodic: false), created:
#0      new FakeTimer._ (package:fake_async/fake_async.dart:342:62)
#1      FakeAsync._createTimer (package:fake_async/fake_async.dart:260:29)
#2      FakeAsync.run.<anonymous closure> (package:fake_async/fake_async.dart:185:15)
#6      _HomeScreenState.initState (package:cardmind/screens/home_screen.dart:60:12)
#7      StatefulElement._firstBuild (package:flutter/src/widgets/framework.dart:5953:55)
#8      ComponentElement.mount (package:flutter/src/widgets/framework.dart:5796:5)
...     Normal element mounting (7 frames)
#15     _InheritedProviderScopeElement.mount (package:provider/src/inherited_provider.dart:424:11)
...     Normal element mounting (7 frames)
#22     SingleChildWidgetElementMixin.mount (package:nested/nested.dart:222:11)
...     Normal element mounting (260 frames)
#282    Element.inflateWidget (package:flutter/src/widgets/framework.dart:4590:20)
#283    MultiChildRenderObjectElement.inflateWidget (package:flutter/src/widgets/framework.dart:7269:36)
#284    MultiChildRenderObjectElement.mount (package:flutter/src/widgets/framework.dart:7285:32)
...     Normal element mounting (465 frames)
#749    Element.inflateWidget (package:flutter/src/widgets/framework.dart:4590:20)
#750    Element.updateChild (package:flutter/src/widgets/framework.dart:4053:20)
#751    ComponentElement.performRebuild (package:flutter/src/widgets/framework.dart:5844:16)
#752    Element.rebuild (package:flutter/src/widgets/framework.dart:5532:7)
#753    ProxyElement.update (package:flutter/src/widgets/framework.dart:6152:5)
#754    _InheritedNotifierElement.update (package:flutter/src/widgets/inherited_notifier.dart:108:11)
#755    Element.updateChild (package:flutter/src/widgets/framework.dart:4037:15)
#756    ComponentElement.performRebuild (package:flutter/src/widgets/framework.dart:5844:16)
#757    StatefulElement.performRebuild (package:flutter/src/widgets/framework.dart:5985:11)
#758    Element.rebuild (package:flutter/src/widgets/framework.dart:5532:7)
#759    StatefulElement.update (package:flutter/src/widgets/framework.dart:6010:5)
#760    Element.updateChild (package:flutter/src/widgets/framework.dart:4037:15)
#761    ComponentElement.performRebuild (package:flutter/src/widgets/framework.dart:5844:16)
#762    Element.rebuild (package:flutter/src/widgets/framework.dart:5532:7)
#763    ProxyElement.update (package:flutter/src/widgets/framework.dart:6152:5)
#764    _InheritedNotifierElement.update (package:flutter/src/widgets/inherited_notifier.dart:108:11)
#765    Element.updateChild (package:flutter/src/widgets/framework.dart:4037:15)
#766    ComponentElement.performRebuild (package:flutter/src/widgets/framework.dart:5844:16)
#767    StatefulElement.performRebuild (package:flutter/src/widgets/framework.dart:5985:11)
#768    Element.rebuild (package:flutter/src/widgets/framework.dart:5532:7)
#769    StatefulElement.update (package:flutter/src/widgets/framework.dart:6010:5)
#770    Element.updateChild (package:flutter/src/widgets/framework.dart:4037:15)
#771    ComponentElement.performRebuild (package:flutter/src/widgets/framework.dart:5844:16)
#772    StatefulElement.performRebuild (package:flutter/src/widgets/framework.dart:5985:11)
#773    Element.rebuild (package:flutter/src/widgets/framework.dart:5532:7)
#774    StatefulElement.update (package:flutter/src/widgets/framework.dart:6010:5)
#775    Element.updateChild (package:flutter/src/widgets/framework.dart:4037:15)
#776    ComponentElement.performRebuild (package:flutter/src/widgets/framework.dart:5844:16)
#777    Element.rebuild (package:flutter/src/widgets/framework.dart:5532:7)
#778    ProxyElement.update (package:flutter/src/widgets/framework.dart:6152:5)
#779    Element.updateChild (package:flutter/src/widgets/framework.dart:4037:15)
#780    ComponentElement.performRebuild (package:flutter/src/widgets/framework.dart:5844:16)
#781    StatefulElement.performRebuild (package:flutter/src/widgets/framework.dart:5985:11)
#782    Element.rebuild (package:flutter/src/widgets/framework.dart:5532:7)
#783    StatefulElement.update (package:flutter/src/widgets/framework.dart:6010:5)
#784    Element.updateChild (package:flutter/src/widgets/framework.dart:4037:15)
#785    ComponentElement.performRebuild (package:flutter/src/widgets/framework.dart:5844:16)
#786    Element.rebuild (package:flutter/src/widgets/framework.dart:5532:7)
#787    ProxyElement.update (package:flutter/src/widgets/framework.dart:6152:5)
#788    Element.updateChild (package:flutter/src/widgets/framework.dart:4037:15)
#789    ComponentElement.performRebuild (package:flutter/src/widgets/framework.dart:5844:16)
#790    Element.rebuild (package:flutter/src/widgets/framework.dart:5532:7)
#791    ProxyElement.update (package:flutter/src/widgets/framework.dart:6152:5)
#792    Element.updateChild (package:flutter/src/widgets/framework.dart:4037:15)
#793    _RawViewElement._updateChild (package:flutter/src/widgets/view.dart:481:16)
#794    _RawViewElement.update (package:flutter/src/widgets/view.dart:568:5)
#795    Element.updateChild (package:flutter/src/widgets/framework.dart:4037:15)
#796    ComponentElement.performRebuild (package:flutter/src/widgets/framework.dart:5844:16)
#797    Element.rebuild (package:flutter/src/widgets/framework.dart:5532:7)
#798    StatelessElement.update (package:flutter/src/widgets/framework.dart:5898:5)
#799    Element.updateChild (package:flutter/src/widgets/framework.dart:4037:15)
#800    ComponentElement.performRebuild (package:flutter/src/widgets/framework.dart:5844:16)
#801    StatefulElement.performRebuild (package:flutter/src/widgets/framework.dart:5985:11)
#802    Element.rebuild (package:flutter/src/widgets/framework.dart:5532:7)
#803    StatefulElement.update (package:flutter/src/widgets/framework.dart:6010:5)
#804    Element.updateChild (package:flutter/src/widgets/framework.dart:4037:15)
#805    RootElement._rebuild (package:flutter/src/widgets/binding.dart:1782:16)
#806    RootElement.update (package:flutter/src/widgets/binding.dart:1760:5)
#807    RootElement.performRebuild (package:flutter/src/widgets/binding.dart:1774:7)
#808    Element.rebuild (package:flutter/src/widgets/framework.dart:5532:7)
#809    BuildScope._tryRebuild (package:flutter/src/widgets/framework.dart:2750:15)
#810    BuildScope._flushDirtyElements (package:flutter/src/widgets/framework.dart:2807:11)
#811    BuildOwner.buildScope (package:flutter/src/widgets/framework.dart:3111:18)
#812    AutomatedTestWidgetsFlutterBinding.drawFrame (package:flutter_test/src/binding.dart:1506:19)
#813    RendererBinding._handlePersistentFrameCallback (package:flutter/src/rendering/binding.dart:495:5)
#814    SchedulerBinding._invokeFrameCallback (package:flutter/src/scheduler/binding.dart:1434:15)
#815    SchedulerBinding.handleDrawFrame (package:flutter/src/scheduler/binding.dart:1347:9)
#816    AutomatedTestWidgetsFlutterBinding.pump.<anonymous closure> (package:flutter_test/src/binding.dart:1335:9)
#819    TestAsyncUtils.guard (package:flutter_test/src/test_async_utils.dart:74:41)
#820    AutomatedTestWidgetsFlutterBinding.pump (package:flutter_test/src/binding.dart:1324:27)
#821    WidgetTester.pumpWidget.<anonymous closure> (package:flutter_test/src/widget_tester.dart:598:22)
#824    TestAsyncUtils.guard (package:flutter_test/src/test_async_utils.dart:74:41)
#825    WidgetTester.pumpWidget (package:flutter_test/src/widget_tester.dart:595:27)
#826    main.<anonymous closure>.<anonymous closure> (file:///home/alexc/Projects/CardMind/test/integration/home_screen_flow_test.dart:180:20)
<asynchronous suspension>
#827    testWidgets.<anonymous closure>.<anonymous closure> (package:flutter_test/src/widget_tester.dart:192:15)
<asynchronous suspension>
#828    TestWidgetsFlutterBinding._runTestBody (package:flutter_test/src/binding.dart:1059:5)
<asynchronous suspension>
<asynchronous suspension>
(elided 8 frames from dart:async and package:stack_trace)

══╡ EXCEPTION CAUGHT BY FLUTTER TEST FRAMEWORK ╞════════════════════════════════════════════════════
The following assertion was thrown running a test:
A Timer is still pending even after the widget tree was disposed.
'package:flutter_test/src/binding.dart':
Failed assertion: line 1617 pos 12: '!timersPending'

When the exception was thrown, this was the stack:
#2      AutomatedTestWidgetsFlutterBinding._verifyInvariants (package:flutter_test/src/binding.dart:1617:12)
#3      TestWidgetsFlutterBinding._runTestBody (package:flutter_test/src/binding.dart:1078:7)
<asynchronous suspension>
<asynchronous suspension>
(elided 3 frames from class _AssertionError and package:stack_trace)

The test description was:
  should delete a note
════════════════════════════════════════════════════════════════════════════════════════════════════
00:26 +446 -64: /home/alexc/Projects/CardMind/test/integration/home_screen_flow_test.dart: HomeScreen Integration Tests - Note CRUD Flow should delete a note [E]                                      
  Test failed. See exception logs above.
  The test description was: should delete a note
  

To run this test again: /home/alexc/.asdf/installs/flutter/3.38.5-stable/bin/cache/dart-sdk/bin/dart test /home/alexc/Projects/CardMind/test/integration/home_screen_flow_test.dart -p vm --plain-name 'HomeScreen Integration Tests - Note CRUD Flow should delete a note'
00:26 +447 -64: /home/alexc/Projects/CardMind/test/specs/home_screen_spec_test.dart: SP-FLUT-008: Home Screen Sync Status Display it_should_show_syncing_indicator_when_syncing                        00:26 +447 -64: /home/alexc/Projects/CardMind/test/specs/home_screen_ui_spec_test.dart: SP-UI-005: Home Screen UI Loading State Tests it_should_hide_loading_indicator_after_load                      
Pending timers:
Timer (duration: 0:00:00.500000, periodic: false), created:
#0      new FakeTimer._ (package:fake_async/fake_async.dart:342:62)
#1      FakeAsync._createTimer (package:fake_async/fake_async.dart:260:29)
#2      FakeAsync.run.<anonymous closure> (package:fake_async/fake_async.dart:185:15)
#6      _HomeScreenState.initState (package:cardmind/screens/home_screen.dart:60:12)
#7      StatefulElement._firstBuild (package:flutter/src/widgets/framework.dart:5953:55)
#8      ComponentElement.mount (package:flutter/src/widgets/framework.dart:5796:5)
...     Normal element mounting (7 frames)
#15     _InheritedProviderScopeElement.mount (package:provider/src/inherited_provider.dart:424:11)
...     Normal element mounting (7 frames)
#22     SingleChildWidgetElementMixin.mount (package:nested/nested.dart:222:11)
...     Normal element mounting (260 frames)
#282    Element.inflateWidget (package:flutter/src/widgets/framework.dart:4590:20)
#283    MultiChildRenderObjectElement.inflateWidget (package:flutter/src/widgets/framework.dart:7269:36)
#284    MultiChildRenderObjectElement.mount (package:flutter/src/widgets/framework.dart:7285:32)
...     Normal element mounting (465 frames)
#749    Element.inflateWidget (package:flutter/src/widgets/framework.dart:4590:20)
#750    Element.updateChild (package:flutter/src/widgets/framework.dart:4053:20)
#751    ComponentElement.performRebuild (package:flutter/src/widgets/framework.dart:5844:16)
#752    Element.rebuild (package:flutter/src/widgets/framework.dart:5532:7)
#753    ProxyElement.update (package:flutter/src/widgets/framework.dart:6152:5)
#754    _InheritedNotifierElement.update (package:flutter/src/widgets/inherited_notifier.dart:108:11)
#755    Element.updateChild (package:flutter/src/widgets/framework.dart:4037:15)
#756    ComponentElement.performRebuild (package:flutter/src/widgets/framework.dart:5844:16)
#757    StatefulElement.performRebuild (package:flutter/src/widgets/framework.dart:5985:11)
#758    Element.rebuild (package:flutter/src/widgets/framework.dart:5532:7)
#759    StatefulElement.update (package:flutter/src/widgets/framework.dart:6010:5)
#760    Element.updateChild (package:flutter/src/widgets/framework.dart:4037:15)
#761    ComponentElement.performRebuild (package:flutter/src/widgets/framework.dart:5844:16)
#762    Element.rebuild (package:flutter/src/widgets/framework.dart:5532:7)
#763    ProxyElement.update (package:flutter/src/widgets/framework.dart:6152:5)
#764    _InheritedNotifierElement.update (package:flutter/src/widgets/inherited_notifier.dart:108:11)
#765    Element.updateChild (package:flutter/src/widgets/framework.dart:4037:15)
#766    ComponentElement.performRebuild (package:flutter/src/widgets/framework.dart:5844:16)
#767    StatefulElement.performRebuild (package:flutter/src/widgets/framework.dart:5985:11)
#768    Element.rebuild (package:flutter/src/widgets/framework.dart:5532:7)
#769    StatefulElement.update (package:flutter/src/widgets/framework.dart:6010:5)
#770    Element.updateChild (package:flutter/src/widgets/framework.dart:4037:15)
#771    ComponentElement.performRebuild (package:flutter/src/widgets/framework.dart:5844:16)
#772    StatefulElement.performRebuild (package:flutter/src/widgets/framework.dart:5985:11)
#773    Element.rebuild (package:flutter/src/widgets/framework.dart:5532:7)
#774    StatefulElement.update (package:flutter/src/widgets/framework.dart:6010:5)
#775    Element.updateChild (package:flutter/src/widgets/framework.dart:4037:15)
#776    ComponentElement.performRebuild (package:flutter/src/widgets/framework.dart:5844:16)
#777    Element.rebuild (package:flutter/src/widgets/framework.dart:5532:7)
#778    ProxyElement.update (package:flutter/src/widgets/framework.dart:6152:5)
#779    Element.updateChild (package:flutter/src/widgets/framework.dart:4037:15)
#780    ComponentElement.performRebuild (package:flutter/src/widgets/framework.dart:5844:16)
#781    StatefulElement.performRebuild (package:flutter/src/widgets/framework.dart:5985:11)
#782    Element.rebuild (package:flutter/src/widgets/framework.dart:5532:7)
#783    StatefulElement.update (package:flutter/src/widgets/framework.dart:6010:5)
#784    Element.updateChild (package:flutter/src/widgets/framework.dart:4037:15)
#785    ComponentElement.performRebuild (package:flutter/src/widgets/framework.dart:5844:16)
#786    Element.rebuild (package:flutter/src/widgets/framework.dart:5532:7)
#787    ProxyElement.update (package:flutter/src/widgets/framework.dart:6152:5)
#788    Element.updateChild (package:flutter/src/widgets/framework.dart:4037:15)
#789    ComponentElement.performRebuild (package:flutter/src/widgets/framework.dart:5844:16)
#790    Element.rebuild (package:flutter/src/widgets/framework.dart:5532:7)
#791    ProxyElement.update (package:flutter/src/widgets/framework.dart:6152:5)
#792    Element.updateChild (package:flutter/src/widgets/framework.dart:4037:15)
#793    _RawViewElement._updateChild (package:flutter/src/widgets/view.dart:481:16)
#794    _RawViewElement.update (package:flutter/src/widgets/view.dart:568:5)
#795    Element.updateChild (package:flutter/src/widgets/framework.dart:4037:15)
#796    ComponentElement.performRebuild (package:flutter/src/widgets/framework.dart:5844:16)
#797    Element.rebuild (package:flutter/src/widgets/framework.dart:5532:7)
#798    StatelessElement.update (package:flutter/src/widgets/framework.dart:5898:5)
#799    Element.updateChild (package:flutter/src/widgets/framework.dart:4037:15)
#800    ComponentElement.performRebuild (package:flutter/src/widgets/framework.dart:5844:16)
#801    StatefulElement.performRebuild (package:flutter/src/widgets/framework.dart:5985:11)
#802    Element.rebuild (package:flutter/src/widgets/framework.dart:5532:7)
#803    StatefulElement.update (package:flutter/src/widgets/framework.dart:6010:5)
#804    Element.updateChild (package:flutter/src/widgets/framework.dart:4037:15)
#805    RootElement._rebuild (package:flutter/src/widgets/binding.dart:1782:16)
#806    RootElement.update (package:flutter/src/widgets/binding.dart:1760:5)
#807    RootElement.performRebuild (package:flutter/src/widgets/binding.dart:1774:7)
#808    Element.rebuild (package:flutter/src/widgets/framework.dart:5532:7)
#809    BuildScope._tryRebuild (package:flutter/src/widgets/framework.dart:2750:15)
#810    BuildScope._flushDirtyElements (package:flutter/src/widgets/framework.dart:2807:11)
#811    BuildOwner.buildScope (package:flutter/src/widgets/framework.dart:3111:18)
#812    AutomatedTestWidgetsFlutterBinding.drawFrame (package:flutter_test/src/binding.dart:1506:19)
#813    RendererBinding._handlePersistentFrameCallback (package:flutter/src/rendering/binding.dart:495:5)
#814    SchedulerBinding._invokeFrameCallback (package:flutter/src/scheduler/binding.dart:1434:15)
#815    SchedulerBinding.handleDrawFrame (package:flutter/src/scheduler/binding.dart:1347:9)
#816    AutomatedTestWidgetsFlutterBinding.pump.<anonymous closure> (package:flutter_test/src/binding.dart:1335:9)
#819    TestAsyncUtils.guard (package:flutter_test/src/test_async_utils.dart:74:41)
#820    AutomatedTestWidgetsFlutterBinding.pump (package:flutter_test/src/binding.dart:1324:27)
#821    WidgetTester.pumpWidget.<anonymous closure> (package:flutter_test/src/widget_tester.dart:598:22)
#824    TestAsyncUtils.guard (package:flutter_test/src/test_async_utils.dart:74:41)
#825    WidgetTester.pumpWidget (package:flutter_test/src/widget_tester.dart:595:27)
#826    main.<anonymous closure>.<anonymous closure>.<anonymous closure> (file:///home/alexc/Projects/CardMind/test/specs/home_screen_ui_spec_test.dart:407:22)
#827    testWidgets.<anonymous closure>.<anonymous closure> (package:flutter_test/src/widget_tester.dart:192:29)
<asynchronous suspension>
#828    TestWidgetsFlutterBinding._runTestBody (package:flutter_test/src/binding.dart:1059:5)
<asynchronous suspension>
<asynchronous suspension>
(elided 8 frames from dart:async and package:stack_trace)

00:26 +447 -64: /home/alexc/Projects/CardMind/test/screens/home_screen_adaptive_test.dart: HomeScreen Adaptive UI Platform-Specific Behavior it_should_show_platform_appropriate_empty_state_action    
Pending timers:
Timer (duration: 0:00:00.500000, periodic: false), created:
00:26 +447 -64: /home/alexc/Projects/CardMind/test/specs/home_screen_ui_spec_test.dart: SP-UI-005: Home Screen UI Loading State Tests it_should_hide_loading_indicator_after_load                      
══╡ EXCEPTION CAUGHT BY FLUTTER TEST FRAMEWORK ╞════════════════════════════════════════════════════
The following assertion was thrown running a test:
A Timer is still pending even after the widget tree was disposed.
'package:flutter_test/src/binding.dart':
Failed assertion: line 1617 pos 12: '!timersPending'

When the exception was thrown, this was the stack:
#2      AutomatedTestWidgetsFlutterBinding._verifyInvariants (package:flutter_test/src/binding.dart:1617:12)
#3      TestWidgetsFlutterBinding._runTestBody (package:flutter_test/src/binding.dart:1078:7)
<asynchronous suspension>
<asynchronous suspension>
(elided 3 frames from class _AssertionError and package:stack_trace)

The test description was:
  it_should_hide_loading_indicator_after_load
════════════════════════════════════════════════════════════════════════════════════════════════════
00:26 +447 -65: /home/alexc/Projects/CardMind/test/specs/home_screen_ui_spec_test.dart: SP-UI-005: Home Screen UI Loading State Tests it_should_hide_loading_indicator_after_load [E]                  
  Test failed. See exception logs above.
  The test description was: it_should_hide_loading_indicator_after_load
  

To run this test again: /home/alexc/.asdf/installs/flutter/3.38.5-stable/bin/cache/dart-sdk/bin/dart test /home/alexc/Projects/CardMind/test/specs/home_screen_ui_spec_test.dart -p vm --plain-name 'SP-UI-005: Home Screen UI Loading State Tests it_should_hide_loading_indicator_after_load'
00:26 +448 -65: /home/alexc/Projects/CardMind/test/specs/home_screen_spec_test.dart: SP-FLUT-008: Home Screen Sync Status Display it_should_show_syncing_indicator_when_syncing                        00:26 +448 -65: /home/alexc/Projects/CardMind/test/screens/home_screen_adaptive_test.dart: HomeScreen Adaptive UI Platform-Specific Behavior it_should_show_platform_appropriate_empty_state_action    
#0      new FakeTimer._ (package:fake_async/fake_async.dart:342:62)
#1      FakeAsync._createTimer (package:fake_async/fake_async.dart:260:29)
#2      FakeAsync.run.<anonymous closure> (package:fake_async/fake_async.dart:185:15)
#6      _HomeScreenState.initState (package:cardmind/screens/home_screen.dart:60:12)
#7      StatefulElement._firstBuild (package:flutter/src/widgets/framework.dart:5953:55)
#8      ComponentElement.mount (package:flutter/src/widgets/framework.dart:5796:5)
...     Normal element mounting (7 frames)
#15     _InheritedProviderScopeElement.mount (package:provider/src/inherited_provider.dart:424:11)
...     Normal element mounting (7 frames)
#22     SingleChildWidgetElementMixin.mount (package:nested/nested.dart:222:11)
...     Normal element mounting (260 frames)
#282    Element.inflateWidget (package:flutter/src/widgets/framework.dart:4590:20)
#283    MultiChildRenderObjectElement.inflateWidget (package:flutter/src/widgets/framework.dart:7269:36)
#284    MultiChildRenderObjectElement.mount (package:flutter/src/widgets/framework.dart:7285:32)
...     Normal element mounting (465 frames)
#749    Element.inflateWidget (package:flutter/src/widgets/framework.dart:4590:20)
#750    Element.updateChild (package:flutter/src/widgets/framework.dart:4053:20)
#751    ComponentElement.performRebuild (package:flutter/src/widgets/framework.dart:5844:16)
#752    Element.rebuild (package:flutter/src/widgets/framework.dart:5532:7)
#753    ProxyElement.update (package:flutter/src/widgets/framework.dart:6152:5)
#754    _InheritedNotifierElement.update (package:flutter/src/widgets/inherited_notifier.dart:108:11)
#755    Element.updateChild (package:flutter/src/widgets/framework.dart:4037:15)
#756    ComponentElement.performRebuild (package:flutter/src/widgets/framework.dart:5844:16)
#757    StatefulElement.performRebuild (package:flutter/src/widgets/framework.dart:5985:11)
#758    Element.rebuild (package:flutter/src/widgets/framework.dart:5532:7)
#759    StatefulElement.update (package:flutter/src/widgets/framework.dart:6010:5)
#760    Element.updateChild (package:flutter/src/widgets/framework.dart:4037:15)
#761    ComponentElement.performRebuild (package:flutter/src/widgets/framework.dart:5844:16)
#762    Element.rebuild (package:flutter/src/widgets/framework.dart:5532:7)
#763    ProxyElement.update (package:flutter/src/widgets/framework.dart:6152:5)
#764    _InheritedNotifierElement.update (package:flutter/src/widgets/inherited_notifier.dart:108:11)
#765    Element.updateChild (package:flutter/src/widgets/framework.dart:4037:15)
#766    ComponentElement.performRebuild (package:flutter/src/widgets/framework.dart:5844:16)
#767    StatefulElement.performRebuild (package:flutter/src/widgets/framework.dart:5985:11)
#768    Element.rebuild (package:flutter/src/widgets/framework.dart:5532:7)
#769    StatefulElement.update (package:flutter/src/widgets/framework.dart:6010:5)
#770    Element.updateChild (package:flutter/src/widgets/framework.dart:4037:15)
#771    ComponentElement.performRebuild (package:flutter/src/widgets/framework.dart:5844:16)
#772    StatefulElement.performRebuild (package:flutter/src/widgets/framework.dart:5985:11)
#773    Element.rebuild (package:flutter/src/widgets/framework.dart:5532:7)
#774    StatefulElement.update (package:flutter/src/widgets/framework.dart:6010:5)
#775    Element.updateChild (package:flutter/src/widgets/framework.dart:4037:15)
#776    ComponentElement.performRebuild (package:flutter/src/widgets/framework.dart:5844:16)
#777    Element.rebuild (package:flutter/src/widgets/framework.dart:5532:7)
#778    ProxyElement.update (package:flutter/src/widgets/framework.dart:6152:5)
#779    Element.updateChild (package:flutter/src/widgets/framework.dart:4037:15)
#780    ComponentElement.performRebuild (package:flutter/src/widgets/framework.dart:5844:16)
#781    StatefulElement.performRebuild (package:flutter/src/widgets/framework.dart:5985:11)
#782    Element.rebuild (package:flutter/src/widgets/framework.dart:5532:7)
#783    StatefulElement.update (package:flutter/src/widgets/framework.dart:6010:5)
#784    Element.updateChild (package:flutter/src/widgets/framework.dart:4037:15)
#785    ComponentElement.performRebuild (package:flutter/src/widgets/framework.dart:5844:16)
#786    Element.rebuild (package:flutter/src/widgets/framework.dart:5532:7)
#787    ProxyElement.update (package:flutter/src/widgets/framework.dart:6152:5)
#788    Element.updateChild (package:flutter/src/widgets/framework.dart:4037:15)
#789    ComponentElement.performRebuild (package:flutter/src/widgets/framework.dart:5844:16)
#790    Element.rebuild (package:flutter/src/widgets/framework.dart:5532:7)
#791    ProxyElement.update (package:flutter/src/widgets/framework.dart:6152:5)
#792    Element.updateChild (package:flutter/src/widgets/framework.dart:4037:15)
#793    _RawViewElement._updateChild (package:flutter/src/widgets/view.dart:481:16)
#794    _RawViewElement.update (package:flutter/src/widgets/view.dart:568:5)
#795    Element.updateChild (package:flutter/src/widgets/framework.dart:4037:15)
#796    ComponentElement.performRebuild (package:flutter/src/widgets/framework.dart:5844:16)
#797    Element.rebuild (package:flutter/src/widgets/framework.dart:5532:7)
#798    StatelessElement.update (package:flutter/src/widgets/framework.dart:5898:5)
#799    Element.updateChild (package:flutter/src/widgets/framework.dart:4037:15)
#800    ComponentElement.performRebuild (package:flutter/src/widgets/framework.dart:5844:16)
#801    StatefulElement.performRebuild (package:flutter/src/widgets/framework.dart:5985:11)
#802    Element.rebuild (package:flutter/src/widgets/framework.dart:5532:7)
#803    StatefulElement.update (package:flutter/src/widgets/framework.dart:6010:5)
#804    Element.updateChild (package:flutter/src/widgets/framework.dart:4037:15)
#805    RootElement._rebuild (package:flutter/src/widgets/binding.dart:1782:16)
#806    RootElement.update (package:flutter/src/widgets/binding.dart:1760:5)
#807    RootElement.performRebuild (package:flutter/src/widgets/binding.dart:1774:7)
#808    Element.rebuild (package:flutter/src/widgets/framework.dart:5532:7)
#809    BuildScope._tryRebuild (package:flutter/src/widgets/framework.dart:2750:15)
#810    BuildScope._flushDirtyElements (package:flutter/src/widgets/framework.dart:2807:11)
#811    BuildOwner.buildScope (package:flutter/src/widgets/framework.dart:3111:18)
#812    AutomatedTestWidgetsFlutterBinding.drawFrame (package:flutter_test/src/binding.dart:1506:19)
#813    RendererBinding._handlePersistentFrameCallback (package:flutter/src/rendering/binding.dart:495:5)
#814    SchedulerBinding._invokeFrameCallback (package:flutter/src/scheduler/binding.dart:1434:15)
#815    SchedulerBinding.handleDrawFrame (package:flutter/src/scheduler/binding.dart:1347:9)
#816    AutomatedTestWidgetsFlutterBinding.pump.<anonymous closure> (package:flutter_test/src/binding.dart:1335:9)
#819    TestAsyncUtils.guard (package:flutter_test/src/test_async_utils.dart:74:41)
#820    AutomatedTestWidgetsFlutterBinding.pump (package:flutter_test/src/binding.dart:1324:27)
#821    WidgetTester.pumpWidget.<anonymous closure> (package:flutter_test/src/widget_tester.dart:598:22)
#824    TestAsyncUtils.guard (package:flutter_test/src/test_async_utils.dart:74:41)
#825    WidgetTester.pumpWidget (package:flutter_test/src/widget_tester.dart:595:27)
#826    main.<anonymous closure>.<anonymous closure>.<anonymous closure> (file:///home/alexc/Projects/CardMind/test/screens/home_screen_adaptive_test.dart:490:22)
#827    testWidgets.<anonymous closure>.<anonymous closure> (package:flutter_test/src/widget_tester.dart:192:29)
<asynchronous suspension>
#828    TestWidgetsFlutterBinding._runTestBody (package:flutter_test/src/binding.dart:1059:5)
<asynchronous suspension>
<asynchronous suspension>
(elided 8 frames from dart:async and package:stack_trace)

══╡ EXCEPTION CAUGHT BY FLUTTER TEST FRAMEWORK ╞════════════════════════════════════════════════════
The following assertion was thrown running a test:
A Timer is still pending even after the widget tree was disposed.
'package:flutter_test/src/binding.dart':
Failed assertion: line 1617 pos 12: '!timersPending'

When the exception was thrown, this was the stack:
#2      AutomatedTestWidgetsFlutterBinding._verifyInvariants (package:flutter_test/src/binding.dart:1617:12)
#3      TestWidgetsFlutterBinding._runTestBody (package:flutter_test/src/binding.dart:1078:7)
<asynchronous suspension>
<asynchronous suspension>
(elided 3 frames from class _AssertionError and package:stack_trace)

The test description was:
  it_should_show_platform_appropriate_empty_state_action
════════════════════════════════════════════════════════════════════════════════════════════════════
00:26 +448 -66: /home/alexc/Projects/CardMind/test/screens/home_screen_adaptive_test.dart: HomeScreen Adaptive UI Platform-Specific Behavior it_should_show_platform_appropriate_empty_state_action [E]
  Test failed. See exception logs above.
  The test description was: it_should_show_platform_appropriate_empty_state_action
  

To run this test again: /home/alexc/.asdf/installs/flutter/3.38.5-stable/bin/cache/dart-sdk/bin/dart test /home/alexc/Projects/CardMind/test/screens/home_screen_adaptive_test.dart -p vm --plain-name 'HomeScreen Adaptive UI Platform-Specific Behavior it_should_show_platform_appropriate_empty_state_action'
00:26 +448 -66: /home/alexc/Projects/CardMind/test/specs/home_screen_spec_test.dart: SP-FLUT-008: Home Screen Sync Status Display it_should_show_syncing_indicator_when_syncing                        00:26 +449 -66: /home/alexc/Projects/CardMind/test/specs/home_screen_spec_test.dart: SP-FLUT-008: Home Screen Sync Status Display it_should_show_syncing_indicator_when_syncing                        00:26 +449 -66: /home/alexc/Projects/CardMind/test/screens/home_screen_adaptive_test.dart: HomeScreen Adaptive UI Platform-Specific Behavior it_should_use_platform_appropriate_navigation             
Pending timers:
Timer (duration: 0:00:00.500000, periodic: false), created:
#0      new FakeTimer._ (package:fake_async/fake_async.dart:342:62)
#1      FakeAsync._createTimer (package:fake_async/fake_async.dart:260:29)
#2      FakeAsync.run.<anonymous closure> (package:fake_async/fake_async.dart:185:15)
#6      _HomeScreenState.initState (package:cardmind/screens/home_screen.dart:60:12)
#7      StatefulElement._firstBuild (package:flutter/src/widgets/framework.dart:5953:55)
#8      ComponentElement.mount (package:flutter/src/widgets/framework.dart:5796:5)
...     Normal element mounting (7 frames)
#15     _InheritedProviderScopeElement.mount (package:provider/src/inherited_provider.dart:424:11)
...     Normal element mounting (7 frames)
#22     SingleChildWidgetElementMixin.mount (package:nested/nested.dart:222:11)
...     Normal element mounting (260 frames)
#282    Element.inflateWidget (package:flutter/src/widgets/framework.dart:4590:20)
#283    MultiChildRenderObjectElement.inflateWidget (package:flutter/src/widgets/framework.dart:7269:36)
#284    MultiChildRenderObjectElement.mount (package:flutter/src/widgets/framework.dart:7285:32)
...     Normal element mounting (465 frames)
#749    Element.inflateWidget (package:flutter/src/widgets/framework.dart:4590:20)
#750    Element.updateChild (package:flutter/src/widgets/framework.dart:4053:20)
#751    ComponentElement.performRebuild (package:flutter/src/widgets/framework.dart:5844:16)
#752    Element.rebuild (package:flutter/src/widgets/framework.dart:5532:7)
#753    ProxyElement.update (package:flutter/src/widgets/framework.dart:6152:5)
#754    _InheritedNotifierElement.update (package:flutter/src/widgets/inherited_notifier.dart:108:11)
#755    Element.updateChild (package:flutter/src/widgets/framework.dart:4037:15)
#756    ComponentElement.performRebuild (package:flutter/src/widgets/framework.dart:5844:16)
#757    StatefulElement.performRebuild (package:flutter/src/widgets/framework.dart:5985:11)
#758    Element.rebuild (package:flutter/src/widgets/framework.dart:5532:7)
#759    StatefulElement.update (package:flutter/src/widgets/framework.dart:6010:5)
#760    Element.updateChild (package:flutter/src/widgets/framework.dart:4037:15)
#761    ComponentElement.performRebuild (package:flutter/src/widgets/framework.dart:5844:16)
#762    Element.rebuild (package:flutter/src/widgets/framework.dart:5532:7)
#763    ProxyElement.update (package:flutter/src/widgets/framework.dart:6152:5)
#764    _InheritedNotifierElement.update (package:flutter/src/widgets/inherited_notifier.dart:108:11)
#765    Element.updateChild (package:flutter/src/widgets/framework.dart:4037:15)
#766    ComponentElement.performRebuild (package:flutter/src/widgets/framework.dart:5844:16)
#767    StatefulElement.performRebuild (package:flutter/src/widgets/framework.dart:5985:11)
#768    Element.rebuild (package:flutter/src/widgets/framework.dart:5532:7)
#769    StatefulElement.update (package:flutter/src/widgets/framework.dart:6010:5)
#770    Element.updateChild (package:flutter/src/widgets/framework.dart:4037:15)
#771    ComponentElement.performRebuild (package:flutter/src/widgets/framework.dart:5844:16)
#772    StatefulElement.performRebuild (package:flutter/src/widgets/framework.dart:5985:11)
#773    Element.rebuild (package:flutter/src/widgets/framework.dart:5532:7)
#774    StatefulElement.update (package:flutter/src/widgets/framework.dart:6010:5)
#775    Element.updateChild (package:flutter/src/widgets/framework.dart:4037:15)
#776    ComponentElement.performRebuild (package:flutter/src/widgets/framework.dart:5844:16)
#777    Element.rebuild (package:flutter/src/widgets/framework.dart:5532:7)
#778    ProxyElement.update (package:flutter/src/widgets/framework.dart:6152:5)
#779    Element.updateChild (package:flutter/src/widgets/framework.dart:4037:15)
#780    ComponentElement.performRebuild (package:flutter/src/widgets/framework.dart:5844:16)
#781    StatefulElement.performRebuild (package:flutter/src/widgets/framework.dart:5985:11)
#782    Element.rebuild (package:flutter/src/widgets/framework.dart:5532:7)
#783    StatefulElement.update (package:flutter/src/widgets/framework.dart:6010:5)
#784    Element.updateChild (package:flutter/src/widgets/framework.dart:4037:15)
#785    ComponentElement.performRebuild (package:flutter/src/widgets/framework.dart:5844:16)
#786    Element.rebuild (package:flutter/src/widgets/framework.dart:5532:7)
#787    ProxyElement.update (package:flutter/src/widgets/framework.dart:6152:5)
#788    Element.updateChild (package:flutter/src/widgets/framework.dart:4037:15)
#789    ComponentElement.performRebuild (package:flutter/src/widgets/framework.dart:5844:16)
#790    Element.rebuild (package:flutter/src/widgets/framework.dart:5532:7)
#791    ProxyElement.update (package:flutter/src/widgets/framework.dart:6152:5)
#792    Element.updateChild (package:flutter/src/widgets/framework.dart:4037:15)
#793    _RawViewElement._updateChild (package:flutter/src/widgets/view.dart:481:16)
#794    _RawViewElement.update (package:flutter/src/widgets/view.dart:568:5)
#795    Element.updateChild (package:flutter/src/widgets/framework.dart:4037:15)
#796    ComponentElement.performRebuild (package:flutter/src/widgets/framework.dart:5844:16)
#797    Element.rebuild (package:flutter/src/widgets/framework.dart:5532:7)
#798    StatelessElement.update (package:flutter/src/widgets/framework.dart:5898:5)
#799    Element.updateChild (package:flutter/src/widgets/framework.dart:4037:15)
#800    ComponentElement.performRebuild (package:flutter/src/widgets/framework.dart:5844:16)
#801    StatefulElement.performRebuild (package:flutter/src/widgets/framework.dart:5985:11)
#802    Element.rebuild (package:flutter/src/widgets/framework.dart:5532:7)
#803    StatefulElement.update (package:flutter/src/widgets/framework.dart:6010:5)
#804    Element.updateChild (package:flutter/src/widgets/framework.dart:4037:15)
#805    RootElement._rebuild (package:flutter/src/widgets/binding.dart:1782:16)
#806    RootElement.update (package:flutter/src/widgets/binding.dart:1760:5)
#807    RootElement.performRebuild (package:flutter/src/widgets/binding.dart:1774:7)
#808    Element.rebuild (package:flutter/src/widgets/framework.dart:5532:7)
#809    BuildScope._tryRebuild (package:flutter/src/widgets/framework.dart:2750:15)
#810    BuildScope._flushDirtyElements (package:flutter/src/widgets/framework.dart:2807:11)
#811    BuildOwner.buildScope (package:flutter/src/widgets/framework.dart:3111:18)
#812    AutomatedTestWidgetsFlutterBinding.drawFrame (package:flutter_test/src/binding.dart:1506:19)
#813    RendererBinding._handlePersistentFrameCallback (package:flutter/src/rendering/binding.dart:495:5)
#814    SchedulerBinding._invokeFrameCallback (package:flutter/src/scheduler/binding.dart:1434:15)
#815    SchedulerBinding.handleDrawFrame (package:flutter/src/scheduler/binding.dart:1347:9)
#816    AutomatedTestWidgetsFlutterBinding.pump.<anonymous closure> (package:flutter_test/src/binding.dart:1335:9)
#819    TestAsyncUtils.guard (package:flutter_test/src/test_async_utils.dart:74:41)
#820    AutomatedTestWidgetsFlutterBinding.pump (package:flutter_test/src/binding.dart:1324:27)
#821    WidgetTester.pumpWidget.<anonymous closure> (package:flutter_test/src/widget_tester.dart:598:22)
#824    TestAsyncUtils.guard (package:flutter_test/src/test_async_utils.dart:74:41)
#825    WidgetTester.pumpWidget (package:flutter_test/src/widget_tester.dart:595:27)
#826    main.<anonymous closure>.<anonymous closure>.<anonymous closure> (file:///home/alexc/Projects/CardMind/test/screens/home_screen_adaptive_test.dart:509:22)
#827    testWidgets.<anonymous closure>.<anonymous closure> (package:flutter_test/src/widget_tester.dart:192:29)
<asynchronous suspension>
#828    TestWidgetsFlutterBinding._runTestBody (package:flutter_test/src/binding.dart:1059:5)
<asynchronous suspension>
<asynchronous suspension>
(elided 8 frames from dart:async and package:stack_trace)

══╡ EXCEPTION CAUGHT BY FLUTTER TEST FRAMEWORK ╞════════════════════════════════════════════════════
The following assertion was thrown running a test:
A Timer is still pending even after the widget tree was disposed.
'package:flutter_test/src/binding.dart':
Failed assertion: line 1617 pos 12: '!timersPending'

When the exception was thrown, this was the stack:
#2      AutomatedTestWidgetsFlutterBinding._verifyInvariants (package:flutter_test/src/binding.dart:1617:12)
#3      TestWidgetsFlutterBinding._runTestBody (package:flutter_test/src/binding.dart:1078:7)
<asynchronous suspension>
<asynchronous suspension>
(elided 3 frames from class _AssertionError and package:stack_trace)

The test description was:
  it_should_use_platform_appropriate_navigation
════════════════════════════════════════════════════════════════════════════════════════════════════
00:26 +449 -67: /home/alexc/Projects/CardMind/test/screens/home_screen_adaptive_test.dart: HomeScreen Adaptive UI Platform-Specific Behavior it_should_use_platform_appropriate_navigation [E]         
  Test failed. See exception logs above.
  The test description was: it_should_use_platform_appropriate_navigation
  

To run this test again: /home/alexc/.asdf/installs/flutter/3.38.5-stable/bin/cache/dart-sdk/bin/dart test /home/alexc/Projects/CardMind/test/screens/home_screen_adaptive_test.dart -p vm --plain-name 'HomeScreen Adaptive UI Platform-Specific Behavior it_should_use_platform_appropriate_navigation'
00:26 +449 -67: /home/alexc/Projects/CardMind/test/specs/home_screen_ui_spec_test.dart: SP-UI-005: Home Screen UI Card Display Tests it_should_display_all_cards                                       
Pending timers:
Timer (duration: 0:00:00.500000, periodic: false), created:
00:26 +450 -67: /home/alexc/Projects/CardMind/test/specs/home_screen_spec_test.dart: SP-FLUT-008: Home Screen Sync Status Display it_should_show_syncing_indicator_when_syncing                        00:26 +450 -67: /home/alexc/Projects/CardMind/test/specs/home_screen_ui_spec_test.dart: SP-UI-005: Home Screen UI Card Display Tests it_should_display_all_cards                                       
#0      new FakeTimer._ (package:fake_async/fake_async.dart:342:62)
#1      FakeAsync._createTimer (package:fake_async/fake_async.dart:260:29)
#2      FakeAsync.run.<anonymous closure> (package:fake_async/fake_async.dart:185:15)
#6      _HomeScreenState.initState (package:cardmind/screens/home_screen.dart:60:12)
#7      StatefulElement._firstBuild (package:flutter/src/widgets/framework.dart:5953:55)
#8      ComponentElement.mount (package:flutter/src/widgets/framework.dart:5796:5)
...     Normal element mounting (7 frames)
#15     _InheritedProviderScopeElement.mount (package:provider/src/inherited_provider.dart:424:11)
...     Normal element mounting (7 frames)
#22     SingleChildWidgetElementMixin.mount (package:nested/nested.dart:222:11)
...     Normal element mounting (260 frames)
#282    Element.inflateWidget (package:flutter/src/widgets/framework.dart:4590:20)
#283    MultiChildRenderObjectElement.inflateWidget (package:flutter/src/widgets/framework.dart:7269:36)
#284    MultiChildRenderObjectElement.mount (package:flutter/src/widgets/framework.dart:7285:32)
...     Normal element mounting (465 frames)
#749    Element.inflateWidget (package:flutter/src/widgets/framework.dart:4590:20)
#750    Element.updateChild (package:flutter/src/widgets/framework.dart:4053:20)
#751    ComponentElement.performRebuild (package:flutter/src/widgets/framework.dart:5844:16)
#752    Element.rebuild (package:flutter/src/widgets/framework.dart:5532:7)
#753    ProxyElement.update (package:flutter/src/widgets/framework.dart:6152:5)
#754    _InheritedNotifierElement.update (package:flutter/src/widgets/inherited_notifier.dart:108:11)
#755    Element.updateChild (package:flutter/src/widgets/framework.dart:4037:15)
#756    ComponentElement.performRebuild (package:flutter/src/widgets/framework.dart:5844:16)
#757    StatefulElement.performRebuild (package:flutter/src/widgets/framework.dart:5985:11)
#758    Element.rebuild (package:flutter/src/widgets/framework.dart:5532:7)
#759    StatefulElement.update (package:flutter/src/widgets/framework.dart:6010:5)
#760    Element.updateChild (package:flutter/src/widgets/framework.dart:4037:15)
#761    ComponentElement.performRebuild (package:flutter/src/widgets/framework.dart:5844:16)
#762    Element.rebuild (package:flutter/src/widgets/framework.dart:5532:7)
#763    ProxyElement.update (package:flutter/src/widgets/framework.dart:6152:5)
#764    _InheritedNotifierElement.update (package:flutter/src/widgets/inherited_notifier.dart:108:11)
#765    Element.updateChild (package:flutter/src/widgets/framework.dart:4037:15)
#766    ComponentElement.performRebuild (package:flutter/src/widgets/framework.dart:5844:16)
#767    StatefulElement.performRebuild (package:flutter/src/widgets/framework.dart:5985:11)
#768    Element.rebuild (package:flutter/src/widgets/framework.dart:5532:7)
#769    StatefulElement.update (package:flutter/src/widgets/framework.dart:6010:5)
#770    Element.updateChild (package:flutter/src/widgets/framework.dart:4037:15)
#771    ComponentElement.performRebuild (package:flutter/src/widgets/framework.dart:5844:16)
#772    StatefulElement.performRebuild (package:flutter/src/widgets/framework.dart:5985:11)
#773    Element.rebuild (package:flutter/src/widgets/framework.dart:5532:7)
#774    StatefulElement.update (package:flutter/src/widgets/framework.dart:6010:5)
#775    Element.updateChild (package:flutter/src/widgets/framework.dart:4037:15)
#776    ComponentElement.performRebuild (package:flutter/src/widgets/framework.dart:5844:16)
#777    Element.rebuild (package:flutter/src/widgets/framework.dart:5532:7)
#778    ProxyElement.update (package:flutter/src/widgets/framework.dart:6152:5)
#779    Element.updateChild (package:flutter/src/widgets/framework.dart:4037:15)
#780    ComponentElement.performRebuild (package:flutter/src/widgets/framework.dart:5844:16)
#781    StatefulElement.performRebuild (package:flutter/src/widgets/framework.dart:5985:11)
#782    Element.rebuild (package:flutter/src/widgets/framework.dart:5532:7)
#783    StatefulElement.update (package:flutter/src/widgets/framework.dart:6010:5)
#784    Element.updateChild (package:flutter/src/widgets/framework.dart:4037:15)
#785    ComponentElement.performRebuild (package:flutter/src/widgets/framework.dart:5844:16)
#786    Element.rebuild (package:flutter/src/widgets/framework.dart:5532:7)
#787    ProxyElement.update (package:flutter/src/widgets/framework.dart:6152:5)
#788    Element.updateChild (package:flutter/src/widgets/framework.dart:4037:15)
#789    ComponentElement.performRebuild (package:flutter/src/widgets/framework.dart:5844:16)
#790    Element.rebuild (package:flutter/src/widgets/framework.dart:5532:7)
#791    ProxyElement.update (package:flutter/src/widgets/framework.dart:6152:5)
#792    Element.updateChild (package:flutter/src/widgets/framework.dart:4037:15)
#793    _RawViewElement._updateChild (package:flutter/src/widgets/view.dart:481:16)
#794    _RawViewElement.update (package:flutter/src/widgets/view.dart:568:5)
#795    Element.updateChild (package:flutter/src/widgets/framework.dart:4037:15)
#796    ComponentElement.performRebuild (package:flutter/src/widgets/framework.dart:5844:16)
#797    Element.rebuild (package:flutter/src/widgets/framework.dart:5532:7)
#798    StatelessElement.update (package:flutter/src/widgets/framework.dart:5898:5)
#799    Element.updateChild (package:flutter/src/widgets/framework.dart:4037:15)
#800    ComponentElement.performRebuild (package:flutter/src/widgets/framework.dart:5844:16)
#801    StatefulElement.performRebuild (package:flutter/src/widgets/framework.dart:5985:11)
#802    Element.rebuild (package:flutter/src/widgets/framework.dart:5532:7)
#803    StatefulElement.update (package:flutter/src/widgets/framework.dart:6010:5)
#804    Element.updateChild (package:flutter/src/widgets/framework.dart:4037:15)
#805    RootElement._rebuild (package:flutter/src/widgets/binding.dart:1782:16)
#806    RootElement.update (package:flutter/src/widgets/binding.dart:1760:5)
#807    RootElement.performRebuild (package:flutter/src/widgets/binding.dart:1774:7)
#808    Element.rebuild (package:flutter/src/widgets/framework.dart:5532:7)
#809    BuildScope._tryRebuild (package:flutter/src/widgets/framework.dart:2750:15)
#810    BuildScope._flushDirtyElements (package:flutter/src/widgets/framework.dart:2807:11)
#811    BuildOwner.buildScope (package:flutter/src/widgets/framework.dart:3111:18)
#812    AutomatedTestWidgetsFlutterBinding.drawFrame (package:flutter_test/src/binding.dart:1506:19)
#813    RendererBinding._handlePersistentFrameCallback (package:flutter/src/rendering/binding.dart:495:5)
#814    SchedulerBinding._invokeFrameCallback (package:flutter/src/scheduler/binding.dart:1434:15)
#815    SchedulerBinding.handleDrawFrame (package:flutter/src/scheduler/binding.dart:1347:9)
#816    AutomatedTestWidgetsFlutterBinding.pump.<anonymous closure> (package:flutter_test/src/binding.dart:1335:9)
#819    TestAsyncUtils.guard (package:flutter_test/src/test_async_utils.dart:74:41)
#820    AutomatedTestWidgetsFlutterBinding.pump (package:flutter_test/src/binding.dart:1324:27)
#821    WidgetTester.pumpWidget.<anonymous closure> (package:flutter_test/src/widget_tester.dart:598:22)
#824    TestAsyncUtils.guard (package:flutter_test/src/test_async_utils.dart:74:41)
#825    WidgetTester.pumpWidget (package:flutter_test/src/widget_tester.dart:595:27)
#826    main.<anonymous closure>.<anonymous closure>.<anonymous closure> (file:///home/alexc/Projects/CardMind/test/specs/home_screen_ui_spec_test.dart:428:22)
<asynchronous suspension>
#827    testWidgets.<anonymous closure>.<anonymous closure> (package:flutter_test/src/widget_tester.dart:192:15)
<asynchronous suspension>
#828    TestWidgetsFlutterBinding._runTestBody (package:flutter_test/src/binding.dart:1059:5)
<asynchronous suspension>
<asynchronous suspension>
(elided 8 frames from dart:async and package:stack_trace)

══╡ EXCEPTION CAUGHT BY FLUTTER TEST FRAMEWORK ╞════════════════════════════════════════════════════
The following assertion was thrown running a test:
A Timer is still pending even after the widget tree was disposed.
'package:flutter_test/src/binding.dart':
Failed assertion: line 1617 pos 12: '!timersPending'

When the exception was thrown, this was the stack:
#2      AutomatedTestWidgetsFlutterBinding._verifyInvariants (package:flutter_test/src/binding.dart:1617:12)
#3      TestWidgetsFlutterBinding._runTestBody (package:flutter_test/src/binding.dart:1078:7)
<asynchronous suspension>
<asynchronous suspension>
(elided 3 frames from class _AssertionError and package:stack_trace)

The test description was:
  it_should_display_all_cards
════════════════════════════════════════════════════════════════════════════════════════════════════
00:26 +450 -68: /home/alexc/Projects/CardMind/test/specs/home_screen_ui_spec_test.dart: SP-UI-005: Home Screen UI Card Display Tests it_should_display_all_cards [E]                                   
  Test failed. See exception logs above.
  The test description was: it_should_display_all_cards
  

To run this test again: /home/alexc/.asdf/installs/flutter/3.38.5-stable/bin/cache/dart-sdk/bin/dart test /home/alexc/Projects/CardMind/test/specs/home_screen_ui_spec_test.dart -p vm --plain-name 'SP-UI-005: Home Screen UI Card Display Tests it_should_display_all_cards'
00:26 +450 -68: /home/alexc/Projects/CardMind/test/specs/home_screen_spec_test.dart: SP-FLUT-008: Home Screen Sync Status Display it_should_show_syncing_indicator_when_syncing                        00:26 +451 -68: /home/alexc/Projects/CardMind/test/specs/home_screen_spec_test.dart: SP-FLUT-008: Home Screen Sync Status Display it_should_show_syncing_indicator_when_syncing                        00:26 +451 -68: /home/alexc/Projects/CardMind/test/screens/home_screen_adaptive_test.dart: HomeScreen Adaptive UI Platform-Specific Behavior it_should_adapt_touch_targets_for_platform                
Pending timers:
Timer (duration: 0:00:00.500000, periodic: false), created:
#0      new FakeTimer._ (package:fake_async/fake_async.dart:342:62)
#1      FakeAsync._createTimer (package:fake_async/fake_async.dart:260:29)
#2      FakeAsync.run.<anonymous closure> (package:fake_async/fake_async.dart:185:15)
#6      _HomeScreenState.initState (package:cardmind/screens/home_screen.dart:60:12)
#7      StatefulElement._firstBuild (package:flutter/src/widgets/framework.dart:5953:55)
#8      ComponentElement.mount (package:flutter/src/widgets/framework.dart:5796:5)
...     Normal element mounting (7 frames)
#15     _InheritedProviderScopeElement.mount (package:provider/src/inherited_provider.dart:424:11)
...     Normal element mounting (7 frames)
#22     SingleChildWidgetElementMixin.mount (package:nested/nested.dart:222:11)
...     Normal element mounting (260 frames)
#282    Element.inflateWidget (package:flutter/src/widgets/framework.dart:4590:20)
#283    MultiChildRenderObjectElement.inflateWidget (package:flutter/src/widgets/framework.dart:7269:36)
#284    MultiChildRenderObjectElement.mount (package:flutter/src/widgets/framework.dart:7285:32)
...     Normal element mounting (465 frames)
#749    Element.inflateWidget (package:flutter/src/widgets/framework.dart:4590:20)
#750    Element.updateChild (package:flutter/src/widgets/framework.dart:4053:20)
#751    ComponentElement.performRebuild (package:flutter/src/widgets/framework.dart:5844:16)
#752    Element.rebuild (package:flutter/src/widgets/framework.dart:5532:7)
#753    ProxyElement.update (package:flutter/src/widgets/framework.dart:6152:5)
#754    _InheritedNotifierElement.update (package:flutter/src/widgets/inherited_notifier.dart:108:11)
#755    Element.updateChild (package:flutter/src/widgets/framework.dart:4037:15)
#756    ComponentElement.performRebuild (package:flutter/src/widgets/framework.dart:5844:16)
#757    StatefulElement.performRebuild (package:flutter/src/widgets/framework.dart:5985:11)
#758    Element.rebuild (package:flutter/src/widgets/framework.dart:5532:7)
#759    StatefulElement.update (package:flutter/src/widgets/framework.dart:6010:5)
#760    Element.updateChild (package:flutter/src/widgets/framework.dart:4037:15)
#761    ComponentElement.performRebuild (package:flutter/src/widgets/framework.dart:5844:16)
#762    Element.rebuild (package:flutter/src/widgets/framework.dart:5532:7)
#763    ProxyElement.update (package:flutter/src/widgets/framework.dart:6152:5)
#764    _InheritedNotifierElement.update (package:flutter/src/widgets/inherited_notifier.dart:108:11)
#765    Element.updateChild (package:flutter/src/widgets/framework.dart:4037:15)
#766    ComponentElement.performRebuild (package:flutter/src/widgets/framework.dart:5844:16)
#767    StatefulElement.performRebuild (package:flutter/src/widgets/framework.dart:5985:11)
#768    Element.rebuild (package:flutter/src/widgets/framework.dart:5532:7)
#769    StatefulElement.update (package:flutter/src/widgets/framework.dart:6010:5)
#770    Element.updateChild (package:flutter/src/widgets/framework.dart:4037:15)
#771    ComponentElement.performRebuild (package:flutter/src/widgets/framework.dart:5844:16)
#772    StatefulElement.performRebuild (package:flutter/src/widgets/framework.dart:5985:11)
#773    Element.rebuild (package:flutter/src/widgets/framework.dart:5532:7)
#774    StatefulElement.update (package:flutter/src/widgets/framework.dart:6010:5)
#775    Element.updateChild (package:flutter/src/widgets/framework.dart:4037:15)
#776    ComponentElement.performRebuild (package:flutter/src/widgets/framework.dart:5844:16)
#777    Element.rebuild (package:flutter/src/widgets/framework.dart:5532:7)
#778    ProxyElement.update (package:flutter/src/widgets/framework.dart:6152:5)
#779    Element.updateChild (package:flutter/src/widgets/framework.dart:4037:15)
#780    ComponentElement.performRebuild (package:flutter/src/widgets/framework.dart:5844:16)
#781    StatefulElement.performRebuild (package:flutter/src/widgets/framework.dart:5985:11)
#782    Element.rebuild (package:flutter/src/widgets/framework.dart:5532:7)
#783    StatefulElement.update (package:flutter/src/widgets/framework.dart:6010:5)
#784    Element.updateChild (package:flutter/src/widgets/framework.dart:4037:15)
#785    ComponentElement.performRebuild (package:flutter/src/widgets/framework.dart:5844:16)
#786    Element.rebuild (package:flutter/src/widgets/framework.dart:5532:7)
#787    ProxyElement.update (package:flutter/src/widgets/framework.dart:6152:5)
#788    Element.updateChild (package:flutter/src/widgets/framework.dart:4037:15)
#789    ComponentElement.performRebuild (package:flutter/src/widgets/framework.dart:5844:16)
#790    Element.rebuild (package:flutter/src/widgets/framework.dart:5532:7)
#791    ProxyElement.update (package:flutter/src/widgets/framework.dart:6152:5)
#792    Element.updateChild (package:flutter/src/widgets/framework.dart:4037:15)
#793    _RawViewElement._updateChild (package:flutter/src/widgets/view.dart:481:16)
#794    _RawViewElement.update (package:flutter/src/widgets/view.dart:568:5)
#795    Element.updateChild (package:flutter/src/widgets/framework.dart:4037:15)
#796    ComponentElement.performRebuild (package:flutter/src/widgets/framework.dart:5844:16)
#797    Element.rebuild (package:flutter/src/widgets/framework.dart:5532:7)
#798    StatelessElement.update (package:flutter/src/widgets/framework.dart:5898:5)
#799    Element.updateChild (package:flutter/src/widgets/framework.dart:4037:15)
#800    ComponentElement.performRebuild (package:flutter/src/widgets/framework.dart:5844:16)
#801    StatefulElement.performRebuild (package:flutter/src/widgets/framework.dart:5985:11)
#802    Element.rebuild (package:flutter/src/widgets/framework.dart:5532:7)
#803    StatefulElement.update (package:flutter/src/widgets/framework.dart:6010:5)
#804    Element.updateChild (package:flutter/src/widgets/framework.dart:4037:15)
#805    RootElement._rebuild (package:flutter/src/widgets/binding.dart:1782:16)
#806    RootElement.update (package:flutter/src/widgets/binding.dart:1760:5)
#807    RootElement.performRebuild (package:flutter/src/widgets/binding.dart:1774:7)
#808    Element.rebuild (package:flutter/src/widgets/framework.dart:5532:7)
#809    BuildScope._tryRebuild (package:flutter/src/widgets/framework.dart:2750:15)
#810    BuildScope._flushDirtyElements (package:flutter/src/widgets/framework.dart:2807:11)
#811    BuildOwner.buildScope (package:flutter/src/widgets/framework.dart:3111:18)
#812    AutomatedTestWidgetsFlutterBinding.drawFrame (package:flutter_test/src/binding.dart:1506:19)
#813    RendererBinding._handlePersistentFrameCallback (package:flutter/src/rendering/binding.dart:495:5)
#814    SchedulerBinding._invokeFrameCallback (package:flutter/src/scheduler/binding.dart:1434:15)
#815    SchedulerBinding.handleDrawFrame (package:flutter/src/scheduler/binding.dart:1347:9)
#816    AutomatedTestWidgetsFlutterBinding.pump.<anonymous closure> (package:flutter_test/src/binding.dart:1335:9)
#819    TestAsyncUtils.guard (package:flutter_test/src/test_async_utils.dart:74:41)
#820    AutomatedTestWidgetsFlutterBinding.pump (package:flutter_test/src/binding.dart:1324:27)
#821    WidgetTester.pumpWidget.<anonymous closure> (package:flutter_test/src/widget_tester.dart:598:22)
#824    TestAsyncUtils.guard (package:flutter_test/src/test_async_utils.dart:74:41)
#825    WidgetTester.pumpWidget (package:flutter_test/src/widget_tester.dart:595:27)
#826    main.<anonymous closure>.<anonymous closure>.<anonymous closure> (file:///home/alexc/Projects/CardMind/test/screens/home_screen_adaptive_test.dart:528:22)
#827    testWidgets.<anonymous closure>.<anonymous closure> (package:flutter_test/src/widget_tester.dart:192:29)
<asynchronous suspension>
#828    TestWidgetsFlutterBinding._runTestBody (package:flutter_test/src/binding.dart:1059:5)
<asynchronous suspension>
<asynchronous suspension>
(elided 8 frames from dart:async and package:stack_trace)

══╡ EXCEPTION CAUGHT BY FLUTTER TEST FRAMEWORK ╞════════════════════════════════════════════════════
The following assertion was thrown running a test:
A Timer is still pending even after the widget tree was disposed.
'package:flutter_test/src/binding.dart':
Failed assertion: line 1617 pos 12: '!timersPending'

When the exception was thrown, this was the stack:
#2      AutomatedTestWidgetsFlutterBinding._verifyInvariants (package:flutter_test/src/binding.dart:1617:12)
#3      TestWidgetsFlutterBinding._runTestBody (package:flutter_test/src/binding.dart:1078:7)
<asynchronous suspension>
<asynchronous suspension>
(elided 3 frames from class _AssertionError and package:stack_trace)

The test description was:
  it_should_adapt_touch_targets_for_platform
════════════════════════════════════════════════════════════════════════════════════════════════════
00:26 +451 -69: /home/alexc/Projects/CardMind/test/screens/home_screen_adaptive_test.dart: HomeScreen Adaptive UI Platform-Specific Behavior it_should_adapt_touch_targets_for_platform [E]            
  Test failed. See exception logs above.
  The test description was: it_should_adapt_touch_targets_for_platform
  

To run this test again: /home/alexc/.asdf/installs/flutter/3.38.5-stable/bin/cache/dart-sdk/bin/dart test /home/alexc/Projects/CardMind/test/screens/home_screen_adaptive_test.dart -p vm --plain-name 'HomeScreen Adaptive UI Platform-Specific Behavior it_should_adapt_touch_targets_for_platform'
00:26 +452 -69: /home/alexc/Projects/CardMind/test/specs/home_screen_spec_test.dart: SP-FLUT-008: Home Screen Sync Status Display it_should_show_syncing_indicator_when_syncing                        00:26 +452 -69: /home/alexc/Projects/CardMind/test/specs/home_screen_ui_spec_test.dart: SP-UI-005: Home Screen UI Card Display Tests it_should_display_cards_in_list_on_mobile                         
Pending timers:
Timer (duration: 0:00:00.500000, periodic: false), created:
#0      new FakeTimer._ (package:fake_async/fake_async.dart:342:62)
#1      FakeAsync._createTimer (package:fake_async/fake_async.dart:260:29)
#2      FakeAsync.run.<anonymous closure> (package:fake_async/fake_async.dart:185:15)
#6      _HomeScreenState.initState (package:cardmind/screens/home_screen.dart:60:12)
#7      StatefulElement._firstBuild (package:flutter/src/widgets/framework.dart:5953:55)
#8      ComponentElement.mount (package:flutter/src/widgets/framework.dart:5796:5)
...     Normal element mounting (7 frames)
#15     _InheritedProviderScopeElement.mount (package:provider/src/inherited_provider.dart:424:11)
...     Normal element mounting (7 frames)
#22     SingleChildWidgetElementMixin.mount (package:nested/nested.dart:222:11)
...     Normal element mounting (260 frames)
#282    Element.inflateWidget (package:flutter/src/widgets/framework.dart:4590:20)
#283    MultiChildRenderObjectElement.inflateWidget (package:flutter/src/widgets/framework.dart:7269:36)
#284    MultiChildRenderObjectElement.mount (package:flutter/src/widgets/framework.dart:7285:32)
...     Normal element mounting (465 frames)
#749    Element.inflateWidget (package:flutter/src/widgets/framework.dart:4590:20)
#750    Element.updateChild (package:flutter/src/widgets/framework.dart:4053:20)
#751    ComponentElement.performRebuild (package:flutter/src/widgets/framework.dart:5844:16)
#752    Element.rebuild (package:flutter/src/widgets/framework.dart:5532:7)
#753    ProxyElement.update (package:flutter/src/widgets/framework.dart:6152:5)
#754    _InheritedNotifierElement.update (package:flutter/src/widgets/inherited_notifier.dart:108:11)
#755    Element.updateChild (package:flutter/src/widgets/framework.dart:4037:15)
#756    ComponentElement.performRebuild (package:flutter/src/widgets/framework.dart:5844:16)
#757    StatefulElement.performRebuild (package:flutter/src/widgets/framework.dart:5985:11)
#758    Element.rebuild (package:flutter/src/widgets/framework.dart:5532:7)
#759    StatefulElement.update (package:flutter/src/widgets/framework.dart:6010:5)
#760    Element.updateChild (package:flutter/src/widgets/framework.dart:4037:15)
#761    ComponentElement.performRebuild (package:flutter/src/widgets/framework.dart:5844:16)
#762    Element.rebuild (package:flutter/src/widgets/framework.dart:5532:7)
#763    ProxyElement.update (package:flutter/src/widgets/framework.dart:6152:5)
#764    _InheritedNotifierElement.update (package:flutter/src/widgets/inherited_notifier.dart:108:11)
#765    Element.updateChild (package:flutter/src/widgets/framework.dart:4037:15)
#766    ComponentElement.performRebuild (package:flutter/src/widgets/framework.dart:5844:16)
#767    StatefulElement.performRebuild (package:flutter/src/widgets/framework.dart:5985:11)
#768    Element.rebuild (package:flutter/src/widgets/framework.dart:5532:7)
#769    StatefulElement.update (package:flutter/src/widgets/framework.dart:6010:5)
#770    Element.updateChild (package:flutter/src/widgets/framework.dart:4037:15)
#771    ComponentElement.performRebuild (package:flutter/src/widgets/framework.dart:5844:16)
#772    StatefulElement.performRebuild (package:flutter/src/widgets/framework.dart:5985:11)
#773    Element.rebuild (package:flutter/src/widgets/framework.dart:5532:7)
#774    StatefulElement.update (package:flutter/src/widgets/framework.dart:6010:5)
#775    Element.updateChild (package:flutter/src/widgets/framework.dart:4037:15)
#776    ComponentElement.performRebuild (package:flutter/src/widgets/framework.dart:5844:16)
#777    Element.rebuild (package:flutter/src/widgets/framework.dart:5532:7)
#778    ProxyElement.update (package:flutter/src/widgets/framework.dart:6152:5)
#779    Element.updateChild (package:flutter/src/widgets/framework.dart:4037:15)
#780    ComponentElement.performRebuild (package:flutter/src/widgets/framework.dart:5844:16)
#781    StatefulElement.performRebuild (package:flutter/src/widgets/framework.dart:5985:11)
#782    Element.rebuild (package:flutter/src/widgets/framework.dart:5532:7)
#783    StatefulElement.update (package:flutter/src/widgets/framework.dart:6010:5)
#784    Element.updateChild (package:flutter/src/widgets/framework.dart:4037:15)
#785    ComponentElement.performRebuild (package:flutter/src/widgets/framework.dart:5844:16)
#786    Element.rebuild (package:flutter/src/widgets/framework.dart:5532:7)
#787    ProxyElement.update (package:flutter/src/widgets/framework.dart:6152:5)
#788    Element.updateChild (package:flutter/src/widgets/framework.dart:4037:15)
#789    ComponentElement.performRebuild (package:flutter/src/widgets/framework.dart:5844:16)
#790    Element.rebuild (package:flutter/src/widgets/framework.dart:5532:7)
#791    ProxyElement.update (package:flutter/src/widgets/framework.dart:6152:5)
#792    Element.updateChild (package:flutter/src/widgets/framework.dart:4037:15)
#793    _RawViewElement._updateChild (package:flutter/src/widgets/view.dart:481:16)
#794    _RawViewElement.update (package:flutter/src/widgets/view.dart:568:5)
#795    Element.updateChild (package:flutter/src/widgets/framework.dart:4037:15)
#796    ComponentElement.performRebuild (package:flutter/src/widgets/framework.dart:5844:16)
#797    Element.rebuild (package:flutter/src/widgets/framework.dart:5532:7)
#798    StatelessElement.update (package:flutter/src/widgets/framework.dart:5898:5)
#799    Element.updateChild (package:flutter/src/widgets/framework.dart:4037:15)
#800    ComponentElement.performRebuild (package:flutter/src/widgets/framework.dart:5844:16)
#801    StatefulElement.performRebuild (package:flutter/src/widgets/framework.dart:5985:11)
#802    Element.rebuild (package:flutter/src/widgets/framework.dart:5532:7)
#803    StatefulElement.update (package:flutter/src/widgets/framework.dart:6010:5)
#804    Element.updateChild (package:flutter/src/widgets/framework.dart:4037:15)
#805    RootElement._rebuild (package:flutter/src/widgets/binding.dart:1782:16)
#806    RootElement.update (package:flutter/src/widgets/binding.dart:1760:5)
#807    RootElement.performRebuild (package:flutter/src/widgets/binding.dart:1774:7)
#808    Element.rebuild (package:flutter/src/widgets/framework.dart:5532:7)
#809    BuildScope._tryRebuild (package:flutter/src/widgets/framework.dart:2750:15)
#810    BuildScope._flushDirtyElements (package:flutter/src/widgets/framework.dart:2807:11)
#811    BuildOwner.buildScope (package:flutter/src/widgets/framework.dart:3111:18)
#812    AutomatedTestWidgetsFlutterBinding.drawFrame (package:flutter_test/src/binding.dart:1506:19)
#813    RendererBinding._handlePersistentFrameCallback (package:flutter/src/rendering/binding.dart:495:5)
#814    SchedulerBinding._invokeFrameCallback (package:flutter/src/scheduler/binding.dart:1434:15)
#815    SchedulerBinding.handleDrawFrame (package:flutter/src/scheduler/binding.dart:1347:9)
#816    AutomatedTestWidgetsFlutterBinding.pump.<anonymous closure> (package:flutter_test/src/binding.dart:1335:9)
#819    TestAsyncUtils.guard (package:flutter_test/src/test_async_utils.dart:74:41)
#820    AutomatedTestWidgetsFlutterBinding.pump (package:flutter_test/src/binding.dart:1324:27)
#821    WidgetTester.pumpWidget.<anonymous closure> (package:flutter_test/src/widget_tester.dart:598:22)
#824    TestAsyncUtils.guard (package:flutter_test/src/test_async_utils.dart:74:41)
#825    WidgetTester.pumpWidget (package:flutter_test/src/widget_tester.dart:595:27)
#826    main.<anonymous closure>.<anonymous closure>.<anonymous closure> (file:///home/alexc/Projects/CardMind/test/specs/home_screen_ui_spec_test.dart:445:22)
<asynchronous suspension>
#827    testWidgets.<anonymous closure>.<anonymous closure> (package:flutter_test/src/widget_tester.dart:192:15)
<asynchronous suspension>
#828    TestWidgetsFlutterBinding._runTestBody (package:flutter_test/src/binding.dart:1059:5)
<asynchronous suspension>
<asynchronous suspension>
(elided 8 frames from dart:async and package:stack_trace)

══╡ EXCEPTION CAUGHT BY FLUTTER TEST FRAMEWORK ╞════════════════════════════════════════════════════
The following assertion was thrown running a test:
A Timer is still pending even after the widget tree was disposed.
'package:flutter_test/src/binding.dart':
Failed assertion: line 1617 pos 12: '!timersPending'

When the exception was thrown, this was the stack:
#2      AutomatedTestWidgetsFlutterBinding._verifyInvariants (package:flutter_test/src/binding.dart:1617:12)
#3      TestWidgetsFlutterBinding._runTestBody (package:flutter_test/src/binding.dart:1078:7)
<asynchronous suspension>
<asynchronous suspension>
(elided 3 frames from class _AssertionError and package:stack_trace)

The test description was:
  it_should_display_cards_in_list_on_mobile
════════════════════════════════════════════════════════════════════════════════════════════════════
00:26 +452 -70: /home/alexc/Projects/CardMind/test/specs/home_screen_ui_spec_test.dart: SP-UI-005: Home Screen UI Card Display Tests it_should_display_cards_in_list_on_mobile [E]                     
  Test failed. See exception logs above.
  The test description was: it_should_display_cards_in_list_on_mobile
  

To run this test again: /home/alexc/.asdf/installs/flutter/3.38.5-stable/bin/cache/dart-sdk/bin/dart test /home/alexc/Projects/CardMind/test/specs/home_screen_ui_spec_test.dart -p vm --plain-name 'SP-UI-005: Home Screen UI Card Display Tests it_should_display_cards_in_list_on_mobile'
00:26 +453 -70: /home/alexc/Projects/CardMind/test/specs/home_screen_spec_test.dart: SP-FLUT-008: Home Screen Sync Status Display it_should_show_syncing_indicator_when_syncing                        00:26 +454 -70: /home/alexc/Projects/CardMind/test/specs/home_screen_spec_test.dart: SP-FLUT-008: Home Screen Sync Status Display it_should_show_syncing_indicator_when_syncing                        00:27 +454 -70: /home/alexc/Projects/CardMind/test/specs/home_screen_spec_test.dart: SP-FLUT-008: Home Screen Sync Status Display it_should_show_syncing_indicator_when_syncing                        00:27 +455 -70: /home/alexc/Projects/CardMind/test/specs/home_screen_spec_test.dart: SP-FLUT-008: Home Screen Sync Status Display it_should_show_syncing_indicator_when_syncing                        00:27 +456 -70: /home/alexc/Projects/CardMind/test/specs/home_screen_spec_test.dart: SP-FLUT-008: Home Screen Sync Status Display it_should_show_syncing_indicator_when_syncing                        00:27 +456 -70: /home/alexc/Projects/CardMind/test/specs/home_screen_ui_spec_test.dart: SP-UI-005: Home Screen UI Card Display Tests it_should_update_display_when_card_added                          
[SUCCESS] 创建新笔记
00:27 +457 -70: /home/alexc/Projects/CardMind/test/specs/home_screen_spec_test.dart: SP-FLUT-008: Home Screen Sync Status Display it_should_show_syncing_indicator_when_syncing                        00:27 +458 -70: /home/alexc/Projects/CardMind/test/specs/home_screen_spec_test.dart: SP-FLUT-008: Home Screen Sync Status Display it_should_show_syncing_indicator_when_syncing                        00:27 +459 -70: /home/alexc/Projects/CardMind/test/specs/home_screen_spec_test.dart: SP-FLUT-008: Home Screen Sync Status Display it_should_show_syncing_indicator_when_syncing                        00:27 +460 -70: /home/alexc/Projects/CardMind/test/specs/home_screen_spec_test.dart: SP-FLUT-008: Home Screen Sync Status Display it_should_show_syncing_indicator_when_syncing                        00:27 +461 -70: /home/alexc/Projects/CardMind/test/specs/home_screen_spec_test.dart: SP-FLUT-008: Home Screen Sync Status Display it_should_show_syncing_indicator_when_syncing                        00:27 +462 -70: /home/alexc/Projects/CardMind/test/specs/home_screen_spec_test.dart: SP-FLUT-008: Home Screen Sync Status Display it_should_show_syncing_indicator_when_syncing                        00:27 +462 -70: /home/alexc/Projects/CardMind/test/integration/home_screen_search_test.dart: HomeScreen Integration Tests - Search Functionality should display search bar                             
Pending timers:
Timer (duration: 0:00:00.500000, periodic: false), created:
00:27 +463 -70: /home/alexc/Projects/CardMind/test/specs/home_screen_spec_test.dart: SP-FLUT-008: Home Screen Sync Status Display it_should_show_syncing_indicator_when_syncing                        00:27 +464 -70: /home/alexc/Projects/CardMind/test/specs/home_screen_spec_test.dart: SP-FLUT-008: Home Screen Sync Status Display it_should_show_syncing_indicator_when_syncing                        00:27 +464 -70: /home/alexc/Projects/CardMind/test/integration/home_screen_search_test.dart: HomeScreen Integration Tests - Search Functionality should display search bar                             
#0      new FakeTimer._ (package:fake_async/fake_async.dart:342:62)
#1      FakeAsync._createTimer (package:fake_async/fake_async.dart:260:29)
#2      FakeAsync.run.<anonymous closure> (package:fake_async/fake_async.dart:185:15)
#6      _HomeScreenState.initState (package:cardmind/screens/home_screen.dart:60:12)
#7      StatefulElement._firstBuild (package:flutter/src/widgets/framework.dart:5953:55)
#8      ComponentElement.mount (package:flutter/src/widgets/framework.dart:5796:5)
...     Normal element mounting (7 frames)
#15     _InheritedProviderScopeElement.mount (package:provider/src/inherited_provider.dart:424:11)
...     Normal element mounting (7 frames)
#22     SingleChildWidgetElementMixin.mount (package:nested/nested.dart:222:11)
...     Normal element mounting (260 frames)
#282    Element.inflateWidget (package:flutter/src/widgets/framework.dart:4590:20)
#283    MultiChildRenderObjectElement.inflateWidget (package:flutter/src/widgets/framework.dart:7269:36)
#284    MultiChildRenderObjectElement.mount (package:flutter/src/widgets/framework.dart:7285:32)
...     Normal element mounting (465 frames)
#749    Element.inflateWidget (package:flutter/src/widgets/framework.dart:4590:20)
#750    Element.updateChild (package:flutter/src/widgets/framework.dart:4053:20)
#751    ComponentElement.performRebuild (package:flutter/src/widgets/framework.dart:5844:16)
#752    Element.rebuild (package:flutter/src/widgets/framework.dart:5532:7)
#753    ProxyElement.update (package:flutter/src/widgets/framework.dart:6152:5)
#754    _InheritedNotifierElement.update (package:flutter/src/widgets/inherited_notifier.dart:108:11)
#755    Element.updateChild (package:flutter/src/widgets/framework.dart:4037:15)
#756    ComponentElement.performRebuild (package:flutter/src/widgets/framework.dart:5844:16)
#757    StatefulElement.performRebuild (package:flutter/src/widgets/framework.dart:5985:11)
#758    Element.rebuild (package:flutter/src/widgets/framework.dart:5532:7)
#759    StatefulElement.update (package:flutter/src/widgets/framework.dart:6010:5)
#760    Element.updateChild (package:flutter/src/widgets/framework.dart:4037:15)
#761    ComponentElement.performRebuild (package:flutter/src/widgets/framework.dart:5844:16)
#762    Element.rebuild (package:flutter/src/widgets/framework.dart:5532:7)
#763    ProxyElement.update (package:flutter/src/widgets/framework.dart:6152:5)
#764    _InheritedNotifierElement.update (package:flutter/src/widgets/inherited_notifier.dart:108:11)
#765    Element.updateChild (package:flutter/src/widgets/framework.dart:4037:15)
#766    ComponentElement.performRebuild (package:flutter/src/widgets/framework.dart:5844:16)
#767    StatefulElement.performRebuild (package:flutter/src/widgets/framework.dart:5985:11)
#768    Element.rebuild (package:flutter/src/widgets/framework.dart:5532:7)
#769    StatefulElement.update (package:flutter/src/widgets/framework.dart:6010:5)
#770    Element.updateChild (package:flutter/src/widgets/framework.dart:4037:15)
#771    ComponentElement.performRebuild (package:flutter/src/widgets/framework.dart:5844:16)
#772    StatefulElement.performRebuild (package:flutter/src/widgets/framework.dart:5985:11)
#773    Element.rebuild (package:flutter/src/widgets/framework.dart:5532:7)
#774    StatefulElement.update (package:flutter/src/widgets/framework.dart:6010:5)
#775    Element.updateChild (package:flutter/src/widgets/framework.dart:4037:15)
#776    ComponentElement.performRebuild (package:flutter/src/widgets/framework.dart:5844:16)
#777    Element.rebuild (package:flutter/src/widgets/framework.dart:5532:7)
#778    ProxyElement.update (package:flutter/src/widgets/framework.dart:6152:5)
#779    Element.updateChild (package:flutter/src/widgets/framework.dart:4037:15)
#780    ComponentElement.performRebuild (package:flutter/src/widgets/framework.dart:5844:16)
#781    StatefulElement.performRebuild (package:flutter/src/widgets/framework.dart:5985:11)
#782    Element.rebuild (package:flutter/src/widgets/framework.dart:5532:7)
#783    StatefulElement.update (package:flutter/src/widgets/framework.dart:6010:5)
#784    Element.updateChild (package:flutter/src/widgets/framework.dart:4037:15)
#785    ComponentElement.performRebuild (package:flutter/src/widgets/framework.dart:5844:16)
#786    Element.rebuild (package:flutter/src/widgets/framework.dart:5532:7)
#787    ProxyElement.update (package:flutter/src/widgets/framework.dart:6152:5)
#788    Element.updateChild (package:flutter/src/widgets/framework.dart:4037:15)
#789    ComponentElement.performRebuild (package:flutter/src/widgets/framework.dart:5844:16)
#790    Element.rebuild (package:flutter/src/widgets/framework.dart:5532:7)
#791    ProxyElement.update (package:flutter/src/widgets/framework.dart:6152:5)
#792    Element.updateChild (package:flutter/src/widgets/framework.dart:4037:15)
#793    _RawViewElement._updateChild (package:flutter/src/widgets/view.dart:481:16)
#794    _RawViewElement.update (package:flutter/src/widgets/view.dart:568:5)
#795    Element.updateChild (package:flutter/src/widgets/framework.dart:4037:15)
#796    ComponentElement.performRebuild (package:flutter/src/widgets/framework.dart:5844:16)
#797    Element.rebuild (package:flutter/src/widgets/framework.dart:5532:7)
#798    StatelessElement.update (package:flutter/src/widgets/framework.dart:5898:5)
#799    Element.updateChild (package:flutter/src/widgets/framework.dart:4037:15)
#800    ComponentElement.performRebuild (package:flutter/src/widgets/framework.dart:5844:16)
#801    StatefulElement.performRebuild (package:flutter/src/widgets/framework.dart:5985:11)
#802    Element.rebuild (package:flutter/src/widgets/framework.dart:5532:7)
#803    StatefulElement.update (package:flutter/src/widgets/framework.dart:6010:5)
#804    Element.updateChild (package:flutter/src/widgets/framework.dart:4037:15)
#805    RootElement._rebuild (package:flutter/src/widgets/binding.dart:1782:16)
#806    RootElement.update (package:flutter/src/widgets/binding.dart:1760:5)
#807    RootElement.performRebuild (package:flutter/src/widgets/binding.dart:1774:7)
#808    Element.rebuild (package:flutter/src/widgets/framework.dart:5532:7)
#809    BuildScope._tryRebuild (package:flutter/src/widgets/framework.dart:2750:15)
#810    BuildScope._flushDirtyElements (package:flutter/src/widgets/framework.dart:2807:11)
#811    BuildOwner.buildScope (package:flutter/src/widgets/framework.dart:3111:18)
#812    AutomatedTestWidgetsFlutterBinding.drawFrame (package:flutter_test/src/binding.dart:1506:19)
#813    RendererBinding._handlePersistentFrameCallback (package:flutter/src/rendering/binding.dart:495:5)
#814    SchedulerBinding._invokeFrameCallback (package:flutter/src/scheduler/binding.dart:1434:15)
#815    SchedulerBinding.handleDrawFrame (package:flutter/src/scheduler/binding.dart:1347:9)
#816    AutomatedTestWidgetsFlutterBinding.pump.<anonymous closure> (package:flutter_test/src/binding.dart:1335:9)
#819    TestAsyncUtils.guard (package:flutter_test/src/test_async_utils.dart:74:41)
#820    AutomatedTestWidgetsFlutterBinding.pump (package:flutter_test/src/binding.dart:1324:27)
#821    WidgetTester.pumpWidget.<anonymous closure> (package:flutter_test/src/widget_tester.dart:598:22)
#824    TestAsyncUtils.guard (package:flutter_test/src/test_async_utils.dart:74:41)
#825    WidgetTester.pumpWidget (package:flutter_test/src/widget_tester.dart:595:27)
#826    main.<anonymous closure>.<anonymous closure> (file:///home/alexc/Projects/CardMind/test/integration/home_screen_search_test.dart:76:20)
<asynchronous suspension>
#827    testWidgets.<anonymous closure>.<anonymous closure> (package:flutter_test/src/widget_tester.dart:192:15)
<asynchronous suspension>
#828    TestWidgetsFlutterBinding._runTestBody (package:flutter_test/src/binding.dart:1059:5)
<asynchronous suspension>
<asynchronous suspension>
(elided 8 frames from dart:async and package:stack_trace)

00:27 +465 -70: /home/alexc/Projects/CardMind/test/specs/home_screen_spec_test.dart: SP-FLUT-008: Home Screen Sync Status Display it_should_show_syncing_indicator_when_syncing                        00:27 +465 -70: /home/alexc/Projects/CardMind/test/integration/home_screen_search_test.dart: HomeScreen Integration Tests - Search Functionality should display search bar                             
══╡ EXCEPTION CAUGHT BY FLUTTER TEST FRAMEWORK ╞════════════════════════════════════════════════════
The following assertion was thrown running a test:
A Timer is still pending even after the widget tree was disposed.
'package:flutter_test/src/binding.dart':
Failed assertion: line 1617 pos 12: '!timersPending'

When the exception was thrown, this was the stack:
#2      AutomatedTestWidgetsFlutterBinding._verifyInvariants (package:flutter_test/src/binding.dart:1617:12)
#3      TestWidgetsFlutterBinding._runTestBody (package:flutter_test/src/binding.dart:1078:7)
<asynchronous suspension>
<asynchronous suspension>
(elided 3 frames from class _AssertionError and package:stack_trace)

The test description was:
  should display search bar
════════════════════════════════════════════════════════════════════════════════════════════════════
00:27 +465 -71: /home/alexc/Projects/CardMind/test/integration/home_screen_search_test.dart: HomeScreen Integration Tests - Search Functionality should display search bar [E]                         
  Test failed. See exception logs above.
  The test description was: should display search bar
  

To run this test again: /home/alexc/.asdf/installs/flutter/3.38.5-stable/bin/cache/dart-sdk/bin/dart test /home/alexc/Projects/CardMind/test/integration/home_screen_search_test.dart -p vm --plain-name 'HomeScreen Integration Tests - Search Functionality should display search bar'
00:27 +466 -71: /home/alexc/Projects/CardMind/test/specs/home_screen_spec_test.dart: SP-FLUT-008: Home Screen Sync Status Display it_should_show_syncing_indicator_when_syncing                        00:27 +466 -71: /home/alexc/Projects/CardMind/test/specs/home_screen_ui_spec_test.dart: SP-UI-005: Home Screen UI Mobile Navigation Tests it_should_display_mobile_nav_on_mobile                       
Pending timers:
Timer (duration: 0:00:00.500000, periodic: false), created:
#0      new FakeTimer._ (package:fake_async/fake_async.dart:342:62)
#1      FakeAsync._createTimer (package:fake_async/fake_async.dart:260:29)
#2      FakeAsync.run.<anonymous closure> (package:fake_async/fake_async.dart:185:15)
#6      _HomeScreenState.initState (package:cardmind/screens/home_screen.dart:60:12)
#7      StatefulElement._firstBuild (package:flutter/src/widgets/framework.dart:5953:55)
#8      ComponentElement.mount (package:flutter/src/widgets/framework.dart:5796:5)
...     Normal element mounting (7 frames)
#15     _InheritedProviderScopeElement.mount (package:provider/src/inherited_provider.dart:424:11)
...     Normal element mounting (7 frames)
#22     SingleChildWidgetElementMixin.mount (package:nested/nested.dart:222:11)
...     Normal element mounting (260 frames)
#282    Element.inflateWidget (package:flutter/src/widgets/framework.dart:4590:20)
#283    MultiChildRenderObjectElement.inflateWidget (package:flutter/src/widgets/framework.dart:7269:36)
#284    MultiChildRenderObjectElement.mount (package:flutter/src/widgets/framework.dart:7285:32)
...     Normal element mounting (465 frames)
#749    Element.inflateWidget (package:flutter/src/widgets/framework.dart:4590:20)
#750    Element.updateChild (package:flutter/src/widgets/framework.dart:4053:20)
#751    ComponentElement.performRebuild (package:flutter/src/widgets/framework.dart:5844:16)
#752    Element.rebuild (package:flutter/src/widgets/framework.dart:5532:7)
#753    ProxyElement.update (package:flutter/src/widgets/framework.dart:6152:5)
#754    _InheritedNotifierElement.update (package:flutter/src/widgets/inherited_notifier.dart:108:11)
#755    Element.updateChild (package:flutter/src/widgets/framework.dart:4037:15)
#756    ComponentElement.performRebuild (package:flutter/src/widgets/framework.dart:5844:16)
#757    StatefulElement.performRebuild (package:flutter/src/widgets/framework.dart:5985:11)
#758    Element.rebuild (package:flutter/src/widgets/framework.dart:5532:7)
#759    StatefulElement.update (package:flutter/src/widgets/framework.dart:6010:5)
#760    Element.updateChild (package:flutter/src/widgets/framework.dart:4037:15)
#761    ComponentElement.performRebuild (package:flutter/src/widgets/framework.dart:5844:16)
#762    Element.rebuild (package:flutter/src/widgets/framework.dart:5532:7)
#763    ProxyElement.update (package:flutter/src/widgets/framework.dart:6152:5)
#764    _InheritedNotifierElement.update (package:flutter/src/widgets/inherited_notifier.dart:108:11)
#765    Element.updateChild (package:flutter/src/widgets/framework.dart:4037:15)
#766    ComponentElement.performRebuild (package:flutter/src/widgets/framework.dart:5844:16)
#767    StatefulElement.performRebuild (package:flutter/src/widgets/framework.dart:5985:11)
#768    Element.rebuild (package:flutter/src/widgets/framework.dart:5532:7)
#769    StatefulElement.update (package:flutter/src/widgets/framework.dart:6010:5)
#770    Element.updateChild (package:flutter/src/widgets/framework.dart:4037:15)
#771    ComponentElement.performRebuild (package:flutter/src/widgets/framework.dart:5844:16)
#772    StatefulElement.performRebuild (package:flutter/src/widgets/framework.dart:5985:11)
#773    Element.rebuild (package:flutter/src/widgets/framework.dart:5532:7)
#774    StatefulElement.update (package:flutter/src/widgets/framework.dart:6010:5)
#775    Element.updateChild (package:flutter/src/widgets/framework.dart:4037:15)
#776    ComponentElement.performRebuild (package:flutter/src/widgets/framework.dart:5844:16)
#777    Element.rebuild (package:flutter/src/widgets/framework.dart:5532:7)
#778    ProxyElement.update (package:flutter/src/widgets/framework.dart:6152:5)
#779    Element.updateChild (package:flutter/src/widgets/framework.dart:4037:15)
#780    ComponentElement.performRebuild (package:flutter/src/widgets/framework.dart:5844:16)
#781    StatefulElement.performRebuild (package:flutter/src/widgets/framework.dart:5985:11)
#782    Element.rebuild (package:flutter/src/widgets/framework.dart:5532:7)
#783    StatefulElement.update (package:flutter/src/widgets/framework.dart:6010:5)
#784    Element.updateChild (package:flutter/src/widgets/framework.dart:4037:15)
#785    ComponentElement.performRebuild (package:flutter/src/widgets/framework.dart:5844:16)
#786    Element.rebuild (package:flutter/src/widgets/framework.dart:5532:7)
#787    ProxyElement.update (package:flutter/src/widgets/framework.dart:6152:5)
#788    Element.updateChild (package:flutter/src/widgets/framework.dart:4037:15)
#789    ComponentElement.performRebuild (package:flutter/src/widgets/framework.dart:5844:16)
#790    Element.rebuild (package:flutter/src/widgets/framework.dart:5532:7)
#791    ProxyElement.update (package:flutter/src/widgets/framework.dart:6152:5)
#792    Element.updateChild (package:flutter/src/widgets/framework.dart:4037:15)
#793    _RawViewElement._updateChild (package:flutter/src/widgets/view.dart:481:16)
#794    _RawViewElement.update (package:flutter/src/widgets/view.dart:568:5)
#795    Element.updateChild (package:flutter/src/widgets/framework.dart:4037:15)
#796    ComponentElement.performRebuild (package:flutter/src/widgets/framework.dart:5844:16)
#797    Element.rebuild (package:flutter/src/widgets/framework.dart:5532:7)
#798    StatelessElement.update (package:flutter/src/widgets/framework.dart:5898:5)
#799    Element.updateChild (package:flutter/src/widgets/framework.dart:4037:15)
#800    ComponentElement.performRebuild (package:flutter/src/widgets/framework.dart:5844:16)
#801    StatefulElement.performRebuild (package:flutter/src/widgets/framework.dart:5985:11)
#802    Element.rebuild (package:flutter/src/widgets/framework.dart:5532:7)
#803    StatefulElement.update (package:flutter/src/widgets/framework.dart:6010:5)
#804    Element.updateChild (package:flutter/src/widgets/framework.dart:4037:15)
#805    RootElement._rebuild (package:flutter/src/widgets/binding.dart:1782:16)
#806    RootElement.update (package:flutter/src/widgets/binding.dart:1760:5)
#807    RootElement.performRebuild (package:flutter/src/widgets/binding.dart:1774:7)
#808    Element.rebuild (package:flutter/src/widgets/framework.dart:5532:7)
#809    BuildScope._tryRebuild (package:flutter/src/widgets/framework.dart:2750:15)
#810    BuildScope._flushDirtyElements (package:flutter/src/widgets/framework.dart:2807:11)
#811    BuildOwner.buildScope (package:flutter/src/widgets/framework.dart:3111:18)
#812    AutomatedTestWidgetsFlutterBinding.drawFrame (package:flutter_test/src/binding.dart:1506:19)
#813    RendererBinding._handlePersistentFrameCallback (package:flutter/src/rendering/binding.dart:495:5)
#814    SchedulerBinding._invokeFrameCallback (package:flutter/src/scheduler/binding.dart:1434:15)
#815    SchedulerBinding.handleDrawFrame (package:flutter/src/scheduler/binding.dart:1347:9)
#816    AutomatedTestWidgetsFlutterBinding.pump.<anonymous closure> (package:flutter_test/src/binding.dart:1335:9)
#819    TestAsyncUtils.guard (package:flutter_test/src/test_async_utils.dart:74:41)
#820    AutomatedTestWidgetsFlutterBinding.pump (package:flutter_test/src/binding.dart:1324:27)
#821    WidgetTester.pumpWidget.<anonymous closure> (package:flutter_test/src/widget_tester.dart:598:22)
#824    TestAsyncUtils.guard (package:flutter_test/src/test_async_utils.dart:74:41)
#825    WidgetTester.pumpWidget (package:flutter_test/src/widget_tester.dart:595:27)
#826    main.<anonymous closure>.<anonymous closure>.<anonymous closure> (file:///home/alexc/Projects/CardMind/test/specs/home_screen_ui_spec_test.dart:479:22)
#827    testWidgets.<anonymous closure>.<anonymous closure> (package:flutter_test/src/widget_tester.dart:192:29)
<asynchronous suspension>
#828    TestWidgetsFlutterBinding._runTestBody (package:flutter_test/src/binding.dart:1059:5)
<asynchronous suspension>
<asynchronous suspension>
(elided 8 frames from dart:async and package:stack_trace)

══╡ EXCEPTION CAUGHT BY FLUTTER TEST FRAMEWORK ╞════════════════════════════════════════════════════
The following assertion was thrown running a test:
A Timer is still pending even after the widget tree was disposed.
'package:flutter_test/src/binding.dart':
Failed assertion: line 1617 pos 12: '!timersPending'

When the exception was thrown, this was the stack:
#2      AutomatedTestWidgetsFlutterBinding._verifyInvariants (package:flutter_test/src/binding.dart:1617:12)
#3      TestWidgetsFlutterBinding._runTestBody (package:flutter_test/src/binding.dart:1078:7)
<asynchronous suspension>
<asynchronous suspension>
(elided 3 frames from class _AssertionError and package:stack_trace)

The test description was:
  it_should_display_mobile_nav_on_mobile
════════════════════════════════════════════════════════════════════════════════════════════════════
00:27 +466 -72: /home/alexc/Projects/CardMind/test/specs/home_screen_ui_spec_test.dart: SP-UI-005: Home Screen UI Mobile Navigation Tests it_should_display_mobile_nav_on_mobile [E]                   
  Test failed. See exception logs above.
  The test description was: it_should_display_mobile_nav_on_mobile
  

To run this test again: /home/alexc/.asdf/installs/flutter/3.38.5-stable/bin/cache/dart-sdk/bin/dart test /home/alexc/Projects/CardMind/test/specs/home_screen_ui_spec_test.dart -p vm --plain-name 'SP-UI-005: Home Screen UI Mobile Navigation Tests it_should_display_mobile_nav_on_mobile'
00:27 +467 -72: /home/alexc/Projects/CardMind/test/specs/home_screen_spec_test.dart: SP-FLUT-008: Home Screen Sync Status Display it_should_show_syncing_indicator_when_syncing                        00:27 +468 -72: /home/alexc/Projects/CardMind/test/specs/home_screen_spec_test.dart: SP-FLUT-008: Home Screen Sync Status Display it_should_show_syncing_indicator_when_syncing                        00:27 +469 -72: /home/alexc/Projects/CardMind/test/specs/home_screen_spec_test.dart: SP-FLUT-008: Home Screen Sync Status Display it_should_show_syncing_indicator_when_syncing                        00:28 +469 -72: /home/alexc/Projects/CardMind/test/specs/home_screen_spec_test.dart: SP-FLUT-008: Home Screen Sync Status Display it_should_show_syncing_indicator_when_syncing                        00:28 +470 -72: /home/alexc/Projects/CardMind/test/specs/home_screen_spec_test.dart: SP-FLUT-008: Home Screen Sync Status Display it_should_show_syncing_indicator_when_syncing                        00:28 +470 -72: /home/alexc/Projects/CardMind/test/specs/fullscreen_editor_spec_test.dart: SP-UI-004: Fullscreen Editor UI Auto-save Tests it_should_trigger_autosave_after_2_seconds_inactivity       
自动保存草稿
00:28 +471 -72: /home/alexc/Projects/CardMind/test/specs/home_screen_spec_test.dart: SP-FLUT-008: Home Screen Sync Status Display it_should_show_syncing_indicator_when_syncing                        00:28 +472 -72: /home/alexc/Projects/CardMind/test/specs/home_screen_spec_test.dart: SP-FLUT-008: Home Screen Sync Status Display it_should_show_syncing_indicator_when_syncing                        00:28 +473 -72: /home/alexc/Projects/CardMind/test/specs/home_screen_spec_test.dart: SP-FLUT-008: Home Screen Sync Status Display it_should_show_syncing_indicator_when_syncing                        00:28 +474 -72: /home/alexc/Projects/CardMind/test/specs/home_screen_spec_test.dart: SP-FLUT-008: Home Screen Sync Status Display it_should_show_syncing_indicator_when_syncing                        00:28 +475 -72: /home/alexc/Projects/CardMind/test/specs/home_screen_spec_test.dart: SP-FLUT-008: Home Screen Sync Status Display it_should_show_syncing_indicator_when_syncing                        00:28 +476 -72: /home/alexc/Projects/CardMind/test/specs/home_screen_spec_test.dart: SP-FLUT-008: Home Screen Sync Status Display it_should_show_syncing_indicator_when_syncing                        00:28 +477 -72: /home/alexc/Projects/CardMind/test/specs/home_screen_spec_test.dart: SP-FLUT-008: Home Screen Sync Status Display it_should_show_syncing_indicator_when_syncing                        00:28 +478 -72: /home/alexc/Projects/CardMind/test/specs/home_screen_spec_test.dart: SP-FLUT-008: Home Screen Sync Status Display it_should_show_syncing_indicator_when_syncing                        00:28 +479 -72: /home/alexc/Projects/CardMind/test/specs/home_screen_spec_test.dart: SP-FLUT-008: Home Screen Sync Status Display it_should_show_syncing_indicator_when_syncing                        00:28 +480 -72: /home/alexc/Projects/CardMind/test/specs/home_screen_spec_test.dart: SP-FLUT-008: Home Screen Sync Status Display it_should_show_syncing_indicator_when_syncing                        00:28 +481 -72: /home/alexc/Projects/CardMind/test/specs/home_screen_spec_test.dart: SP-FLUT-008: Home Screen Sync Status Display it_should_show_syncing_indicator_when_syncing                        00:28 +482 -72: /home/alexc/Projects/CardMind/test/specs/home_screen_spec_test.dart: SP-FLUT-008: Home Screen Sync Status Display it_should_show_syncing_indicator_when_syncing                        00:28 +483 -72: /home/alexc/Projects/CardMind/test/specs/home_screen_spec_test.dart: SP-FLUT-008: Home Screen Sync Status Display it_should_show_syncing_indicator_when_syncing                        00:28 +484 -72: /home/alexc/Projects/CardMind/test/specs/home_screen_spec_test.dart: SP-FLUT-008: Home Screen Sync Status Display it_should_show_syncing_indicator_when_syncing                        00:28 +485 -72: /home/alexc/Projects/CardMind/test/specs/home_screen_spec_test.dart: SP-FLUT-008: Home Screen Sync Status Display it_should_show_syncing_indicator_when_syncing                        00:28 +486 -72: /home/alexc/Projects/CardMind/test/specs/home_screen_spec_test.dart: SP-FLUT-008: Home Screen Sync Status Display it_should_show_syncing_indicator_when_syncing                        00:28 +487 -72: /home/alexc/Projects/CardMind/test/specs/home_screen_spec_test.dart: SP-FLUT-008: Home Screen Sync Status Display it_should_show_syncing_indicator_when_syncing                        00:28 +488 -72: /home/alexc/Projects/CardMind/test/specs/home_screen_spec_test.dart: SP-FLUT-008: Home Screen Sync Status Display it_should_show_syncing_indicator_when_syncing                        00:28 +489 -72: /home/alexc/Projects/CardMind/test/specs/home_screen_spec_test.dart: SP-FLUT-008: Home Screen Sync Status Display it_should_show_syncing_indicator_when_syncing                        00:28 +489 -72: /home/alexc/Projects/CardMind/test/specs/fullscreen_editor_spec_test.dart: SP-UI-004: Fullscreen Editor UI Auto-save Tests it_should_debounce_autosave_during_rapid_typing             
自动保存草稿
00:28 +490 -72: /home/alexc/Projects/CardMind/test/specs/home_screen_spec_test.dart: SP-FLUT-008: Home Screen Sync Status Display it_should_show_syncing_indicator_when_syncing                        00:28 +491 -72: /home/alexc/Projects/CardMind/test/specs/home_screen_spec_test.dart: SP-FLUT-008: Home Screen Sync Status Display it_should_show_syncing_indicator_when_syncing                        00:28 +492 -72: /home/alexc/Projects/CardMind/test/specs/home_screen_spec_test.dart: SP-FLUT-008: Home Screen Sync Status Display it_should_show_syncing_indicator_when_syncing                        00:28 +492 -72: /home/alexc/Projects/CardMind/test/specs/home_screen_ui_spec_test.dart: SP-UI-005: Home Screen UI Mobile Navigation Tests it_should_display_notes_tab_by_default                       
Pending timers:
Timer (duration: 0:00:00.500000, periodic: false), created:
#0      new FakeTimer._ (package:fake_async/fake_async.dart:342:62)
#1      FakeAsync._createTimer (package:fake_async/fake_async.dart:260:29)
#2      FakeAsync.run.<anonymous closure> (package:fake_async/fake_async.dart:185:15)
#6      _HomeScreenState.initState (package:cardmind/screens/home_screen.dart:60:12)
#7      StatefulElement._firstBuild (package:flutter/src/widgets/framework.dart:5953:55)
#8      ComponentElement.mount (package:flutter/src/widgets/framework.dart:5796:5)
...     Normal element mounting (7 frames)
#15     _InheritedProviderScopeElement.mount (package:provider/src/inherited_provider.dart:424:11)
...     Normal element mounting (7 frames)
#22     SingleChildWidgetElementMixin.mount (package:nested/nested.dart:222:11)
...     Normal element mounting (260 frames)
#282    Element.inflateWidget (package:flutter/src/widgets/framework.dart:4590:20)
#283    MultiChildRenderObjectElement.inflateWidget (package:flutter/src/widgets/framework.dart:7269:36)
#284    MultiChildRenderObjectElement.mount (package:flutter/src/widgets/framework.dart:7285:32)
...     Normal element mounting (465 frames)
#749    Element.inflateWidget (package:flutter/src/widgets/framework.dart:4590:20)
#750    Element.updateChild (package:flutter/src/widgets/framework.dart:4053:20)
#751    ComponentElement.performRebuild (package:flutter/src/widgets/framework.dart:5844:16)
#752    Element.rebuild (package:flutter/src/widgets/framework.dart:5532:7)
#753    ProxyElement.update (package:flutter/src/widgets/framework.dart:6152:5)
#754    _InheritedNotifierElement.update (package:flutter/src/widgets/inherited_notifier.dart:108:11)
#755    Element.updateChild (package:flutter/src/widgets/framework.dart:4037:15)
#756    ComponentElement.performRebuild (package:flutter/src/widgets/framework.dart:5844:16)
#757    StatefulElement.performRebuild (package:flutter/src/widgets/framework.dart:5985:11)
#758    Element.rebuild (package:flutter/src/widgets/framework.dart:5532:7)
#759    StatefulElement.update (package:flutter/src/widgets/framework.dart:6010:5)
#760    Element.updateChild (package:flutter/src/widgets/framework.dart:4037:15)
#761    ComponentElement.performRebuild (package:flutter/src/widgets/framework.dart:5844:16)
#762    Element.rebuild (package:flutter/src/widgets/framework.dart:5532:7)
#763    ProxyElement.update (package:flutter/src/widgets/framework.dart:6152:5)
#764    _InheritedNotifierElement.update (package:flutter/src/widgets/inherited_notifier.dart:108:11)
#765    Element.updateChild (package:flutter/src/widgets/framework.dart:4037:15)
#766    ComponentElement.performRebuild (package:flutter/src/widgets/framework.dart:5844:16)
#767    StatefulElement.performRebuild (package:flutter/src/widgets/framework.dart:5985:11)
#768    Element.rebuild (package:flutter/src/widgets/framework.dart:5532:7)
#769    StatefulElement.update (package:flutter/src/widgets/framework.dart:6010:5)
#770    Element.updateChild (package:flutter/src/widgets/framework.dart:4037:15)
#771    ComponentElement.performRebuild (package:flutter/src/widgets/framework.dart:5844:16)
#772    StatefulElement.performRebuild (package:flutter/src/widgets/framework.dart:5985:11)
#773    Element.rebuild (package:flutter/src/widgets/framework.dart:5532:7)
#774    StatefulElement.update (package:flutter/src/widgets/framework.dart:6010:5)
#775    Element.updateChild (package:flutter/src/widgets/framework.dart:4037:15)
#776    ComponentElement.performRebuild (package:flutter/src/widgets/framework.dart:5844:16)
#777    Element.rebuild (package:flutter/src/widgets/framework.dart:5532:7)
#778    ProxyElement.update (package:flutter/src/widgets/framework.dart:6152:5)
#779    Element.updateChild (package:flutter/src/widgets/framework.dart:4037:15)
#780    ComponentElement.performRebuild (package:flutter/src/widgets/framework.dart:5844:16)
#781    StatefulElement.performRebuild (package:flutter/src/widgets/framework.dart:5985:11)
#782    Element.rebuild (package:flutter/src/widgets/framework.dart:5532:7)
#783    StatefulElement.update (package:flutter/src/widgets/framework.dart:6010:5)
#784    Element.updateChild (package:flutter/src/widgets/framework.dart:4037:15)
#785    ComponentElement.performRebuild (package:flutter/src/widgets/framework.dart:5844:16)
#786    Element.rebuild (package:flutter/src/widgets/framework.dart:5532:7)
#787    ProxyElement.update (package:flutter/src/widgets/framework.dart:6152:5)
#788    Element.updateChild (package:flutter/src/widgets/framework.dart:4037:15)
#789    ComponentElement.performRebuild (package:flutter/src/widgets/framework.dart:5844:16)
#790    Element.rebuild (package:flutter/src/widgets/framework.dart:5532:7)
#791    ProxyElement.update (package:flutter/src/widgets/framework.dart:6152:5)
#792    Element.updateChild (package:flutter/src/widgets/framework.dart:4037:15)
#793    _RawViewElement._updateChild (package:flutter/src/widgets/view.dart:481:16)
#794    _RawViewElement.update (package:flutter/src/widgets/view.dart:568:5)
#795    Element.updateChild (package:flutter/src/widgets/framework.dart:4037:15)
#796    ComponentElement.performRebuild (package:flutter/src/widgets/framework.dart:5844:16)
#797    Element.rebuild (package:flutter/src/widgets/framework.dart:5532:7)
#798    StatelessElement.update (package:flutter/src/widgets/framework.dart:5898:5)
#799    Element.updateChild (package:flutter/src/widgets/framework.dart:4037:15)
#800    ComponentElement.performRebuild (package:flutter/src/widgets/framework.dart:5844:16)
#801    StatefulElement.performRebuild (package:flutter/src/widgets/framework.dart:5985:11)
#802    Element.rebuild (package:flutter/src/widgets/framework.dart:5532:7)
#803    StatefulElement.update (package:flutter/src/widgets/framework.dart:6010:5)
#804    Element.updateChild (package:flutter/src/widgets/framework.dart:4037:15)
#805    RootElement._rebuild (package:flutter/src/widgets/binding.dart:1782:16)
#806    RootElement.update (package:flutter/src/widgets/binding.dart:1760:5)
#807    RootElement.performRebuild (package:flutter/src/widgets/binding.dart:1774:7)
#808    Element.rebuild (package:flutter/src/widgets/framework.dart:5532:7)
#809    BuildScope._tryRebuild (package:flutter/src/widgets/framework.dart:2750:15)
#810    BuildScope._flushDirtyElements (package:flutter/src/widgets/framework.dart:2807:11)
#811    BuildOwner.buildScope (package:flutter/src/widgets/framework.dart:3111:18)
#812    AutomatedTestWidgetsFlutterBinding.drawFrame (package:flutter_test/src/binding.dart:1506:19)
#813    RendererBinding._handlePersistentFrameCallback (package:flutter/src/rendering/binding.dart:495:5)
#814    SchedulerBinding._invokeFrameCallback (package:flutter/src/scheduler/binding.dart:1434:15)
#815    SchedulerBinding.handleDrawFrame (package:flutter/src/scheduler/binding.dart:1347:9)
#816    AutomatedTestWidgetsFlutterBinding.pump.<anonymous closure> (package:flutter_test/src/binding.dart:1335:9)
#819    TestAsyncUtils.guard (package:flutter_test/src/test_async_utils.dart:74:41)
#820    AutomatedTestWidgetsFlutterBinding.pump (package:flutter_test/src/binding.dart:1324:27)
#821    WidgetTester.pumpWidget.<anonymous closure> (package:flutter_test/src/widget_tester.dart:598:22)
#824    TestAsyncUtils.guard (package:flutter_test/src/test_async_utils.dart:74:41)
#825    WidgetTester.pumpWidget (package:flutter_test/src/widget_tester.dart:595:27)
#826    main.<anonymous closure>.<anonymous closure>.<anonymous closure> (file:///home/alexc/Projects/CardMind/test/specs/home_screen_ui_spec_test.dart:507:22)
#827    testWidgets.<anonymous closure>.<anonymous closure> (package:flutter_test/src/widget_tester.dart:192:29)
<asynchronous suspension>
#828    TestWidgetsFlutterBinding._runTestBody (package:flutter_test/src/binding.dart:1059:5)
<asynchronous suspension>
<asynchronous suspension>
(elided 8 frames from dart:async and package:stack_trace)

══╡ EXCEPTION CAUGHT BY FLUTTER TEST FRAMEWORK ╞════════════════════════════════════════════════════
The following assertion was thrown running a test:
A Timer is still pending even after the widget tree was disposed.
'package:flutter_test/src/binding.dart':
Failed assertion: line 1617 pos 12: '!timersPending'

When the exception was thrown, this was the stack:
#2      AutomatedTestWidgetsFlutterBinding._verifyInvariants (package:flutter_test/src/binding.dart:1617:12)
#3      TestWidgetsFlutterBinding._runTestBody (package:flutter_test/src/binding.dart:1078:7)
<asynchronous suspension>
<asynchronous suspension>
(elided 3 frames from class _AssertionError and package:stack_trace)

The test description was:
  it_should_display_notes_tab_by_default
════════════════════════════════════════════════════════════════════════════════════════════════════
00:28 +492 -73: /home/alexc/Projects/CardMind/test/specs/home_screen_ui_spec_test.dart: SP-UI-005: Home Screen UI Mobile Navigation Tests it_should_display_notes_tab_by_default [E]                   
  Test failed. See exception logs above.
  The test description was: it_should_display_notes_tab_by_default
  

To run this test again: /home/alexc/.asdf/installs/flutter/3.38.5-stable/bin/cache/dart-sdk/bin/dart test /home/alexc/Projects/CardMind/test/specs/home_screen_ui_spec_test.dart -p vm --plain-name 'SP-UI-005: Home Screen UI Mobile Navigation Tests it_should_display_notes_tab_by_default'
00:28 +493 -73: /home/alexc/Projects/CardMind/test/specs/home_screen_spec_test.dart: SP-FLUT-008: Home Screen Sync Status Display it_should_show_syncing_indicator_when_syncing                        00:28 +494 -73: /home/alexc/Projects/CardMind/test/specs/home_screen_spec_test.dart: SP-FLUT-008: Home Screen Sync Status Display it_should_show_syncing_indicator_when_syncing                        00:28 +494 -73: /home/alexc/Projects/CardMind/test/specs/home_screen_ui_spec_test.dart: SP-UI-005: Home Screen UI Sync Status Tests it_should_display_sync_status_indicator                            
Pending timers:
Timer (duration: 0:00:00.500000, periodic: false), created:
00:28 +495 -73: /home/alexc/Projects/CardMind/test/specs/home_screen_spec_test.dart: SP-FLUT-008: Home Screen Sync Status Display it_should_show_syncing_indicator_when_syncing                        00:28 +495 -73: /home/alexc/Projects/CardMind/test/specs/home_screen_ui_spec_test.dart: SP-UI-005: Home Screen UI Sync Status Tests it_should_display_sync_status_indicator                            
#0      new FakeTimer._ (package:fake_async/fake_async.dart:342:62)
#1      FakeAsync._createTimer (package:fake_async/fake_async.dart:260:29)
#2      FakeAsync.run.<anonymous closure> (package:fake_async/fake_async.dart:185:15)
#6      _HomeScreenState.initState (package:cardmind/screens/home_screen.dart:60:12)
#7      StatefulElement._firstBuild (package:flutter/src/widgets/framework.dart:5953:55)
#8      ComponentElement.mount (package:flutter/src/widgets/framework.dart:5796:5)
...     Normal element mounting (7 frames)
#15     _InheritedProviderScopeElement.mount (package:provider/src/inherited_provider.dart:424:11)
...     Normal element mounting (7 frames)
#22     SingleChildWidgetElementMixin.mount (package:nested/nested.dart:222:11)
...     Normal element mounting (260 frames)
#282    Element.inflateWidget (package:flutter/src/widgets/framework.dart:4590:20)
#283    MultiChildRenderObjectElement.inflateWidget (package:flutter/src/widgets/framework.dart:7269:36)
#284    MultiChildRenderObjectElement.mount (package:flutter/src/widgets/framework.dart:7285:32)
...     Normal element mounting (465 frames)
#749    Element.inflateWidget (package:flutter/src/widgets/framework.dart:4590:20)
#750    Element.updateChild (package:flutter/src/widgets/framework.dart:4053:20)
#751    ComponentElement.performRebuild (package:flutter/src/widgets/framework.dart:5844:16)
#752    Element.rebuild (package:flutter/src/widgets/framework.dart:5532:7)
#753    ProxyElement.update (package:flutter/src/widgets/framework.dart:6152:5)
#754    _InheritedNotifierElement.update (package:flutter/src/widgets/inherited_notifier.dart:108:11)
#755    Element.updateChild (package:flutter/src/widgets/framework.dart:4037:15)
#756    ComponentElement.performRebuild (package:flutter/src/widgets/framework.dart:5844:16)
#757    StatefulElement.performRebuild (package:flutter/src/widgets/framework.dart:5985:11)
#758    Element.rebuild (package:flutter/src/widgets/framework.dart:5532:7)
#759    StatefulElement.update (package:flutter/src/widgets/framework.dart:6010:5)
#760    Element.updateChild (package:flutter/src/widgets/framework.dart:4037:15)
#761    ComponentElement.performRebuild (package:flutter/src/widgets/framework.dart:5844:16)
#762    Element.rebuild (package:flutter/src/widgets/framework.dart:5532:7)
#763    ProxyElement.update (package:flutter/src/widgets/framework.dart:6152:5)
#764    _InheritedNotifierElement.update (package:flutter/src/widgets/inherited_notifier.dart:108:11)
#765    Element.updateChild (package:flutter/src/widgets/framework.dart:4037:15)
#766    ComponentElement.performRebuild (package:flutter/src/widgets/framework.dart:5844:16)
#767    StatefulElement.performRebuild (package:flutter/src/widgets/framework.dart:5985:11)
#768    Element.rebuild (package:flutter/src/widgets/framework.dart:5532:7)
#769    StatefulElement.update (package:flutter/src/widgets/framework.dart:6010:5)
#770    Element.updateChild (package:flutter/src/widgets/framework.dart:4037:15)
#771    ComponentElement.performRebuild (package:flutter/src/widgets/framework.dart:5844:16)
#772    StatefulElement.performRebuild (package:flutter/src/widgets/framework.dart:5985:11)
#773    Element.rebuild (package:flutter/src/widgets/framework.dart:5532:7)
#774    StatefulElement.update (package:flutter/src/widgets/framework.dart:6010:5)
#775    Element.updateChild (package:flutter/src/widgets/framework.dart:4037:15)
#776    ComponentElement.performRebuild (package:flutter/src/widgets/framework.dart:5844:16)
#777    Element.rebuild (package:flutter/src/widgets/framework.dart:5532:7)
#778    ProxyElement.update (package:flutter/src/widgets/framework.dart:6152:5)
#779    Element.updateChild (package:flutter/src/widgets/framework.dart:4037:15)
#780    ComponentElement.performRebuild (package:flutter/src/widgets/framework.dart:5844:16)
#781    StatefulElement.performRebuild (package:flutter/src/widgets/framework.dart:5985:11)
#782    Element.rebuild (package:flutter/src/widgets/framework.dart:5532:7)
#783    StatefulElement.update (package:flutter/src/widgets/framework.dart:6010:5)
#784    Element.updateChild (package:flutter/src/widgets/framework.dart:4037:15)
#785    ComponentElement.performRebuild (package:flutter/src/widgets/framework.dart:5844:16)
#786    Element.rebuild (package:flutter/src/widgets/framework.dart:5532:7)
#787    ProxyElement.update (package:flutter/src/widgets/framework.dart:6152:5)
#788    Element.updateChild (package:flutter/src/widgets/framework.dart:4037:15)
#789    ComponentElement.performRebuild (package:flutter/src/widgets/framework.dart:5844:16)
#790    Element.rebuild (package:flutter/src/widgets/framework.dart:5532:7)
#791    ProxyElement.update (package:flutter/src/widgets/framework.dart:6152:5)
#792    Element.updateChild (package:flutter/src/widgets/framework.dart:4037:15)
#793    _RawViewElement._updateChild (package:flutter/src/widgets/view.dart:481:16)
#794    _RawViewElement.update (package:flutter/src/widgets/view.dart:568:5)
#795    Element.updateChild (package:flutter/src/widgets/framework.dart:4037:15)
#796    ComponentElement.performRebuild (package:flutter/src/widgets/framework.dart:5844:16)
#797    Element.rebuild (package:flutter/src/widgets/framework.dart:5532:7)
#798    StatelessElement.update (package:flutter/src/widgets/framework.dart:5898:5)
#799    Element.updateChild (package:flutter/src/widgets/framework.dart:4037:15)
#800    ComponentElement.performRebuild (package:flutter/src/widgets/framework.dart:5844:16)
#801    StatefulElement.performRebuild (package:flutter/src/widgets/framework.dart:5985:11)
#802    Element.rebuild (package:flutter/src/widgets/framework.dart:5532:7)
#803    StatefulElement.update (package:flutter/src/widgets/framework.dart:6010:5)
#804    Element.updateChild (package:flutter/src/widgets/framework.dart:4037:15)
#805    RootElement._rebuild (package:flutter/src/widgets/binding.dart:1782:16)
#806    RootElement.update (package:flutter/src/widgets/binding.dart:1760:5)
#807    RootElement.performRebuild (package:flutter/src/widgets/binding.dart:1774:7)
#808    Element.rebuild (package:flutter/src/widgets/framework.dart:5532:7)
#809    BuildScope._tryRebuild (package:flutter/src/widgets/framework.dart:2750:15)
#810    BuildScope._flushDirtyElements (package:flutter/src/widgets/framework.dart:2807:11)
#811    BuildOwner.buildScope (package:flutter/src/widgets/framework.dart:3111:18)
#812    AutomatedTestWidgetsFlutterBinding.drawFrame (package:flutter_test/src/binding.dart:1506:19)
#813    RendererBinding._handlePersistentFrameCallback (package:flutter/src/rendering/binding.dart:495:5)
#814    SchedulerBinding._invokeFrameCallback (package:flutter/src/scheduler/binding.dart:1434:15)
#815    SchedulerBinding.handleDrawFrame (package:flutter/src/scheduler/binding.dart:1347:9)
#816    AutomatedTestWidgetsFlutterBinding.pump.<anonymous closure> (package:flutter_test/src/binding.dart:1335:9)
#819    TestAsyncUtils.guard (package:flutter_test/src/test_async_utils.dart:74:41)
#820    AutomatedTestWidgetsFlutterBinding.pump (package:flutter_test/src/binding.dart:1324:27)
#821    WidgetTester.pumpWidget.<anonymous closure> (package:flutter_test/src/widget_tester.dart:598:22)
#824    TestAsyncUtils.guard (package:flutter_test/src/test_async_utils.dart:74:41)
#825    WidgetTester.pumpWidget (package:flutter_test/src/widget_tester.dart:595:27)
#826    main.<anonymous closure>.<anonymous closure>.<anonymous closure> (file:///home/alexc/Projects/CardMind/test/specs/home_screen_ui_spec_test.dart:526:22)
#827    testWidgets.<anonymous closure>.<anonymous closure> (package:flutter_test/src/widget_tester.dart:192:29)
<asynchronous suspension>
#828    TestWidgetsFlutterBinding._runTestBody (package:flutter_test/src/binding.dart:1059:5)
<asynchronous suspension>
<asynchronous suspension>
(elided 8 frames from dart:async and package:stack_trace)

══╡ EXCEPTION CAUGHT BY FLUTTER TEST FRAMEWORK ╞════════════════════════════════════════════════════
The following assertion was thrown running a test:
A Timer is still pending even after the widget tree was disposed.
'package:flutter_test/src/binding.dart':
Failed assertion: line 1617 pos 12: '!timersPending'

When the exception was thrown, this was the stack:
#2      AutomatedTestWidgetsFlutterBinding._verifyInvariants (package:flutter_test/src/binding.dart:1617:12)
#3      TestWidgetsFlutterBinding._runTestBody (package:flutter_test/src/binding.dart:1078:7)
<asynchronous suspension>
<asynchronous suspension>
(elided 3 frames from class _AssertionError and package:stack_trace)

The test description was:
  it_should_display_sync_status_indicator
════════════════════════════════════════════════════════════════════════════════════════════════════
00:28 +495 -74: /home/alexc/Projects/CardMind/test/specs/home_screen_ui_spec_test.dart: SP-UI-005: Home Screen UI Sync Status Tests it_should_display_sync_status_indicator [E]                        
  Test failed. See exception logs above.
  The test description was: it_should_display_sync_status_indicator
  

To run this test again: /home/alexc/.asdf/installs/flutter/3.38.5-stable/bin/cache/dart-sdk/bin/dart test /home/alexc/Projects/CardMind/test/specs/home_screen_ui_spec_test.dart -p vm --plain-name 'SP-UI-005: Home Screen UI Sync Status Tests it_should_display_sync_status_indicator'
00:28 +495 -74: /home/alexc/Projects/CardMind/test/integration/home_screen_search_test.dart: HomeScreen Integration Tests - Search Functionality should filter notes by title                          
Pending timers:
Timer (duration: 0:00:00.500000, periodic: false), created:
#0      new FakeTimer._ (package:fake_async/fake_async.dart:342:62)
#1      FakeAsync._createTimer (package:fake_async/fake_async.dart:260:29)
#2      FakeAsync.run.<anonymous closure> (package:fake_async/fake_async.dart:185:15)
#6      _HomeScreenState.initState (package:cardmind/screens/home_screen.dart:60:12)
#7      StatefulElement._firstBuild (package:flutter/src/widgets/framework.dart:5953:55)
#8      ComponentElement.mount (package:flutter/src/widgets/framework.dart:5796:5)
...     Normal element mounting (7 frames)
#15     _InheritedProviderScopeElement.mount (package:provider/src/inherited_provider.dart:424:11)
...     Normal element mounting (7 frames)
#22     SingleChildWidgetElementMixin.mount (package:nested/nested.dart:222:11)
...     Normal element mounting (260 frames)
#282    Element.inflateWidget (package:flutter/src/widgets/framework.dart:4590:20)
#283    MultiChildRenderObjectElement.inflateWidget (package:flutter/src/widgets/framework.dart:7269:36)
#284    MultiChildRenderObjectElement.mount (package:flutter/src/widgets/framework.dart:7285:32)
...     Normal element mounting (465 frames)
#749    Element.inflateWidget (package:flutter/src/widgets/framework.dart:4590:20)
#750    Element.updateChild (package:flutter/src/widgets/framework.dart:4053:20)
#751    ComponentElement.performRebuild (package:flutter/src/widgets/framework.dart:5844:16)
#752    Element.rebuild (package:flutter/src/widgets/framework.dart:5532:7)
#753    ProxyElement.update (package:flutter/src/widgets/framework.dart:6152:5)
#754    _InheritedNotifierElement.update (package:flutter/src/widgets/inherited_notifier.dart:108:11)
#755    Element.updateChild (package:flutter/src/widgets/framework.dart:4037:15)
#756    ComponentElement.performRebuild (package:flutter/src/widgets/framework.dart:5844:16)
#757    StatefulElement.performRebuild (package:flutter/src/widgets/framework.dart:5985:11)
#758    Element.rebuild (package:flutter/src/widgets/framework.dart:5532:7)
#759    StatefulElement.update (package:flutter/src/widgets/framework.dart:6010:5)
#760    Element.updateChild (package:flutter/src/widgets/framework.dart:4037:15)
#761    ComponentElement.performRebuild (package:flutter/src/widgets/framework.dart:5844:16)
#762    Element.rebuild (package:flutter/src/widgets/framework.dart:5532:7)
#763    ProxyElement.update (package:flutter/src/widgets/framework.dart:6152:5)
#764    _InheritedNotifierElement.update (package:flutter/src/widgets/inherited_notifier.dart:108:11)
#765    Element.updateChild (package:flutter/src/widgets/framework.dart:4037:15)
#766    ComponentElement.performRebuild (package:flutter/src/widgets/framework.dart:5844:16)
#767    StatefulElement.performRebuild (package:flutter/src/widgets/framework.dart:5985:11)
#768    Element.rebuild (package:flutter/src/widgets/framework.dart:5532:7)
#769    StatefulElement.update (package:flutter/src/widgets/framework.dart:6010:5)
#770    Element.updateChild (package:flutter/src/widgets/framework.dart:4037:15)
#771    ComponentElement.performRebuild (package:flutter/src/widgets/framework.dart:5844:16)
#772    StatefulElement.performRebuild (package:flutter/src/widgets/framework.dart:5985:11)
#773    Element.rebuild (package:flutter/src/widgets/framework.dart:5532:7)
#774    StatefulElement.update (package:flutter/src/widgets/framework.dart:6010:5)
#775    Element.updateChild (package:flutter/src/widgets/framework.dart:4037:15)
#776    ComponentElement.performRebuild (package:flutter/src/widgets/framework.dart:5844:16)
#777    Element.rebuild (package:flutter/src/widgets/framework.dart:5532:7)
#778    ProxyElement.update (package:flutter/src/widgets/framework.dart:6152:5)
#779    Element.updateChild (package:flutter/src/widgets/framework.dart:4037:15)
#780    ComponentElement.performRebuild (package:flutter/src/widgets/framework.dart:5844:16)
#781    StatefulElement.performRebuild (package:flutter/src/widgets/framework.dart:5985:11)
#782    Element.rebuild (package:flutter/src/widgets/framework.dart:5532:7)
#783    StatefulElement.update (package:flutter/src/widgets/framework.dart:6010:5)
#784    Element.updateChild (package:flutter/src/widgets/framework.dart:4037:15)
#785    ComponentElement.performRebuild (package:flutter/src/widgets/framework.dart:5844:16)
#786    Element.rebuild (package:flutter/src/widgets/framework.dart:5532:7)
#787    ProxyElement.update (package:flutter/src/widgets/framework.dart:6152:5)
#788    Element.updateChild (package:flutter/src/widgets/framework.dart:4037:15)
#789    ComponentElement.performRebuild (package:flutter/src/widgets/framework.dart:5844:16)
#790    Element.rebuild (package:flutter/src/widgets/framework.dart:5532:7)
#791    ProxyElement.update (package:flutter/src/widgets/framework.dart:6152:5)
#792    Element.updateChild (package:flutter/src/widgets/framework.dart:4037:15)
#793    _RawViewElement._updateChild (package:flutter/src/widgets/view.dart:481:16)
#794    _RawViewElement.update (package:flutter/src/widgets/view.dart:568:5)
#795    Element.updateChild (package:flutter/src/widgets/framework.dart:4037:15)
#796    ComponentElement.performRebuild (package:flutter/src/widgets/framework.dart:5844:16)
#797    Element.rebuild (package:flutter/src/widgets/framework.dart:5532:7)
#798    StatelessElement.update (package:flutter/src/widgets/framework.dart:5898:5)
#799    Element.updateChild (package:flutter/src/widgets/framework.dart:4037:15)
#800    ComponentElement.performRebuild (package:flutter/src/widgets/framework.dart:5844:16)
#801    StatefulElement.performRebuild (package:flutter/src/widgets/framework.dart:5985:11)
#802    Element.rebuild (package:flutter/src/widgets/framework.dart:5532:7)
#803    StatefulElement.update (package:flutter/src/widgets/framework.dart:6010:5)
#804    Element.updateChild (package:flutter/src/widgets/framework.dart:4037:15)
#805    RootElement._rebuild (package:flutter/src/widgets/binding.dart:1782:16)
#806    RootElement.update (package:flutter/src/widgets/binding.dart:1760:5)
#807    RootElement.performRebuild (package:flutter/src/widgets/binding.dart:1774:7)
#808    Element.rebuild (package:flutter/src/widgets/framework.dart:5532:7)
#809    BuildScope._tryRebuild (package:flutter/src/widgets/framework.dart:2750:15)
#810    BuildScope._flushDirtyElements (package:flutter/src/widgets/framework.dart:2807:11)
#811    BuildOwner.buildScope (package:flutter/src/widgets/framework.dart:3111:18)
#812    AutomatedTestWidgetsFlutterBinding.drawFrame (package:flutter_test/src/binding.dart:1506:19)
#813    RendererBinding._handlePersistentFrameCallback (package:flutter/src/rendering/binding.dart:495:5)
#814    SchedulerBinding._invokeFrameCallback (package:flutter/src/scheduler/binding.dart:1434:15)
#815    SchedulerBinding.handleDrawFrame (package:flutter/src/scheduler/binding.dart:1347:9)
#816    AutomatedTestWidgetsFlutterBinding.pump.<anonymous closure> (package:flutter_test/src/binding.dart:1335:9)
#819    TestAsyncUtils.guard (package:flutter_test/src/test_async_utils.dart:74:41)
#820    AutomatedTestWidgetsFlutterBinding.pump (package:flutter_test/src/binding.dart:1324:27)
#821    WidgetTester.pumpWidget.<anonymous closure> (package:flutter_test/src/widget_tester.dart:598:22)
#824    TestAsyncUtils.guard (package:flutter_test/src/test_async_utils.dart:74:41)
#825    WidgetTester.pumpWidget (package:flutter_test/src/widget_tester.dart:595:27)
#826    main.<anonymous closure>.<anonymous closure> (file:///home/alexc/Projects/CardMind/test/integration/home_screen_search_test.dart:123:20)
<asynchronous suspension>
#827    testWidgets.<anonymous closure>.<anonymous closure> (package:flutter_test/src/widget_tester.dart:192:15)
<asynchronous suspension>
#828    TestWidgetsFlutterBinding._runTestBody (package:flutter_test/src/binding.dart:1059:5)
<asynchronous suspension>
<asynchronous suspension>
(elided 8 frames from dart:async and package:stack_trace)

══╡ EXCEPTION CAUGHT BY FLUTTER TEST FRAMEWORK ╞════════════════════════════════════════════════════
The following assertion was thrown running a test:
A Timer is still pending even after the widget tree was disposed.
'package:flutter_test/src/binding.dart':
Failed assertion: line 1617 pos 12: '!timersPending'

When the exception was thrown, this was the stack:
#2      AutomatedTestWidgetsFlutterBinding._verifyInvariants (package:flutter_test/src/binding.dart:1617:12)
#3      TestWidgetsFlutterBinding._runTestBody (package:flutter_test/src/binding.dart:1078:7)
<asynchronous suspension>
<asynchronous suspension>
(elided 3 frames from class _AssertionError and package:stack_trace)

The test description was:
  should filter notes by title
════════════════════════════════════════════════════════════════════════════════════════════════════
00:29 +495 -75: /home/alexc/Projects/CardMind/test/integration/home_screen_search_test.dart: HomeScreen Integration Tests - Search Functionality should filter notes by title [E]                      
  Test failed. See exception logs above.
  The test description was: should filter notes by title
  

To run this test again: /home/alexc/.asdf/installs/flutter/3.38.5-stable/bin/cache/dart-sdk/bin/dart test /home/alexc/Projects/CardMind/test/integration/home_screen_search_test.dart -p vm --plain-name 'HomeScreen Integration Tests - Search Functionality should filter notes by title'
00:29 +496 -75: /home/alexc/Projects/CardMind/test/specs/home_screen_spec_test.dart: SP-FLUT-008: Home Screen Sync Status Display it_should_show_syncing_indicator_when_syncing                        00:29 +497 -75: /home/alexc/Projects/CardMind/test/specs/home_screen_spec_test.dart: SP-FLUT-008: Home Screen Sync Status Display it_should_show_syncing_indicator_when_syncing                        00:29 +497 -75: /home/alexc/Projects/CardMind/test/specs/home_screen_ui_spec_test.dart: SP-UI-005: Home Screen UI Sync Status Tests it_should_update_sync_status_from_stream                           
Pending timers:
Timer (duration: 0:00:00.500000, periodic: false), created:
#0      new FakeTimer._ (package:fake_async/fake_async.dart:342:62)
#1      FakeAsync._createTimer (package:fake_async/fake_async.dart:260:29)
#2      FakeAsync.run.<anonymous closure> (package:fake_async/fake_async.dart:185:15)
#6      _HomeScreenState.initState (package:cardmind/screens/home_screen.dart:60:12)
#7      StatefulElement._firstBuild (package:flutter/src/widgets/framework.dart:5953:55)
#8      ComponentElement.mount (package:flutter/src/widgets/framework.dart:5796:5)
...     Normal element mounting (7 frames)
#15     _InheritedProviderScopeElement.mount (package:provider/src/inherited_provider.dart:424:11)
...     Normal element mounting (7 frames)
#22     SingleChildWidgetElementMixin.mount (package:nested/nested.dart:222:11)
...     Normal element mounting (260 frames)
#282    Element.inflateWidget (package:flutter/src/widgets/framework.dart:4590:20)
#283    MultiChildRenderObjectElement.inflateWidget (package:flutter/src/widgets/framework.dart:7269:36)
#284    MultiChildRenderObjectElement.mount (package:flutter/src/widgets/framework.dart:7285:32)
...     Normal element mounting (465 frames)
#749    Element.inflateWidget (package:flutter/src/widgets/framework.dart:4590:20)
#750    Element.updateChild (package:flutter/src/widgets/framework.dart:4053:20)
#751    ComponentElement.performRebuild (package:flutter/src/widgets/framework.dart:5844:16)
#752    Element.rebuild (package:flutter/src/widgets/framework.dart:5532:7)
#753    ProxyElement.update (package:flutter/src/widgets/framework.dart:6152:5)
#754    _InheritedNotifierElement.update (package:flutter/src/widgets/inherited_notifier.dart:108:11)
#755    Element.updateChild (package:flutter/src/widgets/framework.dart:4037:15)
#756    ComponentElement.performRebuild (package:flutter/src/widgets/framework.dart:5844:16)
#757    StatefulElement.performRebuild (package:flutter/src/widgets/framework.dart:5985:11)
#758    Element.rebuild (package:flutter/src/widgets/framework.dart:5532:7)
#759    StatefulElement.update (package:flutter/src/widgets/framework.dart:6010:5)
#760    Element.updateChild (package:flutter/src/widgets/framework.dart:4037:15)
#761    ComponentElement.performRebuild (package:flutter/src/widgets/framework.dart:5844:16)
#762    Element.rebuild (package:flutter/src/widgets/framework.dart:5532:7)
#763    ProxyElement.update (package:flutter/src/widgets/framework.dart:6152:5)
#764    _InheritedNotifierElement.update (package:flutter/src/widgets/inherited_notifier.dart:108:11)
#765    Element.updateChild (package:flutter/src/widgets/framework.dart:4037:15)
#766    ComponentElement.performRebuild (package:flutter/src/widgets/framework.dart:5844:16)
#767    StatefulElement.performRebuild (package:flutter/src/widgets/framework.dart:5985:11)
#768    Element.rebuild (package:flutter/src/widgets/framework.dart:5532:7)
#769    StatefulElement.update (package:flutter/src/widgets/framework.dart:6010:5)
#770    Element.updateChild (package:flutter/src/widgets/framework.dart:4037:15)
#771    ComponentElement.performRebuild (package:flutter/src/widgets/framework.dart:5844:16)
#772    StatefulElement.performRebuild (package:flutter/src/widgets/framework.dart:5985:11)
#773    Element.rebuild (package:flutter/src/widgets/framework.dart:5532:7)
#774    StatefulElement.update (package:flutter/src/widgets/framework.dart:6010:5)
#775    Element.updateChild (package:flutter/src/widgets/framework.dart:4037:15)
#776    ComponentElement.performRebuild (package:flutter/src/widgets/framework.dart:5844:16)
#777    Element.rebuild (package:flutter/src/widgets/framework.dart:5532:7)
#778    ProxyElement.update (package:flutter/src/widgets/framework.dart:6152:5)
#779    Element.updateChild (package:flutter/src/widgets/framework.dart:4037:15)
#780    ComponentElement.performRebuild (package:flutter/src/widgets/framework.dart:5844:16)
#781    StatefulElement.performRebuild (package:flutter/src/widgets/framework.dart:5985:11)
#782    Element.rebuild (package:flutter/src/widgets/framework.dart:5532:7)
#783    StatefulElement.update (package:flutter/src/widgets/framework.dart:6010:5)
#784    Element.updateChild (package:flutter/src/widgets/framework.dart:4037:15)
#785    ComponentElement.performRebuild (package:flutter/src/widgets/framework.dart:5844:16)
#786    Element.rebuild (package:flutter/src/widgets/framework.dart:5532:7)
#787    ProxyElement.update (package:flutter/src/widgets/framework.dart:6152:5)
#788    Element.updateChild (package:flutter/src/widgets/framework.dart:4037:15)
#789    ComponentElement.performRebuild (package:flutter/src/widgets/framework.dart:5844:16)
#790    Element.rebuild (package:flutter/src/widgets/framework.dart:5532:7)
#791    ProxyElement.update (package:flutter/src/widgets/framework.dart:6152:5)
#792    Element.updateChild (package:flutter/src/widgets/framework.dart:4037:15)
#793    _RawViewElement._updateChild (package:flutter/src/widgets/view.dart:481:16)
#794    _RawViewElement.update (package:flutter/src/widgets/view.dart:568:5)
#795    Element.updateChild (package:flutter/src/widgets/framework.dart:4037:15)
#796    ComponentElement.performRebuild (package:flutter/src/widgets/framework.dart:5844:16)
#797    Element.rebuild (package:flutter/src/widgets/framework.dart:5532:7)
#798    StatelessElement.update (package:flutter/src/widgets/framework.dart:5898:5)
#799    Element.updateChild (package:flutter/src/widgets/framework.dart:4037:15)
#800    ComponentElement.performRebuild (package:flutter/src/widgets/framework.dart:5844:16)
#801    StatefulElement.performRebuild (package:flutter/src/widgets/framework.dart:5985:11)
#802    Element.rebuild (package:flutter/src/widgets/framework.dart:5532:7)
#803    StatefulElement.update (package:flutter/src/widgets/framework.dart:6010:5)
#804    Element.updateChild (package:flutter/src/widgets/framework.dart:4037:15)
#805    RootElement._rebuild (package:flutter/src/widgets/binding.dart:1782:16)
#806    RootElement.update (package:flutter/src/widgets/binding.dart:1760:5)
#807    RootElement.performRebuild (package:flutter/src/widgets/binding.dart:1774:7)
#808    Element.rebuild (package:flutter/src/widgets/framework.dart:5532:7)
#809    BuildScope._tryRebuild (package:flutter/src/widgets/framework.dart:2750:15)
#810    BuildScope._flushDirtyElements (package:flutter/src/widgets/framework.dart:2807:11)
#811    BuildOwner.buildScope (package:flutter/src/widgets/framework.dart:3111:18)
#812    AutomatedTestWidgetsFlutterBinding.drawFrame (package:flutter_test/src/binding.dart:1506:19)
#813    RendererBinding._handlePersistentFrameCallback (package:flutter/src/rendering/binding.dart:495:5)
#814    SchedulerBinding._invokeFrameCallback (package:flutter/src/scheduler/binding.dart:1434:15)
#815    SchedulerBinding.handleDrawFrame (package:flutter/src/scheduler/binding.dart:1347:9)
#816    AutomatedTestWidgetsFlutterBinding.pump.<anonymous closure> (package:flutter_test/src/binding.dart:1335:9)
#819    TestAsyncUtils.guard (package:flutter_test/src/test_async_utils.dart:74:41)
#820    AutomatedTestWidgetsFlutterBinding.pump (package:flutter_test/src/binding.dart:1324:27)
#821    WidgetTester.pumpWidget.<anonymous closure> (package:flutter_test/src/widget_tester.dart:598:22)
#824    TestAsyncUtils.guard (package:flutter_test/src/test_async_utils.dart:74:41)
#825    WidgetTester.pumpWidget (package:flutter_test/src/widget_tester.dart:595:27)
#826    main.<anonymous closure>.<anonymous closure>.<anonymous closure> (file:///home/alexc/Projects/CardMind/test/specs/home_screen_ui_spec_test.dart:539:22)
#827    testWidgets.<anonymous closure>.<anonymous closure> (package:flutter_test/src/widget_tester.dart:192:29)
<asynchronous suspension>
#828    TestWidgetsFlutterBinding._runTestBody (package:flutter_test/src/binding.dart:1059:5)
<asynchronous suspension>
<asynchronous suspension>
(elided 8 frames from dart:async and package:stack_trace)

══╡ EXCEPTION CAUGHT BY FLUTTER TEST FRAMEWORK ╞════════════════════════════════════════════════════
The following assertion was thrown running a test:
A Timer is still pending even after the widget tree was disposed.
'package:flutter_test/src/binding.dart':
Failed assertion: line 1617 pos 12: '!timersPending'

When the exception was thrown, this was the stack:
#2      AutomatedTestWidgetsFlutterBinding._verifyInvariants (package:flutter_test/src/binding.dart:1617:12)
#3      TestWidgetsFlutterBinding._runTestBody (package:flutter_test/src/binding.dart:1078:7)
<asynchronous suspension>
<asynchronous suspension>
(elided 3 frames from class _AssertionError and package:stack_trace)

The test description was:
  it_should_update_sync_status_from_stream
════════════════════════════════════════════════════════════════════════════════════════════════════
00:29 +497 -76: /home/alexc/Projects/CardMind/test/specs/home_screen_ui_spec_test.dart: SP-UI-005: Home Screen UI Sync Status Tests it_should_update_sync_status_from_stream [E]                       
  Test failed. See exception logs above.
  The test description was: it_should_update_sync_status_from_stream
  

To run this test again: /home/alexc/.asdf/installs/flutter/3.38.5-stable/bin/cache/dart-sdk/bin/dart test /home/alexc/Projects/CardMind/test/specs/home_screen_ui_spec_test.dart -p vm --plain-name 'SP-UI-005: Home Screen UI Sync Status Tests it_should_update_sync_status_from_stream'
00:29 +498 -76: /home/alexc/Projects/CardMind/test/specs/home_screen_spec_test.dart: SP-FLUT-008: Home Screen Sync Status Display it_should_show_syncing_indicator_when_syncing                        00:29 +499 -76: /home/alexc/Projects/CardMind/test/specs/home_screen_spec_test.dart: SP-FLUT-008: Home Screen Sync Status Display it_should_show_syncing_indicator_when_syncing                        00:29 +500 -76: /home/alexc/Projects/CardMind/test/specs/home_screen_spec_test.dart: SP-FLUT-008: Home Screen Sync Status Display it_should_show_syncing_indicator_when_syncing                        00:29 +500 -76: /home/alexc/Projects/CardMind/test/specs/home_screen_ui_spec_test.dart: SP-UI-005: Home Screen UI Desktop Layout Tests it_should_display_new_note_button_on_desktop                    
Pending timers:
Timer (duration: 0:00:00.500000, periodic: false), created:
#0      new FakeTimer._ (package:fake_async/fake_async.dart:342:62)
#1      FakeAsync._createTimer (package:fake_async/fake_async.dart:260:29)
#2      FakeAsync.run.<anonymous closure> (package:fake_async/fake_async.dart:185:15)
#6      _HomeScreenState.initState (package:cardmind/screens/home_screen.dart:60:12)
#7      StatefulElement._firstBuild (package:flutter/src/widgets/framework.dart:5953:55)
#8      ComponentElement.mount (package:flutter/src/widgets/framework.dart:5796:5)
...     Normal element mounting (7 frames)
#15     _InheritedProviderScopeElement.mount (package:provider/src/inherited_provider.dart:424:11)
...     Normal element mounting (7 frames)
#22     SingleChildWidgetElementMixin.mount (package:nested/nested.dart:222:11)
...     Normal element mounting (260 frames)
#282    Element.inflateWidget (package:flutter/src/widgets/framework.dart:4590:20)
#283    MultiChildRenderObjectElement.inflateWidget (package:flutter/src/widgets/framework.dart:7269:36)
#284    MultiChildRenderObjectElement.mount (package:flutter/src/widgets/framework.dart:7285:32)
...     Normal element mounting (465 frames)
#749    Element.inflateWidget (package:flutter/src/widgets/framework.dart:4590:20)
#750    Element.updateChild (package:flutter/src/widgets/framework.dart:4053:20)
#751    ComponentElement.performRebuild (package:flutter/src/widgets/framework.dart:5844:16)
#752    Element.rebuild (package:flutter/src/widgets/framework.dart:5532:7)
#753    ProxyElement.update (package:flutter/src/widgets/framework.dart:6152:5)
#754    _InheritedNotifierElement.update (package:flutter/src/widgets/inherited_notifier.dart:108:11)
#755    Element.updateChild (package:flutter/src/widgets/framework.dart:4037:15)
#756    ComponentElement.performRebuild (package:flutter/src/widgets/framework.dart:5844:16)
#757    StatefulElement.performRebuild (package:flutter/src/widgets/framework.dart:5985:11)
#758    Element.rebuild (package:flutter/src/widgets/framework.dart:5532:7)
#759    StatefulElement.update (package:flutter/src/widgets/framework.dart:6010:5)
#760    Element.updateChild (package:flutter/src/widgets/framework.dart:4037:15)
#761    ComponentElement.performRebuild (package:flutter/src/widgets/framework.dart:5844:16)
#762    Element.rebuild (package:flutter/src/widgets/framework.dart:5532:7)
#763    ProxyElement.update (package:flutter/src/widgets/framework.dart:6152:5)
#764    _InheritedNotifierElement.update (package:flutter/src/widgets/inherited_notifier.dart:108:11)
#765    Element.updateChild (package:flutter/src/widgets/framework.dart:4037:15)
#766    ComponentElement.performRebuild (package:flutter/src/widgets/framework.dart:5844:16)
#767    StatefulElement.performRebuild (package:flutter/src/widgets/framework.dart:5985:11)
#768    Element.rebuild (package:flutter/src/widgets/framework.dart:5532:7)
#769    StatefulElement.update (package:flutter/src/widgets/framework.dart:6010:5)
#770    Element.updateChild (package:flutter/src/widgets/framework.dart:4037:15)
#771    ComponentElement.performRebuild (package:flutter/src/widgets/framework.dart:5844:16)
#772    StatefulElement.performRebuild (package:flutter/src/widgets/framework.dart:5985:11)
#773    Element.rebuild (package:flutter/src/widgets/framework.dart:5532:7)
#774    StatefulElement.update (package:flutter/src/widgets/framework.dart:6010:5)
#775    Element.updateChild (package:flutter/src/widgets/framework.dart:4037:15)
#776    ComponentElement.performRebuild (package:flutter/src/widgets/framework.dart:5844:16)
#777    Element.rebuild (package:flutter/src/widgets/framework.dart:5532:7)
#778    ProxyElement.update (package:flutter/src/widgets/framework.dart:6152:5)
#779    Element.updateChild (package:flutter/src/widgets/framework.dart:4037:15)
#780    ComponentElement.performRebuild (package:flutter/src/widgets/framework.dart:5844:16)
#781    StatefulElement.performRebuild (package:flutter/src/widgets/framework.dart:5985:11)
#782    Element.rebuild (package:flutter/src/widgets/framework.dart:5532:7)
#783    StatefulElement.update (package:flutter/src/widgets/framework.dart:6010:5)
#784    Element.updateChild (package:flutter/src/widgets/framework.dart:4037:15)
#785    ComponentElement.performRebuild (package:flutter/src/widgets/framework.dart:5844:16)
#786    Element.rebuild (package:flutter/src/widgets/framework.dart:5532:7)
#787    ProxyElement.update (package:flutter/src/widgets/framework.dart:6152:5)
#788    Element.updateChild (package:flutter/src/widgets/framework.dart:4037:15)
#789    ComponentElement.performRebuild (package:flutter/src/widgets/framework.dart:5844:16)
#790    Element.rebuild (package:flutter/src/widgets/framework.dart:5532:7)
#791    ProxyElement.update (package:flutter/src/widgets/framework.dart:6152:5)
#792    Element.updateChild (package:flutter/src/widgets/framework.dart:4037:15)
#793    _RawViewElement._updateChild (package:flutter/src/widgets/view.dart:481:16)
#794    _RawViewElement.update (package:flutter/src/widgets/view.dart:568:5)
#795    Element.updateChild (package:flutter/src/widgets/framework.dart:4037:15)
#796    ComponentElement.performRebuild (package:flutter/src/widgets/framework.dart:5844:16)
#797    Element.rebuild (package:flutter/src/widgets/framework.dart:5532:7)
#798    StatelessElement.update (package:flutter/src/widgets/framework.dart:5898:5)
#799    Element.updateChild (package:flutter/src/widgets/framework.dart:4037:15)
#800    ComponentElement.performRebuild (package:flutter/src/widgets/framework.dart:5844:16)
#801    StatefulElement.performRebuild (package:flutter/src/widgets/framework.dart:5985:11)
#802    Element.rebuild (package:flutter/src/widgets/framework.dart:5532:7)
#803    StatefulElement.update (package:flutter/src/widgets/framework.dart:6010:5)
#804    Element.updateChild (package:flutter/src/widgets/framework.dart:4037:15)
#805    RootElement._rebuild (package:flutter/src/widgets/binding.dart:1782:16)
#806    RootElement.update (package:flutter/src/widgets/binding.dart:1760:5)
#807    RootElement.performRebuild (package:flutter/src/widgets/binding.dart:1774:7)
#808    Element.rebuild (package:flutter/src/widgets/framework.dart:5532:7)
#809    BuildScope._tryRebuild (package:flutter/src/widgets/framework.dart:2750:15)
#810    BuildScope._flushDirtyElements (package:flutter/src/widgets/framework.dart:2807:11)
#811    BuildOwner.buildScope (package:flutter/src/widgets/framework.dart:3111:18)
#812    AutomatedTestWidgetsFlutterBinding.drawFrame (package:flutter_test/src/binding.dart:1506:19)
#813    RendererBinding._handlePersistentFrameCallback (package:flutter/src/rendering/binding.dart:495:5)
#814    SchedulerBinding._invokeFrameCallback (package:flutter/src/scheduler/binding.dart:1434:15)
#815    SchedulerBinding.handleDrawFrame (package:flutter/src/scheduler/binding.dart:1347:9)
#816    AutomatedTestWidgetsFlutterBinding.pump.<anonymous closure> (package:flutter_test/src/binding.dart:1335:9)
#819    TestAsyncUtils.guard (package:flutter_test/src/test_async_utils.dart:74:41)
#820    AutomatedTestWidgetsFlutterBinding.pump (package:flutter_test/src/binding.dart:1324:27)
#821    WidgetTester.pumpWidget.<anonymous closure> (package:flutter_test/src/widget_tester.dart:598:22)
#824    TestAsyncUtils.guard (package:flutter_test/src/test_async_utils.dart:74:41)
#825    WidgetTester.pumpWidget (package:flutter_test/src/widget_tester.dart:595:27)
#826    main.<anonymous closure>.<anonymous closure>.<anonymous closure> (file:///home/alexc/Projects/CardMind/test/specs/home_screen_ui_spec_test.dart:560:22)
<asynchronous suspension>
#827    testWidgets.<anonymous closure>.<anonymous closure> (package:flutter_test/src/widget_tester.dart:192:15)
<asynchronous suspension>
#828    TestWidgetsFlutterBinding._runTestBody (package:flutter_test/src/binding.dart:1059:5)
<asynchronous suspension>
<asynchronous suspension>
(elided 8 frames from dart:async and package:stack_trace)

══╡ EXCEPTION CAUGHT BY FLUTTER TEST FRAMEWORK ╞════════════════════════════════════════════════════
The following assertion was thrown running a test:
A Timer is still pending even after the widget tree was disposed.
'package:flutter_test/src/binding.dart':
Failed assertion: line 1617 pos 12: '!timersPending'

When the exception was thrown, this was the stack:
#2      AutomatedTestWidgetsFlutterBinding._verifyInvariants (package:flutter_test/src/binding.dart:1617:12)
#3      TestWidgetsFlutterBinding._runTestBody (package:flutter_test/src/binding.dart:1078:7)
<asynchronous suspension>
<asynchronous suspension>
(elided 3 frames from class _AssertionError and package:stack_trace)

The test description was:
  it_should_display_new_note_button_on_desktop
════════════════════════════════════════════════════════════════════════════════════════════════════
00:29 +500 -77: /home/alexc/Projects/CardMind/test/specs/home_screen_ui_spec_test.dart: SP-UI-005: Home Screen UI Desktop Layout Tests it_should_display_new_note_button_on_desktop [E]                
  Test failed. See exception logs above.
  The test description was: it_should_display_new_note_button_on_desktop
  

To run this test again: /home/alexc/.asdf/installs/flutter/3.38.5-stable/bin/cache/dart-sdk/bin/dart test /home/alexc/Projects/CardMind/test/specs/home_screen_ui_spec_test.dart -p vm --plain-name 'SP-UI-005: Home Screen UI Desktop Layout Tests it_should_display_new_note_button_on_desktop'
00:29 +501 -77: /home/alexc/Projects/CardMind/test/specs/home_screen_spec_test.dart: SP-FLUT-008: Home Screen Sync Status Display it_should_show_syncing_indicator_when_syncing                        00:29 +502 -77: /home/alexc/Projects/CardMind/test/specs/home_screen_spec_test.dart: SP-FLUT-008: Home Screen Sync Status Display it_should_show_syncing_indicator_when_syncing                        00:29 +503 -77: /home/alexc/Projects/CardMind/test/specs/home_screen_spec_test.dart: SP-FLUT-008: Home Screen Sync Status Display it_should_show_syncing_indicator_when_syncing                        00:29 +504 -77: /home/alexc/Projects/CardMind/test/specs/home_screen_spec_test.dart: SP-FLUT-008: Home Screen Sync Status Display it_should_show_syncing_indicator_when_syncing                        00:29 +505 -77: /home/alexc/Projects/CardMind/test/specs/home_screen_spec_test.dart: SP-FLUT-008: Home Screen Sync Status Display it_should_show_syncing_indicator_when_syncing                        00:29 +506 -77: /home/alexc/Projects/CardMind/test/specs/home_screen_spec_test.dart: SP-FLUT-008: Home Screen Sync Status Display it_should_show_syncing_indicator_when_syncing                        00:29 +507 -77: /home/alexc/Projects/CardMind/test/specs/home_screen_spec_test.dart: SP-FLUT-008: Home Screen Sync Status Display it_should_show_syncing_indicator_when_syncing                        00:29 +508 -77: /home/alexc/Projects/CardMind/test/specs/home_screen_spec_test.dart: SP-FLUT-008: Home Screen Sync Status Display it_should_show_syncing_indicator_when_syncing                        00:29 +509 -77: /home/alexc/Projects/CardMind/test/specs/home_screen_spec_test.dart: SP-FLUT-008: Home Screen Sync Status Display it_should_show_syncing_indicator_when_syncing                        00:29 +510 -77: /home/alexc/Projects/CardMind/test/specs/home_screen_spec_test.dart: SP-FLUT-008: Home Screen Sync Status Display it_should_show_syncing_indicator_when_syncing                        00:29 +511 -77: /home/alexc/Projects/CardMind/test/specs/home_screen_spec_test.dart: SP-FLUT-008: Home Screen Sync Status Display it_should_show_syncing_indicator_when_syncing                        00:29 +511 -77: /home/alexc/Projects/CardMind/test/specs/home_screen_ui_spec_test.dart: SP-UI-005: Home Screen UI Desktop Layout Tests it_should_display_three_column_layout_on_desktop                
Pending timers:
Timer (duration: 0:00:00.500000, periodic: false), created:
#0      new FakeTimer._ (package:fake_async/fake_async.dart:342:62)
#1      FakeAsync._createTimer (package:fake_async/fake_async.dart:260:29)
#2      FakeAsync.run.<anonymous closure> (package:fake_async/fake_async.dart:185:15)
#6      _HomeScreenState.initState (package:cardmind/screens/home_screen.dart:60:12)
#7      StatefulElement._firstBuild (package:flutter/src/widgets/framework.dart:5953:55)
#8      ComponentElement.mount (package:flutter/src/widgets/framework.dart:5796:5)
...     Normal element mounting (7 frames)
#15     _InheritedProviderScopeElement.mount (package:provider/src/inherited_provider.dart:424:11)
...     Normal element mounting (7 frames)
#22     SingleChildWidgetElementMixin.mount (package:nested/nested.dart:222:11)
...     Normal element mounting (260 frames)
#282    Element.inflateWidget (package:flutter/src/widgets/framework.dart:4590:20)
#283    MultiChildRenderObjectElement.inflateWidget (package:flutter/src/widgets/framework.dart:7269:36)
#284    MultiChildRenderObjectElement.mount (package:flutter/src/widgets/framework.dart:7285:32)
...     Normal element mounting (465 frames)
#749    Element.inflateWidget (package:flutter/src/widgets/framework.dart:4590:20)
#750    Element.updateChild (package:flutter/src/widgets/framework.dart:4053:20)
#751    ComponentElement.performRebuild (package:flutter/src/widgets/framework.dart:5844:16)
#752    Element.rebuild (package:flutter/src/widgets/framework.dart:5532:7)
#753    ProxyElement.update (package:flutter/src/widgets/framework.dart:6152:5)
#754    _InheritedNotifierElement.update (package:flutter/src/widgets/inherited_notifier.dart:108:11)
#755    Element.updateChild (package:flutter/src/widgets/framework.dart:4037:15)
#756    ComponentElement.performRebuild (package:flutter/src/widgets/framework.dart:5844:16)
#757    StatefulElement.performRebuild (package:flutter/src/widgets/framework.dart:5985:11)
#758    Element.rebuild (package:flutter/src/widgets/framework.dart:5532:7)
#759    StatefulElement.update (package:flutter/src/widgets/framework.dart:6010:5)
#760    Element.updateChild (package:flutter/src/widgets/framework.dart:4037:15)
#761    ComponentElement.performRebuild (package:flutter/src/widgets/framework.dart:5844:16)
#762    Element.rebuild (package:flutter/src/widgets/framework.dart:5532:7)
#763    ProxyElement.update (package:flutter/src/widgets/framework.dart:6152:5)
#764    _InheritedNotifierElement.update (package:flutter/src/widgets/inherited_notifier.dart:108:11)
#765    Element.updateChild (package:flutter/src/widgets/framework.dart:4037:15)
#766    ComponentElement.performRebuild (package:flutter/src/widgets/framework.dart:5844:16)
#767    StatefulElement.performRebuild (package:flutter/src/widgets/framework.dart:5985:11)
#768    Element.rebuild (package:flutter/src/widgets/framework.dart:5532:7)
#769    StatefulElement.update (package:flutter/src/widgets/framework.dart:6010:5)
#770    Element.updateChild (package:flutter/src/widgets/framework.dart:4037:15)
#771    ComponentElement.performRebuild (package:flutter/src/widgets/framework.dart:5844:16)
#772    StatefulElement.performRebuild (package:flutter/src/widgets/framework.dart:5985:11)
#773    Element.rebuild (package:flutter/src/widgets/framework.dart:5532:7)
#774    StatefulElement.update (package:flutter/src/widgets/framework.dart:6010:5)
#775    Element.updateChild (package:flutter/src/widgets/framework.dart:4037:15)
#776    ComponentElement.performRebuild (package:flutter/src/widgets/framework.dart:5844:16)
#777    Element.rebuild (package:flutter/src/widgets/framework.dart:5532:7)
#778    ProxyElement.update (package:flutter/src/widgets/framework.dart:6152:5)
#779    Element.updateChild (package:flutter/src/widgets/framework.dart:4037:15)
#780    ComponentElement.performRebuild (package:flutter/src/widgets/framework.dart:5844:16)
#781    StatefulElement.performRebuild (package:flutter/src/widgets/framework.dart:5985:11)
#782    Element.rebuild (package:flutter/src/widgets/framework.dart:5532:7)
#783    StatefulElement.update (package:flutter/src/widgets/framework.dart:6010:5)
#784    Element.updateChild (package:flutter/src/widgets/framework.dart:4037:15)
#785    ComponentElement.performRebuild (package:flutter/src/widgets/framework.dart:5844:16)
#786    Element.rebuild (package:flutter/src/widgets/framework.dart:5532:7)
#787    ProxyElement.update (package:flutter/src/widgets/framework.dart:6152:5)
#788    Element.updateChild (package:flutter/src/widgets/framework.dart:4037:15)
#789    ComponentElement.performRebuild (package:flutter/src/widgets/framework.dart:5844:16)
#790    Element.rebuild (package:flutter/src/widgets/framework.dart:5532:7)
#791    ProxyElement.update (package:flutter/src/widgets/framework.dart:6152:5)
#792    Element.updateChild (package:flutter/src/widgets/framework.dart:4037:15)
#793    _RawViewElement._updateChild (package:flutter/src/widgets/view.dart:481:16)
#794    _RawViewElement.update (package:flutter/src/widgets/view.dart:568:5)
#795    Element.updateChild (package:flutter/src/widgets/framework.dart:4037:15)
#796    ComponentElement.performRebuild (package:flutter/src/widgets/framework.dart:5844:16)
#797    Element.rebuild (package:flutter/src/widgets/framework.dart:5532:7)
#798    StatelessElement.update (package:flutter/src/widgets/framework.dart:5898:5)
#799    Element.updateChild (package:flutter/src/widgets/framework.dart:4037:15)
#800    ComponentElement.performRebuild (package:flutter/src/widgets/framework.dart:5844:16)
#801    StatefulElement.performRebuild (package:flutter/src/widgets/framework.dart:5985:11)
#802    Element.rebuild (package:flutter/src/widgets/framework.dart:5532:7)
#803    StatefulElement.update (package:flutter/src/widgets/framework.dart:6010:5)
#804    Element.updateChild (package:flutter/src/widgets/framework.dart:4037:15)
#805    RootElement._rebuild (package:flutter/src/widgets/binding.dart:1782:16)
#806    RootElement.update (package:flutter/src/widgets/binding.dart:1760:5)
#807    RootElement.performRebuild (package:flutter/src/widgets/binding.dart:1774:7)
#808    Element.rebuild (package:flutter/src/widgets/framework.dart:5532:7)
#809    BuildScope._tryRebuild (package:flutter/src/widgets/framework.dart:2750:15)
#810    BuildScope._flushDirtyElements (package:flutter/src/widgets/framework.dart:2807:11)
#811    BuildOwner.buildScope (package:flutter/src/widgets/framework.dart:3111:18)
#812    AutomatedTestWidgetsFlutterBinding.drawFrame (package:flutter_test/src/binding.dart:1506:19)
#813    RendererBinding._handlePersistentFrameCallback (package:flutter/src/rendering/binding.dart:495:5)
#814    SchedulerBinding._invokeFrameCallback (package:flutter/src/scheduler/binding.dart:1434:15)
#815    SchedulerBinding.handleDrawFrame (package:flutter/src/scheduler/binding.dart:1347:9)
#816    AutomatedTestWidgetsFlutterBinding.pump.<anonymous closure> (package:flutter_test/src/binding.dart:1335:9)
#819    TestAsyncUtils.guard (package:flutter_test/src/test_async_utils.dart:74:41)
#820    AutomatedTestWidgetsFlutterBinding.pump (package:flutter_test/src/binding.dart:1324:27)
#821    WidgetTester.pumpWidget.<anonymous closure> (package:flutter_test/src/widget_tester.dart:598:22)
#824    TestAsyncUtils.guard (package:flutter_test/src/test_async_utils.dart:74:41)
#825    WidgetTester.pumpWidget (package:flutter_test/src/widget_tester.dart:595:27)
#826    main.<anonymous closure>.<anonymous closure>.<anonymous closure> (file:///home/alexc/Projects/CardMind/test/specs/home_screen_ui_spec_test.dart:579:22)
<asynchronous suspension>
#827    testWidgets.<anonymous closure>.<anonymous closure> (package:flutter_test/src/widget_tester.dart:192:15)
<asynchronous suspension>
#828    TestWidgetsFlutterBinding._runTestBody (package:flutter_test/src/binding.dart:1059:5)
<asynchronous suspension>
<asynchronous suspension>
(elided 8 frames from dart:async and package:stack_trace)

00:29 +512 -77: /home/alexc/Projects/CardMind/test/specs/home_screen_spec_test.dart: SP-FLUT-008: Home Screen Sync Status Display it_should_show_syncing_indicator_when_syncing                        00:29 +512 -77: /home/alexc/Projects/CardMind/test/specs/home_screen_ui_spec_test.dart: SP-UI-005: Home Screen UI Desktop Layout Tests it_should_display_three_column_layout_on_desktop                
══╡ EXCEPTION CAUGHT BY FLUTTER TEST FRAMEWORK ╞════════════════════════════════════════════════════
The following assertion was thrown running a test:
A Timer is still pending even after the widget tree was disposed.
'package:flutter_test/src/binding.dart':
Failed assertion: line 1617 pos 12: '!timersPending'

When the exception was thrown, this was the stack:
#2      AutomatedTestWidgetsFlutterBinding._verifyInvariants (package:flutter_test/src/binding.dart:1617:12)
#3      TestWidgetsFlutterBinding._runTestBody (package:flutter_test/src/binding.dart:1078:7)
<asynchronous suspension>
<asynchronous suspension>
(elided 3 frames from class _AssertionError and package:stack_trace)

The test description was:
  it_should_display_three_column_layout_on_desktop
════════════════════════════════════════════════════════════════════════════════════════════════════
00:29 +512 -78: /home/alexc/Projects/CardMind/test/specs/home_screen_ui_spec_test.dart: SP-UI-005: Home Screen UI Desktop Layout Tests it_should_display_three_column_layout_on_desktop [E]            
  Test failed. See exception logs above.
  The test description was: it_should_display_three_column_layout_on_desktop
  

To run this test again: /home/alexc/.asdf/installs/flutter/3.38.5-stable/bin/cache/dart-sdk/bin/dart test /home/alexc/Projects/CardMind/test/specs/home_screen_ui_spec_test.dart -p vm --plain-name 'SP-UI-005: Home Screen UI Desktop Layout Tests it_should_display_three_column_layout_on_desktop'
00:29 +513 -78: /home/alexc/Projects/CardMind/test/specs/home_screen_spec_test.dart: SP-FLUT-008: Home Screen Sync Status Display it_should_show_syncing_indicator_when_syncing                        00:29 +513 -78: /home/alexc/Projects/CardMind/test/integration/home_screen_search_test.dart: HomeScreen Integration Tests - Search Functionality should filter notes by content                        
Pending timers:
Timer (duration: 0:00:00.500000, periodic: false), created:
#0      new FakeTimer._ (package:fake_async/fake_async.dart:342:62)
#1      FakeAsync._createTimer (package:fake_async/fake_async.dart:260:29)
#2      FakeAsync.run.<anonymous closure> (package:fake_async/fake_async.dart:185:15)
#6      _HomeScreenState.initState (package:cardmind/screens/home_screen.dart:60:12)
#7      StatefulElement._firstBuild (package:flutter/src/widgets/framework.dart:5953:55)
#8      ComponentElement.mount (package:flutter/src/widgets/framework.dart:5796:5)
...     Normal element mounting (7 frames)
#15     _InheritedProviderScopeElement.mount (package:provider/src/inherited_provider.dart:424:11)
...     Normal element mounting (7 frames)
#22     SingleChildWidgetElementMixin.mount (package:nested/nested.dart:222:11)
...     Normal element mounting (260 frames)
#282    Element.inflateWidget (package:flutter/src/widgets/framework.dart:4590:20)
#283    MultiChildRenderObjectElement.inflateWidget (package:flutter/src/widgets/framework.dart:7269:36)
#284    MultiChildRenderObjectElement.mount (package:flutter/src/widgets/framework.dart:7285:32)
...     Normal element mounting (465 frames)
#749    Element.inflateWidget (package:flutter/src/widgets/framework.dart:4590:20)
#750    Element.updateChild (package:flutter/src/widgets/framework.dart:4053:20)
#751    ComponentElement.performRebuild (package:flutter/src/widgets/framework.dart:5844:16)
#752    Element.rebuild (package:flutter/src/widgets/framework.dart:5532:7)
#753    ProxyElement.update (package:flutter/src/widgets/framework.dart:6152:5)
#754    _InheritedNotifierElement.update (package:flutter/src/widgets/inherited_notifier.dart:108:11)
#755    Element.updateChild (package:flutter/src/widgets/framework.dart:4037:15)
#756    ComponentElement.performRebuild (package:flutter/src/widgets/framework.dart:5844:16)
#757    StatefulElement.performRebuild (package:flutter/src/widgets/framework.dart:5985:11)
#758    Element.rebuild (package:flutter/src/widgets/framework.dart:5532:7)
#759    StatefulElement.update (package:flutter/src/widgets/framework.dart:6010:5)
#760    Element.updateChild (package:flutter/src/widgets/framework.dart:4037:15)
#761    ComponentElement.performRebuild (package:flutter/src/widgets/framework.dart:5844:16)
#762    Element.rebuild (package:flutter/src/widgets/framework.dart:5532:7)
#763    ProxyElement.update (package:flutter/src/widgets/framework.dart:6152:5)
#764    _InheritedNotifierElement.update (package:flutter/src/widgets/inherited_notifier.dart:108:11)
#765    Element.updateChild (package:flutter/src/widgets/framework.dart:4037:15)
#766    ComponentElement.performRebuild (package:flutter/src/widgets/framework.dart:5844:16)
#767    StatefulElement.performRebuild (package:flutter/src/widgets/framework.dart:5985:11)
#768    Element.rebuild (package:flutter/src/widgets/framework.dart:5532:7)
#769    StatefulElement.update (package:flutter/src/widgets/framework.dart:6010:5)
#770    Element.updateChild (package:flutter/src/widgets/framework.dart:4037:15)
#771    ComponentElement.performRebuild (package:flutter/src/widgets/framework.dart:5844:16)
#772    StatefulElement.performRebuild (package:flutter/src/widgets/framework.dart:5985:11)
#773    Element.rebuild (package:flutter/src/widgets/framework.dart:5532:7)
#774    StatefulElement.update (package:flutter/src/widgets/framework.dart:6010:5)
#775    Element.updateChild (package:flutter/src/widgets/framework.dart:4037:15)
#776    ComponentElement.performRebuild (package:flutter/src/widgets/framework.dart:5844:16)
#777    Element.rebuild (package:flutter/src/widgets/framework.dart:5532:7)
#778    ProxyElement.update (package:flutter/src/widgets/framework.dart:6152:5)
#779    Element.updateChild (package:flutter/src/widgets/framework.dart:4037:15)
#780    ComponentElement.performRebuild (package:flutter/src/widgets/framework.dart:5844:16)
#781    StatefulElement.performRebuild (package:flutter/src/widgets/framework.dart:5985:11)
#782    Element.rebuild (package:flutter/src/widgets/framework.dart:5532:7)
#783    StatefulElement.update (package:flutter/src/widgets/framework.dart:6010:5)
#784    Element.updateChild (package:flutter/src/widgets/framework.dart:4037:15)
#785    ComponentElement.performRebuild (package:flutter/src/widgets/framework.dart:5844:16)
#786    Element.rebuild (package:flutter/src/widgets/framework.dart:5532:7)
#787    ProxyElement.update (package:flutter/src/widgets/framework.dart:6152:5)
#788    Element.updateChild (package:flutter/src/widgets/framework.dart:4037:15)
#789    ComponentElement.performRebuild (package:flutter/src/widgets/framework.dart:5844:16)
#790    Element.rebuild (package:flutter/src/widgets/framework.dart:5532:7)
#791    ProxyElement.update (package:flutter/src/widgets/framework.dart:6152:5)
#792    Element.updateChild (package:flutter/src/widgets/framework.dart:4037:15)
#793    _RawViewElement._updateChild (package:flutter/src/widgets/view.dart:481:16)
#794    _RawViewElement.update (package:flutter/src/widgets/view.dart:568:5)
#795    Element.updateChild (package:flutter/src/widgets/framework.dart:4037:15)
#796    ComponentElement.performRebuild (package:flutter/src/widgets/framework.dart:5844:16)
#797    Element.rebuild (package:flutter/src/widgets/framework.dart:5532:7)
#798    StatelessElement.update (package:flutter/src/widgets/framework.dart:5898:5)
#799    Element.updateChild (package:flutter/src/widgets/framework.dart:4037:15)
#800    ComponentElement.performRebuild (package:flutter/src/widgets/framework.dart:5844:16)
#801    StatefulElement.performRebuild (package:flutter/src/widgets/framework.dart:5985:11)
#802    Element.rebuild (package:flutter/src/widgets/framework.dart:5532:7)
#803    StatefulElement.update (package:flutter/src/widgets/framework.dart:6010:5)
#804    Element.updateChild (package:flutter/src/widgets/framework.dart:4037:15)
#805    RootElement._rebuild (package:flutter/src/widgets/binding.dart:1782:16)
#806    RootElement.update (package:flutter/src/widgets/binding.dart:1760:5)
#807    RootElement.performRebuild (package:flutter/src/widgets/binding.dart:1774:7)
#808    Element.rebuild (package:flutter/src/widgets/framework.dart:5532:7)
#809    BuildScope._tryRebuild (package:flutter/src/widgets/framework.dart:2750:15)
#810    BuildScope._flushDirtyElements (package:flutter/src/widgets/framework.dart:2807:11)
#811    BuildOwner.buildScope (package:flutter/src/widgets/framework.dart:3111:18)
#812    AutomatedTestWidgetsFlutterBinding.drawFrame (package:flutter_test/src/binding.dart:1506:19)
#813    RendererBinding._handlePersistentFrameCallback (package:flutter/src/rendering/binding.dart:495:5)
#814    SchedulerBinding._invokeFrameCallback (package:flutter/src/scheduler/binding.dart:1434:15)
#815    SchedulerBinding.handleDrawFrame (package:flutter/src/scheduler/binding.dart:1347:9)
#816    AutomatedTestWidgetsFlutterBinding.pump.<anonymous closure> (package:flutter_test/src/binding.dart:1335:9)
#819    TestAsyncUtils.guard (package:flutter_test/src/test_async_utils.dart:74:41)
#820    AutomatedTestWidgetsFlutterBinding.pump (package:flutter_test/src/binding.dart:1324:27)
#821    WidgetTester.pumpWidget.<anonymous closure> (package:flutter_test/src/widget_tester.dart:598:22)
#824    TestAsyncUtils.guard (package:flutter_test/src/test_async_utils.dart:74:41)
#825    WidgetTester.pumpWidget (package:flutter_test/src/widget_tester.dart:595:27)
#826    main.<anonymous closure>.<anonymous closure> (file:///home/alexc/Projects/CardMind/test/integration/home_screen_search_test.dart:170:20)
<asynchronous suspension>
#827    testWidgets.<anonymous closure>.<anonymous closure> (package:flutter_test/src/widget_tester.dart:192:15)
<asynchronous suspension>
#828    TestWidgetsFlutterBinding._runTestBody (package:flutter_test/src/binding.dart:1059:5)
<asynchronous suspension>
<asynchronous suspension>
(elided 8 frames from dart:async and package:stack_trace)

══╡ EXCEPTION CAUGHT BY FLUTTER TEST FRAMEWORK ╞════════════════════════════════════════════════════
The following assertion was thrown running a test:
A Timer is still pending even after the widget tree was disposed.
'package:flutter_test/src/binding.dart':
Failed assertion: line 1617 pos 12: '!timersPending'

When the exception was thrown, this was the stack:
#2      AutomatedTestWidgetsFlutterBinding._verifyInvariants (package:flutter_test/src/binding.dart:1617:12)
#3      TestWidgetsFlutterBinding._runTestBody (package:flutter_test/src/binding.dart:1078:7)
<asynchronous suspension>
<asynchronous suspension>
(elided 3 frames from class _AssertionError and package:stack_trace)

The test description was:
  should filter notes by content
════════════════════════════════════════════════════════════════════════════════════════════════════
00:29 +513 -79: /home/alexc/Projects/CardMind/test/integration/home_screen_search_test.dart: HomeScreen Integration Tests - Search Functionality should filter notes by content [E]                    
  Test failed. See exception logs above.
  The test description was: should filter notes by content
  

To run this test again: /home/alexc/.asdf/installs/flutter/3.38.5-stable/bin/cache/dart-sdk/bin/dart test /home/alexc/Projects/CardMind/test/integration/home_screen_search_test.dart -p vm --plain-name 'HomeScreen Integration Tests - Search Functionality should filter notes by content'
00:30 +514 -79: /home/alexc/Projects/CardMind/test/specs/home_screen_spec_test.dart: SP-FLUT-008: Home Screen Sync Status Display it_should_show_syncing_indicator_when_syncing                        00:30 +515 -79: /home/alexc/Projects/CardMind/test/specs/home_screen_spec_test.dart: SP-FLUT-008: Home Screen Sync Status Display it_should_show_syncing_indicator_when_syncing                        00:30 +515 -79: /home/alexc/Projects/CardMind/test/specs/home_screen_ui_spec_test.dart: SP-UI-005: Home Screen UI Error Handling Tests it_should_handle_load_error_gracefully                          
Pending timers:
Timer (duration: 0:00:00.500000, periodic: false), created:
#0      new FakeTimer._ (package:fake_async/fake_async.dart:342:62)
#1      FakeAsync._createTimer (package:fake_async/fake_async.dart:260:29)
#2      FakeAsync.run.<anonymous closure> (package:fake_async/fake_async.dart:185:15)
#6      _HomeScreenState.initState (package:cardmind/screens/home_screen.dart:60:12)
#7      StatefulElement._firstBuild (package:flutter/src/widgets/framework.dart:5953:55)
#8      ComponentElement.mount (package:flutter/src/widgets/framework.dart:5796:5)
...     Normal element mounting (7 frames)
#15     _InheritedProviderScopeElement.mount (package:provider/src/inherited_provider.dart:424:11)
...     Normal element mounting (7 frames)
#22     SingleChildWidgetElementMixin.mount (package:nested/nested.dart:222:11)
...     Normal element mounting (260 frames)
#282    Element.inflateWidget (package:flutter/src/widgets/framework.dart:4590:20)
#283    MultiChildRenderObjectElement.inflateWidget (package:flutter/src/widgets/framework.dart:7269:36)
#284    MultiChildRenderObjectElement.mount (package:flutter/src/widgets/framework.dart:7285:32)
...     Normal element mounting (465 frames)
#749    Element.inflateWidget (package:flutter/src/widgets/framework.dart:4590:20)
#750    Element.updateChild (package:flutter/src/widgets/framework.dart:4053:20)
#751    ComponentElement.performRebuild (package:flutter/src/widgets/framework.dart:5844:16)
#752    Element.rebuild (package:flutter/src/widgets/framework.dart:5532:7)
#753    ProxyElement.update (package:flutter/src/widgets/framework.dart:6152:5)
#754    _InheritedNotifierElement.update (package:flutter/src/widgets/inherited_notifier.dart:108:11)
#755    Element.updateChild (package:flutter/src/widgets/framework.dart:4037:15)
#756    ComponentElement.performRebuild (package:flutter/src/widgets/framework.dart:5844:16)
#757    StatefulElement.performRebuild (package:flutter/src/widgets/framework.dart:5985:11)
#758    Element.rebuild (package:flutter/src/widgets/framework.dart:5532:7)
#759    StatefulElement.update (package:flutter/src/widgets/framework.dart:6010:5)
#760    Element.updateChild (package:flutter/src/widgets/framework.dart:4037:15)
#761    ComponentElement.performRebuild (package:flutter/src/widgets/framework.dart:5844:16)
#762    Element.rebuild (package:flutter/src/widgets/framework.dart:5532:7)
#763    ProxyElement.update (package:flutter/src/widgets/framework.dart:6152:5)
#764    _InheritedNotifierElement.update (package:flutter/src/widgets/inherited_notifier.dart:108:11)
#765    Element.updateChild (package:flutter/src/widgets/framework.dart:4037:15)
#766    ComponentElement.performRebuild (package:flutter/src/widgets/framework.dart:5844:16)
#767    StatefulElement.performRebuild (package:flutter/src/widgets/framework.dart:5985:11)
#768    Element.rebuild (package:flutter/src/widgets/framework.dart:5532:7)
#769    StatefulElement.update (package:flutter/src/widgets/framework.dart:6010:5)
#770    Element.updateChild (package:flutter/src/widgets/framework.dart:4037:15)
#771    ComponentElement.performRebuild (package:flutter/src/widgets/framework.dart:5844:16)
#772    StatefulElement.performRebuild (package:flutter/src/widgets/framework.dart:5985:11)
#773    Element.rebuild (package:flutter/src/widgets/framework.dart:5532:7)
#774    StatefulElement.update (package:flutter/src/widgets/framework.dart:6010:5)
#775    Element.updateChild (package:flutter/src/widgets/framework.dart:4037:15)
#776    ComponentElement.performRebuild (package:flutter/src/widgets/framework.dart:5844:16)
#777    Element.rebuild (package:flutter/src/widgets/framework.dart:5532:7)
#778    ProxyElement.update (package:flutter/src/widgets/framework.dart:6152:5)
#779    Element.updateChild (package:flutter/src/widgets/framework.dart:4037:15)
#780    ComponentElement.performRebuild (package:flutter/src/widgets/framework.dart:5844:16)
#781    StatefulElement.performRebuild (package:flutter/src/widgets/framework.dart:5985:11)
#782    Element.rebuild (package:flutter/src/widgets/framework.dart:5532:7)
#783    StatefulElement.update (package:flutter/src/widgets/framework.dart:6010:5)
#784    Element.updateChild (package:flutter/src/widgets/framework.dart:4037:15)
#785    ComponentElement.performRebuild (package:flutter/src/widgets/framework.dart:5844:16)
#786    Element.rebuild (package:flutter/src/widgets/framework.dart:5532:7)
#787    ProxyElement.update (package:flutter/src/widgets/framework.dart:6152:5)
#788    Element.updateChild (package:flutter/src/widgets/framework.dart:4037:15)
#789    ComponentElement.performRebuild (package:flutter/src/widgets/framework.dart:5844:16)
#790    Element.rebuild (package:flutter/src/widgets/framework.dart:5532:7)
#791    ProxyElement.update (package:flutter/src/widgets/framework.dart:6152:5)
#792    Element.updateChild (package:flutter/src/widgets/framework.dart:4037:15)
#793    _RawViewElement._updateChild (package:flutter/src/widgets/view.dart:481:16)
#794    _RawViewElement.update (package:flutter/src/widgets/view.dart:568:5)
#795    Element.updateChild (package:flutter/src/widgets/framework.dart:4037:15)
#796    ComponentElement.performRebuild (package:flutter/src/widgets/framework.dart:5844:16)
#797    Element.rebuild (package:flutter/src/widgets/framework.dart:5532:7)
#798    StatelessElement.update (package:flutter/src/widgets/framework.dart:5898:5)
#799    Element.updateChild (package:flutter/src/widgets/framework.dart:4037:15)
#800    ComponentElement.performRebuild (package:flutter/src/widgets/framework.dart:5844:16)
#801    StatefulElement.performRebuild (package:flutter/src/widgets/framework.dart:5985:11)
#802    Element.rebuild (package:flutter/src/widgets/framework.dart:5532:7)
#803    StatefulElement.update (package:flutter/src/widgets/framework.dart:6010:5)
#804    Element.updateChild (package:flutter/src/widgets/framework.dart:4037:15)
#805    RootElement._rebuild (package:flutter/src/widgets/binding.dart:1782:16)
#806    RootElement.update (package:flutter/src/widgets/binding.dart:1760:5)
#807    RootElement.performRebuild (package:flutter/src/widgets/binding.dart:1774:7)
#808    Element.rebuild (package:flutter/src/widgets/framework.dart:5532:7)
#809    BuildScope._tryRebuild (package:flutter/src/widgets/framework.dart:2750:15)
#810    BuildScope._flushDirtyElements (package:flutter/src/widgets/framework.dart:2807:11)
#811    BuildOwner.buildScope (package:flutter/src/widgets/framework.dart:3111:18)
#812    AutomatedTestWidgetsFlutterBinding.drawFrame (package:flutter_test/src/binding.dart:1506:19)
#813    RendererBinding._handlePersistentFrameCallback (package:flutter/src/rendering/binding.dart:495:5)
#814    SchedulerBinding._invokeFrameCallback (package:flutter/src/scheduler/binding.dart:1434:15)
#815    SchedulerBinding.handleDrawFrame (package:flutter/src/scheduler/binding.dart:1347:9)
#816    AutomatedTestWidgetsFlutterBinding.pump.<anonymous closure> (package:flutter_test/src/binding.dart:1335:9)
#819    TestAsyncUtils.guard (package:flutter_test/src/test_async_utils.dart:74:41)
#820    AutomatedTestWidgetsFlutterBinding.pump (package:flutter_test/src/binding.dart:1324:27)
#821    WidgetTester.pumpWidget.<anonymous closure> (package:flutter_test/src/widget_tester.dart:598:22)
#824    TestAsyncUtils.guard (package:flutter_test/src/test_async_utils.dart:74:41)
#825    WidgetTester.pumpWidget (package:flutter_test/src/widget_tester.dart:595:27)
#826    main.<anonymous closure>.<anonymous closure>.<anonymous closure> (file:///home/alexc/Projects/CardMind/test/specs/home_screen_ui_spec_test.dart:603:22)
#827    testWidgets.<anonymous closure>.<anonymous closure> (package:flutter_test/src/widget_tester.dart:192:29)
<asynchronous suspension>
#828    TestWidgetsFlutterBinding._runTestBody (package:flutter_test/src/binding.dart:1059:5)
<asynchronous suspension>
<asynchronous suspension>
(elided 8 frames from dart:async and package:stack_trace)

══╡ EXCEPTION CAUGHT BY FLUTTER TEST FRAMEWORK ╞════════════════════════════════════════════════════
The following assertion was thrown running a test:
A Timer is still pending even after the widget tree was disposed.
'package:flutter_test/src/binding.dart':
Failed assertion: line 1617 pos 12: '!timersPending'

When the exception was thrown, this was the stack:
#2      AutomatedTestWidgetsFlutterBinding._verifyInvariants (package:flutter_test/src/binding.dart:1617:12)
#3      TestWidgetsFlutterBinding._runTestBody (package:flutter_test/src/binding.dart:1078:7)
<asynchronous suspension>
<asynchronous suspension>
(elided 3 frames from class _AssertionError and package:stack_trace)

The test description was:
  it_should_handle_load_error_gracefully
════════════════════════════════════════════════════════════════════════════════════════════════════
00:30 +515 -80: /home/alexc/Projects/CardMind/test/specs/home_screen_ui_spec_test.dart: SP-UI-005: Home Screen UI Error Handling Tests it_should_handle_load_error_gracefully [E]                      
  Test failed. See exception logs above.
  The test description was: it_should_handle_load_error_gracefully
  

To run this test again: /home/alexc/.asdf/installs/flutter/3.38.5-stable/bin/cache/dart-sdk/bin/dart test /home/alexc/Projects/CardMind/test/specs/home_screen_ui_spec_test.dart -p vm --plain-name 'SP-UI-005: Home Screen UI Error Handling Tests it_should_handle_load_error_gracefully'
00:30 +515 -80: /home/alexc/Projects/CardMind/test/specs/home_screen_spec_test.dart: SP-FLUT-008: Home Screen Sync Status Display it_should_show_syncing_indicator_when_syncing                        00:30 +516 -80: /home/alexc/Projects/CardMind/test/specs/home_screen_spec_test.dart: SP-FLUT-008: Home Screen Sync Status Display it_should_show_syncing_indicator_when_syncing                        00:30 +517 -80: /home/alexc/Projects/CardMind/test/specs/home_screen_spec_test.dart: SP-FLUT-008: Home Screen Sync Status Display it_should_show_syncing_indicator_when_syncing                        00:30 +518 -80: /home/alexc/Projects/CardMind/test/specs/home_screen_spec_test.dart: SP-FLUT-008: Home Screen Sync Status Display it_should_show_syncing_indicator_when_syncing                        00:30 +519 -80: /home/alexc/Projects/CardMind/test/specs/home_screen_spec_test.dart: SP-FLUT-008: Home Screen Sync Status Display it_should_show_syncing_indicator_when_syncing                        00:30 +520 -80: /home/alexc/Projects/CardMind/test/specs/home_screen_spec_test.dart: SP-FLUT-008: Home Screen Sync Status Display it_should_show_syncing_indicator_when_syncing                        00:30 +521 -80: /home/alexc/Projects/CardMind/test/specs/home_screen_spec_test.dart: SP-FLUT-008: Home Screen Sync Status Display it_should_show_syncing_indicator_when_syncing                        00:30 +522 -80: /home/alexc/Projects/CardMind/test/specs/home_screen_spec_test.dart: SP-FLUT-008: Home Screen Sync Status Display it_should_show_syncing_indicator_when_syncing                        00:30 +523 -80: /home/alexc/Projects/CardMind/test/specs/home_screen_spec_test.dart: SP-FLUT-008: Home Screen Sync Status Display it_should_show_syncing_indicator_when_syncing                        00:30 +523 -80: /home/alexc/Projects/CardMind/test/specs/home_screen_ui_spec_test.dart: SP-UI-005: Home Screen UI Accessibility Tests it_should_provide_semantic_labels_for_search                     
Pending timers:
Timer (duration: 0:00:00.500000, periodic: false), created:
00:30 +524 -80: /home/alexc/Projects/CardMind/test/specs/home_screen_spec_test.dart: SP-FLUT-008: Home Screen Sync Status Display it_should_show_syncing_indicator_when_syncing                        00:30 +524 -80: /home/alexc/Projects/CardMind/test/specs/home_screen_ui_spec_test.dart: SP-UI-005: Home Screen UI Accessibility Tests it_should_provide_semantic_labels_for_search                     
#0      new FakeTimer._ (package:fake_async/fake_async.dart:342:62)
#1      FakeAsync._createTimer (package:fake_async/fake_async.dart:260:29)
#2      FakeAsync.run.<anonymous closure> (package:fake_async/fake_async.dart:185:15)
#6      _HomeScreenState.initState (package:cardmind/screens/home_screen.dart:60:12)
#7      StatefulElement._firstBuild (package:flutter/src/widgets/framework.dart:5953:55)
#8      ComponentElement.mount (package:flutter/src/widgets/framework.dart:5796:5)
...     Normal element mounting (7 frames)
#15     _InheritedProviderScopeElement.mount (package:provider/src/inherited_provider.dart:424:11)
...     Normal element mounting (7 frames)
#22     SingleChildWidgetElementMixin.mount (package:nested/nested.dart:222:11)
...     Normal element mounting (260 frames)
#282    Element.inflateWidget (package:flutter/src/widgets/framework.dart:4590:20)
#283    MultiChildRenderObjectElement.inflateWidget (package:flutter/src/widgets/framework.dart:7269:36)
#284    MultiChildRenderObjectElement.mount (package:flutter/src/widgets/framework.dart:7285:32)
...     Normal element mounting (465 frames)
#749    Element.inflateWidget (package:flutter/src/widgets/framework.dart:4590:20)
#750    Element.updateChild (package:flutter/src/widgets/framework.dart:4053:20)
#751    ComponentElement.performRebuild (package:flutter/src/widgets/framework.dart:5844:16)
#752    Element.rebuild (package:flutter/src/widgets/framework.dart:5532:7)
#753    ProxyElement.update (package:flutter/src/widgets/framework.dart:6152:5)
#754    _InheritedNotifierElement.update (package:flutter/src/widgets/inherited_notifier.dart:108:11)
#755    Element.updateChild (package:flutter/src/widgets/framework.dart:4037:15)
#756    ComponentElement.performRebuild (package:flutter/src/widgets/framework.dart:5844:16)
#757    StatefulElement.performRebuild (package:flutter/src/widgets/framework.dart:5985:11)
#758    Element.rebuild (package:flutter/src/widgets/framework.dart:5532:7)
#759    StatefulElement.update (package:flutter/src/widgets/framework.dart:6010:5)
#760    Element.updateChild (package:flutter/src/widgets/framework.dart:4037:15)
#761    ComponentElement.performRebuild (package:flutter/src/widgets/framework.dart:5844:16)
#762    Element.rebuild (package:flutter/src/widgets/framework.dart:5532:7)
#763    ProxyElement.update (package:flutter/src/widgets/framework.dart:6152:5)
#764    _InheritedNotifierElement.update (package:flutter/src/widgets/inherited_notifier.dart:108:11)
#765    Element.updateChild (package:flutter/src/widgets/framework.dart:4037:15)
#766    ComponentElement.performRebuild (package:flutter/src/widgets/framework.dart:5844:16)
#767    StatefulElement.performRebuild (package:flutter/src/widgets/framework.dart:5985:11)
#768    Element.rebuild (package:flutter/src/widgets/framework.dart:5532:7)
#769    StatefulElement.update (package:flutter/src/widgets/framework.dart:6010:5)
#770    Element.updateChild (package:flutter/src/widgets/framework.dart:4037:15)
#771    ComponentElement.performRebuild (package:flutter/src/widgets/framework.dart:5844:16)
#772    StatefulElement.performRebuild (package:flutter/src/widgets/framework.dart:5985:11)
#773    Element.rebuild (package:flutter/src/widgets/framework.dart:5532:7)
#774    StatefulElement.update (package:flutter/src/widgets/framework.dart:6010:5)
#775    Element.updateChild (package:flutter/src/widgets/framework.dart:4037:15)
#776    ComponentElement.performRebuild (package:flutter/src/widgets/framework.dart:5844:16)
#777    Element.rebuild (package:flutter/src/widgets/framework.dart:5532:7)
#778    ProxyElement.update (package:flutter/src/widgets/framework.dart:6152:5)
#779    Element.updateChild (package:flutter/src/widgets/framework.dart:4037:15)
#780    ComponentElement.performRebuild (package:flutter/src/widgets/framework.dart:5844:16)
#781    StatefulElement.performRebuild (package:flutter/src/widgets/framework.dart:5985:11)
#782    Element.rebuild (package:flutter/src/widgets/framework.dart:5532:7)
#783    StatefulElement.update (package:flutter/src/widgets/framework.dart:6010:5)
#784    Element.updateChild (package:flutter/src/widgets/framework.dart:4037:15)
#785    ComponentElement.performRebuild (package:flutter/src/widgets/framework.dart:5844:16)
#786    Element.rebuild (package:flutter/src/widgets/framework.dart:5532:7)
#787    ProxyElement.update (package:flutter/src/widgets/framework.dart:6152:5)
#788    Element.updateChild (package:flutter/src/widgets/framework.dart:4037:15)
#789    ComponentElement.performRebuild (package:flutter/src/widgets/framework.dart:5844:16)
#790    Element.rebuild (package:flutter/src/widgets/framework.dart:5532:7)
#791    ProxyElement.update (package:flutter/src/widgets/framework.dart:6152:5)
#792    Element.updateChild (package:flutter/src/widgets/framework.dart:4037:15)
#793    _RawViewElement._updateChild (package:flutter/src/widgets/view.dart:481:16)
#794    _RawViewElement.update (package:flutter/src/widgets/view.dart:568:5)
#795    Element.updateChild (package:flutter/src/widgets/framework.dart:4037:15)
#796    ComponentElement.performRebuild (package:flutter/src/widgets/framework.dart:5844:16)
#797    Element.rebuild (package:flutter/src/widgets/framework.dart:5532:7)
#798    StatelessElement.update (package:flutter/src/widgets/framework.dart:5898:5)
#799    Element.updateChild (package:flutter/src/widgets/framework.dart:4037:15)
#800    ComponentElement.performRebuild (package:flutter/src/widgets/framework.dart:5844:16)
#801    StatefulElement.performRebuild (package:flutter/src/widgets/framework.dart:5985:11)
#802    Element.rebuild (package:flutter/src/widgets/framework.dart:5532:7)
#803    StatefulElement.update (package:flutter/src/widgets/framework.dart:6010:5)
#804    Element.updateChild (package:flutter/src/widgets/framework.dart:4037:15)
#805    RootElement._rebuild (package:flutter/src/widgets/binding.dart:1782:16)
#806    RootElement.update (package:flutter/src/widgets/binding.dart:1760:5)
#807    RootElement.performRebuild (package:flutter/src/widgets/binding.dart:1774:7)
#808    Element.rebuild (package:flutter/src/widgets/framework.dart:5532:7)
#809    BuildScope._tryRebuild (package:flutter/src/widgets/framework.dart:2750:15)
#810    BuildScope._flushDirtyElements (package:flutter/src/widgets/framework.dart:2807:11)
#811    BuildOwner.buildScope (package:flutter/src/widgets/framework.dart:3111:18)
#812    AutomatedTestWidgetsFlutterBinding.drawFrame (package:flutter_test/src/binding.dart:1506:19)
#813    RendererBinding._handlePersistentFrameCallback (package:flutter/src/rendering/binding.dart:495:5)
#814    SchedulerBinding._invokeFrameCallback (package:flutter/src/scheduler/binding.dart:1434:15)
#815    SchedulerBinding.handleDrawFrame (package:flutter/src/scheduler/binding.dart:1347:9)
#816    AutomatedTestWidgetsFlutterBinding.pump.<anonymous closure> (package:flutter_test/src/binding.dart:1335:9)
#819    TestAsyncUtils.guard (package:flutter_test/src/test_async_utils.dart:74:41)
#820    AutomatedTestWidgetsFlutterBinding.pump (package:flutter_test/src/binding.dart:1324:27)
#821    WidgetTester.pumpWidget.<anonymous closure> (package:flutter_test/src/widget_tester.dart:598:22)
#824    TestAsyncUtils.guard (package:flutter_test/src/test_async_utils.dart:74:41)
#825    WidgetTester.pumpWidget (package:flutter_test/src/widget_tester.dart:595:27)
#826    main.<anonymous closure>.<anonymous closure>.<anonymous closure> (file:///home/alexc/Projects/CardMind/test/specs/home_screen_ui_spec_test.dart:639:22)
#827    testWidgets.<anonymous closure>.<anonymous closure> (package:flutter_test/src/widget_tester.dart:192:29)
<asynchronous suspension>
#828    TestWidgetsFlutterBinding._runTestBody (package:flutter_test/src/binding.dart:1059:5)
<asynchronous suspension>
<asynchronous suspension>
(elided 8 frames from dart:async and package:stack_trace)

══╡ EXCEPTION CAUGHT BY FLUTTER TEST FRAMEWORK ╞════════════════════════════════════════════════════
The following assertion was thrown running a test:
A Timer is still pending even after the widget tree was disposed.
'package:flutter_test/src/binding.dart':
Failed assertion: line 1617 pos 12: '!timersPending'

When the exception was thrown, this was the stack:
#2      AutomatedTestWidgetsFlutterBinding._verifyInvariants (package:flutter_test/src/binding.dart:1617:12)
#3      TestWidgetsFlutterBinding._runTestBody (package:flutter_test/src/binding.dart:1078:7)
<asynchronous suspension>
<asynchronous suspension>
(elided 3 frames from class _AssertionError and package:stack_trace)

The test description was:
  it_should_provide_semantic_labels_for_search
════════════════════════════════════════════════════════════════════════════════════════════════════
00:30 +524 -81: /home/alexc/Projects/CardMind/test/specs/home_screen_ui_spec_test.dart: SP-UI-005: Home Screen UI Accessibility Tests it_should_provide_semantic_labels_for_search [E]                 
  Test failed. See exception logs above.
  The test description was: it_should_provide_semantic_labels_for_search
  

To run this test again: /home/alexc/.asdf/installs/flutter/3.38.5-stable/bin/cache/dart-sdk/bin/dart test /home/alexc/Projects/CardMind/test/specs/home_screen_ui_spec_test.dart -p vm --plain-name 'SP-UI-005: Home Screen UI Accessibility Tests it_should_provide_semantic_labels_for_search'
00:30 +524 -81: /home/alexc/Projects/CardMind/test/integration/home_screen_search_test.dart: HomeScreen Integration Tests - Search Functionality should filter notes by tags                           
Pending timers:
Timer (duration: 0:00:00.500000, periodic: false), created:
00:30 +525 -81: /home/alexc/Projects/CardMind/test/specs/home_screen_spec_test.dart: SP-FLUT-008: Home Screen Sync Status Display it_should_show_syncing_indicator_when_syncing                        00:30 +525 -81: /home/alexc/Projects/CardMind/test/integration/home_screen_search_test.dart: HomeScreen Integration Tests - Search Functionality should filter notes by tags                           
#0      new FakeTimer._ (package:fake_async/fake_async.dart:342:62)
#1      FakeAsync._createTimer (package:fake_async/fake_async.dart:260:29)
#2      FakeAsync.run.<anonymous closure> (package:fake_async/fake_async.dart:185:15)
#6      _HomeScreenState.initState (package:cardmind/screens/home_screen.dart:60:12)
#7      StatefulElement._firstBuild (package:flutter/src/widgets/framework.dart:5953:55)
#8      ComponentElement.mount (package:flutter/src/widgets/framework.dart:5796:5)
...     Normal element mounting (7 frames)
#15     _InheritedProviderScopeElement.mount (package:provider/src/inherited_provider.dart:424:11)
...     Normal element mounting (7 frames)
#22     SingleChildWidgetElementMixin.mount (package:nested/nested.dart:222:11)
...     Normal element mounting (260 frames)
#282    Element.inflateWidget (package:flutter/src/widgets/framework.dart:4590:20)
#283    MultiChildRenderObjectElement.inflateWidget (package:flutter/src/widgets/framework.dart:7269:36)
#284    MultiChildRenderObjectElement.mount (package:flutter/src/widgets/framework.dart:7285:32)
...     Normal element mounting (465 frames)
#749    Element.inflateWidget (package:flutter/src/widgets/framework.dart:4590:20)
#750    Element.updateChild (package:flutter/src/widgets/framework.dart:4053:20)
#751    ComponentElement.performRebuild (package:flutter/src/widgets/framework.dart:5844:16)
#752    Element.rebuild (package:flutter/src/widgets/framework.dart:5532:7)
#753    ProxyElement.update (package:flutter/src/widgets/framework.dart:6152:5)
#754    _InheritedNotifierElement.update (package:flutter/src/widgets/inherited_notifier.dart:108:11)
#755    Element.updateChild (package:flutter/src/widgets/framework.dart:4037:15)
#756    ComponentElement.performRebuild (package:flutter/src/widgets/framework.dart:5844:16)
#757    StatefulElement.performRebuild (package:flutter/src/widgets/framework.dart:5985:11)
#758    Element.rebuild (package:flutter/src/widgets/framework.dart:5532:7)
#759    StatefulElement.update (package:flutter/src/widgets/framework.dart:6010:5)
#760    Element.updateChild (package:flutter/src/widgets/framework.dart:4037:15)
#761    ComponentElement.performRebuild (package:flutter/src/widgets/framework.dart:5844:16)
#762    Element.rebuild (package:flutter/src/widgets/framework.dart:5532:7)
#763    ProxyElement.update (package:flutter/src/widgets/framework.dart:6152:5)
#764    _InheritedNotifierElement.update (package:flutter/src/widgets/inherited_notifier.dart:108:11)
#765    Element.updateChild (package:flutter/src/widgets/framework.dart:4037:15)
#766    ComponentElement.performRebuild (package:flutter/src/widgets/framework.dart:5844:16)
#767    StatefulElement.performRebuild (package:flutter/src/widgets/framework.dart:5985:11)
#768    Element.rebuild (package:flutter/src/widgets/framework.dart:5532:7)
#769    StatefulElement.update (package:flutter/src/widgets/framework.dart:6010:5)
#770    Element.updateChild (package:flutter/src/widgets/framework.dart:4037:15)
#771    ComponentElement.performRebuild (package:flutter/src/widgets/framework.dart:5844:16)
#772    StatefulElement.performRebuild (package:flutter/src/widgets/framework.dart:5985:11)
#773    Element.rebuild (package:flutter/src/widgets/framework.dart:5532:7)
#774    StatefulElement.update (package:flutter/src/widgets/framework.dart:6010:5)
#775    Element.updateChild (package:flutter/src/widgets/framework.dart:4037:15)
#776    ComponentElement.performRebuild (package:flutter/src/widgets/framework.dart:5844:16)
#777    Element.rebuild (package:flutter/src/widgets/framework.dart:5532:7)
#778    ProxyElement.update (package:flutter/src/widgets/framework.dart:6152:5)
#779    Element.updateChild (package:flutter/src/widgets/framework.dart:4037:15)
#780    ComponentElement.performRebuild (package:flutter/src/widgets/framework.dart:5844:16)
#781    StatefulElement.performRebuild (package:flutter/src/widgets/framework.dart:5985:11)
#782    Element.rebuild (package:flutter/src/widgets/framework.dart:5532:7)
#783    StatefulElement.update (package:flutter/src/widgets/framework.dart:6010:5)
#784    Element.updateChild (package:flutter/src/widgets/framework.dart:4037:15)
#785    ComponentElement.performRebuild (package:flutter/src/widgets/framework.dart:5844:16)
#786    Element.rebuild (package:flutter/src/widgets/framework.dart:5532:7)
#787    ProxyElement.update (package:flutter/src/widgets/framework.dart:6152:5)
#788    Element.updateChild (package:flutter/src/widgets/framework.dart:4037:15)
#789    ComponentElement.performRebuild (package:flutter/src/widgets/framework.dart:5844:16)
#790    Element.rebuild (package:flutter/src/widgets/framework.dart:5532:7)
#791    ProxyElement.update (package:flutter/src/widgets/framework.dart:6152:5)
#792    Element.updateChild (package:flutter/src/widgets/framework.dart:4037:15)
#793    _RawViewElement._updateChild (package:flutter/src/widgets/view.dart:481:16)
#794    _RawViewElement.update (package:flutter/src/widgets/view.dart:568:5)
#795    Element.updateChild (package:flutter/src/widgets/framework.dart:4037:15)
#796    ComponentElement.performRebuild (package:flutter/src/widgets/framework.dart:5844:16)
#797    Element.rebuild (package:flutter/src/widgets/framework.dart:5532:7)
#798    StatelessElement.update (package:flutter/src/widgets/framework.dart:5898:5)
#799    Element.updateChild (package:flutter/src/widgets/framework.dart:4037:15)
#800    ComponentElement.performRebuild (package:flutter/src/widgets/framework.dart:5844:16)
#801    StatefulElement.performRebuild (package:flutter/src/widgets/framework.dart:5985:11)
#802    Element.rebuild (package:flutter/src/widgets/framework.dart:5532:7)
#803    StatefulElement.update (package:flutter/src/widgets/framework.dart:6010:5)
#804    Element.updateChild (package:flutter/src/widgets/framework.dart:4037:15)
#805    RootElement._rebuild (package:flutter/src/widgets/binding.dart:1782:16)
#806    RootElement.update (package:flutter/src/widgets/binding.dart:1760:5)
#807    RootElement.performRebuild (package:flutter/src/widgets/binding.dart:1774:7)
#808    Element.rebuild (package:flutter/src/widgets/framework.dart:5532:7)
#809    BuildScope._tryRebuild (package:flutter/src/widgets/framework.dart:2750:15)
#810    BuildScope._flushDirtyElements (package:flutter/src/widgets/framework.dart:2807:11)
#811    BuildOwner.buildScope (package:flutter/src/widgets/framework.dart:3111:18)
#812    AutomatedTestWidgetsFlutterBinding.drawFrame (package:flutter_test/src/binding.dart:1506:19)
#813    RendererBinding._handlePersistentFrameCallback (package:flutter/src/rendering/binding.dart:495:5)
#814    SchedulerBinding._invokeFrameCallback (package:flutter/src/scheduler/binding.dart:1434:15)
#815    SchedulerBinding.handleDrawFrame (package:flutter/src/scheduler/binding.dart:1347:9)
#816    AutomatedTestWidgetsFlutterBinding.pump.<anonymous closure> (package:flutter_test/src/binding.dart:1335:9)
#819    TestAsyncUtils.guard (package:flutter_test/src/test_async_utils.dart:74:41)
#820    AutomatedTestWidgetsFlutterBinding.pump (package:flutter_test/src/binding.dart:1324:27)
#821    WidgetTester.pumpWidget.<anonymous closure> (package:flutter_test/src/widget_tester.dart:598:22)
#824    TestAsyncUtils.guard (package:flutter_test/src/test_async_utils.dart:74:41)
#825    WidgetTester.pumpWidget (package:flutter_test/src/widget_tester.dart:595:27)
#826    main.<anonymous closure>.<anonymous closure> (file:///home/alexc/Projects/CardMind/test/integration/home_screen_search_test.dart:211:20)
<asynchronous suspension>
#827    testWidgets.<anonymous closure>.<anonymous closure> (package:flutter_test/src/widget_tester.dart:192:15)
<asynchronous suspension>
#828    TestWidgetsFlutterBinding._runTestBody (package:flutter_test/src/binding.dart:1059:5)
<asynchronous suspension>
<asynchronous suspension>
(elided 8 frames from dart:async and package:stack_trace)

00:30 +526 -81: /home/alexc/Projects/CardMind/test/specs/home_screen_spec_test.dart: SP-FLUT-008: Home Screen Sync Status Display it_should_show_syncing_indicator_when_syncing                        00:30 +526 -81: /home/alexc/Projects/CardMind/test/integration/home_screen_search_test.dart: HomeScreen Integration Tests - Search Functionality should filter notes by tags                           
══╡ EXCEPTION CAUGHT BY FLUTTER TEST FRAMEWORK ╞════════════════════════════════════════════════════
The following assertion was thrown running a test:
A Timer is still pending even after the widget tree was disposed.
'package:flutter_test/src/binding.dart':
Failed assertion: line 1617 pos 12: '!timersPending'

When the exception was thrown, this was the stack:
#2      AutomatedTestWidgetsFlutterBinding._verifyInvariants (package:flutter_test/src/binding.dart:1617:12)
#3      TestWidgetsFlutterBinding._runTestBody (package:flutter_test/src/binding.dart:1078:7)
<asynchronous suspension>
<asynchronous suspension>
(elided 3 frames from class _AssertionError and package:stack_trace)

The test description was:
  should filter notes by tags
════════════════════════════════════════════════════════════════════════════════════════════════════
00:30 +526 -82: /home/alexc/Projects/CardMind/test/integration/home_screen_search_test.dart: HomeScreen Integration Tests - Search Functionality should filter notes by tags [E]                       
  Test failed. See exception logs above.
  The test description was: should filter notes by tags
  
00:30 +526 -82: /home/alexc/Projects/CardMind/test/specs/home_screen_spec_test.dart: SP-FLUT-008: Home Screen Sync Status Display it_should_show_syncing_indicator_when_syncing                        
══╡ EXCEPTION CAUGHT BY FLUTTER TEST FRAMEWORK ╞════════════════════════════════════════════════════
The following assertion was thrown running a test:
pumpAndSettle timed out

When the exception was thrown, this was the stack:
#0      WidgetTester.pumpAndSettle.<anonymous closure> (package:flutter_test/src/widget_tester.dart:717:11)
<asynchronous suspension>
#1      TestAsyncUtils.guard.<anonymous closure> (package:flutter_test/src/test_async_utils.dart:130:27)
<asynchronous suspension>
#2      main.<anonymous closure>.<anonymous closure>.<anonymous closure> (file:///home/alexc/Projects/CardMind/test/specs/home_screen_spec_test.dart:265:9)
<asynchronous suspension>
#3      testWidgets.<anonymous closure>.<anonymous closure> (package:flutter_test/src/widget_tester.dart:192:15)
<asynchronous suspension>
#4      TestWidgetsFlutterBinding._runTestBody (package:flutter_test/src/binding.dart:1059:5)
<asynchronous suspension>
<asynchronous suspension>
(elided one frame from package:stack_trace)

The test description was:
  it_should_show_syncing_indicator_when_syncing
════════════════════════════════════════════════════════════════════════════════════════════════════

To run this test again: /home/alexc/.asdf/installs/flutter/3.38.5-stable/bin/cache/dart-sdk/bin/dart test /home/alexc/Projects/CardMind/test/integration/home_screen_search_test.dart -p vm --plain-name 'HomeScreen Integration Tests - Search Functionality should filter notes by tags'
00:30 +526 -83: /home/alexc/Projects/CardMind/test/specs/home_screen_spec_test.dart: SP-FLUT-008: Home Screen Sync Status Display it_should_show_syncing_indicator_when_syncing [E]                    
  Test failed. See exception logs above.
  The test description was: it_should_show_syncing_indicator_when_syncing
  

To run this test again: /home/alexc/.asdf/installs/flutter/3.38.5-stable/bin/cache/dart-sdk/bin/dart test /home/alexc/Projects/CardMind/test/specs/home_screen_spec_test.dart -p vm --plain-name 'SP-FLUT-008: Home Screen Sync Status Display it_should_show_syncing_indicator_when_syncing'
00:30 +527 -83: /home/alexc/Projects/CardMind/test/adaptive/responsive_layout_test.dart: Responsive Layout Tests - Breakpoint Switching should detect mobile layout below 1024px                       00:31 +527 -83: /home/alexc/Projects/CardMind/test/adaptive/responsive_layout_test.dart: Responsive Layout Tests - Breakpoint Switching should detect mobile layout below 1024px                       00:31 +528 -83: /home/alexc/Projects/CardMind/test/adaptive/responsive_layout_test.dart: Responsive Layout Tests - Breakpoint Switching should detect mobile layout below 1024px                       00:31 +529 -83: /home/alexc/Projects/CardMind/test/adaptive/responsive_layout_test.dart: Responsive Layout Tests - Breakpoint Switching should detect mobile layout below 1024px                       00:31 +530 -83: /home/alexc/Projects/CardMind/test/adaptive/responsive_layout_test.dart: Responsive Layout Tests - Breakpoint Switching should detect mobile layout below 1024px                       00:31 +530 -83: /home/alexc/Projects/CardMind/test/specs/home_screen_ui_spec_test.dart: SP-UI-005: Home Screen UI Accessibility Tests it_should_provide_semantic_labels_for_fab                        
Pending timers:
Timer (duration: 0:00:00.500000, periodic: false), created:
00:31 +531 -83: /home/alexc/Projects/CardMind/test/adaptive/responsive_layout_test.dart: Responsive Layout Tests - Breakpoint Switching should detect mobile layout below 1024px                       00:31 +531 -83: /home/alexc/Projects/CardMind/test/specs/home_screen_ui_spec_test.dart: SP-UI-005: Home Screen UI Accessibility Tests it_should_provide_semantic_labels_for_fab                        
#0      new FakeTimer._ (package:fake_async/fake_async.dart:342:62)
#1      FakeAsync._createTimer (package:fake_async/fake_async.dart:260:29)
#2      FakeAsync.run.<anonymous closure> (package:fake_async/fake_async.dart:185:15)
#6      _HomeScreenState.initState (package:cardmind/screens/home_screen.dart:60:12)
#7      StatefulElement._firstBuild (package:flutter/src/widgets/framework.dart:5953:55)
#8      ComponentElement.mount (package:flutter/src/widgets/framework.dart:5796:5)
...     Normal element mounting (7 frames)
#15     _InheritedProviderScopeElement.mount (package:provider/src/inherited_provider.dart:424:11)
...     Normal element mounting (7 frames)
#22     SingleChildWidgetElementMixin.mount (package:nested/nested.dart:222:11)
...     Normal element mounting (260 frames)
#282    Element.inflateWidget (package:flutter/src/widgets/framework.dart:4590:20)
#283    MultiChildRenderObjectElement.inflateWidget (package:flutter/src/widgets/framework.dart:7269:36)
#284    MultiChildRenderObjectElement.mount (package:flutter/src/widgets/framework.dart:7285:32)
...     Normal element mounting (465 frames)
#749    Element.inflateWidget (package:flutter/src/widgets/framework.dart:4590:20)
#750    Element.updateChild (package:flutter/src/widgets/framework.dart:4053:20)
#751    ComponentElement.performRebuild (package:flutter/src/widgets/framework.dart:5844:16)
#752    Element.rebuild (package:flutter/src/widgets/framework.dart:5532:7)
#753    ProxyElement.update (package:flutter/src/widgets/framework.dart:6152:5)
#754    _InheritedNotifierElement.update (package:flutter/src/widgets/inherited_notifier.dart:108:11)
#755    Element.updateChild (package:flutter/src/widgets/framework.dart:4037:15)
#756    ComponentElement.performRebuild (package:flutter/src/widgets/framework.dart:5844:16)
#757    StatefulElement.performRebuild (package:flutter/src/widgets/framework.dart:5985:11)
#758    Element.rebuild (package:flutter/src/widgets/framework.dart:5532:7)
#759    StatefulElement.update (package:flutter/src/widgets/framework.dart:6010:5)
#760    Element.updateChild (package:flutter/src/widgets/framework.dart:4037:15)
#761    ComponentElement.performRebuild (package:flutter/src/widgets/framework.dart:5844:16)
#762    Element.rebuild (package:flutter/src/widgets/framework.dart:5532:7)
#763    ProxyElement.update (package:flutter/src/widgets/framework.dart:6152:5)
#764    _InheritedNotifierElement.update (package:flutter/src/widgets/inherited_notifier.dart:108:11)
#765    Element.updateChild (package:flutter/src/widgets/framework.dart:4037:15)
#766    ComponentElement.performRebuild (package:flutter/src/widgets/framework.dart:5844:16)
#767    StatefulElement.performRebuild (package:flutter/src/widgets/framework.dart:5985:11)
#768    Element.rebuild (package:flutter/src/widgets/framework.dart:5532:7)
#769    StatefulElement.update (package:flutter/src/widgets/framework.dart:6010:5)
#770    Element.updateChild (package:flutter/src/widgets/framework.dart:4037:15)
#771    ComponentElement.performRebuild (package:flutter/src/widgets/framework.dart:5844:16)
#772    StatefulElement.performRebuild (package:flutter/src/widgets/framework.dart:5985:11)
#773    Element.rebuild (package:flutter/src/widgets/framework.dart:5532:7)
#774    StatefulElement.update (package:flutter/src/widgets/framework.dart:6010:5)
#775    Element.updateChild (package:flutter/src/widgets/framework.dart:4037:15)
#776    ComponentElement.performRebuild (package:flutter/src/widgets/framework.dart:5844:16)
#777    Element.rebuild (package:flutter/src/widgets/framework.dart:5532:7)
#778    ProxyElement.update (package:flutter/src/widgets/framework.dart:6152:5)
#779    Element.updateChild (package:flutter/src/widgets/framework.dart:4037:15)
#780    ComponentElement.performRebuild (package:flutter/src/widgets/framework.dart:5844:16)
#781    StatefulElement.performRebuild (package:flutter/src/widgets/framework.dart:5985:11)
#782    Element.rebuild (package:flutter/src/widgets/framework.dart:5532:7)
#783    StatefulElement.update (package:flutter/src/widgets/framework.dart:6010:5)
#784    Element.updateChild (package:flutter/src/widgets/framework.dart:4037:15)
#785    ComponentElement.performRebuild (package:flutter/src/widgets/framework.dart:5844:16)
#786    Element.rebuild (package:flutter/src/widgets/framework.dart:5532:7)
#787    ProxyElement.update (package:flutter/src/widgets/framework.dart:6152:5)
#788    Element.updateChild (package:flutter/src/widgets/framework.dart:4037:15)
#789    ComponentElement.performRebuild (package:flutter/src/widgets/framework.dart:5844:16)
#790    Element.rebuild (package:flutter/src/widgets/framework.dart:5532:7)
#791    ProxyElement.update (package:flutter/src/widgets/framework.dart:6152:5)
#792    Element.updateChild (package:flutter/src/widgets/framework.dart:4037:15)
#793    _RawViewElement._updateChild (package:flutter/src/widgets/view.dart:481:16)
#794    _RawViewElement.update (package:flutter/src/widgets/view.dart:568:5)
#795    Element.updateChild (package:flutter/src/widgets/framework.dart:4037:15)
#796    ComponentElement.performRebuild (package:flutter/src/widgets/framework.dart:5844:16)
#797    Element.rebuild (package:flutter/src/widgets/framework.dart:5532:7)
#798    StatelessElement.update (package:flutter/src/widgets/framework.dart:5898:5)
#799    Element.updateChild (package:flutter/src/widgets/framework.dart:4037:15)
#800    ComponentElement.performRebuild (package:flutter/src/widgets/framework.dart:5844:16)
#801    StatefulElement.performRebuild (package:flutter/src/widgets/framework.dart:5985:11)
#802    Element.rebuild (package:flutter/src/widgets/framework.dart:5532:7)
#803    StatefulElement.update (package:flutter/src/widgets/framework.dart:6010:5)
#804    Element.updateChild (package:flutter/src/widgets/framework.dart:4037:15)
#805    RootElement._rebuild (package:flutter/src/widgets/binding.dart:1782:16)
#806    RootElement.update (package:flutter/src/widgets/binding.dart:1760:5)
#807    RootElement.performRebuild (package:flutter/src/widgets/binding.dart:1774:7)
#808    Element.rebuild (package:flutter/src/widgets/framework.dart:5532:7)
#809    BuildScope._tryRebuild (package:flutter/src/widgets/framework.dart:2750:15)
#810    BuildScope._flushDirtyElements (package:flutter/src/widgets/framework.dart:2807:11)
#811    BuildOwner.buildScope (package:flutter/src/widgets/framework.dart:3111:18)
#812    AutomatedTestWidgetsFlutterBinding.drawFrame (package:flutter_test/src/binding.dart:1506:19)
#813    RendererBinding._handlePersistentFrameCallback (package:flutter/src/rendering/binding.dart:495:5)
#814    SchedulerBinding._invokeFrameCallback (package:flutter/src/scheduler/binding.dart:1434:15)
#815    SchedulerBinding.handleDrawFrame (package:flutter/src/scheduler/binding.dart:1347:9)
#816    AutomatedTestWidgetsFlutterBinding.pump.<anonymous closure> (package:flutter_test/src/binding.dart:1335:9)
#819    TestAsyncUtils.guard (package:flutter_test/src/test_async_utils.dart:74:41)
#820    AutomatedTestWidgetsFlutterBinding.pump (package:flutter_test/src/binding.dart:1324:27)
#821    WidgetTester.pumpWidget.<anonymous closure> (package:flutter_test/src/widget_tester.dart:598:22)
#824    TestAsyncUtils.guard (package:flutter_test/src/test_async_utils.dart:74:41)
#825    WidgetTester.pumpWidget (package:flutter_test/src/widget_tester.dart:595:27)
#826    main.<anonymous closure>.<anonymous closure>.<anonymous closure> (file:///home/alexc/Projects/CardMind/test/specs/home_screen_ui_spec_test.dart:652:22)
#827    testWidgets.<anonymous closure>.<anonymous closure> (package:flutter_test/src/widget_tester.dart:192:29)
<asynchronous suspension>
#828    TestWidgetsFlutterBinding._runTestBody (package:flutter_test/src/binding.dart:1059:5)
<asynchronous suspension>
<asynchronous suspension>
(elided 8 frames from dart:async and package:stack_trace)

══╡ EXCEPTION CAUGHT BY FLUTTER TEST FRAMEWORK ╞════════════════════════════════════════════════════
The following assertion was thrown running a test:
A Timer is still pending even after the widget tree was disposed.
'package:flutter_test/src/binding.dart':
Failed assertion: line 1617 pos 12: '!timersPending'

When the exception was thrown, this was the stack:
#2      AutomatedTestWidgetsFlutterBinding._verifyInvariants (package:flutter_test/src/binding.dart:1617:12)
#3      TestWidgetsFlutterBinding._runTestBody (package:flutter_test/src/binding.dart:1078:7)
<asynchronous suspension>
<asynchronous suspension>
(elided 3 frames from class _AssertionError and package:stack_trace)

The test description was:
  it_should_provide_semantic_labels_for_fab
════════════════════════════════════════════════════════════════════════════════════════════════════
00:31 +531 -84: /home/alexc/Projects/CardMind/test/specs/home_screen_ui_spec_test.dart: SP-UI-005: Home Screen UI Accessibility Tests it_should_provide_semantic_labels_for_fab [E]                    
  Test failed. See exception logs above.
  The test description was: it_should_provide_semantic_labels_for_fab
  

To run this test again: /home/alexc/.asdf/installs/flutter/3.38.5-stable/bin/cache/dart-sdk/bin/dart test /home/alexc/Projects/CardMind/test/specs/home_screen_ui_spec_test.dart -p vm --plain-name 'SP-UI-005: Home Screen UI Accessibility Tests it_should_provide_semantic_labels_for_fab'
00:31 +532 -84: /home/alexc/Projects/CardMind/test/adaptive/responsive_layout_test.dart: Responsive Layout Tests - Breakpoint Switching should detect mobile layout below 1024px                       00:31 +533 -84: /home/alexc/Projects/CardMind/test/adaptive/responsive_layout_test.dart: Responsive Layout Tests - Breakpoint Switching should detect mobile layout below 1024px                       00:31 +534 -84: /home/alexc/Projects/CardMind/test/adaptive/responsive_layout_test.dart: Responsive Layout Tests - Breakpoint Switching should detect mobile layout below 1024px                       00:31 +535 -84: /home/alexc/Projects/CardMind/test/adaptive/responsive_layout_test.dart: Responsive Layout Tests - Breakpoint Switching should detect mobile layout below 1024px                       00:31 +536 -84: /home/alexc/Projects/CardMind/test/adaptive/responsive_layout_test.dart: Responsive Layout Tests - Breakpoint Switching should detect mobile layout below 1024px                       00:31 +537 -84: /home/alexc/Projects/CardMind/test/adaptive/responsive_layout_test.dart: Responsive Layout Tests - Breakpoint Switching should detect mobile layout below 1024px                       00:31 +538 -84: /home/alexc/Projects/CardMind/test/integration/home_screen_search_test.dart: HomeScreen Integration Tests - Search Functionality should be case-insensitive                            00:31 +539 -84: /home/alexc/Projects/CardMind/test/integration/home_screen_search_test.dart: HomeScreen Integration Tests - Search Functionality should be case-insensitive                            00:31 +539 -84: /home/alexc/Projects/CardMind/test/specs/home_screen_ui_spec_test.dart: SP-UI-005: Home Screen UI Performance Tests it_should_render_home_screen_within_200ms                          
Pending timers:
Timer (duration: 0:00:00.500000, periodic: false), created:
00:31 +540 -84: /home/alexc/Projects/CardMind/test/integration/home_screen_search_test.dart: HomeScreen Integration Tests - Search Functionality should be case-insensitive                            00:31 +540 -84: /home/alexc/Projects/CardMind/test/specs/home_screen_ui_spec_test.dart: SP-UI-005: Home Screen UI Performance Tests it_should_render_home_screen_within_200ms                          
#0      new FakeTimer._ (package:fake_async/fake_async.dart:342:62)
#1      FakeAsync._createTimer (package:fake_async/fake_async.dart:260:29)
#2      FakeAsync.run.<anonymous closure> (package:fake_async/fake_async.dart:185:15)
#6      _HomeScreenState.initState (package:cardmind/screens/home_screen.dart:60:12)
#7      StatefulElement._firstBuild (package:flutter/src/widgets/framework.dart:5953:55)
#8      ComponentElement.mount (package:flutter/src/widgets/framework.dart:5796:5)
...     Normal element mounting (7 frames)
#15     _InheritedProviderScopeElement.mount (package:provider/src/inherited_provider.dart:424:11)
...     Normal element mounting (7 frames)
#22     SingleChildWidgetElementMixin.mount (package:nested/nested.dart:222:11)
...     Normal element mounting (260 frames)
#282    Element.inflateWidget (package:flutter/src/widgets/framework.dart:4590:20)
#283    MultiChildRenderObjectElement.inflateWidget (package:flutter/src/widgets/framework.dart:7269:36)
#284    MultiChildRenderObjectElement.mount (package:flutter/src/widgets/framework.dart:7285:32)
...     Normal element mounting (465 frames)
#749    Element.inflateWidget (package:flutter/src/widgets/framework.dart:4590:20)
#750    Element.updateChild (package:flutter/src/widgets/framework.dart:4053:20)
#751    ComponentElement.performRebuild (package:flutter/src/widgets/framework.dart:5844:16)
#752    Element.rebuild (package:flutter/src/widgets/framework.dart:5532:7)
#753    ProxyElement.update (package:flutter/src/widgets/framework.dart:6152:5)
#754    _InheritedNotifierElement.update (package:flutter/src/widgets/inherited_notifier.dart:108:11)
#755    Element.updateChild (package:flutter/src/widgets/framework.dart:4037:15)
#756    ComponentElement.performRebuild (package:flutter/src/widgets/framework.dart:5844:16)
#757    StatefulElement.performRebuild (package:flutter/src/widgets/framework.dart:5985:11)
#758    Element.rebuild (package:flutter/src/widgets/framework.dart:5532:7)
#759    StatefulElement.update (package:flutter/src/widgets/framework.dart:6010:5)
#760    Element.updateChild (package:flutter/src/widgets/framework.dart:4037:15)
#761    ComponentElement.performRebuild (package:flutter/src/widgets/framework.dart:5844:16)
#762    Element.rebuild (package:flutter/src/widgets/framework.dart:5532:7)
#763    ProxyElement.update (package:flutter/src/widgets/framework.dart:6152:5)
#764    _InheritedNotifierElement.update (package:flutter/src/widgets/inherited_notifier.dart:108:11)
#765    Element.updateChild (package:flutter/src/widgets/framework.dart:4037:15)
#766    ComponentElement.performRebuild (package:flutter/src/widgets/framework.dart:5844:16)
#767    StatefulElement.performRebuild (package:flutter/src/widgets/framework.dart:5985:11)
#768    Element.rebuild (package:flutter/src/widgets/framework.dart:5532:7)
#769    StatefulElement.update (package:flutter/src/widgets/framework.dart:6010:5)
#770    Element.updateChild (package:flutter/src/widgets/framework.dart:4037:15)
#771    ComponentElement.performRebuild (package:flutter/src/widgets/framework.dart:5844:16)
#772    StatefulElement.performRebuild (package:flutter/src/widgets/framework.dart:5985:11)
#773    Element.rebuild (package:flutter/src/widgets/framework.dart:5532:7)
#774    StatefulElement.update (package:flutter/src/widgets/framework.dart:6010:5)
#775    Element.updateChild (package:flutter/src/widgets/framework.dart:4037:15)
#776    ComponentElement.performRebuild (package:flutter/src/widgets/framework.dart:5844:16)
#777    Element.rebuild (package:flutter/src/widgets/framework.dart:5532:7)
#778    ProxyElement.update (package:flutter/src/widgets/framework.dart:6152:5)
#779    Element.updateChild (package:flutter/src/widgets/framework.dart:4037:15)
#780    ComponentElement.performRebuild (package:flutter/src/widgets/framework.dart:5844:16)
#781    StatefulElement.performRebuild (package:flutter/src/widgets/framework.dart:5985:11)
#782    Element.rebuild (package:flutter/src/widgets/framework.dart:5532:7)
#783    StatefulElement.update (package:flutter/src/widgets/framework.dart:6010:5)
#784    Element.updateChild (package:flutter/src/widgets/framework.dart:4037:15)
#785    ComponentElement.performRebuild (package:flutter/src/widgets/framework.dart:5844:16)
#786    Element.rebuild (package:flutter/src/widgets/framework.dart:5532:7)
#787    ProxyElement.update (package:flutter/src/widgets/framework.dart:6152:5)
#788    Element.updateChild (package:flutter/src/widgets/framework.dart:4037:15)
#789    ComponentElement.performRebuild (package:flutter/src/widgets/framework.dart:5844:16)
#790    Element.rebuild (package:flutter/src/widgets/framework.dart:5532:7)
#791    ProxyElement.update (package:flutter/src/widgets/framework.dart:6152:5)
#792    Element.updateChild (package:flutter/src/widgets/framework.dart:4037:15)
#793    _RawViewElement._updateChild (package:flutter/src/widgets/view.dart:481:16)
#794    _RawViewElement.update (package:flutter/src/widgets/view.dart:568:5)
#795    Element.updateChild (package:flutter/src/widgets/framework.dart:4037:15)
#796    ComponentElement.performRebuild (package:flutter/src/widgets/framework.dart:5844:16)
#797    Element.rebuild (package:flutter/src/widgets/framework.dart:5532:7)
#798    StatelessElement.update (package:flutter/src/widgets/framework.dart:5898:5)
#799    Element.updateChild (package:flutter/src/widgets/framework.dart:4037:15)
#800    ComponentElement.performRebuild (package:flutter/src/widgets/framework.dart:5844:16)
#801    StatefulElement.performRebuild (package:flutter/src/widgets/framework.dart:5985:11)
#802    Element.rebuild (package:flutter/src/widgets/framework.dart:5532:7)
#803    StatefulElement.update (package:flutter/src/widgets/framework.dart:6010:5)
#804    Element.updateChild (package:flutter/src/widgets/framework.dart:4037:15)
#805    RootElement._rebuild (package:flutter/src/widgets/binding.dart:1782:16)
#806    RootElement.update (package:flutter/src/widgets/binding.dart:1760:5)
#807    RootElement.performRebuild (package:flutter/src/widgets/binding.dart:1774:7)
#808    Element.rebuild (package:flutter/src/widgets/framework.dart:5532:7)
#809    BuildScope._tryRebuild (package:flutter/src/widgets/framework.dart:2750:15)
#810    BuildScope._flushDirtyElements (package:flutter/src/widgets/framework.dart:2807:11)
#811    BuildOwner.buildScope (package:flutter/src/widgets/framework.dart:3111:18)
#812    AutomatedTestWidgetsFlutterBinding.drawFrame (package:flutter_test/src/binding.dart:1506:19)
#813    RendererBinding._handlePersistentFrameCallback (package:flutter/src/rendering/binding.dart:495:5)
#814    SchedulerBinding._invokeFrameCallback (package:flutter/src/scheduler/binding.dart:1434:15)
#815    SchedulerBinding.handleDrawFrame (package:flutter/src/scheduler/binding.dart:1347:9)
#816    AutomatedTestWidgetsFlutterBinding.pump.<anonymous closure> (package:flutter_test/src/binding.dart:1335:9)
#819    TestAsyncUtils.guard (package:flutter_test/src/test_async_utils.dart:74:41)
#820    AutomatedTestWidgetsFlutterBinding.pump (package:flutter_test/src/binding.dart:1324:27)
#821    WidgetTester.pumpWidget.<anonymous closure> (package:flutter_test/src/widget_tester.dart:598:22)
#824    TestAsyncUtils.guard (package:flutter_test/src/test_async_utils.dart:74:41)
#825    WidgetTester.pumpWidget (package:flutter_test/src/widget_tester.dart:595:27)
#826    main.<anonymous closure>.<anonymous closure>.<anonymous closure> (file:///home/alexc/Projects/CardMind/test/specs/home_screen_ui_spec_test.dart:675:22)
#827    testWidgets.<anonymous closure>.<anonymous closure> (package:flutter_test/src/widget_tester.dart:192:29)
<asynchronous suspension>
#828    TestWidgetsFlutterBinding._runTestBody (package:flutter_test/src/binding.dart:1059:5)
<asynchronous suspension>
<asynchronous suspension>
(elided 8 frames from dart:async and package:stack_trace)

══╡ EXCEPTION CAUGHT BY FLUTTER TEST FRAMEWORK ╞════════════════════════════════════════════════════
The following assertion was thrown running a test:
A Timer is still pending even after the widget tree was disposed.
'package:flutter_test/src/binding.dart':
Failed assertion: line 1617 pos 12: '!timersPending'

When the exception was thrown, this was the stack:
#2      AutomatedTestWidgetsFlutterBinding._verifyInvariants (package:flutter_test/src/binding.dart:1617:12)
#3      TestWidgetsFlutterBinding._runTestBody (package:flutter_test/src/binding.dart:1078:7)
<asynchronous suspension>
<asynchronous suspension>
(elided 3 frames from class _AssertionError and package:stack_trace)

The test description was:
  it_should_render_home_screen_within_200ms
════════════════════════════════════════════════════════════════════════════════════════════════════
00:31 +540 -85: /home/alexc/Projects/CardMind/test/specs/home_screen_ui_spec_test.dart: SP-UI-005: Home Screen UI Performance Tests it_should_render_home_screen_within_200ms [E]                      
  Test failed. See exception logs above.
  The test description was: it_should_render_home_screen_within_200ms
  

To run this test again: /home/alexc/.asdf/installs/flutter/3.38.5-stable/bin/cache/dart-sdk/bin/dart test /home/alexc/Projects/CardMind/test/specs/home_screen_ui_spec_test.dart -p vm --plain-name 'SP-UI-005: Home Screen UI Performance Tests it_should_render_home_screen_within_200ms'
00:31 +541 -85: /home/alexc/Projects/CardMind/test/integration/home_screen_search_test.dart: HomeScreen Integration Tests - Search Functionality should be case-insensitive                            00:31 +542 -85: /home/alexc/Projects/CardMind/test/integration/home_screen_search_test.dart: HomeScreen Integration Tests - Search Functionality should be case-insensitive                            00:31 +543 -85: /home/alexc/Projects/CardMind/test/integration/home_screen_search_test.dart: HomeScreen Integration Tests - Search Functionality should be case-insensitive                            00:31 +544 -85: /home/alexc/Projects/CardMind/test/integration/home_screen_search_test.dart: HomeScreen Integration Tests - Search Functionality should be case-insensitive                            00:31 +545 -85: /home/alexc/Projects/CardMind/test/integration/home_screen_search_test.dart: HomeScreen Integration Tests - Search Functionality should be case-insensitive                            00:31 +546 -85: /home/alexc/Projects/CardMind/test/integration/home_screen_search_test.dart: HomeScreen Integration Tests - Search Functionality should be case-insensitive                            00:31 +546 -85: /home/alexc/Projects/CardMind/test/specs/home_screen_ui_spec_test.dart: SP-UI-005: Home Screen UI Performance Tests it_should_handle_many_cards_efficiently                            
Pending timers:
Timer (duration: 0:00:00.500000, periodic: false), created:
#0      new FakeTimer._ (package:fake_async/fake_async.dart:342:62)
#1      FakeAsync._createTimer (package:fake_async/fake_async.dart:260:29)
#2      FakeAsync.run.<anonymous closure> (package:fake_async/fake_async.dart:185:15)
#6      _HomeScreenState.initState (package:cardmind/screens/home_screen.dart:60:12)
#7      StatefulElement._firstBuild (package:flutter/src/widgets/framework.dart:5953:55)
#8      ComponentElement.mount (package:flutter/src/widgets/framework.dart:5796:5)
...     Normal element mounting (7 frames)
#15     _InheritedProviderScopeElement.mount (package:provider/src/inherited_provider.dart:424:11)
...     Normal element mounting (7 frames)
#22     SingleChildWidgetElementMixin.mount (package:nested/nested.dart:222:11)
...     Normal element mounting (260 frames)
#282    Element.inflateWidget (package:flutter/src/widgets/framework.dart:4590:20)
#283    MultiChildRenderObjectElement.inflateWidget (package:flutter/src/widgets/framework.dart:7269:36)
#284    MultiChildRenderObjectElement.mount (package:flutter/src/widgets/framework.dart:7285:32)
...     Normal element mounting (465 frames)
#749    Element.inflateWidget (package:flutter/src/widgets/framework.dart:4590:20)
#750    Element.updateChild (package:flutter/src/widgets/framework.dart:4053:20)
#751    ComponentElement.performRebuild (package:flutter/src/widgets/framework.dart:5844:16)
#752    Element.rebuild (package:flutter/src/widgets/framework.dart:5532:7)
#753    ProxyElement.update (package:flutter/src/widgets/framework.dart:6152:5)
#754    _InheritedNotifierElement.update (package:flutter/src/widgets/inherited_notifier.dart:108:11)
#755    Element.updateChild (package:flutter/src/widgets/framework.dart:4037:15)
#756    ComponentElement.performRebuild (package:flutter/src/widgets/framework.dart:5844:16)
#757    StatefulElement.performRebuild (package:flutter/src/widgets/framework.dart:5985:11)
#758    Element.rebuild (package:flutter/src/widgets/framework.dart:5532:7)
#759    StatefulElement.update (package:flutter/src/widgets/framework.dart:6010:5)
#760    Element.updateChild (package:flutter/src/widgets/framework.dart:4037:15)
#761    ComponentElement.performRebuild (package:flutter/src/widgets/framework.dart:5844:16)
#762    Element.rebuild (package:flutter/src/widgets/framework.dart:5532:7)
#763    ProxyElement.update (package:flutter/src/widgets/framework.dart:6152:5)
#764    _InheritedNotifierElement.update (package:flutter/src/widgets/inherited_notifier.dart:108:11)
#765    Element.updateChild (package:flutter/src/widgets/framework.dart:4037:15)
#766    ComponentElement.performRebuild (package:flutter/src/widgets/framework.dart:5844:16)
#767    StatefulElement.performRebuild (package:flutter/src/widgets/framework.dart:5985:11)
#768    Element.rebuild (package:flutter/src/widgets/framework.dart:5532:7)
#769    StatefulElement.update (package:flutter/src/widgets/framework.dart:6010:5)
#770    Element.updateChild (package:flutter/src/widgets/framework.dart:4037:15)
#771    ComponentElement.performRebuild (package:flutter/src/widgets/framework.dart:5844:16)
#772    StatefulElement.performRebuild (package:flutter/src/widgets/framework.dart:5985:11)
#773    Element.rebuild (package:flutter/src/widgets/framework.dart:5532:7)
#774    StatefulElement.update (package:flutter/src/widgets/framework.dart:6010:5)
#775    Element.updateChild (package:flutter/src/widgets/framework.dart:4037:15)
#776    ComponentElement.performRebuild (package:flutter/src/widgets/framework.dart:5844:16)
#777    Element.rebuild (package:flutter/src/widgets/framework.dart:5532:7)
#778    ProxyElement.update (package:flutter/src/widgets/framework.dart:6152:5)
#779    Element.updateChild (package:flutter/src/widgets/framework.dart:4037:15)
#780    ComponentElement.performRebuild (package:flutter/src/widgets/framework.dart:5844:16)
#781    StatefulElement.performRebuild (package:flutter/src/widgets/framework.dart:5985:11)
#782    Element.rebuild (package:flutter/src/widgets/framework.dart:5532:7)
#783    StatefulElement.update (package:flutter/src/widgets/framework.dart:6010:5)
#784    Element.updateChild (package:flutter/src/widgets/framework.dart:4037:15)
#785    ComponentElement.performRebuild (package:flutter/src/widgets/framework.dart:5844:16)
#786    Element.rebuild (package:flutter/src/widgets/framework.dart:5532:7)
#787    ProxyElement.update (package:flutter/src/widgets/framework.dart:6152:5)
#788    Element.updateChild (package:flutter/src/widgets/framework.dart:4037:15)
#789    ComponentElement.performRebuild (package:flutter/src/widgets/framework.dart:5844:16)
#790    Element.rebuild (package:flutter/src/widgets/framework.dart:5532:7)
#791    ProxyElement.update (package:flutter/src/widgets/framework.dart:6152:5)
#792    Element.updateChild (package:flutter/src/widgets/framework.dart:4037:15)
#793    _RawViewElement._updateChild (package:flutter/src/widgets/view.dart:481:16)
#794    _RawViewElement.update (package:flutter/src/widgets/view.dart:568:5)
#795    Element.updateChild (package:flutter/src/widgets/framework.dart:4037:15)
#796    ComponentElement.performRebuild (package:flutter/src/widgets/framework.dart:5844:16)
#797    Element.rebuild (package:flutter/src/widgets/framework.dart:5532:7)
#798    StatelessElement.update (package:flutter/src/widgets/framework.dart:5898:5)
#799    Element.updateChild (package:flutter/src/widgets/framework.dart:4037:15)
#800    ComponentElement.performRebuild (package:flutter/src/widgets/framework.dart:5844:16)
#801    StatefulElement.performRebuild (package:flutter/src/widgets/framework.dart:5985:11)
#802    Element.rebuild (package:flutter/src/widgets/framework.dart:5532:7)
#803    StatefulElement.update (package:flutter/src/widgets/framework.dart:6010:5)
#804    Element.updateChild (package:flutter/src/widgets/framework.dart:4037:15)
#805    RootElement._rebuild (package:flutter/src/widgets/binding.dart:1782:16)
#806    RootElement.update (package:flutter/src/widgets/binding.dart:1760:5)
#807    RootElement.performRebuild (package:flutter/src/widgets/binding.dart:1774:7)
#808    Element.rebuild (package:flutter/src/widgets/framework.dart:5532:7)
#809    BuildScope._tryRebuild (package:flutter/src/widgets/framework.dart:2750:15)
#810    BuildScope._flushDirtyElements (package:flutter/src/widgets/framework.dart:2807:11)
#811    BuildOwner.buildScope (package:flutter/src/widgets/framework.dart:3111:18)
#812    AutomatedTestWidgetsFlutterBinding.drawFrame (package:flutter_test/src/binding.dart:1506:19)
#813    RendererBinding._handlePersistentFrameCallback (package:flutter/src/rendering/binding.dart:495:5)
#814    SchedulerBinding._invokeFrameCallback (package:flutter/src/scheduler/binding.dart:1434:15)
#815    SchedulerBinding.handleDrawFrame (package:flutter/src/scheduler/binding.dart:1347:9)
#816    AutomatedTestWidgetsFlutterBinding.pump.<anonymous closure> (package:flutter_test/src/binding.dart:1335:9)
#819    TestAsyncUtils.guard (package:flutter_test/src/test_async_utils.dart:74:41)
#820    AutomatedTestWidgetsFlutterBinding.pump (package:flutter_test/src/binding.dart:1324:27)
#821    WidgetTester.pumpWidget.<anonymous closure> (package:flutter_test/src/widget_tester.dart:598:22)
#824    TestAsyncUtils.guard (package:flutter_test/src/test_async_utils.dart:74:41)
#825    WidgetTester.pumpWidget (package:flutter_test/src/widget_tester.dart:595:27)
#826    main.<anonymous closure>.<anonymous closure>.<anonymous closure> (file:///home/alexc/Projects/CardMind/test/specs/home_screen_ui_spec_test.dart:694:22)
<asynchronous suspension>
#827    testWidgets.<anonymous closure>.<anonymous closure> (package:flutter_test/src/widget_tester.dart:192:15)
<asynchronous suspension>
#828    TestWidgetsFlutterBinding._runTestBody (package:flutter_test/src/binding.dart:1059:5)
<asynchronous suspension>
<asynchronous suspension>
(elided 8 frames from dart:async and package:stack_trace)

══╡ EXCEPTION CAUGHT BY FLUTTER TEST FRAMEWORK ╞════════════════════════════════════════════════════
The following assertion was thrown running a test:
A Timer is still pending even after the widget tree was disposed.
'package:flutter_test/src/binding.dart':
Failed assertion: line 1617 pos 12: '!timersPending'

When the exception was thrown, this was the stack:
#2      AutomatedTestWidgetsFlutterBinding._verifyInvariants (package:flutter_test/src/binding.dart:1617:12)
#3      TestWidgetsFlutterBinding._runTestBody (package:flutter_test/src/binding.dart:1078:7)
<asynchronous suspension>
<asynchronous suspension>
(elided 3 frames from class _AssertionError and package:stack_trace)

The test description was:
  it_should_handle_many_cards_efficiently
════════════════════════════════════════════════════════════════════════════════════════════════════
00:31 +546 -86: /home/alexc/Projects/CardMind/test/specs/home_screen_ui_spec_test.dart: SP-UI-005: Home Screen UI Performance Tests it_should_handle_many_cards_efficiently [E]                        
  Test failed. See exception logs above.
  The test description was: it_should_handle_many_cards_efficiently
  

To run this test again: /home/alexc/.asdf/installs/flutter/3.38.5-stable/bin/cache/dart-sdk/bin/dart test /home/alexc/Projects/CardMind/test/specs/home_screen_ui_spec_test.dart -p vm --plain-name 'SP-UI-005: Home Screen UI Performance Tests it_should_handle_many_cards_efficiently'
00:31 +547 -86: /home/alexc/Projects/CardMind/test/integration/home_screen_search_test.dart: HomeScreen Integration Tests - Search Functionality should be case-insensitive                            00:31 +548 -86: /home/alexc/Projects/CardMind/test/integration/home_screen_search_test.dart: HomeScreen Integration Tests - Search Functionality should be case-insensitive                            00:31 +549 -86: /home/alexc/Projects/CardMind/test/integration/home_screen_search_test.dart: HomeScreen Integration Tests - Search Functionality should be case-insensitive                            00:31 +550 -86: /home/alexc/Projects/CardMind/test/integration/home_screen_search_test.dart: HomeScreen Integration Tests - Search Functionality should be case-insensitive                            00:31 +551 -86: /home/alexc/Projects/CardMind/test/integration/home_screen_search_test.dart: HomeScreen Integration Tests - Search Functionality should be case-insensitive                            00:31 +552 -86: /home/alexc/Projects/CardMind/test/widget_test.dart: CardMind app initialization smoke test                                                                                            00:31 +553 -86: /home/alexc/Projects/CardMind/test/widget_test.dart: CardMind app initialization smoke test                                                                                            00:31 +554 -86: /home/alexc/Projects/CardMind/test/widget_test.dart: CardMind app initialization smoke test                                                                                            00:31 +555 -86: /home/alexc/Projects/CardMind/test/widget_test.dart: CardMind app initialization smoke test                                                                                            00:31 +556 -86: /home/alexc/Projects/CardMind/test/widget_test.dart: CardMind app initialization smoke test                                                                                            00:31 +557 -86: /home/alexc/Projects/CardMind/test/widget_test.dart: CardMind app initialization smoke test                                                                                            00:31 +558 -86: /home/alexc/Projects/CardMind/test/widget_test.dart: CardMind app initialization smoke test                                                                                            00:31 +559 -86: /home/alexc/Projects/CardMind/test/widget_test.dart: CardMind app initialization smoke test                                                                                            00:32 +559 -86: /home/alexc/Projects/CardMind/test/widget_test.dart: CardMind app initialization smoke test                                                                                            00:32 +560 -86: /home/alexc/Projects/CardMind/test/specs/home_screen_ui_spec_test.dart: SP-UI-005: Home Screen UI Performance Tests it_should_handle_rapid_search_input_efficiently                    00:32 +561 -86: /home/alexc/Projects/CardMind/test/specs/home_screen_ui_spec_test.dart: SP-UI-005: Home Screen UI Performance Tests it_should_handle_rapid_search_input_efficiently                    00:32 +562 -86: /home/alexc/Projects/CardMind/test/specs/home_screen_ui_spec_test.dart: SP-UI-005: Home Screen UI Performance Tests it_should_handle_rapid_search_input_efficiently                    00:32 +563 -86: /home/alexc/Projects/CardMind/test/specs/home_screen_ui_spec_test.dart: SP-UI-005: Home Screen UI Performance Tests it_should_handle_rapid_search_input_efficiently                    00:32 +564 -86: /home/alexc/Projects/CardMind/test/specs/home_screen_ui_spec_test.dart: SP-UI-005: Home Screen UI Performance Tests it_should_handle_rapid_search_input_efficiently                    00:32 +565 -86: /home/alexc/Projects/CardMind/test/specs/home_screen_ui_spec_test.dart: SP-UI-005: Home Screen UI Performance Tests it_should_handle_rapid_search_input_efficiently                    00:32 +566 -86: /home/alexc/Projects/CardMind/test/specs/home_screen_ui_spec_test.dart: SP-UI-005: Home Screen UI Performance Tests it_should_handle_rapid_search_input_efficiently                    00:32 +567 -86: /home/alexc/Projects/CardMind/test/specs/home_screen_ui_spec_test.dart: SP-UI-005: Home Screen UI Performance Tests it_should_handle_rapid_search_input_efficiently                    00:32 +568 -86: /home/alexc/Projects/CardMind/test/specs/home_screen_ui_spec_test.dart: SP-UI-005: Home Screen UI Performance Tests it_should_handle_rapid_search_input_efficiently                    00:32 +568 -86: /home/alexc/Projects/CardMind/test/specs/home_screen_ui_spec_test.dart: SP-UI-005: Home Screen UI Performance Tests it_should_handle_rapid_search_input_efficiently                    
Pending timers:
Timer (duration: 0:00:00.500000, periodic: false), created:
#0      new FakeTimer._ (package:fake_async/fake_async.dart:342:62)
#1      FakeAsync._createTimer (package:fake_async/fake_async.dart:260:29)
#2      FakeAsync.run.<anonymous closure> (package:fake_async/fake_async.dart:185:15)
#6      _HomeScreenState.initState (package:cardmind/screens/home_screen.dart:60:12)
#7      StatefulElement._firstBuild (package:flutter/src/widgets/framework.dart:5953:55)
#8      ComponentElement.mount (package:flutter/src/widgets/framework.dart:5796:5)
...     Normal element mounting (7 frames)
#15     _InheritedProviderScopeElement.mount (package:provider/src/inherited_provider.dart:424:11)
...     Normal element mounting (7 frames)
#22     SingleChildWidgetElementMixin.mount (package:nested/nested.dart:222:11)
...     Normal element mounting (260 frames)
#282    Element.inflateWidget (package:flutter/src/widgets/framework.dart:4590:20)
#283    MultiChildRenderObjectElement.inflateWidget (package:flutter/src/widgets/framework.dart:7269:36)
#284    MultiChildRenderObjectElement.mount (package:flutter/src/widgets/framework.dart:7285:32)
...     Normal element mounting (465 frames)
#749    Element.inflateWidget (package:flutter/src/widgets/framework.dart:4590:20)
#750    Element.updateChild (package:flutter/src/widgets/framework.dart:4053:20)
#751    ComponentElement.performRebuild (package:flutter/src/widgets/framework.dart:5844:16)
#752    Element.rebuild (package:flutter/src/widgets/framework.dart:5532:7)
#753    ProxyElement.update (package:flutter/src/widgets/framework.dart:6152:5)
#754    _InheritedNotifierElement.update (package:flutter/src/widgets/inherited_notifier.dart:108:11)
#755    Element.updateChild (package:flutter/src/widgets/framework.dart:4037:15)
#756    ComponentElement.performRebuild (package:flutter/src/widgets/framework.dart:5844:16)
#757    StatefulElement.performRebuild (package:flutter/src/widgets/framework.dart:5985:11)
#758    Element.rebuild (package:flutter/src/widgets/framework.dart:5532:7)
#759    StatefulElement.update (package:flutter/src/widgets/framework.dart:6010:5)
#760    Element.updateChild (package:flutter/src/widgets/framework.dart:4037:15)
#761    ComponentElement.performRebuild (package:flutter/src/widgets/framework.dart:5844:16)
#762    Element.rebuild (package:flutter/src/widgets/framework.dart:5532:7)
#763    ProxyElement.update (package:flutter/src/widgets/framework.dart:6152:5)
#764    _InheritedNotifierElement.update (package:flutter/src/widgets/inherited_notifier.dart:108:11)
#765    Element.updateChild (package:flutter/src/widgets/framework.dart:4037:15)
#766    ComponentElement.performRebuild (package:flutter/src/widgets/framework.dart:5844:16)
#767    StatefulElement.performRebuild (package:flutter/src/widgets/framework.dart:5985:11)
#768    Element.rebuild (package:flutter/src/widgets/framework.dart:5532:7)
#769    StatefulElement.update (package:flutter/src/widgets/framework.dart:6010:5)
#770    Element.updateChild (package:flutter/src/widgets/framework.dart:4037:15)
#771    ComponentElement.performRebuild (package:flutter/src/widgets/framework.dart:5844:16)
#772    StatefulElement.performRebuild (package:flutter/src/widgets/framework.dart:5985:11)
#773    Element.rebuild (package:flutter/src/widgets/framework.dart:5532:7)
#774    StatefulElement.update (package:flutter/src/widgets/framework.dart:6010:5)
#775    Element.updateChild (package:flutter/src/widgets/framework.dart:4037:15)
#776    ComponentElement.performRebuild (package:flutter/src/widgets/framework.dart:5844:16)
#777    Element.rebuild (package:flutter/src/widgets/framework.dart:5532:7)
#778    ProxyElement.update (package:flutter/src/widgets/framework.dart:6152:5)
#779    Element.updateChild (package:flutter/src/widgets/framework.dart:4037:15)
#780    ComponentElement.performRebuild (package:flutter/src/widgets/framework.dart:5844:16)
#781    StatefulElement.performRebuild (package:flutter/src/widgets/framework.dart:5985:11)
#782    Element.rebuild (package:flutter/src/widgets/framework.dart:5532:7)
#783    StatefulElement.update (package:flutter/src/widgets/framework.dart:6010:5)
#784    Element.updateChild (package:flutter/src/widgets/framework.dart:4037:15)
#785    ComponentElement.performRebuild (package:flutter/src/widgets/framework.dart:5844:16)
#786    Element.rebuild (package:flutter/src/widgets/framework.dart:5532:7)
#787    ProxyElement.update (package:flutter/src/widgets/framework.dart:6152:5)
#788    Element.updateChild (package:flutter/src/widgets/framework.dart:4037:15)
#789    ComponentElement.performRebuild (package:flutter/src/widgets/framework.dart:5844:16)
#790    Element.rebuild (package:flutter/src/widgets/framework.dart:5532:7)
#791    ProxyElement.update (package:flutter/src/widgets/framework.dart:6152:5)
#792    Element.updateChild (package:flutter/src/widgets/framework.dart:4037:15)
#793    _RawViewElement._updateChild (package:flutter/src/widgets/view.dart:481:16)
#794    _RawViewElement.update (package:flutter/src/widgets/view.dart:568:5)
#795    Element.updateChild (package:flutter/src/widgets/framework.dart:4037:15)
#796    ComponentElement.performRebuild (package:flutter/src/widgets/framework.dart:5844:16)
#797    Element.rebuild (package:flutter/src/widgets/framework.dart:5532:7)
#798    StatelessElement.update (package:flutter/src/widgets/framework.dart:5898:5)
#799    Element.updateChild (package:flutter/src/widgets/framework.dart:4037:15)
#800    ComponentElement.performRebuild (package:flutter/src/widgets/framework.dart:5844:16)
#801    StatefulElement.performRebuild (package:flutter/src/widgets/framework.dart:5985:11)
#802    Element.rebuild (package:flutter/src/widgets/framework.dart:5532:7)
#803    StatefulElement.update (package:flutter/src/widgets/framework.dart:6010:5)
#804    Element.updateChild (package:flutter/src/widgets/framework.dart:4037:15)
#805    RootElement._rebuild (package:flutter/src/widgets/binding.dart:1782:16)
#806    RootElement.update (package:flutter/src/widgets/binding.dart:1760:5)
#807    RootElement.performRebuild (package:flutter/src/widgets/binding.dart:1774:7)
#808    Element.rebuild (package:flutter/src/widgets/framework.dart:5532:7)
#809    BuildScope._tryRebuild (package:flutter/src/widgets/framework.dart:2750:15)
#810    BuildScope._flushDirtyElements (package:flutter/src/widgets/framework.dart:2807:11)
#811    BuildOwner.buildScope (package:flutter/src/widgets/framework.dart:3111:18)
#812    AutomatedTestWidgetsFlutterBinding.drawFrame (package:flutter_test/src/binding.dart:1506:19)
#813    RendererBinding._handlePersistentFrameCallback (package:flutter/src/rendering/binding.dart:495:5)
#814    SchedulerBinding._invokeFrameCallback (package:flutter/src/scheduler/binding.dart:1434:15)
#815    SchedulerBinding.handleDrawFrame (package:flutter/src/scheduler/binding.dart:1347:9)
#816    AutomatedTestWidgetsFlutterBinding.pump.<anonymous closure> (package:flutter_test/src/binding.dart:1335:9)
#819    TestAsyncUtils.guard (package:flutter_test/src/test_async_utils.dart:74:41)
#820    AutomatedTestWidgetsFlutterBinding.pump (package:flutter_test/src/binding.dart:1324:27)
#821    WidgetTester.pumpWidget.<anonymous closure> (package:flutter_test/src/widget_tester.dart:598:22)
#824    TestAsyncUtils.guard (package:flutter_test/src/test_async_utils.dart:74:41)
#825    WidgetTester.pumpWidget (package:flutter_test/src/widget_tester.dart:595:27)
#826    main.<anonymous closure>.<anonymous closure>.<anonymous closure> (file:///home/alexc/Projects/CardMind/test/specs/home_screen_ui_spec_test.dart:707:22)
<asynchronous suspension>
#827    testWidgets.<anonymous closure>.<anonymous closure> (package:flutter_test/src/widget_tester.dart:192:15)
<asynchronous suspension>
#828    TestWidgetsFlutterBinding._runTestBody (package:flutter_test/src/binding.dart:1059:5)
<asynchronous suspension>
<asynchronous suspension>
(elided 8 frames from dart:async and package:stack_trace)

══╡ EXCEPTION CAUGHT BY FLUTTER TEST FRAMEWORK ╞════════════════════════════════════════════════════
The following assertion was thrown running a test:
A Timer is still pending even after the widget tree was disposed.
'package:flutter_test/src/binding.dart':
Failed assertion: line 1617 pos 12: '!timersPending'

When the exception was thrown, this was the stack:
#2      AutomatedTestWidgetsFlutterBinding._verifyInvariants (package:flutter_test/src/binding.dart:1617:12)
#3      TestWidgetsFlutterBinding._runTestBody (package:flutter_test/src/binding.dart:1078:7)
<asynchronous suspension>
<asynchronous suspension>
(elided 3 frames from class _AssertionError and package:stack_trace)

The test description was:
  it_should_handle_rapid_search_input_efficiently
════════════════════════════════════════════════════════════════════════════════════════════════════
00:32 +568 -87: /home/alexc/Projects/CardMind/test/specs/home_screen_ui_spec_test.dart: SP-UI-005: Home Screen UI Performance Tests it_should_handle_rapid_search_input_efficiently [E]                
  Test failed. See exception logs above.
  The test description was: it_should_handle_rapid_search_input_efficiently
  

To run this test again: /home/alexc/.asdf/installs/flutter/3.38.5-stable/bin/cache/dart-sdk/bin/dart test /home/alexc/Projects/CardMind/test/specs/home_screen_ui_spec_test.dart -p vm --plain-name 'SP-UI-005: Home Screen UI Performance Tests it_should_handle_rapid_search_input_efficiently'
00:32 +569 -87: /home/alexc/Projects/CardMind/test/specs/fullscreen_editor_spec_test.dart: SP-UI-004: Fullscreen Editor UI Performance Tests it_should_render_editor_within_100ms                      00:32 +569 -87: /home/alexc/Projects/CardMind/test/integration/home_screen_search_test.dart: HomeScreen Integration Tests - Search Functionality should show empty state when no results               
Pending timers:
Timer (duration: 0:00:00.500000, periodic: false), created:
#0      new FakeTimer._ (package:fake_async/fake_async.dart:342:62)
#1      FakeAsync._createTimer (package:fake_async/fake_async.dart:260:29)
#2      FakeAsync.run.<anonymous closure> (package:fake_async/fake_async.dart:185:15)
#6      _HomeScreenState.initState (package:cardmind/screens/home_screen.dart:60:12)
#7      StatefulElement._firstBuild (package:flutter/src/widgets/framework.dart:5953:55)
#8      ComponentElement.mount (package:flutter/src/widgets/framework.dart:5796:5)
...     Normal element mounting (7 frames)
#15     _InheritedProviderScopeElement.mount (package:provider/src/inherited_provider.dart:424:11)
...     Normal element mounting (7 frames)
#22     SingleChildWidgetElementMixin.mount (package:nested/nested.dart:222:11)
...     Normal element mounting (260 frames)
#282    Element.inflateWidget (package:flutter/src/widgets/framework.dart:4590:20)
#283    MultiChildRenderObjectElement.inflateWidget (package:flutter/src/widgets/framework.dart:7269:36)
#284    MultiChildRenderObjectElement.mount (package:flutter/src/widgets/framework.dart:7285:32)
...     Normal element mounting (465 frames)
#749    Element.inflateWidget (package:flutter/src/widgets/framework.dart:4590:20)
#750    Element.updateChild (package:flutter/src/widgets/framework.dart:4053:20)
#751    ComponentElement.performRebuild (package:flutter/src/widgets/framework.dart:5844:16)
#752    Element.rebuild (package:flutter/src/widgets/framework.dart:5532:7)
#753    ProxyElement.update (package:flutter/src/widgets/framework.dart:6152:5)
#754    _InheritedNotifierElement.update (package:flutter/src/widgets/inherited_notifier.dart:108:11)
#755    Element.updateChild (package:flutter/src/widgets/framework.dart:4037:15)
#756    ComponentElement.performRebuild (package:flutter/src/widgets/framework.dart:5844:16)
#757    StatefulElement.performRebuild (package:flutter/src/widgets/framework.dart:5985:11)
#758    Element.rebuild (package:flutter/src/widgets/framework.dart:5532:7)
#759    StatefulElement.update (package:flutter/src/widgets/framework.dart:6010:5)
#760    Element.updateChild (package:flutter/src/widgets/framework.dart:4037:15)
#761    ComponentElement.performRebuild (package:flutter/src/widgets/framework.dart:5844:16)
#762    Element.rebuild (package:flutter/src/widgets/framework.dart:5532:7)
#763    ProxyElement.update (package:flutter/src/widgets/framework.dart:6152:5)
#764    _InheritedNotifierElement.update (package:flutter/src/widgets/inherited_notifier.dart:108:11)
#765    Element.updateChild (package:flutter/src/widgets/framework.dart:4037:15)
#766    ComponentElement.performRebuild (package:flutter/src/widgets/framework.dart:5844:16)
#767    StatefulElement.performRebuild (package:flutter/src/widgets/framework.dart:5985:11)
#768    Element.rebuild (package:flutter/src/widgets/framework.dart:5532:7)
#769    StatefulElement.update (package:flutter/src/widgets/framework.dart:6010:5)
#770    Element.updateChild (package:flutter/src/widgets/framework.dart:4037:15)
#771    ComponentElement.performRebuild (package:flutter/src/widgets/framework.dart:5844:16)
#772    StatefulElement.performRebuild (package:flutter/src/widgets/framework.dart:5985:11)
#773    Element.rebuild (package:flutter/src/widgets/framework.dart:5532:7)
#774    StatefulElement.update (package:flutter/src/widgets/framework.dart:6010:5)
#775    Element.updateChild (package:flutter/src/widgets/framework.dart:4037:15)
#776    ComponentElement.performRebuild (package:flutter/src/widgets/framework.dart:5844:16)
#777    Element.rebuild (package:flutter/src/widgets/framework.dart:5532:7)
#778    ProxyElement.update (package:flutter/src/widgets/framework.dart:6152:5)
#779    Element.updateChild (package:flutter/src/widgets/framework.dart:4037:15)
#780    ComponentElement.performRebuild (package:flutter/src/widgets/framework.dart:5844:16)
#781    StatefulElement.performRebuild (package:flutter/src/widgets/framework.dart:5985:11)
#782    Element.rebuild (package:flutter/src/widgets/framework.dart:5532:7)
#783    StatefulElement.update (package:flutter/src/widgets/framework.dart:6010:5)
#784    Element.updateChild (package:flutter/src/widgets/framework.dart:4037:15)
#785    ComponentElement.performRebuild (package:flutter/src/widgets/framework.dart:5844:16)
#786    Element.rebuild (package:flutter/src/widgets/framework.dart:5532:7)
#787    ProxyElement.update (package:flutter/src/widgets/framework.dart:6152:5)
#788    Element.updateChild (package:flutter/src/widgets/framework.dart:4037:15)
#789    ComponentElement.performRebuild (package:flutter/src/widgets/framework.dart:5844:16)
#790    Element.rebuild (package:flutter/src/widgets/framework.dart:5532:7)
#791    ProxyElement.update (package:flutter/src/widgets/framework.dart:6152:5)
#792    Element.updateChild (package:flutter/src/widgets/framework.dart:4037:15)
#793    _RawViewElement._updateChild (package:flutter/src/widgets/view.dart:481:16)
#794    _RawViewElement.update (package:flutter/src/widgets/view.dart:568:5)
#795    Element.updateChild (package:flutter/src/widgets/framework.dart:4037:15)
#796    ComponentElement.performRebuild (package:flutter/src/widgets/framework.dart:5844:16)
#797    Element.rebuild (package:flutter/src/widgets/framework.dart:5532:7)
#798    StatelessElement.update (package:flutter/src/widgets/framework.dart:5898:5)
#799    Element.updateChild (package:flutter/src/widgets/framework.dart:4037:15)
#800    ComponentElement.performRebuild (package:flutter/src/widgets/framework.dart:5844:16)
#801    StatefulElement.performRebuild (package:flutter/src/widgets/framework.dart:5985:11)
#802    Element.rebuild (package:flutter/src/widgets/framework.dart:5532:7)
#803    StatefulElement.update (package:flutter/src/widgets/framework.dart:6010:5)
#804    Element.updateChild (package:flutter/src/widgets/framework.dart:4037:15)
#805    RootElement._rebuild (package:flutter/src/widgets/binding.dart:1782:16)
#806    RootElement.update (package:flutter/src/widgets/binding.dart:1760:5)
#807    RootElement.performRebuild (package:flutter/src/widgets/binding.dart:1774:7)
#808    Element.rebuild (package:flutter/src/widgets/framework.dart:5532:7)
#809    BuildScope._tryRebuild (package:flutter/src/widgets/framework.dart:2750:15)
#810    BuildScope._flushDirtyElements (package:flutter/src/widgets/framework.dart:2807:11)
#811    BuildOwner.buildScope (package:flutter/src/widgets/framework.dart:3111:18)
#812    AutomatedTestWidgetsFlutterBinding.drawFrame (package:flutter_test/src/binding.dart:1506:19)
#813    RendererBinding._handlePersistentFrameCallback (package:flutter/src/rendering/binding.dart:495:5)
#814    SchedulerBinding._invokeFrameCallback (package:flutter/src/scheduler/binding.dart:1434:15)
#815    SchedulerBinding.handleDrawFrame (package:flutter/src/scheduler/binding.dart:1347:9)
#816    AutomatedTestWidgetsFlutterBinding.pump.<anonymous closure> (package:flutter_test/src/binding.dart:1335:9)
#819    TestAsyncUtils.guard (package:flutter_test/src/test_async_utils.dart:74:41)
#820    AutomatedTestWidgetsFlutterBinding.pump (package:flutter_test/src/binding.dart:1324:27)
#821    WidgetTester.pumpWidget.<anonymous closure> (package:flutter_test/src/widget_tester.dart:598:22)
#824    TestAsyncUtils.guard (package:flutter_test/src/test_async_utils.dart:74:41)
#825    WidgetTester.pumpWidget (package:flutter_test/src/widget_tester.dart:595:27)
#826    main.<anonymous closure>.<anonymous closure> (file:///home/alexc/Projects/CardMind/test/integration/home_screen_search_test.dart:328:20)
<asynchronous suspension>
#827    testWidgets.<anonymous closure>.<anonymous closure> (package:flutter_test/src/widget_tester.dart:192:15)
<asynchronous suspension>
#828    TestWidgetsFlutterBinding._runTestBody (package:flutter_test/src/binding.dart:1059:5)
<asynchronous suspension>
<asynchronous suspension>
(elided 8 frames from dart:async and package:stack_trace)

00:32 +569 -87: /home/alexc/Projects/CardMind/test/specs/fullscreen_editor_spec_test.dart: SP-UI-004: Fullscreen Editor UI Performance Tests it_should_render_editor_within_100ms                      
══╡ EXCEPTION CAUGHT BY FLUTTER TEST FRAMEWORK ╞════════════════════════════════════════════════════
The following TestFailure was thrown running a test:
Expected: a value less than <100>
  Actual: <174>
   Which: is not a value less than <100>

When the exception was thrown, this was the stack:
#4      main.<anonymous closure>.<anonymous closure>.<anonymous closure> (file:///home/alexc/Projects/CardMind/test/specs/fullscreen_editor_spec_test.dart:799:9)
<asynchronous suspension>
#5      testWidgets.<anonymous closure>.<anonymous closure> (package:flutter_test/src/widget_tester.dart:192:15)
<asynchronous suspension>
#6      TestWidgetsFlutterBinding._runTestBody (package:flutter_test/src/binding.dart:1059:5)
<asynchronous suspension>
<asynchronous suspension>
(elided one frame from package:stack_trace)

This was caught by the test expectation on the following line:
  file:///home/alexc/Projects/CardMind/test/specs/fullscreen_editor_spec_test.dart line 799
The test description was:
  it_should_render_editor_within_100ms
════════════════════════════════════════════════════════════════════════════════════════════════════
00:32 +569 -88: /home/alexc/Projects/CardMind/test/specs/fullscreen_editor_spec_test.dart: SP-UI-004: Fullscreen Editor UI Performance Tests it_should_render_editor_within_100ms [E]                  
  Test failed. See exception logs above.
  The test description was: it_should_render_editor_within_100ms
  
00:32 +569 -88: /home/alexc/Projects/CardMind/test/integration/home_screen_search_test.dart: HomeScreen Integration Tests - Search Functionality should show empty state when no results               
══╡ EXCEPTION CAUGHT BY FLUTTER TEST FRAMEWORK ╞════════════════════════════════════════════════════
The following assertion was thrown running a test:
A Timer is still pending even after the widget tree was disposed.
'package:flutter_test/src/binding.dart':
Failed assertion: line 1617 pos 12: '!timersPending'

When the exception was thrown, this was the stack:
#2      AutomatedTestWidgetsFlutterBinding._verifyInvariants (package:flutter_test/src/binding.dart:1617:12)
#3      TestWidgetsFlutterBinding._runTestBody (package:flutter_test/src/binding.dart:1078:7)
<asynchronous suspension>
<asynchronous suspension>
(elided 3 frames from class _AssertionError and package:stack_trace)

The test description was:
  should show empty state when no results
════════════════════════════════════════════════════════════════════════════════════════════════════
00:32 +569 -89: /home/alexc/Projects/CardMind/test/integration/home_screen_search_test.dart: HomeScreen Integration Tests - Search Functionality should show empty state when no results [E]           
  Test failed. See exception logs above.
  The test description was: should show empty state when no results
  

To run this test again: /home/alexc/.asdf/installs/flutter/3.38.5-stable/bin/cache/dart-sdk/bin/dart test /home/alexc/Projects/CardMind/test/integration/home_screen_search_test.dart -p vm --plain-name 'HomeScreen Integration Tests - Search Functionality should show empty state when no results'

To run this test again: /home/alexc/.asdf/installs/flutter/3.38.5-stable/bin/cache/dart-sdk/bin/dart test /home/alexc/Projects/CardMind/test/specs/fullscreen_editor_spec_test.dart -p vm --plain-name 'SP-UI-004: Fullscreen Editor UI Performance Tests it_should_render_editor_within_100ms'
00:32 +570 -89: /home/alexc/Projects/CardMind/test/specs/fullscreen_editor_spec_test.dart: SP-UI-004: Fullscreen Editor UI Performance Tests it_should_handle_large_content_efficiently                00:32 +571 -89: /home/alexc/Projects/CardMind/test/specs/fullscreen_editor_spec_test.dart: SP-UI-004: Fullscreen Editor UI Performance Tests it_should_handle_large_content_efficiently                00:32 +572 -89: /home/alexc/Projects/CardMind/test/specs/home_screen_spec_test.dart: SP-FLUT-008: Home Screen Responsive Layout it_should_show_mobile_layout_on_small_screen                           00:33 +572 -89: /home/alexc/Projects/CardMind/test/specs/home_screen_spec_test.dart: SP-FLUT-008: Home Screen Responsive Layout it_should_show_mobile_layout_on_small_screen                           00:33 +573 -89: /home/alexc/Projects/CardMind/test/specs/fullscreen_editor_spec_test.dart: SP-UI-004: Fullscreen Editor UI Performance Tests it_should_handle_many_tags_efficiently                    00:33 +574 -89: /home/alexc/Projects/CardMind/test/specs/fullscreen_editor_spec_test.dart: SP-UI-004: Fullscreen Editor UI Performance Tests it_should_handle_many_tags_efficiently                    00:33 +575 -89: /home/alexc/Projects/CardMind/test/specs/fullscreen_editor_spec_test.dart: SP-UI-004: Fullscreen Editor UI Performance Tests it_should_handle_many_tags_efficiently                    00:33 +575 -89: Some tests failed.                                                                                                                                                                     
